#
# There is insufficient memory for the Java Runtime Environment to continue.
# Native memory allocation (malloc) failed to allocate 1163216 bytes. Error detail: Chunk::new
# Possible reasons:
#   The system is out of physical RAM or swap space
#   This process is running with CompressedOops enabled, and the Java Heap may be blocking the growth of the native heap
# Possible solutions:
#   Reduce memory load on the system
#   Increase physical memory or swap space
#   Check if swap backing store is full
#   Decrease Java heap size (-Xmx/-Xms)
#   Decrease number of Java threads
#   Decrease Java thread stack sizes (-Xss)
#   Set larger code cache with -XX:ReservedCodeCacheSize=
#   JVM is running with Unscaled Compressed Oops mode in which the Java heap is
#     placed in the first 4GB address space. The Java Heap base address is the
#     maximum limit for the native heap growth. Please use -XX:HeapBaseMinAddress
#     to set the Java Heap base and to place the Java Heap above 4GB virtual address.
# This output file may be truncated or incomplete.
#
#  Out of Memory Error (arena.cpp:168), pid=10468, tid=11964
#
# JRE version: OpenJDK Runtime Environment (21.0.3) (build 21.0.3+-12282718-b509.11)
# Java VM: OpenJDK 64-Bit Server VM (21.0.3+-12282718-b509.11, mixed mode, tiered, compressed oops, compressed class ptrs, g1 gc, windows-amd64)
# No core dump will be written. Minidumps are not enabled by default on client versions of Windows
#

---------------  S U M M A R Y ------------

Command Line: --add-opens=java.base/java.lang=ALL-UNNAMED --add-opens=java.base/java.lang.invoke=ALL-UNNAMED --add-opens=java.base/java.util=ALL-UNNAMED --add-opens=java.prefs/java.util.prefs=ALL-UNNAMED --add-exports=jdk.compiler/com.sun.tools.javac.api=ALL-UNNAMED --add-exports=jdk.compiler/com.sun.tools.javac.util=ALL-UNNAMED --add-opens=java.base/java.util=ALL-UNNAMED --add-opens=java.prefs/java.util.prefs=ALL-UNNAMED --add-opens=java.base/java.nio.charset=ALL-UNNAMED --add-opens=java.base/java.net=ALL-UNNAMED --add-opens=java.base/java.util.concurrent.atomic=ALL-UNNAMED --add-opens=java.xml/javax.xml.namespace=ALL-UNNAMED -Xmx2048m -Dfile.encoding=UTF-8 -Duser.country=IN -Duser.language=en -Duser.variant -javaagent:C:\Users\user\.gradle\wrapper\dists\gradle-8.11.1-bin\bpt9gzteqjrbo1mjrsomdt32c\gradle-8.11.1\lib\agents\gradle-instrumentation-agent-8.11.1.jar org.gradle.launcher.daemon.bootstrap.GradleDaemon 8.11.1

Host: 11th Gen Intel(R) Core(TM) i5-1135G7 @ 2.40GHz, 8 cores, 3G,  Windows 10 , 64 bit Build 19041 (10.0.19041.5915)
Time: Sun Feb 22 17:45:01 2026 India Standard Time elapsed time: 10.380717 seconds (0d 0h 0m 10s)

---------------  T H R E A D  ---------------

Current thread (0x000001f01312aaa0):  JavaThread "C2 CompilerThread0" daemon [_thread_in_native, id=11964, stack(0x0000009f48000000,0x0000009f48100000) (1024K)]


Current CompileTask:
C2:  10380 6028   !   4       java.net.URLClassLoader::findClass (47 bytes)

Stack: [0x0000009f48000000,0x0000009f48100000]
Native frames: (J=compiled Java code, j=interpreted, Vv=VM code, C=native code)
V  [jvm.dll+0x6cafb9]
V  [jvm.dll+0x858523]
V  [jvm.dll+0x85aa7e]
V  [jvm.dll+0x85b163]
V  [jvm.dll+0x27d356]
V  [jvm.dll+0xbf93d]
V  [jvm.dll+0xbfe73]
V  [jvm.dll+0x3b1cb1]
V  [jvm.dll+0x37e787]
V  [jvm.dll+0x37dbfa]
V  [jvm.dll+0x246b02]
V  [jvm.dll+0x2460d1]
V  [jvm.dll+0x1c5804]
V  [jvm.dll+0x25575c]
V  [jvm.dll+0x253c36]
V  [jvm.dll+0x3ec996]
V  [jvm.dll+0x800d78]
V  [jvm.dll+0x6c98cd]
C  [ucrtbase.dll+0x21bb2]
C  [KERNEL32.DLL+0x17374]
C  [ntdll.dll+0x4cc91]


---------------  P R O C E S S  ---------------

Threads class SMR info:
_java_thread_list=0x000001f017e4e380, length=58, elements={
0x000001f070e04090, 0x000001f013144770, 0x000001f013147980, 0x000001f01312fde0,
0x000001f013132850, 0x000001f0131332b0, 0x000001f013125090, 0x000001f01312aaa0,
0x000001f01312b540, 0x000001f013178a90, 0x000001f0134d01e0, 0x000001f014dd5020,
0x000001f014e17090, 0x000001f014e971f0, 0x000001f014f005c0, 0x000001f015090c00,
0x000001f014f90330, 0x000001f015010200, 0x000001f015010f20, 0x000001f01500e7c0,
0x000001f015010890, 0x000001f01500ee50, 0x000001f01500fb70, 0x000001f0150115b0,
0x000001f01714f2e0, 0x000001f01714aab0, 0x000001f01714df30, 0x000001f017149d90,
0x000001f017150690, 0x000001f01714f970, 0x000001f017150000, 0x000001f0171513b0,
0x000001f01714a420, 0x000001f01714b140, 0x000001f017150d20, 0x000001f01714b7d0,
0x000001f01714be60, 0x000001f01714e5c0, 0x000001f01714c4f0, 0x000001f01714d8a0,
0x000001f0183c3fa0, 0x000001f0183c0b20, 0x000001f0183c2560, 0x000001f0183c6700,
0x000001f0183c6d90, 0x000001f0183c11b0, 0x000001f0183c1840, 0x000001f0183c1ed0,
0x000001f0183c2bf0, 0x000001f0183c3280, 0x000001f0183bfe00, 0x000001f0183c3910,
0x000001f0183c4630, 0x000001f0183c5350, 0x000001f0183c4cc0, 0x000001f0183c59e0,
0x000001f0183c6070, 0x000001f0183c7420
}

Java Threads: ( => current thread )
  0x000001f070e04090 JavaThread "main"                              [_thread_blocked, id=13212, stack(0x0000009f47200000,0x0000009f47300000) (1024K)]
  0x000001f013144770 JavaThread "Reference Handler"          daemon [_thread_blocked, id=11200, stack(0x0000009f47a00000,0x0000009f47b00000) (1024K)]
  0x000001f013147980 JavaThread "Finalizer"                  daemon [_thread_blocked, id=5480, stack(0x0000009f47b00000,0x0000009f47c00000) (1024K)]
  0x000001f01312fde0 JavaThread "Signal Dispatcher"          daemon [_thread_blocked, id=8720, stack(0x0000009f47c00000,0x0000009f47d00000) (1024K)]
  0x000001f013132850 JavaThread "Attach Listener"            daemon [_thread_blocked, id=11576, stack(0x0000009f47d00000,0x0000009f47e00000) (1024K)]
  0x000001f0131332b0 JavaThread "Service Thread"             daemon [_thread_blocked, id=13068, stack(0x0000009f47e00000,0x0000009f47f00000) (1024K)]
  0x000001f013125090 JavaThread "Monitor Deflation Thread"   daemon [_thread_blocked, id=8164, stack(0x0000009f47f00000,0x0000009f48000000) (1024K)]
=>0x000001f01312aaa0 JavaThread "C2 CompilerThread0"         daemon [_thread_in_native, id=11964, stack(0x0000009f48000000,0x0000009f48100000) (1024K)]
  0x000001f01312b540 JavaThread "C1 CompilerThread0"         daemon [_thread_blocked, id=7628, stack(0x0000009f48100000,0x0000009f48200000) (1024K)]
  0x000001f013178a90 JavaThread "Common-Cleaner"             daemon [_thread_blocked, id=1556, stack(0x0000009f48200000,0x0000009f48300000) (1024K)]
  0x000001f0134d01e0 JavaThread "Notification Thread"        daemon [_thread_blocked, id=4888, stack(0x0000009f48300000,0x0000009f48400000) (1024K)]
  0x000001f014dd5020 JavaThread "Daemon health stats"               [_thread_blocked, id=10136, stack(0x0000009f48800000,0x0000009f48900000) (1024K)]
  0x000001f014e17090 JavaThread "Incoming local TCP Connector on port 58600"        [_thread_in_native, id=7740, stack(0x0000009f48c00000,0x0000009f48d00000) (1024K)]
  0x000001f014e971f0 JavaThread "Daemon periodic checks"            [_thread_blocked, id=13996, stack(0x0000009f48d00000,0x0000009f48e00000) (1024K)]
  0x000001f014f005c0 JavaThread "Daemon"                            [_thread_blocked, id=3028, stack(0x0000009f48e00000,0x0000009f48f00000) (1024K)]
  0x000001f015090c00 JavaThread "Handler for socket connection from /127.0.0.1:58600 to /127.0.0.1:58601"        [_thread_in_native, id=11676, stack(0x0000009f48f00000,0x0000009f49000000) (1024K)]
  0x000001f014f90330 JavaThread "Cancel handler"                    [_thread_blocked, id=11344, stack(0x0000009f49000000,0x0000009f49100000) (1024K)]
  0x000001f015010200 JavaThread "Daemon worker"                     [_thread_in_vm, id=3116, stack(0x0000009f49100000,0x0000009f49200000) (1024K)]
  0x000001f015010f20 JavaThread "Asynchronous log dispatcher for DefaultDaemonConnection: socket connection from /127.0.0.1:58600 to /127.0.0.1:58601"        [_thread_blocked, id=14436, stack(0x0000009f49200000,0x0000009f49300000) (1024K)]
  0x000001f01500e7c0 JavaThread "Stdin handler"                     [_thread_blocked, id=10116, stack(0x0000009f49300000,0x0000009f49400000) (1024K)]
  0x000001f015010890 JavaThread "Daemon client event forwarder"        [_thread_blocked, id=868, stack(0x0000009f49400000,0x0000009f49500000) (1024K)]
  0x000001f01500ee50 JavaThread "Cache worker for journal cache (C:\Users\user\.gradle\caches\journal-1)"        [_thread_blocked, id=14940, stack(0x0000009f49600000,0x0000009f49700000) (1024K)]
  0x000001f01500fb70 JavaThread "File lock request listener"        [_thread_in_native, id=10692, stack(0x0000009f49700000,0x0000009f49800000) (1024K)]
  0x000001f0150115b0 JavaThread "Cache worker for file hash cache (C:\Users\user\.gradle\caches\8.11.1\fileHashes)"        [_thread_blocked, id=6196, stack(0x0000009f49800000,0x0000009f49900000) (1024K)]
  0x000001f01714f2e0 JavaThread "Cache worker for file content cache (C:\Users\user\.gradle\caches\8.11.1\fileContent)"        [_thread_blocked, id=6060, stack(0x0000009f49900000,0x0000009f49a00000) (1024K)]
  0x000001f01714aab0 JavaThread "Cache worker for file hash cache (C:\Users\user\AndroidStudioProjects\ImageApp\.gradle\8.11.1\fileHashes)"        [_thread_blocked, id=7224, stack(0x0000009f49a00000,0x0000009f49b00000) (1024K)]
  0x000001f01714df30 JavaThread "Cache worker for Build Output Cleanup Cache (C:\Users\user\AndroidStudioProjects\ImageApp\.gradle\buildOutputCleanup)"        [_thread_blocked, id=10920, stack(0x0000009f49b00000,0x0000009f49c00000) (1024K)]
  0x000001f017149d90 JavaThread "File watcher server"        daemon [_thread_in_native, id=10744, stack(0x0000009f49c00000,0x0000009f49d00000) (1024K)]
  0x000001f017150690 JavaThread "File watcher consumer"      daemon [_thread_blocked, id=8196, stack(0x0000009f49d00000,0x0000009f49e00000) (1024K)]
  0x000001f01714f970 JavaThread "jar transforms"                    [_thread_blocked, id=13800, stack(0x0000009f49e00000,0x0000009f49f00000) (1024K)]
  0x000001f017150000 JavaThread "jar transforms Thread 2"           [_thread_blocked, id=5940, stack(0x0000009f49f00000,0x0000009f4a000000) (1024K)]
  0x000001f0171513b0 JavaThread "jar transforms Thread 3"           [_thread_blocked, id=4024, stack(0x0000009f4a000000,0x0000009f4a100000) (1024K)]
  0x000001f01714a420 JavaThread "jar transforms Thread 4"           [_thread_blocked, id=13624, stack(0x0000009f4a100000,0x0000009f4a200000) (1024K)]
  0x000001f01714b140 JavaThread "jar transforms Thread 5"           [_thread_blocked, id=15592, stack(0x0000009f4a200000,0x0000009f4a300000) (1024K)]
  0x000001f017150d20 JavaThread "jar transforms Thread 6"           [_thread_blocked, id=15516, stack(0x0000009f4a300000,0x0000009f4a400000) (1024K)]
  0x000001f01714b7d0 JavaThread "jar transforms Thread 7"           [_thread_blocked, id=8912, stack(0x0000009f4a400000,0x0000009f4a500000) (1024K)]
  0x000001f01714be60 JavaThread "jar transforms Thread 8"           [_thread_blocked, id=9160, stack(0x0000009f4a500000,0x0000009f4a600000) (1024K)]
  0x000001f01714e5c0 JavaThread "Cache worker for checksums cache (C:\Users\user\AndroidStudioProjects\ImageApp\.gradle\8.11.1\checksums)"        [_thread_blocked, id=8808, stack(0x0000009f4a600000,0x0000009f4a700000) (1024K)]
  0x000001f01714c4f0 JavaThread "Cache worker for cache directory md-rule (C:\Users\user\.gradle\caches\8.11.1\md-rule)"        [_thread_blocked, id=13324, stack(0x0000009f4a700000,0x0000009f4a800000) (1024K)]
  0x000001f01714d8a0 JavaThread "Cache worker for cache directory md-supplier (C:\Users\user\.gradle\caches\8.11.1\md-supplier)"        [_thread_blocked, id=9072, stack(0x0000009f4a800000,0x0000009f4a900000) (1024K)]
  0x000001f0183c3fa0 JavaThread "Unconstrained build operations"        [_thread_blocked, id=8784, stack(0x0000009f4a900000,0x0000009f4aa00000) (1024K)]
  0x000001f0183c0b20 JavaThread "Unconstrained build operations Thread 2"        [_thread_blocked, id=10972, stack(0x0000009f4aa00000,0x0000009f4ab00000) (1024K)]
  0x000001f0183c2560 JavaThread "Unconstrained build operations Thread 3"        [_thread_blocked, id=9668, stack(0x0000009f4ab00000,0x0000009f4ac00000) (1024K)]
  0x000001f0183c6700 JavaThread "Unconstrained build operations Thread 4"        [_thread_blocked, id=11780, stack(0x0000009f4ac00000,0x0000009f4ad00000) (1024K)]
  0x000001f0183c6d90 JavaThread "Unconstrained build operations Thread 5"        [_thread_blocked, id=8296, stack(0x0000009f4ad00000,0x0000009f4ae00000) (1024K)]
  0x000001f0183c11b0 JavaThread "Unconstrained build operations Thread 6"        [_thread_blocked, id=7800, stack(0x0000009f4ae00000,0x0000009f4af00000) (1024K)]
  0x000001f0183c1840 JavaThread "Unconstrained build operations Thread 7"        [_thread_blocked, id=6000, stack(0x0000009f4af00000,0x0000009f4b000000) (1024K)]
  0x000001f0183c1ed0 JavaThread "Unconstrained build operations Thread 8"        [_thread_blocked, id=16152, stack(0x0000009f4b000000,0x0000009f4b100000) (1024K)]
  0x000001f0183c2bf0 JavaThread "Unconstrained build operations Thread 9"        [_thread_blocked, id=3456, stack(0x0000009f4b100000,0x0000009f4b200000) (1024K)]
  0x000001f0183c3280 JavaThread "Unconstrained build operations Thread 10"        [_thread_blocked, id=12284, stack(0x0000009f4b200000,0x0000009f4b300000) (1024K)]
  0x000001f0183bfe00 JavaThread "Unconstrained build operations Thread 11"        [_thread_blocked, id=8644, stack(0x0000009f4b300000,0x0000009f4b400000) (1024K)]
  0x000001f0183c3910 JavaThread "Unconstrained build operations Thread 12"        [_thread_blocked, id=14544, stack(0x0000009f4b400000,0x0000009f4b500000) (1024K)]
  0x000001f0183c4630 JavaThread "Unconstrained build operations Thread 13"        [_thread_blocked, id=7836, stack(0x0000009f4b500000,0x0000009f4b600000) (1024K)]
  0x000001f0183c5350 JavaThread "Unconstrained build operations Thread 14"        [_thread_blocked, id=2520, stack(0x0000009f4b600000,0x0000009f4b700000) (1024K)]
  0x000001f0183c4cc0 JavaThread "Unconstrained build operations Thread 15"        [_thread_blocked, id=11028, stack(0x0000009f4b700000,0x0000009f4b800000) (1024K)]
  0x000001f0183c59e0 JavaThread "Unconstrained build operations Thread 16"        [_thread_blocked, id=6376, stack(0x0000009f4b800000,0x0000009f4b900000) (1024K)]
  0x000001f0183c6070 JavaThread "Unconstrained build operations Thread 17"        [_thread_blocked, id=8568, stack(0x0000009f4b900000,0x0000009f4ba00000) (1024K)]
  0x000001f0183c7420 JavaThread "Unconstrained build operations Thread 18"        [_thread_blocked, id=2812, stack(0x0000009f4ba00000,0x0000009f4bb00000) (1024K)]
Total: 58

Other Threads:
  0x000001f07b602ab0 VMThread "VM Thread"                           [id=9708, stack(0x0000009f47900000,0x0000009f47a00000) (1024K)]
  0x000001f07b56c380 WatcherThread "VM Periodic Task Thread"        [id=7052, stack(0x0000009f47800000,0x0000009f47900000) (1024K)]
  0x000001f072f96ff0 WorkerThread "GC Thread#0"                     [id=15256, stack(0x0000009f47300000,0x0000009f47400000) (1024K)]
  0x000001f0136fffc0 WorkerThread "GC Thread#1"                     [id=14416, stack(0x0000009f48400000,0x0000009f48500000) (1024K)]
  0x000001f01393f1e0 WorkerThread "GC Thread#2"                     [id=9396, stack(0x0000009f48500000,0x0000009f48600000) (1024K)]
  0x000001f0140990c0 WorkerThread "GC Thread#3"                     [id=12052, stack(0x0000009f48600000,0x0000009f48700000) (1024K)]
  0x000001f013fb7470 WorkerThread "GC Thread#4"                     [id=2900, stack(0x0000009f48700000,0x0000009f48800000) (1024K)]
  0x000001f014f78090 WorkerThread "GC Thread#5"                     [id=3668, stack(0x0000009f48900000,0x0000009f48a00000) (1024K)]
  0x000001f014f79650 WorkerThread "GC Thread#6"                     [id=15776, stack(0x0000009f48a00000,0x0000009f48b00000) (1024K)]
  0x000001f014f792b0 WorkerThread "GC Thread#7"                     [id=2384, stack(0x0000009f48b00000,0x0000009f48c00000) (1024K)]
  0x000001f072fa96a0 ConcurrentGCThread "G1 Main Marker"            [id=14120, stack(0x0000009f47400000,0x0000009f47500000) (1024K)]
  0x000001f072faaf60 WorkerThread "G1 Conc#0"                       [id=3768, stack(0x0000009f47500000,0x0000009f47600000) (1024K)]
  0x000001f014f78430 WorkerThread "G1 Conc#1"                       [id=16228, stack(0x0000009f49500000,0x0000009f49600000) (1024K)]
  0x000001f073000d90 ConcurrentGCThread "G1 Refine#0"               [id=12100, stack(0x0000009f47600000,0x0000009f47700000) (1024K)]
  0x000001f0730016b0 ConcurrentGCThread "G1 Service"                [id=3784, stack(0x0000009f47700000,0x0000009f47800000) (1024K)]
Total: 15

Threads with active compile tasks:
C2 CompilerThread0    10442 6028   !   4       java.net.URLClassLoader::findClass (47 bytes)
Total: 1

VM state: not at safepoint (normal execution)

VM Mutex/Monitor currently owned by a thread: None

Heap address: 0x0000000080000000, size: 2048 MB, Compressed Oops mode: 32-bit

CDS archive(s) not mapped
Compressed class space mapped at: 0x0000000100000000-0x0000000140000000, reserved size: 1073741824
Narrow klass base: 0x0000000000000000, Narrow klass shift: 3, Narrow klass range: 0x140000000

GC Precious Log:
 CardTable entry size: 512
 Card Set container configuration: InlinePtr #cards 5 size 8 Array Of Cards #cards 12 size 40 Howl #buckets 4 coarsen threshold 1843 Howl Bitmap #cards 512 size 80 coarsen threshold 460 Card regions per heap region 1 cards per card region 2048
 CPUs: 8 total, 8 available
 Memory: 3818M
 Large Page Support: Disabled
 NUMA Support: Disabled
 Compressed Oops: Enabled (32-bit)
 Heap Region Size: 1M
 Heap Min Capacity: 8M
 Heap Initial Capacity: 60M
 Heap Max Capacity: 2G
 Pre-touch: Disabled
 Parallel Workers: 8
 Concurrent Workers: 2
 Concurrent Refinement Workers: 8
 Periodic GC: Disabled

Heap:
 garbage-first heap   total 133120K, used 86918K [0x0000000080000000, 0x0000000100000000)
  region size 1024K, 13 young (13312K), 4 survivors (4096K)
 Metaspace       used 64185K, committed 65856K, reserved 1114112K
  class space    used 8744K, committed 9536K, reserved 1048576K

Heap Regions: E=young(eden), S=young(survivor), O=old, HS=humongous(starts), HC=humongous(continues), CS=collection set, F=free, TAMS=top-at-mark-start, PB=parsable bottom
|   0|0x0000000080000000, 0x0000000080100000, 0x0000000080100000|100%| O|  |TAMS 0x0000000080000000| PB 0x0000000080000000| Untracked 
|   1|0x0000000080100000, 0x0000000080200000, 0x0000000080200000|100%|HS|  |TAMS 0x0000000080100000| PB 0x0000000080100000| Complete 
|   2|0x0000000080200000, 0x0000000080300000, 0x0000000080300000|100%|HC|  |TAMS 0x0000000080200000| PB 0x0000000080200000| Complete 
|   3|0x0000000080300000, 0x0000000080400000, 0x0000000080400000|100%|HC|  |TAMS 0x0000000080300000| PB 0x0000000080300000| Complete 
|   4|0x0000000080400000, 0x0000000080500000, 0x0000000080500000|100%| O|  |TAMS 0x0000000080400000| PB 0x0000000080400000| Untracked 
|   5|0x0000000080500000, 0x0000000080600000, 0x0000000080600000|100%| O|  |TAMS 0x0000000080500000| PB 0x0000000080500000| Untracked 
|   6|0x0000000080600000, 0x0000000080700000, 0x0000000080700000|100%| O|  |TAMS 0x0000000080600000| PB 0x0000000080600000| Untracked 
|   7|0x0000000080700000, 0x0000000080800000, 0x0000000080800000|100%| O|  |TAMS 0x0000000080700000| PB 0x0000000080700000| Untracked 
|   8|0x0000000080800000, 0x0000000080900000, 0x0000000080900000|100%| O|  |TAMS 0x0000000080800000| PB 0x0000000080800000| Untracked 
|   9|0x0000000080900000, 0x0000000080a00000, 0x0000000080a00000|100%| O|  |TAMS 0x0000000080900000| PB 0x0000000080900000| Untracked 
|  10|0x0000000080a00000, 0x0000000080b00000, 0x0000000080b00000|100%| O|  |TAMS 0x0000000080a00000| PB 0x0000000080a00000| Untracked 
|  11|0x0000000080b00000, 0x0000000080c00000, 0x0000000080c00000|100%|HS|  |TAMS 0x0000000080b00000| PB 0x0000000080b00000| Complete 
|  12|0x0000000080c00000, 0x0000000080d00000, 0x0000000080d00000|100%| O|  |TAMS 0x0000000080c00000| PB 0x0000000080c00000| Untracked 
|  13|0x0000000080d00000, 0x0000000080e00000, 0x0000000080e00000|100%| O|  |TAMS 0x0000000080d00000| PB 0x0000000080d00000| Untracked 
|  14|0x0000000080e00000, 0x0000000080f00000, 0x0000000080f00000|100%| O|  |TAMS 0x0000000080e00000| PB 0x0000000080e00000| Untracked 
|  15|0x0000000080f00000, 0x0000000081000000, 0x0000000081000000|100%| O|  |TAMS 0x0000000080f00000| PB 0x0000000080f00000| Untracked 
|  16|0x0000000081000000, 0x0000000081100000, 0x0000000081100000|100%| O|  |TAMS 0x0000000081000000| PB 0x0000000081000000| Untracked 
|  17|0x0000000081100000, 0x0000000081200000, 0x0000000081200000|100%| O|  |TAMS 0x0000000081100000| PB 0x0000000081100000| Untracked 
|  18|0x0000000081200000, 0x0000000081300000, 0x0000000081300000|100%| O|  |TAMS 0x0000000081200000| PB 0x0000000081200000| Untracked 
|  19|0x0000000081300000, 0x0000000081400000, 0x0000000081400000|100%| O|  |TAMS 0x0000000081300000| PB 0x0000000081300000| Untracked 
|  20|0x0000000081400000, 0x0000000081500000, 0x0000000081500000|100%| O|  |TAMS 0x0000000081400000| PB 0x0000000081400000| Untracked 
|  21|0x0000000081500000, 0x0000000081600000, 0x0000000081600000|100%| O|  |TAMS 0x0000000081500000| PB 0x0000000081500000| Untracked 
|  22|0x0000000081600000, 0x0000000081700000, 0x0000000081700000|100%| O|  |TAMS 0x0000000081600000| PB 0x0000000081600000| Untracked 
|  23|0x0000000081700000, 0x0000000081800000, 0x0000000081800000|100%| O|  |TAMS 0x0000000081700000| PB 0x0000000081700000| Untracked 
|  24|0x0000000081800000, 0x0000000081900000, 0x0000000081900000|100%|HS|  |TAMS 0x0000000081800000| PB 0x0000000081800000| Complete 
|  25|0x0000000081900000, 0x0000000081a00000, 0x0000000081a00000|100%|HC|  |TAMS 0x0000000081900000| PB 0x0000000081900000| Complete 
|  26|0x0000000081a00000, 0x0000000081b00000, 0x0000000081b00000|100%|HC|  |TAMS 0x0000000081a00000| PB 0x0000000081a00000| Complete 
|  27|0x0000000081b00000, 0x0000000081c00000, 0x0000000081c00000|100%|HC|  |TAMS 0x0000000081b00000| PB 0x0000000081b00000| Complete 
|  28|0x0000000081c00000, 0x0000000081d00000, 0x0000000081d00000|100%|HC|  |TAMS 0x0000000081c00000| PB 0x0000000081c00000| Complete 
|  29|0x0000000081d00000, 0x0000000081e00000, 0x0000000081e00000|100%|HC|  |TAMS 0x0000000081d00000| PB 0x0000000081d00000| Complete 
|  30|0x0000000081e00000, 0x0000000081f00000, 0x0000000081f00000|100%| O|  |TAMS 0x0000000081e00000| PB 0x0000000081e00000| Untracked 
|  31|0x0000000081f00000, 0x0000000082000000, 0x0000000082000000|100%| O|  |TAMS 0x0000000081f00000| PB 0x0000000081f00000| Untracked 
|  32|0x0000000082000000, 0x0000000082100000, 0x0000000082100000|100%|HS|  |TAMS 0x0000000082000000| PB 0x0000000082000000| Complete 
|  33|0x0000000082100000, 0x0000000082200000, 0x0000000082200000|100%|HC|  |TAMS 0x0000000082100000| PB 0x0000000082100000| Complete 
|  34|0x0000000082200000, 0x0000000082300000, 0x0000000082300000|100%|HC|  |TAMS 0x0000000082200000| PB 0x0000000082200000| Complete 
|  35|0x0000000082300000, 0x0000000082300000, 0x0000000082400000|  0%| F|  |TAMS 0x0000000082300000| PB 0x0000000082300000| Untracked 
|  36|0x0000000082400000, 0x0000000082500000, 0x0000000082500000|100%|HS|  |TAMS 0x0000000082400000| PB 0x0000000082400000| Complete 
|  37|0x0000000082500000, 0x0000000082600000, 0x0000000082600000|100%|HC|  |TAMS 0x0000000082500000| PB 0x0000000082500000| Complete 
|  38|0x0000000082600000, 0x0000000082700000, 0x0000000082700000|100%|HS|  |TAMS 0x0000000082600000| PB 0x0000000082600000| Complete 
|  39|0x0000000082700000, 0x0000000082800000, 0x0000000082800000|100%| O|  |TAMS 0x0000000082700000| PB 0x0000000082700000| Untracked 
|  40|0x0000000082800000, 0x0000000082900000, 0x0000000082900000|100%| O|  |TAMS 0x0000000082800000| PB 0x0000000082800000| Untracked 
|  41|0x0000000082900000, 0x0000000082a00000, 0x0000000082a00000|100%| O|  |TAMS 0x0000000082900000| PB 0x0000000082900000| Untracked 
|  42|0x0000000082a00000, 0x0000000082b00000, 0x0000000082b00000|100%| O|  |TAMS 0x0000000082a00000| PB 0x0000000082a00000| Untracked 
|  43|0x0000000082b00000, 0x0000000082c00000, 0x0000000082c00000|100%| O|  |TAMS 0x0000000082b00000| PB 0x0000000082b00000| Untracked 
|  44|0x0000000082c00000, 0x0000000082d00000, 0x0000000082d00000|100%| O|  |TAMS 0x0000000082c00000| PB 0x0000000082c00000| Untracked 
|  45|0x0000000082d00000, 0x0000000082e00000, 0x0000000082e00000|100%| O|  |TAMS 0x0000000082d00000| PB 0x0000000082d00000| Untracked 
|  46|0x0000000082e00000, 0x0000000082f00000, 0x0000000082f00000|100%| O|  |TAMS 0x0000000082e00000| PB 0x0000000082e00000| Untracked 
|  47|0x0000000082f00000, 0x0000000083000000, 0x0000000083000000|100%| O|  |TAMS 0x0000000082f00000| PB 0x0000000082f00000| Untracked 
|  48|0x0000000083000000, 0x0000000083100000, 0x0000000083100000|100%|HS|  |TAMS 0x0000000083000000| PB 0x0000000083000000| Complete 
|  49|0x0000000083100000, 0x0000000083200000, 0x0000000083200000|100%|HC|  |TAMS 0x0000000083100000| PB 0x0000000083100000| Complete 
|  50|0x0000000083200000, 0x0000000083300000, 0x0000000083300000|100%|HS|  |TAMS 0x0000000083200000| PB 0x0000000083200000| Complete 
|  51|0x0000000083300000, 0x0000000083400000, 0x0000000083400000|100%|HC|  |TAMS 0x0000000083300000| PB 0x0000000083300000| Complete 
|  52|0x0000000083400000, 0x0000000083500000, 0x0000000083500000|100%|HC|  |TAMS 0x0000000083400000| PB 0x0000000083400000| Complete 
|  53|0x0000000083500000, 0x0000000083600000, 0x0000000083600000|100%|HC|  |TAMS 0x0000000083500000| PB 0x0000000083500000| Complete 
|  54|0x0000000083600000, 0x0000000083700000, 0x0000000083700000|100%|HC|  |TAMS 0x0000000083600000| PB 0x0000000083600000| Complete 
|  55|0x0000000083700000, 0x0000000083800000, 0x0000000083800000|100%|HC|  |TAMS 0x0000000083700000| PB 0x0000000083700000| Complete 
|  56|0x0000000083800000, 0x0000000083900000, 0x0000000083900000|100%| O|  |TAMS 0x0000000083800000| PB 0x0000000083800000| Untracked 
|  57|0x0000000083900000, 0x0000000083a00000, 0x0000000083a00000|100%| O|  |TAMS 0x0000000083900000| PB 0x0000000083900000| Untracked 
|  58|0x0000000083a00000, 0x0000000083a00000, 0x0000000083b00000|  0%| F|  |TAMS 0x0000000083a00000| PB 0x0000000083a00000| Untracked 
|  59|0x0000000083b00000, 0x0000000083c00000, 0x0000000083c00000|100%| O|  |TAMS 0x0000000083b00000| PB 0x0000000083b00000| Untracked 
|  60|0x0000000083c00000, 0x0000000083d00000, 0x0000000083d00000|100%| O|  |TAMS 0x0000000083c00000| PB 0x0000000083c00000| Untracked 
|  61|0x0000000083d00000, 0x0000000083d00000, 0x0000000083e00000|  0%| F|  |TAMS 0x0000000083d00000| PB 0x0000000083d00000| Untracked 
|  62|0x0000000083e00000, 0x0000000083e00000, 0x0000000083f00000|  0%| F|  |TAMS 0x0000000083e00000| PB 0x0000000083e00000| Untracked 
|  63|0x0000000083f00000, 0x0000000083f00000, 0x0000000084000000|  0%| F|  |TAMS 0x0000000083f00000| PB 0x0000000083f00000| Untracked 
|  64|0x0000000084000000, 0x0000000084000000, 0x0000000084100000|  0%| F|  |TAMS 0x0000000084000000| PB 0x0000000084000000| Untracked 
|  65|0x0000000084100000, 0x0000000084200000, 0x0000000084200000|100%| O|  |TAMS 0x0000000084100000| PB 0x0000000084100000| Untracked 
|  66|0x0000000084200000, 0x0000000084300000, 0x0000000084300000|100%| O|  |TAMS 0x0000000084200000| PB 0x0000000084200000| Untracked 
|  67|0x0000000084300000, 0x0000000084400000, 0x0000000084400000|100%| O|  |TAMS 0x0000000084300000| PB 0x0000000084300000| Untracked 
|  68|0x0000000084400000, 0x0000000084500000, 0x0000000084500000|100%| O|  |TAMS 0x0000000084400000| PB 0x0000000084400000| Untracked 
|  69|0x0000000084500000, 0x0000000084600000, 0x0000000084600000|100%| O|  |TAMS 0x0000000084500000| PB 0x0000000084500000| Untracked 
|  70|0x0000000084600000, 0x0000000084700000, 0x0000000084700000|100%| O|  |TAMS 0x0000000084600000| PB 0x0000000084600000| Untracked 
|  71|0x0000000084700000, 0x0000000084800000, 0x0000000084800000|100%|HS|  |TAMS 0x0000000084700000| PB 0x0000000084700000| Complete 
|  72|0x0000000084800000, 0x0000000084900000, 0x0000000084900000|100%|HC|  |TAMS 0x0000000084800000| PB 0x0000000084800000| Complete 
|  73|0x0000000084900000, 0x0000000084a00000, 0x0000000084a00000|100%|HC|  |TAMS 0x0000000084900000| PB 0x0000000084900000| Complete 
|  74|0x0000000084a00000, 0x0000000084b00000, 0x0000000084b00000|100%|HC|  |TAMS 0x0000000084a00000| PB 0x0000000084a00000| Complete 
|  75|0x0000000084b00000, 0x0000000084c00000, 0x0000000084c00000|100%|HC|  |TAMS 0x0000000084b00000| PB 0x0000000084b00000| Complete 
|  76|0x0000000084c00000, 0x0000000084d00000, 0x0000000084d00000|100%|HC|  |TAMS 0x0000000084c00000| PB 0x0000000084c00000| Complete 
|  77|0x0000000084d00000, 0x0000000084d00000, 0x0000000084e00000|  0%| F|  |TAMS 0x0000000084d00000| PB 0x0000000084d00000| Untracked 
|  78|0x0000000084e00000, 0x0000000084e00000, 0x0000000084f00000|  0%| F|  |TAMS 0x0000000084e00000| PB 0x0000000084e00000| Untracked 
|  79|0x0000000084f00000, 0x0000000084f00000, 0x0000000085000000|  0%| F|  |TAMS 0x0000000084f00000| PB 0x0000000084f00000| Untracked 
|  80|0x0000000085000000, 0x0000000085000000, 0x0000000085100000|  0%| F|  |TAMS 0x0000000085000000| PB 0x0000000085000000| Untracked 
|  81|0x0000000085100000, 0x0000000085100000, 0x0000000085200000|  0%| F|  |TAMS 0x0000000085100000| PB 0x0000000085100000| Untracked 
|  82|0x0000000085200000, 0x0000000085200000, 0x0000000085300000|  0%| F|  |TAMS 0x0000000085200000| PB 0x0000000085200000| Untracked 
|  83|0x0000000085300000, 0x0000000085300000, 0x0000000085400000|  0%| F|  |TAMS 0x0000000085300000| PB 0x0000000085300000| Untracked 
|  84|0x0000000085400000, 0x0000000085400000, 0x0000000085500000|  0%| F|  |TAMS 0x0000000085400000| PB 0x0000000085400000| Untracked 
|  85|0x0000000085500000, 0x00000000855e1960, 0x0000000085600000| 88%| S|CS|TAMS 0x0000000085500000| PB 0x0000000085500000| Complete 
|  86|0x0000000085600000, 0x0000000085700000, 0x0000000085700000|100%| S|CS|TAMS 0x0000000085600000| PB 0x0000000085600000| Complete 
|  87|0x0000000085700000, 0x0000000085800000, 0x0000000085800000|100%| S|CS|TAMS 0x0000000085700000| PB 0x0000000085700000| Complete 
|  88|0x0000000085800000, 0x0000000085900000, 0x0000000085900000|100%| S|CS|TAMS 0x0000000085800000| PB 0x0000000085800000| Complete 
|  89|0x0000000085900000, 0x0000000085900000, 0x0000000085a00000|  0%| F|  |TAMS 0x0000000085900000| PB 0x0000000085900000| Untracked 
|  90|0x0000000085a00000, 0x0000000085a00000, 0x0000000085b00000|  0%| F|  |TAMS 0x0000000085a00000| PB 0x0000000085a00000| Untracked 
|  91|0x0000000085b00000, 0x0000000085b00000, 0x0000000085c00000|  0%| F|  |TAMS 0x0000000085b00000| PB 0x0000000085b00000| Untracked 
|  92|0x0000000085c00000, 0x0000000085c00000, 0x0000000085d00000|  0%| F|  |TAMS 0x0000000085c00000| PB 0x0000000085c00000| Untracked 
|  93|0x0000000085d00000, 0x0000000085d00000, 0x0000000085e00000|  0%| F|  |TAMS 0x0000000085d00000| PB 0x0000000085d00000| Untracked 
|  94|0x0000000085e00000, 0x0000000085e00000, 0x0000000085f00000|  0%| F|  |TAMS 0x0000000085e00000| PB 0x0000000085e00000| Untracked 
|  95|0x0000000085f00000, 0x0000000085f00000, 0x0000000086000000|  0%| F|  |TAMS 0x0000000085f00000| PB 0x0000000085f00000| Untracked 
|  96|0x0000000086000000, 0x0000000086000000, 0x0000000086100000|  0%| F|  |TAMS 0x0000000086000000| PB 0x0000000086000000| Untracked 
|  97|0x0000000086100000, 0x0000000086100000, 0x0000000086200000|  0%| F|  |TAMS 0x0000000086100000| PB 0x0000000086100000| Untracked 
|  98|0x0000000086200000, 0x0000000086200000, 0x0000000086300000|  0%| F|  |TAMS 0x0000000086200000| PB 0x0000000086200000| Untracked 
|  99|0x0000000086300000, 0x0000000086300000, 0x0000000086400000|  0%| F|  |TAMS 0x0000000086300000| PB 0x0000000086300000| Untracked 
| 100|0x0000000086400000, 0x0000000086400000, 0x0000000086500000|  0%| F|  |TAMS 0x0000000086400000| PB 0x0000000086400000| Untracked 
| 101|0x0000000086500000, 0x0000000086500000, 0x0000000086600000|  0%| F|  |TAMS 0x0000000086500000| PB 0x0000000086500000| Untracked 
| 102|0x0000000086600000, 0x0000000086600000, 0x0000000086700000|  0%| F|  |TAMS 0x0000000086600000| PB 0x0000000086600000| Untracked 
| 103|0x0000000086700000, 0x0000000086700000, 0x0000000086800000|  0%| F|  |TAMS 0x0000000086700000| PB 0x0000000086700000| Untracked 
| 104|0x0000000086800000, 0x0000000086800000, 0x0000000086900000|  0%| F|  |TAMS 0x0000000086800000| PB 0x0000000086800000| Untracked 
| 105|0x0000000086900000, 0x0000000086900000, 0x0000000086a00000|  0%| F|  |TAMS 0x0000000086900000| PB 0x0000000086900000| Untracked 
| 106|0x0000000086a00000, 0x0000000086a00000, 0x0000000086b00000|  0%| F|  |TAMS 0x0000000086a00000| PB 0x0000000086a00000| Untracked 
| 107|0x0000000086b00000, 0x0000000086b00000, 0x0000000086c00000|  0%| F|  |TAMS 0x0000000086b00000| PB 0x0000000086b00000| Untracked 
| 108|0x0000000086c00000, 0x0000000086c00000, 0x0000000086d00000|  0%| F|  |TAMS 0x0000000086c00000| PB 0x0000000086c00000| Untracked 
| 109|0x0000000086d00000, 0x0000000086d00000, 0x0000000086e00000|  0%| F|  |TAMS 0x0000000086d00000| PB 0x0000000086d00000| Untracked 
| 110|0x0000000086e00000, 0x0000000086e00000, 0x0000000086f00000|  0%| F|  |TAMS 0x0000000086e00000| PB 0x0000000086e00000| Untracked 
| 111|0x0000000086f00000, 0x0000000086f00000, 0x0000000087000000|  0%| F|  |TAMS 0x0000000086f00000| PB 0x0000000086f00000| Untracked 
| 112|0x0000000087000000, 0x0000000087000000, 0x0000000087100000|  0%| F|  |TAMS 0x0000000087000000| PB 0x0000000087000000| Untracked 
| 113|0x0000000087100000, 0x0000000087100000, 0x0000000087200000|  0%| F|  |TAMS 0x0000000087100000| PB 0x0000000087100000| Untracked 
| 114|0x0000000087200000, 0x0000000087200000, 0x0000000087300000|  0%| F|  |TAMS 0x0000000087200000| PB 0x0000000087200000| Untracked 
| 115|0x0000000087300000, 0x0000000087300000, 0x0000000087400000|  0%| F|  |TAMS 0x0000000087300000| PB 0x0000000087300000| Untracked 
| 116|0x0000000087400000, 0x0000000087400000, 0x0000000087500000|  0%| F|  |TAMS 0x0000000087400000| PB 0x0000000087400000| Untracked 
| 117|0x0000000087500000, 0x0000000087500000, 0x0000000087600000|  0%| F|  |TAMS 0x0000000087500000| PB 0x0000000087500000| Untracked 
| 118|0x0000000087600000, 0x00000000876831d0, 0x0000000087700000| 51%| E|  |TAMS 0x0000000087600000| PB 0x0000000087600000| Complete 
| 119|0x0000000087700000, 0x0000000087800000, 0x0000000087800000|100%| E|CS|TAMS 0x0000000087700000| PB 0x0000000087700000| Complete 
| 120|0x0000000087800000, 0x0000000087900000, 0x0000000087900000|100%| E|CS|TAMS 0x0000000087800000| PB 0x0000000087800000| Complete 
| 121|0x0000000087900000, 0x0000000087a00000, 0x0000000087a00000|100%| E|CS|TAMS 0x0000000087900000| PB 0x0000000087900000| Complete 
| 122|0x0000000087a00000, 0x0000000087b00000, 0x0000000087b00000|100%| E|CS|TAMS 0x0000000087a00000| PB 0x0000000087a00000| Complete 
| 123|0x0000000087b00000, 0x0000000087c00000, 0x0000000087c00000|100%| E|CS|TAMS 0x0000000087b00000| PB 0x0000000087b00000| Complete 
| 124|0x0000000087c00000, 0x0000000087d00000, 0x0000000087d00000|100%| E|CS|TAMS 0x0000000087c00000| PB 0x0000000087c00000| Complete 
| 125|0x0000000087d00000, 0x0000000087e00000, 0x0000000087e00000|100%| E|CS|TAMS 0x0000000087d00000| PB 0x0000000087d00000| Complete 
| 126|0x0000000087e00000, 0x0000000087f00000, 0x0000000087f00000|100%| E|CS|TAMS 0x0000000087e00000| PB 0x0000000087e00000| Complete 
| 127|0x0000000087f00000, 0x0000000088000000, 0x0000000088000000|100%| E|CS|TAMS 0x0000000087f00000| PB 0x0000000087f00000| Complete 
|2046|0x00000000ffe00000, 0x00000000fff00000, 0x00000000fff00000|100%| O|  |TAMS 0x00000000ffe00000| PB 0x00000000ffe00000| Untracked 
|2047|0x00000000fff00000, 0x0000000100000000, 0x0000000100000000|100%| O|  |TAMS 0x00000000fff00000| PB 0x00000000fff00000| Untracked 

Card table byte_map: [0x000001f0767c0000,0x000001f076bc0000] _byte_map_base: 0x000001f0763c0000

Marking Bits: (CMBitMap*) 0x000001f072f974a0
 Bits: [0x000001f076bc0000, 0x000001f078bc0000)

Polling page: 0x000001f070f10000

Metaspace:

Usage:
  Non-class:     54.20 MB used.
      Class:      8.55 MB used.
       Both:     62.75 MB used.

Virtual space:
  Non-class space:       64.00 MB reserved,      55.00 MB ( 86%) committed,  1 nodes.
      Class space:        1.00 GB reserved,       9.38 MB ( <1%) committed,  1 nodes.
             Both:        1.06 GB reserved,      64.38 MB (  6%) committed. 

Chunk freelists:
   Non-Class:  8.19 MB
       Class:  6.55 MB
        Both:  14.75 MB

MaxMetaspaceSize: unlimited
CompressedClassSpaceSize: 1.00 GB
Initial GC threshold: 21.00 MB
Current GC threshold: 95.31 MB
CDS: off
 - commit_granule_bytes: 65536.
 - commit_granule_words: 8192.
 - virtual_space_node_default_size: 8388608.
 - enlarge_chunks_in_place: 1.
 - use_allocation_guard: 0.


Internal statistics:

num_allocs_failed_limit: 3.
num_arena_births: 2998.
num_arena_deaths: 0.
num_vsnodes_births: 2.
num_vsnodes_deaths: 0.
num_space_committed: 1031.
num_space_uncommitted: 0.
num_chunks_returned_to_freelist: 3.
num_chunks_taken_from_freelist: 5628.
num_chunk_merges: 3.
num_chunk_splits: 3639.
num_chunks_enlarged: 2221.
num_inconsistent_stats: 0.

CodeHeap 'non-profiled nmethods': size=120000Kb used=2620Kb max_used=2620Kb free=117379Kb
 bounds [0x000001f007ad0000, 0x000001f007d60000, 0x000001f00f000000]
CodeHeap 'profiled nmethods': size=120000Kb used=10176Kb max_used=10176Kb free=109823Kb
 bounds [0x000001f000000000, 0x000001f000a00000, 0x000001f007530000]
CodeHeap 'non-nmethods': size=5760Kb used=2966Kb max_used=2979Kb free=2793Kb
 bounds [0x000001f007530000, 0x000001f007820000, 0x000001f007ad0000]
 total_blobs=6280 nmethods=5405 adapters=778
 compilation: enabled
              stopped_count=0, restarted_count=0
 full_count=0

Compilation events (20 events):
Event: 10.361 Thread 0x000001f01312b540 6080       3       org.gradle.cache.internal.btree.KeyHasher$MessageDigestStream::write (11 bytes)
Event: 10.361 Thread 0x000001f01312b540 nmethod 6080 0x000001f0009dd710 code [0x000001f0009dd8c0, 0x000001f0009dda88]
Event: 10.361 Thread 0x000001f01312b540 6081       3       org.gradle.cache.internal.btree.KeyHasher$MessageDigestStream::getChecksum (41 bytes)
Event: 10.362 Thread 0x000001f01312b540 nmethod 6081 0x000001f0009ddb90 code [0x000001f0009ddd80, 0x000001f0009de268]
Event: 10.362 Thread 0x000001f01312b540 6082       3       java.math.BigInteger::<init> (9 bytes)
Event: 10.362 Thread 0x000001f01312b540 nmethod 6082 0x000001f0009de490 code [0x000001f0009de640, 0x000001f0009de788]
Event: 10.362 Thread 0x000001f01312b540 6083       3       java.math.BigInteger::<init> (93 bytes)
Event: 10.362 Thread 0x000001f01312b540 nmethod 6083 0x000001f0009de890 code [0x000001f0009deae0, 0x000001f0009df400]
Event: 10.362 Thread 0x000001f01312b540 6089       3       org.gradle.internal.io.StreamByteBuffer::readFrom (57 bytes)
Event: 10.362 Thread 0x000001f01312b540 nmethod 6089 0x000001f0009df790 code [0x000001f0009df980, 0x000001f0009dfd90]
Event: 10.362 Thread 0x000001f01312b540 6085   !   3       org.gradle.cache.internal.ExclusiveCacheAccessingWorker::addToQueue (37 bytes)
Event: 10.362 Thread 0x000001f01312b540 nmethod 6085 0x000001f0009dff90 code [0x000001f0009e0180, 0x000001f0009e0530]
Event: 10.362 Thread 0x000001f01312b540 6086   !   3       java.util.concurrent.ArrayBlockingQueue::put (58 bytes)
Event: 10.363 Thread 0x000001f01312b540 nmethod 6086 0x000001f0009e0710 code [0x000001f0009e09e0, 0x000001f0009e1888]
Event: 10.363 Thread 0x000001f01312b540 6087       3       org.gradle.cache.internal.btree.BTreePersistentIndexedCache$DataBlock::read (23 bytes)
Event: 10.364 Thread 0x000001f01312b540 nmethod 6087 0x000001f0009e1e90 code [0x000001f0009e2180, 0x000001f0009e30f0]
Event: 10.364 Thread 0x000001f01312b540 6088       3       org.gradle.internal.io.StreamByteBuffer::of (20 bytes)
Event: 10.364 Thread 0x000001f01312b540 nmethod 6088 0x000001f0009e3710 code [0x000001f0009e3900, 0x000001f0009e3d08]
Event: 10.364 Thread 0x000001f01312b540 6090       3       java.io.DataInputStream::read (11 bytes)
Event: 10.364 Thread 0x000001f01312b540 nmethod 6090 0x000001f0009e3f10 code [0x000001f0009e40c0, 0x000001f0009e4290]

GC Heap History (20 events):
Event: 6.177 GC heap before
{Heap before GC invocations=14 (full 0):
 garbage-first heap   total 73728K, used 58356K [0x0000000080000000, 0x0000000100000000)
  region size 1024K, 18 young (18432K), 3 survivors (3072K)
 Metaspace       used 38700K, committed 39616K, reserved 1114112K
  class space    used 5324K, committed 5760K, reserved 1048576K
}
Event: 6.184 GC heap after
{Heap after GC invocations=15 (full 0):
 garbage-first heap   total 73728K, used 44290K [0x0000000080000000, 0x0000000100000000)
  region size 1024K, 1 young (1024K), 1 survivors (1024K)
 Metaspace       used 38700K, committed 39616K, reserved 1114112K
  class space    used 5324K, committed 5760K, reserved 1048576K
}
Event: 6.446 GC heap before
{Heap before GC invocations=15 (full 0):
 garbage-first heap   total 73728K, used 59650K [0x0000000080000000, 0x0000000100000000)
  region size 1024K, 16 young (16384K), 1 survivors (1024K)
 Metaspace       used 40563K, committed 41664K, reserved 1114112K
  class space    used 5647K, committed 6208K, reserved 1048576K
}
Event: 6.448 GC heap after
{Heap after GC invocations=16 (full 0):
 garbage-first heap   total 73728K, used 45010K [0x0000000080000000, 0x0000000100000000)
  region size 1024K, 2 young (2048K), 2 survivors (2048K)
 Metaspace       used 40563K, committed 41664K, reserved 1114112K
  class space    used 5647K, committed 6208K, reserved 1048576K
}
Event: 6.739 GC heap before
{Heap before GC invocations=17 (full 0):
 garbage-first heap   total 80896K, used 61394K [0x0000000080000000, 0x0000000100000000)
  region size 1024K, 18 young (18432K), 2 survivors (2048K)
 Metaspace       used 42950K, committed 44224K, reserved 1114112K
  class space    used 6045K, committed 6656K, reserved 1048576K
}
Event: 6.743 GC heap after
{Heap after GC invocations=18 (full 0):
 garbage-first heap   total 80896K, used 46207K [0x0000000080000000, 0x0000000100000000)
  region size 1024K, 3 young (3072K), 3 survivors (3072K)
 Metaspace       used 42950K, committed 44224K, reserved 1114112K
  class space    used 6045K, committed 6656K, reserved 1048576K
}
Event: 7.179 GC heap before
{Heap before GC invocations=18 (full 0):
 garbage-first heap   total 80896K, used 66687K [0x0000000080000000, 0x0000000100000000)
  region size 1024K, 24 young (24576K), 3 survivors (3072K)
 Metaspace       used 47920K, committed 49280K, reserved 1114112K
  class space    used 6604K, committed 7296K, reserved 1048576K
}
Event: 7.187 GC heap after
{Heap after GC invocations=19 (full 0):
 garbage-first heap   total 80896K, used 48260K [0x0000000080000000, 0x0000000100000000)
  region size 1024K, 3 young (3072K), 3 survivors (3072K)
 Metaspace       used 47920K, committed 49280K, reserved 1114112K
  class space    used 6604K, committed 7296K, reserved 1048576K
}
Event: 7.383 GC heap before
{Heap before GC invocations=19 (full 0):
 garbage-first heap   total 80896K, used 67716K [0x0000000080000000, 0x0000000100000000)
  region size 1024K, 23 young (23552K), 3 survivors (3072K)
 Metaspace       used 49295K, committed 50560K, reserved 1114112K
  class space    used 6736K, committed 7360K, reserved 1048576K
}
Event: 7.389 GC heap after
{Heap after GC invocations=20 (full 0):
 garbage-first heap   total 113664K, used 51073K [0x0000000080000000, 0x0000000100000000)
  region size 1024K, 3 young (3072K), 3 survivors (3072K)
 Metaspace       used 49295K, committed 50560K, reserved 1114112K
  class space    used 6736K, committed 7360K, reserved 1048576K
}
Event: 8.207 GC heap before
{Heap before GC invocations=21 (full 0):
 garbage-first heap   total 113664K, used 95105K [0x0000000080000000, 0x0000000100000000)
  region size 1024K, 42 young (43008K), 3 survivors (3072K)
 Metaspace       used 53758K, committed 55296K, reserved 1114112K
  class space    used 7300K, committed 8064K, reserved 1048576K
}
Event: 8.217 GC heap after
{Heap after GC invocations=22 (full 0):
 garbage-first heap   total 113664K, used 53061K [0x0000000080000000, 0x0000000100000000)
  region size 1024K, 5 young (5120K), 5 survivors (5120K)
 Metaspace       used 53758K, committed 55296K, reserved 1114112K
  class space    used 7300K, committed 8064K, reserved 1048576K
}
Event: 9.201 GC heap before
{Heap before GC invocations=22 (full 0):
 garbage-first heap   total 113664K, used 103237K [0x0000000080000000, 0x0000000100000000)
  region size 1024K, 46 young (47104K), 5 survivors (5120K)
 Metaspace       used 56709K, committed 58176K, reserved 1114112K
  class space    used 7782K, committed 8512K, reserved 1048576K
}
Event: 9.212 GC heap after
{Heap after GC invocations=23 (full 0):
 garbage-first heap   total 116736K, used 68327K [0x0000000080000000, 0x0000000100000000)
  region size 1024K, 6 young (6144K), 6 survivors (6144K)
 Metaspace       used 56709K, committed 58176K, reserved 1114112K
  class space    used 7782K, committed 8512K, reserved 1048576K
}
Event: 9.328 GC heap before
{Heap before GC invocations=23 (full 0):
 garbage-first heap   total 116736K, used 72423K [0x0000000080000000, 0x0000000100000000)
  region size 1024K, 11 young (11264K), 6 survivors (6144K)
 Metaspace       used 56895K, committed 58496K, reserved 1114112K
  class space    used 7819K, committed 8576K, reserved 1048576K
}
Event: 9.337 GC heap after
{Heap after GC invocations=24 (full 0):
 garbage-first heap   total 116736K, used 70463K [0x0000000080000000, 0x0000000100000000)
  region size 1024K, 2 young (2048K), 2 survivors (2048K)
 Metaspace       used 56895K, committed 58496K, reserved 1114112K
  class space    used 7819K, committed 8576K, reserved 1048576K
}
Event: 9.859 GC heap before
{Heap before GC invocations=25 (full 0):
 garbage-first heap   total 133120K, used 109375K [0x0000000080000000, 0x0000000100000000)
  region size 1024K, 32 young (32768K), 2 survivors (2048K)
 Metaspace       used 59035K, committed 60608K, reserved 1114112K
  class space    used 7994K, committed 8768K, reserved 1048576K
}
Event: 9.863 GC heap after
{Heap after GC invocations=26 (full 0):
 garbage-first heap   total 133120K, used 78042K [0x0000000080000000, 0x0000000100000000)
  region size 1024K, 3 young (3072K), 3 survivors (3072K)
 Metaspace       used 59035K, committed 60608K, reserved 1114112K
  class space    used 7994K, committed 8768K, reserved 1048576K
}
Event: 10.278 GC heap before
{Heap before GC invocations=26 (full 0):
 garbage-first heap   total 133120K, used 114906K [0x0000000080000000, 0x0000000100000000)
  region size 1024K, 39 young (39936K), 3 survivors (3072K)
 Metaspace       used 63073K, committed 64704K, reserved 1114112K
  class space    used 8561K, committed 9344K, reserved 1048576K
}
Event: 10.282 GC heap after
{Heap after GC invocations=27 (full 0):
 garbage-first heap   total 133120K, used 78726K [0x0000000080000000, 0x0000000100000000)
  region size 1024K, 4 young (4096K), 4 survivors (4096K)
 Metaspace       used 63073K, committed 64704K, reserved 1114112K
  class space    used 8561K, committed 9344K, reserved 1048576K
}

Dll operation events (3 events):
Event: 0.024 Loaded shared library C:\Program Files\Android\Android Studio\jbr\bin\java.dll
Event: 0.037 Loaded shared library C:\Program Files\Android\Android Studio\jbr\bin\zip.dll
Event: 1.192 Loaded shared library C:\Program Files\Android\Android Studio\jbr\bin\verify.dll

Deoptimization events (20 events):
Event: 9.889 Thread 0x000001f015010200 DEOPT PACKING pc=0x000001f007b19870 sp=0x0000009f491f6040
Event: 9.889 Thread 0x000001f015010200 DEOPT UNPACKING pc=0x000001f007587da2 sp=0x0000009f491f5f10 mode 2
Event: 9.890 Thread 0x000001f015010200 Uncommon trap: trap_request=0xffffffbe fr.pc=0x000001f007b1a984 relative=0x00000000000002a4
Event: 9.890 Thread 0x000001f015010200 Uncommon trap: reason=profile_predicate action=maybe_recompile pc=0x000001f007b1a984 method=sun.instrument.TransformerManager.transform(Ljava/lang/Module;Ljava/lang/ClassLoader;Ljava/lang/String;Ljava/lang/Class;Ljava/security/ProtectionDomain;[B)[B @ 21 
Event: 9.890 Thread 0x000001f015010200 DEOPT PACKING pc=0x000001f007b1a984 sp=0x0000009f491f66f0
Event: 9.890 Thread 0x000001f015010200 DEOPT UNPACKING pc=0x000001f007587da2 sp=0x0000009f491f66a8 mode 2
Event: 10.052 Thread 0x000001f015010200 DEOPT PACKING pc=0x000001f0003a9ef7 sp=0x0000009f491f8150
Event: 10.052 Thread 0x000001f015010200 DEOPT UNPACKING pc=0x000001f0075888e2 sp=0x0000009f491f7638 mode 0
Event: 10.114 Thread 0x000001f015010200 Uncommon trap: trap_request=0xffffff54 fr.pc=0x000001f007b89968 relative=0x00000000000016e8
Event: 10.114 Thread 0x000001f015010200 Uncommon trap: reason=speculate_null_assert action=make_not_entrant pc=0x000001f007b89968 method=java.util.jar.JarFile.getVersionedEntry(Ljava/lang/String;Ljava/util/jar/JarEntry;)Ljava/util/jar/JarEntry; @ 115 c2
Event: 10.114 Thread 0x000001f015010200 DEOPT PACKING pc=0x000001f007b89968 sp=0x0000009f491f71d0
Event: 10.114 Thread 0x000001f015010200 DEOPT UNPACKING pc=0x000001f007587da2 sp=0x0000009f491f71c8 mode 2
Event: 10.114 Thread 0x000001f015010200 Uncommon trap: trap_request=0xffffff45 fr.pc=0x000001f007b27b24 relative=0x0000000000000fc4
Event: 10.114 Thread 0x000001f015010200 Uncommon trap: reason=unstable_if action=reinterpret pc=0x000001f007b27b24 method=java.util.jar.JarFile.getEntry(Ljava/lang/String;)Ljava/util/zip/ZipEntry; @ 15 c2
Event: 10.114 Thread 0x000001f015010200 DEOPT PACKING pc=0x000001f007b27b24 sp=0x0000009f491f7290
Event: 10.114 Thread 0x000001f015010200 DEOPT UNPACKING pc=0x000001f007587da2 sp=0x0000009f491f7288 mode 2
Event: 10.345 Thread 0x000001f015010200 Uncommon trap: trap_request=0xffffff45 fr.pc=0x000001f007b8e790 relative=0x0000000000000070
Event: 10.345 Thread 0x000001f015010200 Uncommon trap: reason=unstable_if action=reinterpret pc=0x000001f007b8e790 method=java.lang.ref.ReferenceQueue.poll()Ljava/lang/ref/Reference; @ 4 c2
Event: 10.345 Thread 0x000001f015010200 DEOPT PACKING pc=0x000001f007b8e790 sp=0x0000009f491f7680
Event: 10.345 Thread 0x000001f015010200 DEOPT UNPACKING pc=0x000001f007587da2 sp=0x0000009f491f7608 mode 2

Classes loaded (20 events):
Event: 9.262 Loading class java/lang/ClassCustomizer
Event: 9.262 Loading class java/lang/ClassCustomizer done
Event: 9.262 Loading class sun/reflect/generics/tree/BooleanSignature
Event: 9.263 Loading class sun/reflect/generics/tree/BooleanSignature done
Event: 9.266 Loading class sun/reflect/generics/reflectiveObjects/GenericArrayTypeImpl
Event: 9.266 Loading class sun/reflect/generics/reflectiveObjects/GenericArrayTypeImpl done
Event: 9.272 Loading class jdk/internal/vm/annotation/ForceInline
Event: 9.272 Loading class jdk/internal/vm/annotation/ForceInline done
Event: 9.737 Loading class java/util/BitSet$1BitSetSpliterator
Event: 9.739 Loading class java/util/BitSet$1BitSetSpliterator done
Event: 9.760 Loading class java/util/Collections$SynchronizedRandomAccessList
Event: 9.761 Loading class java/util/Collections$SynchronizedList
Event: 9.762 Loading class java/util/Collections$SynchronizedList done
Event: 9.762 Loading class java/util/Collections$SynchronizedRandomAccessList done
Event: 9.973 Loading class java/util/concurrent/atomic/AtomicReferenceFieldUpdater
Event: 9.974 Loading class java/util/concurrent/atomic/AtomicReferenceFieldUpdater done
Event: 9.974 Loading class java/util/concurrent/atomic/AtomicReferenceFieldUpdater$AtomicReferenceFieldUpdaterImpl
Event: 9.974 Loading class java/util/concurrent/atomic/AtomicReferenceFieldUpdater$AtomicReferenceFieldUpdaterImpl done
Event: 9.975 Loading class java/util/concurrent/atomic/AtomicReferenceFieldUpdater$AtomicReferenceFieldUpdaterImpl$1
Event: 9.975 Loading class java/util/concurrent/atomic/AtomicReferenceFieldUpdater$AtomicReferenceFieldUpdaterImpl$1 done

Classes unloaded (0 events):
No events

Classes redefined (0 events):
No events

Internal exceptions (20 events):
Event: 9.262 Thread 0x000001f015010200 Exception <a 'java/lang/ClassNotFoundException'{0x0000000086d6b580}: java/lang/ClassCustomizer> (0x0000000086d6b580) 
thrown [s\src\hotspot\share\classfile\systemDictionary.cpp, line 312]
Event: 9.282 Thread 0x000001f015010200 Exception <a 'java/lang/ClassNotFoundException'{0x0000000086c3a198}: org/gradle/tooling/provider/model/internal/DefaultToolingModelBuilderRegistryBeanInfo> (0x0000000086c3a198) 
thrown [s\src\hotspot\share\classfile\systemDictionary.cpp, line 312]
Event: 9.283 Thread 0x000001f015010200 Exception <a 'java/lang/ClassNotFoundException'{0x0000000086c4eef0}: org/gradle/tooling/provider/model/internal/DefaultToolingModelBuilderRegistryCustomizer> (0x0000000086c4eef0) 
thrown [s\src\hotspot\share\classfile\systemDictionary.cpp, line 312]
Event: 9.294 Thread 0x000001f015010200 Exception <a 'java/lang/ClassNotFoundException'{0x0000000086cb8e60}: org/gradle/internal/service/ScopedServiceRegistryBeanInfo> (0x0000000086cb8e60) 
thrown [s\src\hotspot\share\classfile\systemDictionary.cpp, line 312]
Event: 9.296 Thread 0x000001f015010200 Exception <a 'java/lang/ClassNotFoundException'{0x0000000086ccd258}: org/gradle/internal/service/DefaultServiceRegistryBeanInfo> (0x0000000086ccd258) 
thrown [s\src\hotspot\share\classfile\systemDictionary.cpp, line 312]
Event: 9.297 Thread 0x000001f015010200 Exception <a 'java/lang/ClassNotFoundException'{0x0000000086ce1668}: org/gradle/internal/service/DefaultServiceRegistryCustomizer> (0x0000000086ce1668) 
thrown [s\src\hotspot\share\classfile\systemDictionary.cpp, line 312]
Event: 9.300 Thread 0x000001f015010200 Exception <a 'java/lang/ClassNotFoundException'{0x0000000086b045d8}: org/gradle/internal/service/ScopedServiceRegistryCustomizer> (0x0000000086b045d8) 
thrown [s\src\hotspot\share\classfile\systemDictionary.cpp, line 312]
Event: 9.307 Thread 0x000001f015010200 Exception <a 'java/lang/ClassNotFoundException'{0x0000000086b4e018}: org/gradle/internal/extensibility/DefaultConventionBeanInfo> (0x0000000086b4e018) 
thrown [s\src\hotspot\share\classfile\systemDictionary.cpp, line 312]
Event: 9.308 Thread 0x000001f015010200 Exception <a 'java/lang/ClassNotFoundException'{0x0000000086b62448}: org/gradle/internal/extensibility/DefaultConventionCustomizer> (0x0000000086b62448) 
thrown [s\src\hotspot\share\classfile\systemDictionary.cpp, line 312]
Event: 9.321 Thread 0x000001f015010200 Exception <a 'java/lang/ClassNotFoundException'{0x0000000086bf9000}: com/intellij/gradle/toolingExtension/impl/modelBuilder/ExtraModelBuilderBeanInfo> (0x0000000086bf9000) 
thrown [s\src\hotspot\share\classfile\systemDictionary.cpp, line 312]
Event: 9.322 Thread 0x000001f015010200 Exception <a 'java/lang/ClassNotFoundException'{0x0000000086a0e448}: com/intellij/gradle/toolingExtension/impl/modelBuilder/ExtraModelBuilderCustomizer> (0x0000000086a0e448) 
thrown [s\src\hotspot\share\classfile\systemDictionary.cpp, line 312]
Event: 9.743 Thread 0x000001f015010200 Exception <a 'java/lang/IncompatibleClassChangeError'{0x00000000877aff40}: Found class java.lang.Object, but interface was expected> (0x00000000877aff40) 
thrown [s\src\hotspot\share\interpreter\linkResolver.cpp, line 851]
Event: 9.749 Thread 0x000001f015010200 Exception <a 'sun/nio/fs/WindowsException'{0x00000000877ed688}> (0x00000000877ed688) 
thrown [s\src\hotspot\share\prims\jni.cpp, line 535]
Event: 9.750 Thread 0x000001f015010200 Exception <a 'sun/nio/fs/WindowsException'{0x00000000877eee30}> (0x00000000877eee30) 
thrown [s\src\hotspot\share\prims\jni.cpp, line 535]
Event: 9.750 Thread 0x000001f015010200 Exception <a 'sun/nio/fs/WindowsException'{0x00000000877f05a0}> (0x00000000877f05a0) 
thrown [s\src\hotspot\share\prims\jni.cpp, line 535]
Event: 9.750 Thread 0x000001f015010200 Exception <a 'sun/nio/fs/WindowsException'{0x00000000877f1d30}> (0x00000000877f1d30) 
thrown [s\src\hotspot\share\prims\jni.cpp, line 535]
Event: 9.753 Thread 0x000001f015010200 Exception <a 'java/lang/NoSuchMethodError'{0x0000000087603298}: 'java.lang.Object java.lang.invoke.Invokers$Holder.invoker(java.lang.Object, java.lang.Object, java.lang.Object, java.lang.Object, java.lang.Object, java.lang.Object)'> (0x0000000087603298) 
thrown [s\src\hotspot\share\interpreter\linkResolver.cpp, line 784]
Event: 9.773 Thread 0x000001f015010200 Exception <a 'java/lang/NoSuchMethodError'{0x00000000876fda50}: 'java.lang.Object java.lang.invoke.Invokers$Holder.invoker(java.lang.Object, java.lang.Object, java.lang.Object, java.lang.Object, java.lang.Object, java.lang.Object, java.lang.Object, java.lang.Object, java.lang.Object, java.lang.Object, java.lang.Object, java.lang.Object, java.lang.Object, java.lang.Object, java.lang.Object, java.lang.Object, java.lang.Object, java.lang.Object, java.lang.Object, java.lang.Object, java.lang.Object, java.lang.
Event: 9.773 Thread 0x000001f015010200 Exception <a 'java/lang/NoSuchMethodError'{0x0000000087504cc8}: 'java.lang.Object java.lang.invoke.DelegatingMethodHandle$Holder.delegate(java.lang.Object, java.lang.Object, java.lang.Object, java.lang.Object, java.lang.Object, java.lang.Object, java.lang.Object, java.lang.Object, java.lang.Object, java.lang.Object, java.lang.Object, java.lang.Object, java.lang.Object, java.lang.Object, java.lang.Object, java.lang.Object, java.lang.Object, java.lang.Object, java.lang.Object, java.lang.Object, java.lang.Obj
Event: 10.040 Thread 0x000001f015010200 Exception <a 'java/lang/IncompatibleClassChangeError'{0x000000008700a848}: Found class java.lang.Object, but interface was expected> (0x000000008700a848) 
thrown [s\src\hotspot\share\interpreter\linkResolver.cpp, line 851]

ZGC Phase Switch (0 events):
No events

VM Operations (20 events):
Event: 8.473 Executing VM operation: HandshakeAllThreads (Deoptimize)
Event: 8.473 Executing VM operation: HandshakeAllThreads (Deoptimize) done
Event: 8.769 Executing VM operation: ICBufferFull
Event: 8.769 Executing VM operation: ICBufferFull done
Event: 9.113 Executing VM operation: ICBufferFull
Event: 9.135 Executing VM operation: ICBufferFull done
Event: 9.201 Executing VM operation: G1CollectForAllocation (G1 Evacuation Pause)
Event: 9.212 Executing VM operation: G1CollectForAllocation (G1 Evacuation Pause) done
Event: 9.290 Executing VM operation: HandshakeAllThreads (Deoptimize)
Event: 9.290 Executing VM operation: HandshakeAllThreads (Deoptimize) done
Event: 9.328 Executing VM operation: G1TryInitiateConcMark (G1 Humongous Allocation)
Event: 9.337 Executing VM operation: G1TryInitiateConcMark (G1 Humongous Allocation) done
Event: 9.439 Executing VM operation: G1PauseRemark
Event: 9.448 Executing VM operation: G1PauseRemark done
Event: 9.476 Executing VM operation: G1PauseCleanup
Event: 9.476 Executing VM operation: G1PauseCleanup done
Event: 9.858 Executing VM operation: G1CollectForAllocation (G1 Evacuation Pause)
Event: 9.863 Executing VM operation: G1CollectForAllocation (G1 Evacuation Pause) done
Event: 10.278 Executing VM operation: G1CollectForAllocation (G1 Evacuation Pause)
Event: 10.282 Executing VM operation: G1CollectForAllocation (G1 Evacuation Pause) done

Events (20 events):
Event: 9.447 Thread 0x000001f07b602ab0 flushing nmethod 0x000001f000062910
Event: 9.447 Thread 0x000001f07b602ab0 flushing nmethod 0x000001f000055a10
Event: 9.447 Thread 0x000001f07b602ab0 flushing nmethod 0x000001f00001fa10
Event: 9.447 Thread 0x000001f07b602ab0 flushing nmethod 0x000001f000023e10
Event: 9.447 Thread 0x000001f07b602ab0 flushing nmethod 0x000001f007c7a510
Event: 9.447 Thread 0x000001f07b602ab0 flushing nmethod 0x000001f007c52d90
Event: 9.447 Thread 0x000001f07b602ab0 flushing nmethod 0x000001f007bef390
Event: 9.447 Thread 0x000001f07b602ab0 flushing nmethod 0x000001f007be8590
Event: 9.447 Thread 0x000001f07b602ab0 flushing nmethod 0x000001f007c1f310
Event: 9.447 Thread 0x000001f07b602ab0 flushing nmethod 0x000001f007bc6090
Event: 9.447 Thread 0x000001f07b602ab0 flushing nmethod 0x000001f007bc5c10
Event: 9.447 Thread 0x000001f07b602ab0 flushing nmethod 0x000001f007b58390
Event: 9.447 Thread 0x000001f07b602ab0 flushing nmethod 0x000001f007b34b10
Event: 9.447 Thread 0x000001f07b602ab0 flushing nmethod 0x000001f007b5e390
Event: 9.447 Thread 0x000001f07b602ab0 flushing nmethod 0x000001f007b4bd90
Event: 9.447 Thread 0x000001f07b602ab0 flushing nmethod 0x000001f007b18510
Event: 9.447 Thread 0x000001f07b602ab0 flushing nmethod 0x000001f007b0f810
Event: 9.447 Thread 0x000001f07b602ab0 flushing nmethod 0x000001f007afbb90
Event: 9.447 Thread 0x000001f07b602ab0 flushing nmethod 0x000001f007aed890
Event: 9.447 Thread 0x000001f07b602ab0 flushing nmethod 0x000001f007ad0a10


Dynamic libraries:
0x00007ff7595e0000 - 0x00007ff7595ea000 	C:\Program Files\Android\Android Studio\jbr\bin\java.exe
0x00007ffb02270000 - 0x00007ffb02468000 	C:\Windows\SYSTEM32\ntdll.dll
0x00007ffb00a60000 - 0x00007ffb00b22000 	C:\Windows\System32\KERNEL32.DLL
0x00007ffaffde0000 - 0x00007ffb000d6000 	C:\Windows\System32\KERNELBASE.dll
0x00007ffaffb80000 - 0x00007ffaffc80000 	C:\Windows\System32\ucrtbase.dll
0x00007ffa80980000 - 0x00007ffa8099b000 	C:\Program Files\Android\Android Studio\jbr\bin\VCRUNTIME140.dll
0x00007ffaeab20000 - 0x00007ffaeab38000 	C:\Program Files\Android\Android Studio\jbr\bin\jli.dll
0x00007ffb01cb0000 - 0x00007ffb01e51000 	C:\Windows\System32\USER32.dll
0x00007ffb00190000 - 0x00007ffb001b2000 	C:\Windows\System32\win32u.dll
0x00007ffb01f80000 - 0x00007ffb01fab000 	C:\Windows\System32\GDI32.dll
0x00007ffaffa60000 - 0x00007ffaffb79000 	C:\Windows\System32\gdi32full.dll
0x00007ffb001c0000 - 0x00007ffb0025d000 	C:\Windows\System32\msvcp_win.dll
0x00007ffae8680000 - 0x00007ffae891b000 	C:\Windows\WinSxS\amd64_microsoft.windows.common-controls_6595b64144ccf1df_6.0.19041.6456_none_60b8a6cb71f64256\COMCTL32.dll
0x00007ffb002a0000 - 0x00007ffb0033e000 	C:\Windows\System32\msvcrt.dll
0x00007ffb01fb0000 - 0x00007ffb01fdf000 	C:\Windows\System32\IMM32.DLL
0x00007ffac5660000 - 0x00007ffac566c000 	C:\Program Files\Android\Android Studio\jbr\bin\vcruntime140_1.dll
0x00007ffab1780000 - 0x00007ffab180d000 	C:\Program Files\Android\Android Studio\jbr\bin\msvcp140.dll
0x00007ffa78100000 - 0x00007ffa78d7d000 	C:\Program Files\Android\Android Studio\jbr\bin\server\jvm.dll
0x00007ffb01ab0000 - 0x00007ffb01b61000 	C:\Windows\System32\ADVAPI32.dll
0x00007ffb02190000 - 0x00007ffb0222f000 	C:\Windows\System32\sechost.dll
0x00007ffb01fe0000 - 0x00007ffb02100000 	C:\Windows\System32\RPCRT4.dll
0x00007ffb00260000 - 0x00007ffb00287000 	C:\Windows\System32\bcrypt.dll
0x00007ffb009f0000 - 0x00007ffb00a5b000 	C:\Windows\System32\WS2_32.dll
0x00007ffafee40000 - 0x00007ffafee8b000 	C:\Windows\SYSTEM32\POWRPROF.dll
0x00007ffaef9a0000 - 0x00007ffaef9c7000 	C:\Windows\SYSTEM32\WINMM.dll
0x00007ffaf4a40000 - 0x00007ffaf4a4a000 	C:\Windows\SYSTEM32\VERSION.dll
0x00007ffafed00000 - 0x00007ffafed12000 	C:\Windows\SYSTEM32\UMPDC.dll
0x00007ffafe110000 - 0x00007ffafe122000 	C:\Windows\SYSTEM32\kernel.appcore.dll
0x00007ffa83440000 - 0x00007ffa8344a000 	C:\Program Files\Android\Android Studio\jbr\bin\jimage.dll
0x00007ffafd470000 - 0x00007ffafd671000 	C:\Windows\SYSTEM32\DBGHELP.DLL
0x00007ffae21e0000 - 0x00007ffae2214000 	C:\Windows\SYSTEM32\dbgcore.DLL
0x00007ffaffd50000 - 0x00007ffaffdd2000 	C:\Windows\System32\bcryptPrimitives.dll
0x00007ffaf4fb0000 - 0x00007ffaf4fbe000 	C:\Program Files\Android\Android Studio\jbr\bin\instrument.dll
0x00007ffa7deb0000 - 0x00007ffa7decf000 	C:\Program Files\Android\Android Studio\jbr\bin\java.dll
0x00007ffa7de90000 - 0x00007ffa7dea8000 	C:\Program Files\Android\Android Studio\jbr\bin\zip.dll
0x00007ffb01340000 - 0x00007ffb01ab0000 	C:\Windows\System32\SHELL32.dll
0x00007ffafd950000 - 0x00007ffafe0f5000 	C:\Windows\SYSTEM32\windows.storage.dll
0x00007ffb00b30000 - 0x00007ffb00e84000 	C:\Windows\System32\combase.dll
0x00007ffaff330000 - 0x00007ffaff35b000 	C:\Windows\SYSTEM32\Wldp.dll
0x00007ffb003f0000 - 0x00007ffb004bd000 	C:\Windows\System32\OLEAUT32.dll
0x00007ffb00340000 - 0x00007ffb003ed000 	C:\Windows\System32\SHCORE.dll
0x00007ffb00930000 - 0x00007ffb0098b000 	C:\Windows\System32\shlwapi.dll
0x00007ffaff830000 - 0x00007ffaff854000 	C:\Windows\SYSTEM32\profapi.dll
0x00007ffaf8b10000 - 0x00007ffaf8b20000 	C:\Program Files\Android\Android Studio\jbr\bin\net.dll
0x00007ffafc490000 - 0x00007ffafc59a000 	C:\Windows\SYSTEM32\WINHTTP.dll
0x00007ffaff090000 - 0x00007ffaff0fa000 	C:\Windows\system32\mswsock.dll
0x00007ffaf8af0000 - 0x00007ffaf8b06000 	C:\Program Files\Android\Android Studio\jbr\bin\nio.dll
0x00007ffa81c90000 - 0x00007ffa81ca0000 	C:\Program Files\Android\Android Studio\jbr\bin\verify.dll
0x00007ffae8d80000 - 0x00007ffae8da7000 	C:\Users\user\.gradle\native\c067742578af261105cb4f569cf0c3c89f3d7b1fecec35dd04571415982c5e48\windows-amd64\native-platform.dll
0x00007ffa764b0000 - 0x00007ffa765f4000 	C:\Users\user\.gradle\native\100fb08df4bc3b14c8652ba06237920a3bd2aa13389f12d3474272988ae205f9\windows-amd64\native-platform-file-events.dll
0x00007ffaf8ad0000 - 0x00007ffaf8ad9000 	C:\Program Files\Android\Android Studio\jbr\bin\management.dll
0x00007ffaf8ac0000 - 0x00007ffaf8acb000 	C:\Program Files\Android\Android Studio\jbr\bin\management_ext.dll
0x00007ffb00290000 - 0x00007ffb00298000 	C:\Windows\System32\PSAPI.DLL
0x00007ffaff280000 - 0x00007ffaff298000 	C:\Windows\SYSTEM32\CRYPTSP.dll
0x00007ffafe940000 - 0x00007ffafe978000 	C:\Windows\system32\rsaenh.dll
0x00007ffaff7f0000 - 0x00007ffaff81e000 	C:\Windows\SYSTEM32\USERENV.dll
0x00007ffaff2a0000 - 0x00007ffaff2ac000 	C:\Windows\SYSTEM32\CRYPTBASE.dll
0x00007ffafed20000 - 0x00007ffafed5b000 	C:\Windows\SYSTEM32\IPHLPAPI.DLL
0x00007ffb02100000 - 0x00007ffb02108000 	C:\Windows\System32\NSI.dll
0x00007ffaf8ae0000 - 0x00007ffaf8ae9000 	C:\Program Files\Android\Android Studio\jbr\bin\extnet.dll
0x00007ffae7180000 - 0x00007ffae7187000 	C:\Windows\system32\wshunix.dll

dbghelp: loaded successfully - version: 4.0.5 - missing functions: none
symbol engine: initialized successfully - sym options: 0x614 - pdb path: .;C:\Program Files\Android\Android Studio\jbr\bin;C:\Windows\SYSTEM32;C:\Windows\WinSxS\amd64_microsoft.windows.common-controls_6595b64144ccf1df_6.0.19041.6456_none_60b8a6cb71f64256;C:\Program Files\Android\Android Studio\jbr\bin\server;C:\Users\user\.gradle\native\c067742578af261105cb4f569cf0c3c89f3d7b1fecec35dd04571415982c5e48\windows-amd64;C:\Users\user\.gradle\native\100fb08df4bc3b14c8652ba06237920a3bd2aa13389f12d3474272988ae205f9\windows-amd64

VM Arguments:
jvm_args: --add-opens=java.base/java.lang=ALL-UNNAMED --add-opens=java.base/java.lang.invoke=ALL-UNNAMED --add-opens=java.base/java.util=ALL-UNNAMED --add-opens=java.prefs/java.util.prefs=ALL-UNNAMED --add-exports=jdk.compiler/com.sun.tools.javac.api=ALL-UNNAMED --add-exports=jdk.compiler/com.sun.tools.javac.util=ALL-UNNAMED --add-opens=java.base/java.util=ALL-UNNAMED --add-opens=java.prefs/java.util.prefs=ALL-UNNAMED --add-opens=java.base/java.nio.charset=ALL-UNNAMED --add-opens=java.base/java.net=ALL-UNNAMED --add-opens=java.base/java.util.concurrent.atomic=ALL-UNNAMED --add-opens=java.xml/javax.xml.namespace=ALL-UNNAMED -Xmx2048m -Dfile.encoding=UTF-8 -Duser.country=IN -Duser.language=en -Duser.variant -javaagent:C:\Users\user\.gradle\wrapper\dists\gradle-8.11.1-bin\bpt9gzteqjrbo1mjrsomdt32c\gradle-8.11.1\lib\agents\gradle-instrumentation-agent-8.11.1.jar 
java_command: org.gradle.launcher.daemon.bootstrap.GradleDaemon 8.11.1
java_class_path (initial): C:\Users\user\.gradle\wrapper\dists\gradle-8.11.1-bin\bpt9gzteqjrbo1mjrsomdt32c\gradle-8.11.1\lib\gradle-daemon-main-8.11.1.jar
Launcher Type: SUN_STANDARD

[Global flags]
     intx CICompilerCount                          = 4                                         {product} {ergonomic}
     uint ConcGCThreads                            = 2                                         {product} {ergonomic}
     uint G1ConcRefinementThreads                  = 8                                         {product} {ergonomic}
   size_t G1HeapRegionSize                         = 1048576                                   {product} {ergonomic}
    uintx GCDrainStackTargetSize                   = 64                                        {product} {ergonomic}
   size_t InitialHeapSize                          = 62914560                                  {product} {ergonomic}
   size_t MarkStackSize                            = 4194304                                   {product} {ergonomic}
   size_t MaxHeapSize                              = 2147483648                                {product} {command line}
   size_t MaxNewSize                               = 1287651328                                {product} {ergonomic}
   size_t MinHeapDeltaBytes                        = 1048576                                   {product} {ergonomic}
   size_t MinHeapSize                              = 8388608                                   {product} {ergonomic}
    uintx NonNMethodCodeHeapSize                   = 5839372                                {pd product} {ergonomic}
    uintx NonProfiledCodeHeapSize                  = 122909434                              {pd product} {ergonomic}
    uintx ProfiledCodeHeapSize                     = 122909434                              {pd product} {ergonomic}
    uintx ReservedCodeCacheSize                    = 251658240                              {pd product} {ergonomic}
     bool SegmentedCodeCache                       = true                                      {product} {ergonomic}
   size_t SoftMaxHeapSize                          = 2147483648                             {manageable} {ergonomic}
     bool UseCompressedOops                        = true                           {product lp64_product} {ergonomic}
     bool UseG1GC                                  = true                                      {product} {ergonomic}
     bool UseLargePagesIndividualAllocation        = false                                  {pd product} {ergonomic}

Logging:
Log output configuration:
 #0: stdout all=warning uptime,level,tags foldmultilines=false
 #1: stderr all=off uptime,level,tags foldmultilines=false

Environment Variables:
PATH=C:\Program Files\Common Files\Oracle\Java\javapath;C:\Windows\system32;C:\Windows;C:\Windows\System32\Wbem;C:\Windows\System32\WindowsPowerShell\v1.0\;C:\Windows\System32\OpenSSH\;C:\Program Files\Java\jdk-21\bin;C:\Program Files\MySQL\MySQL Server 8.0\bin;C:\Program Files\Git\cmd;C:\Program Files (x86)\GitExtensions\;C:\Program Files\dotnet\;C:\Program Files\nodejs\;C:\ProgramData\chocolatey\bin;C:\Program Files\apache-maven-3.9.9;C:\Program Files\MAVEN\apache-maven-3.9.9\bin;C:\Program Files\MySQL\MySQL Shell 8.0\bin\;C:\Users\user\AppData\Local\Microsoft\WindowsApps;C:\Users\user\AppData\Local\Programs\Microsoft VS Code\bin;C:\Users\user\AppData\Roaming\npm;C:\Platform-tools\platform-tools;
USERNAME=user
OS=Windows_NT
PROCESSOR_IDENTIFIER=Intel64 Family 6 Model 140 Stepping 1, GenuineIntel
TMP=C:\Users\user\AppData\Local\Temp
TEMP=C:\Users\user\AppData\Local\Temp




Periodic native trim disabled

JNI global refs:
JNI global refs: 26, weak refs: 2

JNI global refs memory usage: 835, weak refs: 833

Process memory usage:
Resident Set Size: 194352K (4% of 3910440K total physical memory with 6232K free physical memory)

OOME stack traces (most recent first):
Classloader memory used:
Loader org.gradle.internal.classloader.VisitableURLClassLoader                         : 32396K
Loader bootstrap                                                                       : 22595K
Loader org.gradle.initialization.MixInLegacyTypesClassLoader                           : 6865K
Loader org.gradle.internal.classloader.VisitableURLClassLoader                         : 836K
Loader org.gradle.internal.classloader.VisitableURLClassLoader$InstrumentingVisitableURLClassLoader: 622K
Loader jdk.internal.loader.ClassLoaders$PlatformClassLoader                            : 516K
Loader jdk.internal.loader.ClassLoaders$AppClassLoader                                 : 234K
Loader jdk.internal.reflect.DelegatingClassLoader                                      : 181K
Loader org.gradle.groovy.scripts.internal.DefaultScriptCompilationHandler$ScriptClassLoader: 89112B
Loader org.codehaus.groovy.runtime.callsite.CallSiteClassLoader                        : 48784B

Classes loaded by more than one classloader:
Class org.gradle.api.GradleException                                                  : loaded 3 times (x 79B)
Class org.gradle.internal.classloader.ClassLoaderHierarchy                            : loaded 2 times (x 67B)
Class org.gradle.api.internal.classpath.ManifestUtil                                  : loaded 2 times (x 68B)
Class org.jetbrains.plugins.gradle.model.GradleExtensions                             : loaded 2 times (x 67B)
Class org.jetbrains.plugins.gradle.model.AnnotationProcessingModel                    : loaded 2 times (x 67B)
Class org.gradle.internal.operations.MultipleBuildOperationFailures                   : loaded 2 times (x 92B)
Class org.jetbrains.kotlin.idea.gradleTooling.model.noarg.NoArgModel                  : loaded 2 times (x 67B)
Class org.gradle.internal.classloader.DefaultClassLoaderFactory                       : loaded 2 times (x 79B)
Class kotlin.collections.AbstractList$Companion                                       : loaded 2 times (x 68B)
Class org.gradle.internal.classloader.ClassLoaderVisitor                              : loaded 2 times (x 73B)
Class org.gradle.api.internal.classpath.EffectiveClassPath                            : loaded 2 times (x 87B)
Class org.gradle.tooling.internal.gradle.DefaultProjectIdentifier                     : loaded 2 times (x 83B)
Class org.jetbrains.kotlin.idea.gradleTooling.model.allopen.AllOpenModel              : loaded 2 times (x 67B)
Class org.gradle.api.internal.DefaultClassPathProvider                                : loaded 2 times (x 73B)
Class [Lorg.gradle.api.internal.ClassPathProvider;                                    : loaded 2 times (x 66B)
Class org.gradle.api.internal.ClassPathProvider                                       : loaded 2 times (x 67B)
Class org.gradle.internal.service.UnknownServiceException                             : loaded 2 times (x 80B)
Class org.jetbrains.kotlin.idea.gradleTooling.KotlinDslScriptAdditionalTask           : loaded 2 times (x 67B)
Class org.gradle.internal.classpath.TransformedClassPath                              : loaded 2 times (x 93B)
Class org.gradle.internal.classloader.InstrumentingClassLoader                        : loaded 2 times (x 67B)
Class kotlin.enums.EnumEntriesList                                                    : loaded 2 times (x 220B)
Class org.jetbrains.plugins.gradle.model.IntelliJSettings                             : loaded 2 times (x 67B)
Class org.jetbrains.kotlin.idea.gradleTooling.KotlinSourceSetContainer                : loaded 2 times (x 67B)
Class org.gradle.internal.service.ServiceLocator                                      : loaded 2 times (x 67B)
Class org.jetbrains.kotlin.android.synthetic.idea.AndroidExtensionsGradleModel        : loaded 2 times (x 67B)
Class org.gradle.tooling.model.UnsupportedMethodException                             : loaded 2 times (x 79B)
Class org.gradle.internal.InternalTransformer                                         : loaded 2 times (x 67B)
Class org.gradle.internal.time.DefaultTimer                                           : loaded 2 times (x 77B)
Class org.gradle.internal.classloader.ClasspathUtil$1                                 : loaded 2 times (x 73B)
Class org.gradle.api.internal.classpath.DefaultModuleRegistry$DefaultModule           : loaded 2 times (x 83B)
Class org.jetbrains.kotlin.idea.gradleTooling.model.lombok.LombokModel                : loaded 2 times (x 67B)
Class org.gradle.internal.time.DefaultCountdownTimer                                  : loaded 2 times (x 85B)
Class org.gradle.tooling.internal.gradle.DefaultBuildIdentifier                       : loaded 2 times (x 76B)
Class kotlin.Function                                                                 : loaded 2 times (x 67B)
Class org.gradle.api.internal.classpath.Module                                        : loaded 2 times (x 67B)
Class org.gradle.api.internal.classpath.UnknownModuleException                        : loaded 2 times (x 79B)
Class com.intellij.openapi.externalSystem.model.project.dependencies.ProjectDependencies: loaded 2 times (x 67B)
Class org.gradle.tooling.internal.gradle.GradleProjectIdentity                        : loaded 2 times (x 67B)
Class org.gradle.api.internal.DefaultClassPathRegistry                                : loaded 2 times (x 73B)
Class org.gradle.api.internal.ClassPathRegistry                                       : loaded 2 times (x 67B)
Class org.gradle.internal.classpath.DefaultClassPath$ImmutableUniqueList              : loaded 2 times (x 196B)
Class Settings_gradle$1                                                               : loaded 2 times (x 71B)
Class Program                                                                         : loaded 2 times (x 69B)
Class org.gradle.internal.classpath.ClassPath                                         : loaded 2 times (x 67B)
Class org.gradle.api.UncheckedIOException                                             : loaded 2 times (x 79B)
Class org.jetbrains.kotlin.idea.gradleTooling.KotlinGradleModel                       : loaded 2 times (x 67B)
Class org.gradle.tooling.model.Model                                                  : loaded 2 times (x 67B)
Class kotlin.UninitializedPropertyAccessException                                     : loaded 2 times (x 79B)
Class org.jetbrains.plugins.gradle.model.IntelliJProjectSettings                      : loaded 2 times (x 67B)
Class org.jetbrains.kotlin.idea.gradleTooling.model.annotation.AnnotationBasedPluginModel: loaded 2 times (x 67B)
Class org.gradle.internal.installation.GradleInstallation$1                           : loaded 2 times (x 72B)
Class org.gradle.api.internal.classpath.ModuleRegistry                                : loaded 2 times (x 67B)
Class org.jetbrains.plugins.gradle.model.VersionCatalogsModel                         : loaded 2 times (x 67B)
Class org.gradle.api.internal.classpath.DefaultModuleRegistry                         : loaded 2 times (x 83B)
Class org.gradle.internal.time.MonotonicClock                                         : loaded 2 times (x 74B)
Class org.gradle.internal.service.ServiceLookupException                              : loaded 2 times (x 79B)
Class org.gradle.internal.classloader.ClassLoaderFactory                              : loaded 2 times (x 67B)
Class org.gradle.internal.service.CachingServiceLocator                               : loaded 2 times (x 79B)
Class org.jetbrains.plugins.gradle.model.RepositoryModels                             : loaded 2 times (x 67B)
Class org.gradle.internal.time.TimeSource                                             : loaded 2 times (x 67B)
Class org.gradle.tooling.internal.gradle.GradleBuildIdentity                          : loaded 2 times (x 67B)
Class kotlin.enums.EnumEntries                                                        : loaded 2 times (x 67B)
Class org.gradle.internal.exceptions.ResolutionProvider                               : loaded 2 times (x 67B)
Class org.gradle.tooling.model.ProjectIdentifier                                      : loaded 2 times (x 67B)
Class org.gradle.internal.classloader.ClasspathUtil                                   : loaded 2 times (x 68B)
Class org.gradle.internal.time.TimeSource$1                                           : loaded 2 times (x 74B)
Class kotlin.jvm.internal.DefaultConstructorMarker                                    : loaded 2 times (x 68B)
Class org.gradle.api.specs.Spec                                                       : loaded 2 times (x 67B)
Class org.gradle.internal.time.Clock                                                  : loaded 2 times (x 67B)
Class org.jetbrains.plugins.gradle.model.jar.JarTaskManifestConfiguration             : loaded 2 times (x 67B)
Class kotlin.collections.AbstractList                                                 : loaded 2 times (x 194B)
Class kotlin.collections.AbstractCollection                                           : loaded 2 times (x 114B)
Class org.gradle.internal.classloader.VisitableURLClassLoader$InstrumentingVisitableURLClassLoader: loaded 2 times (x 120B)
Class org.gradle.internal.classloader.VisitableURLClassLoader$Spec                    : loaded 2 times (x 71B)
Class org.gradle.internal.classpath.DefaultClassPath                                  : loaded 2 times (x 87B)
Class org.gradle.internal.classloader.ClassLoaderSpec                                 : loaded 2 times (x 68B)
Class Settings_gradle$1$1                                                             : loaded 2 times (x 71B)
Class sync_studio_tooling351_39er839s1xyvueg8tbg51xlm                                 : loaded 2 times (x 176B)
Class org.gradle.internal.classloader.VisitableURLClassLoader                         : loaded 2 times (x 114B)
Class Settings_gradle                                                                 : loaded 2 times (x 125B)
Class org.gradle.internal.Cast                                                        : loaded 2 times (x 68B)
Class org.gradle.api.Action                                                           : loaded 2 times (x 67B)
Class kotlin.jvm.functions.Function1                                                  : loaded 2 times (x 67B)
Class org.gradle.internal.classpath.DefaultClassPath$ImmutableUniqueList$Builder      : loaded 2 times (x 72B)
Class org.jetbrains.kotlin.idea.gradleTooling.model.samWithReceiver.SamWithReceiverModel: loaded 2 times (x 67B)
Class org.gradle.internal.classloader.FilteringClassLoader                            : loaded 2 times (x 102B)
Class org.gradle.internal.exceptions.NonGradleCauseExceptionsHolder                   : loaded 2 times (x 67B)
Class org.jetbrains.kotlin.idea.gradleTooling.model.assignment.AssignmentModel        : loaded 2 times (x 67B)
Class kotlin.enums.EnumEntriesKt                                                      : loaded 2 times (x 68B)
Class org.gradle.internal.IoActions                                                   : loaded 2 times (x 68B)
Class org.gradle.internal.classloader.SystemClassLoaderSpec                           : loaded 2 times (x 68B)
Class org.gradle.internal.exceptions.MultiCauseException                              : loaded 2 times (x 67B)
Class org.gradle.internal.time.CountdownTimer                                         : loaded 2 times (x 67B)
Class kotlin.jvm.internal.Intrinsics                                                  : loaded 2 times (x 68B)
Class org.jetbrains.kotlin.idea.gradleTooling.model.parcelize.ParcelizeGradleModel    : loaded 2 times (x 67B)
Class org.gradle.tooling.model.ProjectModel                                           : loaded 2 times (x 67B)
Class ijInit1_bf6mh7a1x9afcdw40dx5hzd0g                                               : loaded 2 times (x 176B)
Class kotlin.KotlinNullPointerException                                               : loaded 2 times (x 80B)
Class org.jetbrains.plugins.gradle.model.tests.ExternalTestsModel                     : loaded 2 times (x 67B)
Class org.gradle.internal.exceptions.DefaultMultiCauseException                       : loaded 2 times (x 92B)
Class org.gradle.internal.time.Time                                                   : loaded 2 times (x 68B)
Class org.jetbrains.plugins.gradle.model.DependencyAccessorsModel                     : loaded 2 times (x 67B)
Class org.gradle.api.internal.classpath.GlobalCacheRootsProvider                      : loaded 2 times (x 67B)
Class org.jetbrains.kotlin.idea.gradleTooling.KotlinMPPGradleModel                    : loaded 2 times (x 67B)
Class org.gradle.tooling.model.BuildIdentifier                                        : loaded 2 times (x 67B)
Class org.jetbrains.kotlin.idea.gradleTooling.PrepareKotlinIdeImportTaskModel         : loaded 2 times (x 67B)
Class org.gradle.internal.time.Timer                                                  : loaded 2 times (x 67B)
Class kotlin.jvm.internal.markers.KMappedMarker                                       : loaded 2 times (x 67B)
Class org.gradle.internal.installation.CurrentGradleInstallationLocator               : loaded 2 times (x 68B)
Class org.gradle.internal.service.DefaultServiceLocator                               : loaded 2 times (x 80B)
Class org.gradle.util.GradleVersion                                                   : loaded 2 times (x 80B)
Class org.gradle.internal.installation.CurrentGradleInstallation                      : loaded 2 times (x 70B)
Class org.gradle.util.internal.GUtil                                                  : loaded 2 times (x 68B)
Class org.gradle.internal.installation.GradleInstallation                             : loaded 2 times (x 72B)

---------------  S Y S T E M  ---------------

OS:
 Windows 10 , 64 bit Build 19041 (10.0.19041.5915)
OS uptime: 0 days 6:30 hours

CPU: total 8 (initial active 8) (4 cores per cpu, 2 threads per core) family 6 model 140 stepping 1 microcode 0xbc, cx8, cmov, fxsr, ht, mmx, 3dnowpref, sse, sse2, sse3, ssse3, sse4.1, sse4.2, popcnt, lzcnt, tsc, tscinvbit, avx, avx2, aes, erms, clmul, bmi1, bmi2, adx, avx512f, avx512dq, avx512cd, avx512bw, avx512vl, sha, fma, vzeroupper, avx512_vpopcntdq, avx512_vpclmulqdq, avx512_vaes, avx512_vnni, clflush, clflushopt, clwb, avx512_vbmi2, avx512_vbmi, rdtscp, rdpid, fsrm, gfni, avx512_bitalg, f16c, pku, cet_ibt, cet_ss, avx512_ifma
Processor Information for all 8 processors :
  Max Mhz: 2419, Current Mhz: 2419, Mhz Limit: 2419

Memory: 4k page, system-wide physical 3818M (8M free)
TotalPageFile size 15594M (AvailPageFile size 0M)
current process WorkingSet (physical memory assigned to process): 174M, peak: 194M
current process commit charge ("private bytes"): 357M, peak: 358M

vm_info: OpenJDK 64-Bit Server VM (21.0.3+-12282718-b509.11) for windows-amd64 JRE (21.0.3+-12282718-b509.11), built on 2024-08-27T17:34:15Z by "builder" with MS VC++ 16.10 / 16.11 (VS2019)

END.
