#
# There is insufficient memory for the Java Runtime Environment to continue.
# Native memory allocation (mmap) failed to map 91226112 bytes. Error detail: G1 virtual space
# Possible reasons:
#   The system is out of physical RAM or swap space
#   This process is running with CompressedOops enabled, and the Java Heap may be blocking the growth of the native heap
# Possible solutions:
#   Reduce memory load on the system
#   Increase physical memory or swap space
#   Check if swap backing store is full
#   Decrease Java heap size (-Xmx/-Xms)
#   Decrease number of Java threads
#   Decrease Java thread stack sizes (-Xss)
#   Set larger code cache with -XX:ReservedCodeCacheSize=
#   JVM is running with Unscaled Compressed Oops mode in which the Java heap is
#     placed in the first 4GB address space. The Java Heap base address is the
#     maximum limit for the native heap growth. Please use -XX:HeapBaseMinAddress
#     to set the Java Heap base and to place the Java Heap above 4GB virtual address.
# This output file may be truncated or incomplete.
#
#  Out of Memory Error (os_windows.cpp:3815), pid=13036, tid=952
#
# JRE version: OpenJDK Runtime Environment (21.0.3) (build 21.0.3+-12282718-b509.11)
# Java VM: OpenJDK 64-Bit Server VM (21.0.3+-12282718-b509.11, mixed mode, tiered, compressed oops, compressed class ptrs, g1 gc, windows-amd64)
# No core dump will be written. Minidumps are not enabled by default on client versions of Windows
#

---------------  S U M M A R Y ------------

Command Line: --add-opens=java.base/java.lang=ALL-UNNAMED --add-opens=java.base/java.lang.invoke=ALL-UNNAMED --add-opens=java.base/java.util=ALL-UNNAMED --add-opens=java.prefs/java.util.prefs=ALL-UNNAMED --add-exports=jdk.compiler/com.sun.tools.javac.api=ALL-UNNAMED --add-exports=jdk.compiler/com.sun.tools.javac.util=ALL-UNNAMED --add-opens=java.base/java.util=ALL-UNNAMED --add-opens=java.prefs/java.util.prefs=ALL-UNNAMED --add-opens=java.base/java.nio.charset=ALL-UNNAMED --add-opens=java.base/java.net=ALL-UNNAMED --add-opens=java.base/java.util.concurrent.atomic=ALL-UNNAMED --add-opens=java.xml/javax.xml.namespace=ALL-UNNAMED -Xmx2048m -Dfile.encoding=UTF-8 -Duser.country=IN -Duser.language=en -Duser.variant -javaagent:C:\Users\user\.gradle\wrapper\dists\gradle-8.11.1-bin\bpt9gzteqjrbo1mjrsomdt32c\gradle-8.11.1\lib\agents\gradle-instrumentation-agent-8.11.1.jar org.gradle.launcher.daemon.bootstrap.GradleDaemon 8.11.1

Host: 11th Gen Intel(R) Core(TM) i5-1135G7 @ 2.40GHz, 8 cores, 3G,  Windows 10 , 64 bit Build 19041 (10.0.19041.5915)
Time: Fri Feb 20 15:23:38 2026 India Standard Time elapsed time: 17.716014 seconds (0d 0h 0m 17s)

---------------  T H R E A D  ---------------

Current thread (0x00000235026192a0):  VMThread "VM Thread"          [id=952, stack(0x00000049a6300000,0x00000049a6400000) (1024K)]

Stack: [0x00000049a6300000,0x00000049a6400000]
Native frames: (J=compiled Java code, j=interpreted, Vv=VM code, C=native code)
V  [jvm.dll+0x6cafb9]
V  [jvm.dll+0x858523]
V  [jvm.dll+0x85aa7e]
V  [jvm.dll+0x85b163]
V  [jvm.dll+0x27d356]
V  [jvm.dll+0x6c7865]
V  [jvm.dll+0x6bbd3a]
V  [jvm.dll+0x35199b]
V  [jvm.dll+0x3595d6]
V  [jvm.dll+0x3aa826]
V  [jvm.dll+0x3aaaf8]
V  [jvm.dll+0x3240bc]
V  [jvm.dll+0x324147]
V  [jvm.dll+0x36a00c]
V  [jvm.dll+0x36879e]
V  [jvm.dll+0x3237c1]
V  [jvm.dll+0x367eb0]
V  [jvm.dll+0x860ac8]
V  [jvm.dll+0x861bc4]
V  [jvm.dll+0x862100]
V  [jvm.dll+0x862393]
V  [jvm.dll+0x800d78]
V  [jvm.dll+0x6c98cd]
C  [ucrtbase.dll+0x21bb2]
C  [KERNEL32.DLL+0x17374]
C  [ntdll.dll+0x4cc91]

VM_Operation (0x00000049a80fdc10): G1CollectForAllocation, mode: safepoint, requested by thread 0x0000023508d68e60


---------------  P R O C E S S  ---------------

Threads class SMR info:
_java_thread_list=0x000002350af71800, length=79, elements={
0x0000023568f10700, 0x00000235028cc940, 0x000002350264c1b0, 0x00000235028b2f10,
0x00000235028b3970, 0x00000235028b43d0, 0x00000235028b97f0, 0x00000235028ccfb0,
0x00000235028cda50, 0x0000023502a53df0, 0x0000023502c886b0, 0x0000023508a408b0,
0x0000023507eea550, 0x0000023508c29c90, 0x0000023508c97420, 0x0000023508c97a90,
0x0000023508d0dd00, 0x0000023508d66070, 0x0000023508d66d90, 0x0000023508d67420,
0x0000023508d66700, 0x0000023508d68e60, 0x0000023508d694f0, 0x0000023508d687d0,
0x0000023508d68140, 0x0000023509e9a5c0, 0x0000023509e9ac50, 0x0000023509e977d0,
0x0000023509e99f30, 0x0000023509e9b970, 0x0000023509e96ab0, 0x0000023509e95d90,
0x0000023509e97140, 0x0000023509e97e60, 0x0000023509e984f0, 0x0000023509e96420,
0x0000023509e9b2e0, 0x0000023509e9c000, 0x0000023509e95070, 0x0000023509e98b80,
0x0000023509e99210, 0x0000023509e998a0, 0x000002350a8235f0, 0x000002350a822f60,
0x000002350a824310, 0x000002350a825030, 0x000002350a823c80, 0x000002350a8228d0,
0x000002350a822240, 0x000002350a8249a0, 0x000002350a8256c0, 0x000002350b903a50,
0x000002350b9033c0, 0x000002350b900c60, 0x000002350b905b20, 0x000002350b902d30,
0x000002350b9061b0, 0x000002350b8fff40, 0x000002350b906ed0, 0x000002350b9012f0,
0x000002350b904770, 0x000002350b9005d0, 0x000002350b902010, 0x000002350b901980,
0x000002350b9026a0, 0x000002350b9040e0, 0x000002350b904e00, 0x000002350b905490,
0x000002350a6ceff0, 0x000002350a6c86f0, 0x000002350a6cae50, 0x000002350a6c8060,
0x000002350a6cf680, 0x000002350a6c8d80, 0x000002350a6cdc40, 0x000002350a6c9410,
0x000002350a6c9aa0, 0x000002350a6cc200, 0x000002350a6ccf20
}

Java Threads: ( => current thread )
  0x0000023568f10700 JavaThread "main"                              [_thread_blocked, id=6756, stack(0x00000049a5c00000,0x00000049a5d00000) (1024K)]
  0x00000235028cc940 JavaThread "Reference Handler"          daemon [_thread_blocked, id=3620, stack(0x00000049a6400000,0x00000049a6500000) (1024K)]
  0x000002350264c1b0 JavaThread "Finalizer"                  daemon [_thread_blocked, id=7324, stack(0x00000049a6500000,0x00000049a6600000) (1024K)]
  0x00000235028b2f10 JavaThread "Signal Dispatcher"          daemon [_thread_blocked, id=10612, stack(0x00000049a6600000,0x00000049a6700000) (1024K)]
  0x00000235028b3970 JavaThread "Attach Listener"            daemon [_thread_blocked, id=9456, stack(0x00000049a6700000,0x00000049a6800000) (1024K)]
  0x00000235028b43d0 JavaThread "Service Thread"             daemon [_thread_blocked, id=14052, stack(0x00000049a6800000,0x00000049a6900000) (1024K)]
  0x00000235028b97f0 JavaThread "Monitor Deflation Thread"   daemon [_thread_blocked, id=15216, stack(0x00000049a6900000,0x00000049a6a00000) (1024K)]
  0x00000235028ccfb0 JavaThread "C2 CompilerThread0"         daemon [_thread_blocked, id=7724, stack(0x00000049a6a00000,0x00000049a6b00000) (1024K)]
  0x00000235028cda50 JavaThread "C1 CompilerThread0"         daemon [_thread_blocked, id=1400, stack(0x00000049a6b00000,0x00000049a6c00000) (1024K)]
  0x0000023502a53df0 JavaThread "Common-Cleaner"             daemon [_thread_blocked, id=1404, stack(0x00000049a6c00000,0x00000049a6d00000) (1024K)]
  0x0000023502c886b0 JavaThread "Notification Thread"        daemon [_thread_blocked, id=4504, stack(0x00000049a6d00000,0x00000049a6e00000) (1024K)]
  0x0000023508a408b0 JavaThread "Daemon health stats"               [_thread_blocked, id=9648, stack(0x00000049a7200000,0x00000049a7300000) (1024K)]
  0x0000023507eea550 JavaThread "Incoming local TCP Connector on port 60577"        [_thread_in_native, id=12368, stack(0x00000049a7600000,0x00000049a7700000) (1024K)]
  0x0000023508c29c90 JavaThread "Daemon periodic checks"            [_thread_blocked, id=3712, stack(0x00000049a7700000,0x00000049a7800000) (1024K)]
  0x0000023508c97420 JavaThread "Daemon"                            [_thread_blocked, id=14872, stack(0x00000049a7800000,0x00000049a7900000) (1024K)]
  0x0000023508c97a90 JavaThread "Handler for socket connection from /127.0.0.1:60577 to /127.0.0.1:60578"        [_thread_in_native, id=9752, stack(0x00000049a7900000,0x00000049a7a00000) (1024K)]
  0x0000023508d0dd00 JavaThread "Cancel handler"                    [_thread_blocked, id=13916, stack(0x00000049a7a00000,0x00000049a7b00000) (1024K)]
  0x0000023508d66070 JavaThread "Daemon worker"                     [_thread_blocked, id=7084, stack(0x00000049a7b00000,0x00000049a7c00000) (1024K)]
  0x0000023508d66d90 JavaThread "Asynchronous log dispatcher for DefaultDaemonConnection: socket connection from /127.0.0.1:60577 to /127.0.0.1:60578"        [_thread_blocked, id=9124, stack(0x00000049a7c00000,0x00000049a7d00000) (1024K)]
  0x0000023508d67420 JavaThread "Stdin handler"                     [_thread_blocked, id=2876, stack(0x00000049a7d00000,0x00000049a7e00000) (1024K)]
  0x0000023508d66700 JavaThread "Daemon client event forwarder"        [_thread_blocked, id=8812, stack(0x00000049a7e00000,0x00000049a7f00000) (1024K)]
  0x0000023508d68e60 JavaThread "Cache worker for journal cache (C:\Users\user\.gradle\caches\journal-1)"        [_thread_blocked, id=11620, stack(0x00000049a8000000,0x00000049a8100000) (1024K)]
  0x0000023508d694f0 JavaThread "File lock request listener"        [_thread_in_native, id=9484, stack(0x00000049a8100000,0x00000049a8200000) (1024K)]
  0x0000023508d687d0 JavaThread "Cache worker for file hash cache (C:\Users\user\.gradle\caches\8.11.1\fileHashes)"        [_thread_blocked, id=11092, stack(0x00000049a8200000,0x00000049a8300000) (1024K)]
  0x0000023508d68140 JavaThread "Cache worker for file content cache (C:\Users\user\.gradle\caches\8.11.1\fileContent)"        [_thread_blocked, id=7224, stack(0x00000049a8300000,0x00000049a8400000) (1024K)]
  0x0000023509e9a5c0 JavaThread "Cache worker for file hash cache (C:\Users\user\AndroidStudioProjects\ImageApp\.gradle\8.11.1\fileHashes)"        [_thread_blocked, id=5332, stack(0x00000049a8400000,0x00000049a8500000) (1024K)]
  0x0000023509e9ac50 JavaThread "Cache worker for Build Output Cleanup Cache (C:\Users\user\AndroidStudioProjects\ImageApp\.gradle\buildOutputCleanup)"        [_thread_blocked, id=5768, stack(0x00000049a8500000,0x00000049a8600000) (1024K)]
  0x0000023509e977d0 JavaThread "File watcher server"        daemon [_thread_in_native, id=8996, stack(0x00000049a8600000,0x00000049a8700000) (1024K)]
  0x0000023509e99f30 JavaThread "File watcher consumer"      daemon [_thread_blocked, id=3032, stack(0x00000049a8700000,0x00000049a8800000) (1024K)]
  0x0000023509e9b970 JavaThread "jar transforms"                    [_thread_blocked, id=4636, stack(0x00000049a8800000,0x00000049a8900000) (1024K)]
  0x0000023509e96ab0 JavaThread "jar transforms Thread 2"           [_thread_blocked, id=8832, stack(0x00000049a8900000,0x00000049a8a00000) (1024K)]
  0x0000023509e95d90 JavaThread "jar transforms Thread 3"           [_thread_blocked, id=14672, stack(0x00000049a8a00000,0x00000049a8b00000) (1024K)]
  0x0000023509e97140 JavaThread "jar transforms Thread 4"           [_thread_blocked, id=12744, stack(0x00000049a8b00000,0x00000049a8c00000) (1024K)]
  0x0000023509e97e60 JavaThread "jar transforms Thread 5"           [_thread_blocked, id=9996, stack(0x00000049a8c00000,0x00000049a8d00000) (1024K)]
  0x0000023509e984f0 JavaThread "jar transforms Thread 6"           [_thread_blocked, id=6340, stack(0x00000049a8d00000,0x00000049a8e00000) (1024K)]
  0x0000023509e96420 JavaThread "jar transforms Thread 7"           [_thread_blocked, id=13060, stack(0x00000049a8e00000,0x00000049a8f00000) (1024K)]
  0x0000023509e9b2e0 JavaThread "jar transforms Thread 8"           [_thread_blocked, id=1296, stack(0x00000049a8f00000,0x00000049a9000000) (1024K)]
  0x0000023509e9c000 JavaThread "Cache worker for checksums cache (C:\Users\user\AndroidStudioProjects\ImageApp\.gradle\8.11.1\checksums)"        [_thread_blocked, id=13720, stack(0x00000049a9000000,0x00000049a9100000) (1024K)]
  0x0000023509e95070 JavaThread "Cache worker for cache directory md-rule (C:\Users\user\.gradle\caches\8.11.1\md-rule)"        [_thread_blocked, id=11112, stack(0x00000049a9100000,0x00000049a9200000) (1024K)]
  0x0000023509e98b80 JavaThread "Cache worker for cache directory md-supplier (C:\Users\user\.gradle\caches\8.11.1\md-supplier)"        [_thread_blocked, id=4772, stack(0x00000049a9200000,0x00000049a9300000) (1024K)]
  0x0000023509e99210 JavaThread "Unconstrained build operations"        [_thread_blocked, id=1872, stack(0x00000049a9300000,0x00000049a9400000) (1024K)]
  0x0000023509e998a0 JavaThread "Unconstrained build operations Thread 2"        [_thread_blocked, id=15488, stack(0x00000049a9400000,0x00000049a9500000) (1024K)]
  0x000002350a8235f0 JavaThread "Unconstrained build operations Thread 3"        [_thread_blocked, id=2484, stack(0x00000049a9500000,0x00000049a9600000) (1024K)]
  0x000002350a822f60 JavaThread "Unconstrained build operations Thread 4"        [_thread_blocked, id=488, stack(0x00000049a9600000,0x00000049a9700000) (1024K)]
  0x000002350a824310 JavaThread "Unconstrained build operations Thread 5"        [_thread_blocked, id=392, stack(0x00000049a9700000,0x00000049a9800000) (1024K)]
  0x000002350a825030 JavaThread "Unconstrained build operations Thread 6"        [_thread_blocked, id=5848, stack(0x00000049a9800000,0x00000049a9900000) (1024K)]
  0x000002350a823c80 JavaThread "Unconstrained build operations Thread 7"        [_thread_blocked, id=11848, stack(0x00000049a9900000,0x00000049a9a00000) (1024K)]
  0x000002350a8228d0 JavaThread "Unconstrained build operations Thread 8"        [_thread_blocked, id=12388, stack(0x00000049a9a00000,0x00000049a9b00000) (1024K)]
  0x000002350a822240 JavaThread "Unconstrained build operations Thread 9"        [_thread_blocked, id=12968, stack(0x00000049a9b00000,0x00000049a9c00000) (1024K)]
  0x000002350a8249a0 JavaThread "Unconstrained build operations Thread 10"        [_thread_blocked, id=3164, stack(0x00000049a9c00000,0x00000049a9d00000) (1024K)]
  0x000002350a8256c0 JavaThread "Unconstrained build operations Thread 11"        [_thread_blocked, id=15892, stack(0x00000049a9d00000,0x00000049a9e00000) (1024K)]
  0x000002350b903a50 JavaThread "Unconstrained build operations Thread 12"        [_thread_blocked, id=3956, stack(0x00000049a9e00000,0x00000049a9f00000) (1024K)]
  0x000002350b9033c0 JavaThread "Unconstrained build operations Thread 13"        [_thread_blocked, id=600, stack(0x00000049a9f00000,0x00000049aa000000) (1024K)]
  0x000002350b900c60 JavaThread "Unconstrained build operations Thread 14"        [_thread_blocked, id=11516, stack(0x00000049aa000000,0x00000049aa100000) (1024K)]
  0x000002350b905b20 JavaThread "Unconstrained build operations Thread 15"        [_thread_blocked, id=888, stack(0x00000049aa100000,0x00000049aa200000) (1024K)]
  0x000002350b902d30 JavaThread "Unconstrained build operations Thread 16"        [_thread_blocked, id=8456, stack(0x00000049aa200000,0x00000049aa300000) (1024K)]
  0x000002350b9061b0 JavaThread "Unconstrained build operations Thread 17"        [_thread_blocked, id=8980, stack(0x00000049aa300000,0x00000049aa400000) (1024K)]
  0x000002350b8fff40 JavaThread "Unconstrained build operations Thread 18"        [_thread_blocked, id=11484, stack(0x00000049aa400000,0x00000049aa500000) (1024K)]
  0x000002350b906ed0 JavaThread "Unconstrained build operations Thread 19"        [_thread_blocked, id=2156, stack(0x00000049aa500000,0x00000049aa600000) (1024K)]
  0x000002350b9012f0 JavaThread "Unconstrained build operations Thread 20"        [_thread_blocked, id=10052, stack(0x00000049aa600000,0x00000049aa700000) (1024K)]
  0x000002350b904770 JavaThread "Unconstrained build operations Thread 21"        [_thread_blocked, id=15300, stack(0x00000049aa700000,0x00000049aa800000) (1024K)]
  0x000002350b9005d0 JavaThread "Unconstrained build operations Thread 22"        [_thread_blocked, id=14252, stack(0x00000049aa800000,0x00000049aa900000) (1024K)]
  0x000002350b902010 JavaThread "Unconstrained build operations Thread 23"        [_thread_blocked, id=11776, stack(0x00000049aa900000,0x00000049aaa00000) (1024K)]
  0x000002350b901980 JavaThread "Unconstrained build operations Thread 24"        [_thread_blocked, id=10128, stack(0x00000049aaa00000,0x00000049aab00000) (1024K)]
  0x000002350b9026a0 JavaThread "Unconstrained build operations Thread 25"        [_thread_blocked, id=9468, stack(0x00000049aab00000,0x00000049aac00000) (1024K)]
  0x000002350b9040e0 JavaThread "Unconstrained build operations Thread 26"        [_thread_blocked, id=16124, stack(0x00000049aac00000,0x00000049aad00000) (1024K)]
  0x000002350b904e00 JavaThread "Unconstrained build operations Thread 27"        [_thread_blocked, id=1160, stack(0x00000049aad00000,0x00000049aae00000) (1024K)]
  0x000002350b905490 JavaThread "Unconstrained build operations Thread 28"        [_thread_blocked, id=5904, stack(0x00000049aae00000,0x00000049aaf00000) (1024K)]
  0x000002350a6ceff0 JavaThread "Unconstrained build operations Thread 29"        [_thread_blocked, id=13880, stack(0x00000049aaf00000,0x00000049ab000000) (1024K)]
  0x000002350a6c86f0 JavaThread "Unconstrained build operations Thread 30"        [_thread_blocked, id=3616, stack(0x00000049ab000000,0x00000049ab100000) (1024K)]
  0x000002350a6cae50 JavaThread "Unconstrained build operations Thread 31"        [_thread_blocked, id=6024, stack(0x00000049ab100000,0x00000049ab200000) (1024K)]
  0x000002350a6c8060 JavaThread "Unconstrained build operations Thread 32"        [_thread_blocked, id=15544, stack(0x00000049ab200000,0x00000049ab300000) (1024K)]
  0x000002350a6cf680 JavaThread "Unconstrained build operations Thread 33"        [_thread_blocked, id=7540, stack(0x00000049ab300000,0x00000049ab400000) (1024K)]
  0x000002350a6c8d80 JavaThread "Unconstrained build operations Thread 34"        [_thread_blocked, id=10740, stack(0x00000049ab400000,0x00000049ab500000) (1024K)]
  0x000002350a6cdc40 JavaThread "Unconstrained build operations Thread 35"        [_thread_blocked, id=14612, stack(0x00000049ab500000,0x00000049ab600000) (1024K)]
  0x000002350a6c9410 JavaThread "Unconstrained build operations Thread 36"        [_thread_blocked, id=10656, stack(0x00000049ab600000,0x00000049ab700000) (1024K)]
  0x000002350a6c9aa0 JavaThread "Unconstrained build operations Thread 37"        [_thread_blocked, id=14148, stack(0x00000049ab700000,0x00000049ab800000) (1024K)]
  0x000002350a6cc200 JavaThread "Unconstrained build operations Thread 38"        [_thread_blocked, id=8852, stack(0x00000049ab800000,0x00000049ab900000) (1024K)]
  0x000002350a6ccf20 JavaThread "Unconstrained build operations Thread 39"        [_thread_blocked, id=5728, stack(0x00000049ab900000,0x00000049aba00000) (1024K)]
Total: 79

Other Threads:
=>0x00000235026192a0 VMThread "VM Thread"                           [id=952, stack(0x00000049a6300000,0x00000049a6400000) (1024K)]
  0x000002350257f870 WatcherThread "VM Periodic Task Thread"        [id=7808, stack(0x00000049a6200000,0x00000049a6300000) (1024K)]
  0x0000023568f67770 WorkerThread "GC Thread#0"                     [id=7352, stack(0x00000049a5d00000,0x00000049a5e00000) (1024K)]
  0x0000023507302f00 WorkerThread "GC Thread#1"                     [id=5780, stack(0x00000049a6e00000,0x00000049a6f00000) (1024K)]
  0x000002350716c350 WorkerThread "GC Thread#2"                     [id=15672, stack(0x00000049a6f00000,0x00000049a7000000) (1024K)]
  0x0000023507e22b50 WorkerThread "GC Thread#3"                     [id=3896, stack(0x00000049a7000000,0x00000049a7100000) (1024K)]
  0x0000023507a53100 WorkerThread "GC Thread#4"                     [id=7304, stack(0x00000049a7100000,0x00000049a7200000) (1024K)]
  0x0000023508a108f0 WorkerThread "GC Thread#5"                     [id=11260, stack(0x00000049a7300000,0x00000049a7400000) (1024K)]
  0x0000023508a0fe10 WorkerThread "GC Thread#6"                     [id=15540, stack(0x00000049a7400000,0x00000049a7500000) (1024K)]
  0x0000023508a0fa70 WorkerThread "GC Thread#7"                     [id=13764, stack(0x00000049a7500000,0x00000049a7600000) (1024K)]
  0x0000023568f79680 ConcurrentGCThread "G1 Main Marker"            [id=2728, stack(0x00000049a5e00000,0x00000049a5f00000) (1024K)]
  0x0000023568f7b6e0 WorkerThread "G1 Conc#0"                       [id=2696, stack(0x00000049a5f00000,0x00000049a6000000) (1024K)]
  0x0000023508a10c90 WorkerThread "G1 Conc#1"                       [id=15424, stack(0x00000049a7f00000,0x00000049a8000000) (1024K)]
  0x0000023502452090 ConcurrentGCThread "G1 Refine#0"               [id=9192, stack(0x00000049a6000000,0x00000049a6100000) (1024K)]
  0x00000235024528b0 ConcurrentGCThread "G1 Service"                [id=8028, stack(0x00000049a6100000,0x00000049a6200000) (1024K)]
Total: 15

Threads with active compile tasks:
C2 CompilerThread0    17749 8793       4       com.google.common.collect.MapMakerInternalMap$WeakKeyDummyValueEntry$Helper::newEntry (39 bytes)
Total: 1

VM state: at safepoint (normal execution)

VM Mutex/Monitor currently owned by a thread:  ([mutex/lock_event])
[0x00007ffb06b320c8] Threads_lock - owner thread: 0x00000235026192a0
[0x00007ffb06b321c8] Heap_lock - owner thread: 0x0000023508d68e60

Heap address: 0x0000000080000000, size: 2048 MB, Compressed Oops mode: 32-bit

CDS archive(s) not mapped
Compressed class space mapped at: 0x0000000100000000-0x0000000140000000, reserved size: 1073741824
Narrow klass base: 0x0000000000000000, Narrow klass shift: 3, Narrow klass range: 0x140000000

GC Precious Log:
 CardTable entry size: 512
 Card Set container configuration: InlinePtr #cards 5 size 8 Array Of Cards #cards 12 size 40 Howl #buckets 4 coarsen threshold 1843 Howl Bitmap #cards 512 size 80 coarsen threshold 460 Card regions per heap region 1 cards per card region 2048
 CPUs: 8 total, 8 available
 Memory: 3818M
 Large Page Support: Disabled
 NUMA Support: Disabled
 Compressed Oops: Enabled (32-bit)
 Heap Region Size: 1M
 Heap Min Capacity: 8M
 Heap Initial Capacity: 60M
 Heap Max Capacity: 2G
 Pre-touch: Disabled
 Parallel Workers: 8
 Concurrent Workers: 2
 Concurrent Refinement Workers: 8
 Periodic GC: Disabled

Heap:
 garbage-first heap   total 181248K, used 89083K [0x0000000080000000, 0x0000000100000000)
  region size 1024K, 5 young (5120K), 5 survivors (5120K)
 Metaspace       used 73485K, committed 75264K, reserved 1114112K
  class space    used 10073K, committed 10944K, reserved 1048576K

Heap Regions: E=young(eden), S=young(survivor), O=old, HS=humongous(starts), HC=humongous(continues), CS=collection set, F=free, TAMS=top-at-mark-start, PB=parsable bottom
|   0|0x0000000080000000, 0x0000000080100000, 0x0000000080100000|100%| O|  |TAMS 0x0000000080000000| PB 0x0000000080000000| Untracked 
|   1|0x0000000080100000, 0x0000000080200000, 0x0000000080200000|100%|HS|  |TAMS 0x0000000080100000| PB 0x0000000080100000| Complete 
|   2|0x0000000080200000, 0x0000000080300000, 0x0000000080300000|100%|HC|  |TAMS 0x0000000080200000| PB 0x0000000080200000| Complete 
|   3|0x0000000080300000, 0x0000000080400000, 0x0000000080400000|100%|HC|  |TAMS 0x0000000080300000| PB 0x0000000080300000| Complete 
|   4|0x0000000080400000, 0x0000000080500000, 0x0000000080500000|100%| O|  |TAMS 0x0000000080400000| PB 0x0000000080400000| Untracked 
|   5|0x0000000080500000, 0x0000000080600000, 0x0000000080600000|100%| O|  |TAMS 0x0000000080500000| PB 0x0000000080500000| Untracked 
|   6|0x0000000080600000, 0x0000000080700000, 0x0000000080700000|100%| O|  |TAMS 0x0000000080600000| PB 0x0000000080600000| Untracked 
|   7|0x0000000080700000, 0x0000000080800000, 0x0000000080800000|100%| O|  |TAMS 0x0000000080700000| PB 0x0000000080700000| Untracked 
|   8|0x0000000080800000, 0x0000000080900000, 0x0000000080900000|100%| O|  |TAMS 0x0000000080800000| PB 0x0000000080800000| Untracked 
|   9|0x0000000080900000, 0x0000000080a00000, 0x0000000080a00000|100%| O|  |TAMS 0x0000000080900000| PB 0x0000000080900000| Untracked 
|  10|0x0000000080a00000, 0x0000000080b00000, 0x0000000080b00000|100%| O|  |TAMS 0x0000000080a00000| PB 0x0000000080a00000| Untracked 
|  11|0x0000000080b00000, 0x0000000080c00000, 0x0000000080c00000|100%|HS|  |TAMS 0x0000000080b00000| PB 0x0000000080b00000| Complete 
|  12|0x0000000080c00000, 0x0000000080d00000, 0x0000000080d00000|100%| O|  |TAMS 0x0000000080c00000| PB 0x0000000080c00000| Untracked 
|  13|0x0000000080d00000, 0x0000000080e00000, 0x0000000080e00000|100%| O|  |TAMS 0x0000000080d00000| PB 0x0000000080d00000| Untracked 
|  14|0x0000000080e00000, 0x0000000080f00000, 0x0000000080f00000|100%| O|  |TAMS 0x0000000080e00000| PB 0x0000000080e00000| Untracked 
|  15|0x0000000080f00000, 0x0000000081000000, 0x0000000081000000|100%| O|  |TAMS 0x0000000080f00000| PB 0x0000000080f00000| Untracked 
|  16|0x0000000081000000, 0x0000000081100000, 0x0000000081100000|100%| O|  |TAMS 0x0000000081000000| PB 0x0000000081000000| Untracked 
|  17|0x0000000081100000, 0x0000000081200000, 0x0000000081200000|100%| O|  |TAMS 0x0000000081100000| PB 0x0000000081100000| Untracked 
|  18|0x0000000081200000, 0x0000000081300000, 0x0000000081300000|100%| O|  |TAMS 0x0000000081200000| PB 0x0000000081200000| Untracked 
|  19|0x0000000081300000, 0x0000000081400000, 0x0000000081400000|100%| O|  |TAMS 0x0000000081300000| PB 0x0000000081300000| Untracked 
|  20|0x0000000081400000, 0x0000000081500000, 0x0000000081500000|100%| O|  |TAMS 0x0000000081400000| PB 0x0000000081400000| Untracked 
|  21|0x0000000081500000, 0x0000000081600000, 0x0000000081600000|100%| O|  |TAMS 0x0000000081500000| PB 0x0000000081500000| Untracked 
|  22|0x0000000081600000, 0x0000000081700000, 0x0000000081700000|100%| O|  |TAMS 0x0000000081600000| PB 0x0000000081600000| Untracked 
|  23|0x0000000081700000, 0x0000000081800000, 0x0000000081800000|100%| O|  |TAMS 0x0000000081700000| PB 0x0000000081700000| Untracked 
|  24|0x0000000081800000, 0x0000000081900000, 0x0000000081900000|100%|HS|  |TAMS 0x0000000081800000| PB 0x0000000081800000| Complete 
|  25|0x0000000081900000, 0x0000000081a00000, 0x0000000081a00000|100%|HC|  |TAMS 0x0000000081900000| PB 0x0000000081900000| Complete 
|  26|0x0000000081a00000, 0x0000000081b00000, 0x0000000081b00000|100%|HC|  |TAMS 0x0000000081a00000| PB 0x0000000081a00000| Complete 
|  27|0x0000000081b00000, 0x0000000081c00000, 0x0000000081c00000|100%|HC|  |TAMS 0x0000000081b00000| PB 0x0000000081b00000| Complete 
|  28|0x0000000081c00000, 0x0000000081d00000, 0x0000000081d00000|100%|HC|  |TAMS 0x0000000081c00000| PB 0x0000000081c00000| Complete 
|  29|0x0000000081d00000, 0x0000000081e00000, 0x0000000081e00000|100%|HC|  |TAMS 0x0000000081d00000| PB 0x0000000081d00000| Complete 
|  30|0x0000000081e00000, 0x0000000081f00000, 0x0000000081f00000|100%| O|  |TAMS 0x0000000081e00000| PB 0x0000000081e00000| Untracked 
|  31|0x0000000081f00000, 0x0000000082000000, 0x0000000082000000|100%| O|  |TAMS 0x0000000081f00000| PB 0x0000000081f00000| Untracked 
|  32|0x0000000082000000, 0x0000000082100000, 0x0000000082100000|100%|HS|  |TAMS 0x0000000082000000| PB 0x0000000082000000| Complete 
|  33|0x0000000082100000, 0x0000000082200000, 0x0000000082200000|100%|HC|  |TAMS 0x0000000082100000| PB 0x0000000082100000| Complete 
|  34|0x0000000082200000, 0x0000000082300000, 0x0000000082300000|100%|HC|  |TAMS 0x0000000082200000| PB 0x0000000082200000| Complete 
|  35|0x0000000082300000, 0x0000000082400000, 0x0000000082400000|100%|HS|  |TAMS 0x0000000082300000| PB 0x0000000082300000| Complete 
|  36|0x0000000082400000, 0x0000000082500000, 0x0000000082500000|100%|HC|  |TAMS 0x0000000082400000| PB 0x0000000082400000| Complete 
|  37|0x0000000082500000, 0x0000000082600000, 0x0000000082600000|100%|HS|  |TAMS 0x0000000082500000| PB 0x0000000082500000| Complete 
|  38|0x0000000082600000, 0x0000000082700000, 0x0000000082700000|100%| O|  |TAMS 0x0000000082600000| PB 0x0000000082600000| Untracked 
|  39|0x0000000082700000, 0x0000000082800000, 0x0000000082800000|100%| O|  |TAMS 0x0000000082700000| PB 0x0000000082700000| Untracked 
|  40|0x0000000082800000, 0x0000000082900000, 0x0000000082900000|100%| O|  |TAMS 0x0000000082800000| PB 0x0000000082800000| Untracked 
|  41|0x0000000082900000, 0x0000000082a00000, 0x0000000082a00000|100%| O|  |TAMS 0x0000000082900000| PB 0x0000000082900000| Untracked 
|  42|0x0000000082a00000, 0x0000000082b00000, 0x0000000082b00000|100%| O|  |TAMS 0x0000000082a00000| PB 0x0000000082a00000| Untracked 
|  43|0x0000000082b00000, 0x0000000082c00000, 0x0000000082c00000|100%| O|  |TAMS 0x0000000082b00000| PB 0x0000000082b00000| Untracked 
|  44|0x0000000082c00000, 0x0000000082d00000, 0x0000000082d00000|100%| O|  |TAMS 0x0000000082c00000| PB 0x0000000082c00000| Untracked 
|  45|0x0000000082d00000, 0x0000000082e00000, 0x0000000082e00000|100%| O|  |TAMS 0x0000000082d00000| PB 0x0000000082d00000| Untracked 
|  46|0x0000000082e00000, 0x0000000082f00000, 0x0000000082f00000|100%| O|  |TAMS 0x0000000082e00000| PB 0x0000000082e00000| Untracked 
|  47|0x0000000082f00000, 0x0000000083000000, 0x0000000083000000|100%| O|  |TAMS 0x0000000082f00000| PB 0x0000000082f00000| Untracked 
|  48|0x0000000083000000, 0x0000000083100000, 0x0000000083100000|100%| O|  |TAMS 0x0000000083000000| PB 0x0000000083000000| Untracked 
|  49|0x0000000083100000, 0x0000000083200000, 0x0000000083200000|100%| O|  |TAMS 0x0000000083100000| PB 0x0000000083100000| Untracked 
|  50|0x0000000083200000, 0x0000000083300000, 0x0000000083300000|100%|HS|  |TAMS 0x0000000083200000| PB 0x0000000083200000| Complete 
|  51|0x0000000083300000, 0x0000000083400000, 0x0000000083400000|100%|HC|  |TAMS 0x0000000083300000| PB 0x0000000083300000| Complete 
|  52|0x0000000083400000, 0x0000000083500000, 0x0000000083500000|100%| O|  |TAMS 0x0000000083400000| PB 0x0000000083400000| Untracked 
|  53|0x0000000083500000, 0x0000000083600000, 0x0000000083600000|100%| O|  |TAMS 0x0000000083500000| PB 0x0000000083500000| Untracked 
|  54|0x0000000083600000, 0x0000000083700000, 0x0000000083700000|100%| O|  |TAMS 0x0000000083600000| PB 0x0000000083600000| Untracked 
|  55|0x0000000083700000, 0x0000000083800000, 0x0000000083800000|100%| O|  |TAMS 0x0000000083700000| PB 0x0000000083700000| Untracked 
|  56|0x0000000083800000, 0x0000000083900000, 0x0000000083900000|100%|HS|  |TAMS 0x0000000083800000| PB 0x0000000083800000| Complete 
|  57|0x0000000083900000, 0x0000000083a00000, 0x0000000083a00000|100%|HC|  |TAMS 0x0000000083900000| PB 0x0000000083900000| Complete 
|  58|0x0000000083a00000, 0x0000000083b00000, 0x0000000083b00000|100%|HC|  |TAMS 0x0000000083a00000| PB 0x0000000083a00000| Complete 
|  59|0x0000000083b00000, 0x0000000083c00000, 0x0000000083c00000|100%|HC|  |TAMS 0x0000000083b00000| PB 0x0000000083b00000| Complete 
|  60|0x0000000083c00000, 0x0000000083d00000, 0x0000000083d00000|100%|HC|  |TAMS 0x0000000083c00000| PB 0x0000000083c00000| Complete 
|  61|0x0000000083d00000, 0x0000000083e00000, 0x0000000083e00000|100%|HC|  |TAMS 0x0000000083d00000| PB 0x0000000083d00000| Complete 
|  62|0x0000000083e00000, 0x0000000083f00000, 0x0000000083f00000|100%|HS|  |TAMS 0x0000000083e00000| PB 0x0000000083e00000| Complete 
|  63|0x0000000083f00000, 0x0000000084000000, 0x0000000084000000|100%|HC|  |TAMS 0x0000000083f00000| PB 0x0000000083f00000| Complete 
|  64|0x0000000084000000, 0x0000000084100000, 0x0000000084100000|100%|HC|  |TAMS 0x0000000084000000| PB 0x0000000084000000| Complete 
|  65|0x0000000084100000, 0x0000000084200000, 0x0000000084200000|100%|HC|  |TAMS 0x0000000084100000| PB 0x0000000084100000| Complete 
|  66|0x0000000084200000, 0x0000000084300000, 0x0000000084300000|100%|HC|  |TAMS 0x0000000084200000| PB 0x0000000084200000| Complete 
|  67|0x0000000084300000, 0x0000000084400000, 0x0000000084400000|100%|HC|  |TAMS 0x0000000084300000| PB 0x0000000084300000| Complete 
|  68|0x0000000084400000, 0x0000000084500000, 0x0000000084500000|100%| O|  |TAMS 0x0000000084400000| PB 0x0000000084400000| Untracked 
|  69|0x0000000084500000, 0x0000000084600000, 0x0000000084600000|100%| O|  |TAMS 0x0000000084500000| PB 0x0000000084500000| Untracked 
|  70|0x0000000084600000, 0x0000000084700000, 0x0000000084700000|100%| O|  |TAMS 0x0000000084600000| PB 0x0000000084600000| Untracked 
|  71|0x0000000084700000, 0x0000000084800000, 0x0000000084800000|100%| O|  |TAMS 0x0000000084700000| PB 0x0000000084700000| Untracked 
|  72|0x0000000084800000, 0x0000000084900000, 0x0000000084900000|100%| O|  |TAMS 0x0000000084800000| PB 0x0000000084800000| Untracked 
|  73|0x0000000084900000, 0x0000000084a00000, 0x0000000084a00000|100%| O|  |TAMS 0x0000000084900000| PB 0x0000000084900000| Untracked 
|  74|0x0000000084a00000, 0x0000000084b00000, 0x0000000084b00000|100%| O|  |TAMS 0x0000000084a00000| PB 0x0000000084a00000| Untracked 
|  75|0x0000000084b00000, 0x0000000084c00000, 0x0000000084c00000|100%| O|  |TAMS 0x0000000084b00000| PB 0x0000000084b00000| Untracked 
|  76|0x0000000084c00000, 0x0000000084d00000, 0x0000000084d00000|100%| O|  |TAMS 0x0000000084c00000| PB 0x0000000084c00000| Untracked 
|  77|0x0000000084d00000, 0x0000000084e00000, 0x0000000084e00000|100%| O|  |TAMS 0x0000000084d00000| PB 0x0000000084d00000| Untracked 
|  78|0x0000000084e00000, 0x0000000084f00000, 0x0000000084f00000|100%| O|  |TAMS 0x0000000084e00000| PB 0x0000000084e00000| Untracked 
|  79|0x0000000084f00000, 0x0000000085000000, 0x0000000085000000|100%| O|  |TAMS 0x0000000084f00000| PB 0x0000000084f00000| Untracked 
|  80|0x0000000085000000, 0x0000000085048220, 0x0000000085100000| 28%| O|  |TAMS 0x0000000085000000| PB 0x0000000085000000| Untracked 
|  81|0x0000000085100000, 0x0000000085100000, 0x0000000085200000|  0%| F|  |TAMS 0x0000000085100000| PB 0x0000000085100000| Untracked 
|  82|0x0000000085200000, 0x0000000085200000, 0x0000000085300000|  0%| F|  |TAMS 0x0000000085200000| PB 0x0000000085200000| Untracked 
|  83|0x0000000085300000, 0x0000000085300000, 0x0000000085400000|  0%| F|  |TAMS 0x0000000085300000| PB 0x0000000085300000| Untracked 
|  84|0x0000000085400000, 0x0000000085400000, 0x0000000085500000|  0%| F|  |TAMS 0x0000000085400000| PB 0x0000000085400000| Untracked 
|  85|0x0000000085500000, 0x0000000085500000, 0x0000000085600000|  0%| F|  |TAMS 0x0000000085500000| PB 0x0000000085500000| Untracked 
|  86|0x0000000085600000, 0x0000000085600000, 0x0000000085700000|  0%| F|  |TAMS 0x0000000085600000| PB 0x0000000085600000| Untracked 
|  87|0x0000000085700000, 0x0000000085700000, 0x0000000085800000|  0%| F|  |TAMS 0x0000000085700000| PB 0x0000000085700000| Untracked 
|  88|0x0000000085800000, 0x0000000085800000, 0x0000000085900000|  0%| F|  |TAMS 0x0000000085800000| PB 0x0000000085800000| Untracked 
|  89|0x0000000085900000, 0x0000000085900000, 0x0000000085a00000|  0%| F|  |TAMS 0x0000000085900000| PB 0x0000000085900000| Untracked 
|  90|0x0000000085a00000, 0x0000000085a00000, 0x0000000085b00000|  0%| F|  |TAMS 0x0000000085a00000| PB 0x0000000085a00000| Untracked 
|  91|0x0000000085b00000, 0x0000000085b00000, 0x0000000085c00000|  0%| F|  |TAMS 0x0000000085b00000| PB 0x0000000085b00000| Untracked 
|  92|0x0000000085c00000, 0x0000000085c00000, 0x0000000085d00000|  0%| F|  |TAMS 0x0000000085c00000| PB 0x0000000085c00000| Untracked 
|  93|0x0000000085d00000, 0x0000000085db6a78, 0x0000000085e00000| 71%| S|CS|TAMS 0x0000000085d00000| PB 0x0000000085d00000| Complete 
|  94|0x0000000085e00000, 0x0000000085f00000, 0x0000000085f00000|100%| S|CS|TAMS 0x0000000085e00000| PB 0x0000000085e00000| Complete 
|  95|0x0000000085f00000, 0x0000000086000000, 0x0000000086000000|100%| S|CS|TAMS 0x0000000085f00000| PB 0x0000000085f00000| Complete 
|  96|0x0000000086000000, 0x0000000086100000, 0x0000000086100000|100%| S|CS|TAMS 0x0000000086000000| PB 0x0000000086000000| Complete 
|  97|0x0000000086100000, 0x0000000086200000, 0x0000000086200000|100%| S|CS|TAMS 0x0000000086100000| PB 0x0000000086100000| Complete 
|  98|0x0000000086200000, 0x0000000086200000, 0x0000000086300000|  0%| F|  |TAMS 0x0000000086200000| PB 0x0000000086200000| Untracked 
|  99|0x0000000086300000, 0x0000000086300000, 0x0000000086400000|  0%| F|  |TAMS 0x0000000086300000| PB 0x0000000086300000| Untracked 
| 100|0x0000000086400000, 0x0000000086400000, 0x0000000086500000|  0%| F|  |TAMS 0x0000000086400000| PB 0x0000000086400000| Untracked 
| 101|0x0000000086500000, 0x0000000086500000, 0x0000000086600000|  0%| F|  |TAMS 0x0000000086500000| PB 0x0000000086500000| Untracked 
| 102|0x0000000086600000, 0x0000000086600000, 0x0000000086700000|  0%| F|  |TAMS 0x0000000086600000| PB 0x0000000086600000| Untracked 
| 103|0x0000000086700000, 0x0000000086700000, 0x0000000086800000|  0%| F|  |TAMS 0x0000000086700000| PB 0x0000000086700000| Untracked 
| 104|0x0000000086800000, 0x0000000086800000, 0x0000000086900000|  0%| F|  |TAMS 0x0000000086800000| PB 0x0000000086800000| Untracked 
| 105|0x0000000086900000, 0x0000000086900000, 0x0000000086a00000|  0%| F|  |TAMS 0x0000000086900000| PB 0x0000000086900000| Untracked 
| 106|0x0000000086a00000, 0x0000000086a00000, 0x0000000086b00000|  0%| F|  |TAMS 0x0000000086a00000| PB 0x0000000086a00000| Untracked 
| 107|0x0000000086b00000, 0x0000000086b00000, 0x0000000086c00000|  0%| F|  |TAMS 0x0000000086b00000| PB 0x0000000086b00000| Untracked 
| 108|0x0000000086c00000, 0x0000000086c00000, 0x0000000086d00000|  0%| F|  |TAMS 0x0000000086c00000| PB 0x0000000086c00000| Untracked 
| 109|0x0000000086d00000, 0x0000000086d00000, 0x0000000086e00000|  0%| F|  |TAMS 0x0000000086d00000| PB 0x0000000086d00000| Untracked 
| 110|0x0000000086e00000, 0x0000000086e00000, 0x0000000086f00000|  0%| F|  |TAMS 0x0000000086e00000| PB 0x0000000086e00000| Untracked 
| 111|0x0000000086f00000, 0x0000000086f00000, 0x0000000087000000|  0%| F|  |TAMS 0x0000000086f00000| PB 0x0000000086f00000| Untracked 
| 112|0x0000000087000000, 0x0000000087000000, 0x0000000087100000|  0%| F|  |TAMS 0x0000000087000000| PB 0x0000000087000000| Untracked 
| 113|0x0000000087100000, 0x0000000087100000, 0x0000000087200000|  0%| F|  |TAMS 0x0000000087100000| PB 0x0000000087100000| Untracked 
| 114|0x0000000087200000, 0x0000000087200000, 0x0000000087300000|  0%| F|  |TAMS 0x0000000087200000| PB 0x0000000087200000| Untracked 
| 115|0x0000000087300000, 0x0000000087300000, 0x0000000087400000|  0%| F|  |TAMS 0x0000000087300000| PB 0x0000000087300000| Untracked 
| 116|0x0000000087400000, 0x0000000087400000, 0x0000000087500000|  0%| F|  |TAMS 0x0000000087400000| PB 0x0000000087400000| Untracked 
| 117|0x0000000087500000, 0x0000000087500000, 0x0000000087600000|  0%| F|  |TAMS 0x0000000087500000| PB 0x0000000087500000| Untracked 
| 118|0x0000000087600000, 0x0000000087600000, 0x0000000087700000|  0%| F|  |TAMS 0x0000000087600000| PB 0x0000000087600000| Untracked 
| 119|0x0000000087700000, 0x0000000087700000, 0x0000000087800000|  0%| F|  |TAMS 0x0000000087700000| PB 0x0000000087700000| Untracked 
| 120|0x0000000087800000, 0x0000000087800000, 0x0000000087900000|  0%| F|  |TAMS 0x0000000087800000| PB 0x0000000087800000| Untracked 
| 121|0x0000000087900000, 0x0000000087900000, 0x0000000087a00000|  0%| F|  |TAMS 0x0000000087900000| PB 0x0000000087900000| Untracked 
| 122|0x0000000087a00000, 0x0000000087a00000, 0x0000000087b00000|  0%| F|  |TAMS 0x0000000087a00000| PB 0x0000000087a00000| Untracked 
| 123|0x0000000087b00000, 0x0000000087b00000, 0x0000000087c00000|  0%| F|  |TAMS 0x0000000087b00000| PB 0x0000000087b00000| Untracked 
| 124|0x0000000087c00000, 0x0000000087c00000, 0x0000000087d00000|  0%| F|  |TAMS 0x0000000087c00000| PB 0x0000000087c00000| Untracked 
| 125|0x0000000087d00000, 0x0000000087d00000, 0x0000000087e00000|  0%| F|  |TAMS 0x0000000087d00000| PB 0x0000000087d00000| Untracked 
| 126|0x0000000087e00000, 0x0000000087e00000, 0x0000000087f00000|  0%| F|  |TAMS 0x0000000087e00000| PB 0x0000000087e00000| Untracked 
| 127|0x0000000087f00000, 0x0000000087f00000, 0x0000000088000000|  0%| F|  |TAMS 0x0000000087f00000| PB 0x0000000087f00000| Untracked 
| 128|0x0000000088000000, 0x0000000088000000, 0x0000000088100000|  0%| F|  |TAMS 0x0000000088000000| PB 0x0000000088000000| Untracked 
| 129|0x0000000088100000, 0x0000000088100000, 0x0000000088200000|  0%| F|  |TAMS 0x0000000088100000| PB 0x0000000088100000| Untracked 
| 130|0x0000000088200000, 0x0000000088200000, 0x0000000088300000|  0%| F|  |TAMS 0x0000000088200000| PB 0x0000000088200000| Untracked 
| 131|0x0000000088300000, 0x0000000088300000, 0x0000000088400000|  0%| F|  |TAMS 0x0000000088300000| PB 0x0000000088300000| Untracked 
| 132|0x0000000088400000, 0x0000000088400000, 0x0000000088500000|  0%| F|  |TAMS 0x0000000088400000| PB 0x0000000088400000| Untracked 
| 133|0x0000000088500000, 0x0000000088500000, 0x0000000088600000|  0%| F|  |TAMS 0x0000000088500000| PB 0x0000000088500000| Untracked 
| 134|0x0000000088600000, 0x0000000088600000, 0x0000000088700000|  0%| F|  |TAMS 0x0000000088600000| PB 0x0000000088600000| Untracked 
| 135|0x0000000088700000, 0x0000000088700000, 0x0000000088800000|  0%| F|  |TAMS 0x0000000088700000| PB 0x0000000088700000| Untracked 
| 136|0x0000000088800000, 0x0000000088800000, 0x0000000088900000|  0%| F|  |TAMS 0x0000000088800000| PB 0x0000000088800000| Untracked 
| 137|0x0000000088900000, 0x0000000088900000, 0x0000000088a00000|  0%| F|  |TAMS 0x0000000088900000| PB 0x0000000088900000| Untracked 
| 138|0x0000000088a00000, 0x0000000088a00000, 0x0000000088b00000|  0%| F|  |TAMS 0x0000000088a00000| PB 0x0000000088a00000| Untracked 
| 139|0x0000000088b00000, 0x0000000088b00000, 0x0000000088c00000|  0%| F|  |TAMS 0x0000000088b00000| PB 0x0000000088b00000| Untracked 
| 140|0x0000000088c00000, 0x0000000088c00000, 0x0000000088d00000|  0%| F|  |TAMS 0x0000000088c00000| PB 0x0000000088c00000| Untracked 
| 141|0x0000000088d00000, 0x0000000088d00000, 0x0000000088e00000|  0%| F|  |TAMS 0x0000000088d00000| PB 0x0000000088d00000| Untracked 
| 142|0x0000000088e00000, 0x0000000088e00000, 0x0000000088f00000|  0%| F|  |TAMS 0x0000000088e00000| PB 0x0000000088e00000| Untracked 
| 143|0x0000000088f00000, 0x0000000088f00000, 0x0000000089000000|  0%| F|  |TAMS 0x0000000088f00000| PB 0x0000000088f00000| Untracked 
| 144|0x0000000089000000, 0x0000000089000000, 0x0000000089100000|  0%| F|  |TAMS 0x0000000089000000| PB 0x0000000089000000| Untracked 
| 145|0x0000000089100000, 0x0000000089100000, 0x0000000089200000|  0%| F|  |TAMS 0x0000000089100000| PB 0x0000000089100000| Untracked 
| 146|0x0000000089200000, 0x0000000089200000, 0x0000000089300000|  0%| F|  |TAMS 0x0000000089200000| PB 0x0000000089200000| Untracked 
| 147|0x0000000089300000, 0x0000000089300000, 0x0000000089400000|  0%| F|  |TAMS 0x0000000089300000| PB 0x0000000089300000| Untracked 
| 148|0x0000000089400000, 0x0000000089400000, 0x0000000089500000|  0%| F|  |TAMS 0x0000000089400000| PB 0x0000000089400000| Untracked 
| 149|0x0000000089500000, 0x0000000089500000, 0x0000000089600000|  0%| F|  |TAMS 0x0000000089500000| PB 0x0000000089500000| Untracked 
| 150|0x0000000089600000, 0x0000000089600000, 0x0000000089700000|  0%| F|  |TAMS 0x0000000089600000| PB 0x0000000089600000| Untracked 
| 151|0x0000000089700000, 0x0000000089700000, 0x0000000089800000|  0%| F|  |TAMS 0x0000000089700000| PB 0x0000000089700000| Untracked 
| 152|0x0000000089800000, 0x0000000089800000, 0x0000000089900000|  0%| F|  |TAMS 0x0000000089800000| PB 0x0000000089800000| Untracked 
| 153|0x0000000089900000, 0x0000000089900000, 0x0000000089a00000|  0%| F|  |TAMS 0x0000000089900000| PB 0x0000000089900000| Untracked 
| 154|0x0000000089a00000, 0x0000000089a00000, 0x0000000089b00000|  0%| F|  |TAMS 0x0000000089a00000| PB 0x0000000089a00000| Untracked 
| 155|0x0000000089b00000, 0x0000000089b00000, 0x0000000089c00000|  0%| F|  |TAMS 0x0000000089b00000| PB 0x0000000089b00000| Untracked 
| 156|0x0000000089c00000, 0x0000000089c00000, 0x0000000089d00000|  0%| F|  |TAMS 0x0000000089c00000| PB 0x0000000089c00000| Untracked 
| 157|0x0000000089d00000, 0x0000000089d00000, 0x0000000089e00000|  0%| F|  |TAMS 0x0000000089d00000| PB 0x0000000089d00000| Untracked 
| 158|0x0000000089e00000, 0x0000000089e00000, 0x0000000089f00000|  0%| F|  |TAMS 0x0000000089e00000| PB 0x0000000089e00000| Untracked 
| 159|0x0000000089f00000, 0x0000000089f00000, 0x000000008a000000|  0%| F|  |TAMS 0x0000000089f00000| PB 0x0000000089f00000| Untracked 
| 160|0x000000008a000000, 0x000000008a000000, 0x000000008a100000|  0%| F|  |TAMS 0x000000008a000000| PB 0x000000008a000000| Untracked 
| 161|0x000000008a100000, 0x000000008a100000, 0x000000008a200000|  0%| F|  |TAMS 0x000000008a100000| PB 0x000000008a100000| Untracked 
| 162|0x000000008a200000, 0x000000008a200000, 0x000000008a300000|  0%| F|  |TAMS 0x000000008a200000| PB 0x000000008a200000| Untracked 
| 163|0x000000008a300000, 0x000000008a300000, 0x000000008a400000|  0%| F|  |TAMS 0x000000008a300000| PB 0x000000008a300000| Untracked 
| 164|0x000000008a400000, 0x000000008a400000, 0x000000008a500000|  0%| F|  |TAMS 0x000000008a400000| PB 0x000000008a400000| Untracked 
| 165|0x000000008a500000, 0x000000008a500000, 0x000000008a600000|  0%| F|  |TAMS 0x000000008a500000| PB 0x000000008a500000| Untracked 
| 166|0x000000008a600000, 0x000000008a600000, 0x000000008a700000|  0%| F|  |TAMS 0x000000008a600000| PB 0x000000008a600000| Untracked 
| 167|0x000000008a700000, 0x000000008a700000, 0x000000008a800000|  0%| F|  |TAMS 0x000000008a700000| PB 0x000000008a700000| Untracked 
| 168|0x000000008a800000, 0x000000008a800000, 0x000000008a900000|  0%| F|  |TAMS 0x000000008a800000| PB 0x000000008a800000| Untracked 
| 169|0x000000008a900000, 0x000000008a900000, 0x000000008aa00000|  0%| F|  |TAMS 0x000000008a900000| PB 0x000000008a900000| Untracked 
| 170|0x000000008aa00000, 0x000000008aa00000, 0x000000008ab00000|  0%| F|  |TAMS 0x000000008aa00000| PB 0x000000008aa00000| Untracked 
| 171|0x000000008ab00000, 0x000000008ab00000, 0x000000008ac00000|  0%| F|  |TAMS 0x000000008ab00000| PB 0x000000008ab00000| Untracked 
| 172|0x000000008ac00000, 0x000000008ac00000, 0x000000008ad00000|  0%| F|  |TAMS 0x000000008ac00000| PB 0x000000008ac00000| Untracked 
|2044|0x00000000ffc00000, 0x00000000ffd00000, 0x00000000ffd00000|100%| O|  |TAMS 0x00000000ffc00000| PB 0x00000000ffc00000| Untracked 
|2045|0x00000000ffd00000, 0x00000000ffd00000, 0x00000000ffe00000|  0%| F|  |TAMS 0x00000000ffd00000| PB 0x00000000ffd00000| Untracked 
|2046|0x00000000ffe00000, 0x00000000ffe00000, 0x00000000fff00000|  0%| F|  |TAMS 0x00000000ffe00000| PB 0x00000000ffe00000| Untracked 
|2047|0x00000000fff00000, 0x0000000100000000, 0x0000000100000000|100%| O|  |TAMS 0x00000000fff00000| PB 0x00000000fff00000| Untracked 

Card table byte_map: [0x000002357d6b0000,0x000002357dab0000] _byte_map_base: 0x000002357d2b0000

Marking Bits: (CMBitMap*) 0x0000023568f67c20
 Bits: [0x000002357dab0000, 0x000002357fab0000)

Polling page: 0x0000023568fe0000

Metaspace:

Usage:
  Non-class:     61.93 MB used.
      Class:      9.84 MB used.
       Both:     71.76 MB used.

Virtual space:
  Non-class space:       64.00 MB reserved,      62.81 MB ( 98%) committed,  1 nodes.
      Class space:        1.00 GB reserved,      10.69 MB (  1%) committed,  1 nodes.
             Both:        1.06 GB reserved,      73.50 MB (  7%) committed. 

Chunk freelists:
   Non-Class:  848.00 KB
       Class:  5.19 MB
        Both:  6.02 MB

MaxMetaspaceSize: unlimited
CompressedClassSpaceSize: 1.00 GB
Initial GC threshold: 21.00 MB
Current GC threshold: 122.31 MB
CDS: off
 - commit_granule_bytes: 65536.
 - commit_granule_words: 8192.
 - virtual_space_node_default_size: 8388608.
 - enlarge_chunks_in_place: 1.
 - use_allocation_guard: 0.


Internal statistics:

num_allocs_failed_limit: 3.
num_arena_births: 3318.
num_arena_deaths: 0.
num_vsnodes_births: 2.
num_vsnodes_deaths: 0.
num_space_committed: 1176.
num_space_uncommitted: 0.
num_chunks_returned_to_freelist: 3.
num_chunks_taken_from_freelist: 6367.
num_chunk_merges: 0.
num_chunk_splits: 4137.
num_chunks_enlarged: 2568.
num_inconsistent_stats: 0.

CodeHeap 'non-profiled nmethods': size=120000Kb used=4108Kb max_used=4108Kb free=115891Kb
 bounds [0x0000023575320000, 0x0000023575730000, 0x000002357c850000]
CodeHeap 'profiled nmethods': size=120000Kb used=14616Kb max_used=14616Kb free=105383Kb
 bounds [0x000002356d850000, 0x000002356e6a0000, 0x0000023574d80000]
CodeHeap 'non-nmethods': size=5760Kb used=3008Kb max_used=3040Kb free=2751Kb
 bounds [0x0000023574d80000, 0x0000023575080000, 0x0000023575320000]
 total_blobs=8688 nmethods=7785 adapters=805
 compilation: enabled
              stopped_count=0, restarted_count=0
 full_count=0

Compilation events (20 events):
Event: 17.635 Thread 0x00000235028ccfb0 nmethod 8785 0x000002357571e390 code [0x000002357571e540, 0x000002357571e728]
Event: 17.638 Thread 0x00000235028ccfb0 8790       4       com.google.common.cache.LocalCache$Segment::evictEntries (106 bytes)
Event: 17.639 Thread 0x00000235028cda50 8792       3       org.gradle.internal.hash.Hashing$MessageDigestHasher::hash (21 bytes)
Event: 17.640 Thread 0x00000235028cda50 nmethod 8792 0x000002356e696c90 code [0x000002356e696e80, 0x000002356e6973f8]
Event: 17.644 Thread 0x00000235028cda50 8794       3       java.util.Collections::singletonSpliterator (9 bytes)
Event: 17.644 Thread 0x00000235028cda50 nmethod 8794 0x000002356e697610 code [0x000002356e6977c0, 0x000002356e697a28]
Event: 17.644 Thread 0x00000235028cda50 8795       3       java.util.Collections$2::<init> (15 bytes)
Event: 17.644 Thread 0x00000235028cda50 nmethod 8795 0x000002356e697b10 code [0x000002356e697cc0, 0x000002356e697e98]
Event: 17.644 Thread 0x00000235028cda50 8796       3       java.util.Collections$2::forEachRemaining (7 bytes)
Event: 17.644 Thread 0x00000235028cda50 nmethod 8796 0x000002356e697f90 code [0x000002356e698140, 0x000002356e698298]
Event: 17.651 Thread 0x00000235028cda50 8800       3       com.google.common.collect.SingletonImmutableList::spliterator (13 bytes)
Event: 17.651 Thread 0x00000235028cda50 nmethod 8800 0x000002356e698390 code [0x000002356e698580, 0x000002356e698b50]
Event: 17.684 Thread 0x00000235028ccfb0 nmethod 8790 0x000002357571e910 code [0x000002357571ece0, 0x0000023575720dc8]
Event: 17.684 Thread 0x00000235028ccfb0 8797       4       java.util.stream.Sink$ChainedReference::begin (11 bytes)
Event: 17.685 Thread 0x00000235028ccfb0 nmethod 8797 0x0000023575722610 code [0x00000235757227a0, 0x0000023575722850]
Event: 17.685 Thread 0x00000235028ccfb0 8798       4       java.util.stream.ReferencePipeline$3::opWrapSink (10 bytes)
Event: 17.687 Thread 0x00000235028ccfb0 nmethod 8798 0x0000023575722910 code [0x0000023575722aa0, 0x0000023575722c98]
Event: 17.687 Thread 0x00000235028ccfb0 8799       4       java.nio.CharBuffer::arrayOffset (35 bytes)
Event: 17.688 Thread 0x00000235028ccfb0 nmethod 8799 0x0000023575722e10 code [0x0000023575722fa0, 0x0000023575723068]
Event: 17.688 Thread 0x00000235028ccfb0 8793       4       com.google.common.collect.MapMakerInternalMap$WeakKeyDummyValueEntry$Helper::newEntry (39 bytes)

GC Heap History (20 events):
Event: 7.689 GC heap after
{Heap after GC invocations=22 (full 0):
 garbage-first heap   total 92160K, used 53964K [0x0000000080000000, 0x0000000100000000)
  region size 1024K, 2 young (2048K), 2 survivors (2048K)
 Metaspace       used 52683K, committed 54080K, reserved 1114112K
  class space    used 7130K, committed 7808K, reserved 1048576K
}
Event: 8.029 GC heap before
{Heap before GC invocations=22 (full 0):
 garbage-first heap   total 92160K, used 80588K [0x0000000080000000, 0x0000000100000000)
  region size 1024K, 28 young (28672K), 2 survivors (2048K)
 Metaspace       used 55937K, committed 57472K, reserved 1114112K
  class space    used 7672K, committed 8448K, reserved 1048576K
}
Event: 8.033 GC heap after
{Heap after GC invocations=23 (full 0):
 garbage-first heap   total 110592K, used 54822K [0x0000000080000000, 0x0000000100000000)
  region size 1024K, 3 young (3072K), 3 survivors (3072K)
 Metaspace       used 55937K, committed 57472K, reserved 1114112K
  class space    used 7672K, committed 8448K, reserved 1048576K
}
Event: 8.221 GC heap before
{Heap before GC invocations=23 (full 0):
 garbage-first heap   total 110592K, used 61990K [0x0000000080000000, 0x0000000100000000)
  region size 1024K, 11 young (11264K), 3 survivors (3072K)
 Metaspace       used 56460K, committed 57984K, reserved 1114112K
  class space    used 7768K, committed 8512K, reserved 1048576K
}
Event: 8.231 GC heap after
{Heap after GC invocations=24 (full 0):
 garbage-first heap   total 110592K, used 56401K [0x0000000080000000, 0x0000000100000000)
  region size 1024K, 5 young (5120K), 5 survivors (5120K)
 Metaspace       used 56460K, committed 57984K, reserved 1114112K
  class space    used 7768K, committed 8512K, reserved 1048576K
}
Event: 9.168 GC heap before
{Heap before GC invocations=25 (full 0):
 garbage-first heap   total 110592K, used 108625K [0x0000000080000000, 0x0000000100000000)
  region size 1024K, 41 young (41984K), 5 survivors (5120K)
 Metaspace       used 59194K, committed 60736K, reserved 1114112K
  class space    used 8003K, committed 8768K, reserved 1048576K
}
Event: 9.183 GC heap after
{Heap after GC invocations=26 (full 0):
 garbage-first heap   total 120832K, used 76113K [0x0000000080000000, 0x0000000100000000)
  region size 1024K, 6 young (6144K), 6 survivors (6144K)
 Metaspace       used 59194K, committed 60736K, reserved 1114112K
  class space    used 8003K, committed 8768K, reserved 1048576K
}
Event: 9.424 GC heap before
{Heap before GC invocations=26 (full 0):
 garbage-first heap   total 120832K, used 106833K [0x0000000080000000, 0x0000000100000000)
  region size 1024K, 36 young (36864K), 6 survivors (6144K)
 Metaspace       used 60331K, committed 62016K, reserved 1114112K
  class space    used 8197K, committed 9024K, reserved 1048576K
}
Event: 9.430 GC heap after
{Heap after GC invocations=27 (full 0):
 garbage-first heap   total 120832K, used 76042K [0x0000000080000000, 0x0000000100000000)
  region size 1024K, 2 young (2048K), 2 survivors (2048K)
 Metaspace       used 60331K, committed 62016K, reserved 1114112K
  class space    used 8197K, committed 9024K, reserved 1048576K
}
Event: 9.977 GC heap before
{Heap before GC invocations=27 (full 0):
 garbage-first heap   total 120832K, used 107786K [0x0000000080000000, 0x0000000100000000)
  region size 1024K, 33 young (33792K), 2 survivors (2048K)
 Metaspace       used 64701K, committed 66368K, reserved 1114112K
  class space    used 8803K, committed 9600K, reserved 1048576K
}
Event: 9.982 GC heap after
{Heap after GC invocations=28 (full 0):
 garbage-first heap   total 120832K, used 77207K [0x0000000080000000, 0x0000000100000000)
  region size 1024K, 3 young (3072K), 3 survivors (3072K)
 Metaspace       used 64701K, committed 66368K, reserved 1114112K
  class space    used 8803K, committed 9600K, reserved 1048576K
}
Event: 10.715 GC heap before
{Heap before GC invocations=29 (full 0):
 garbage-first heap   total 138240K, used 107927K [0x0000000080000000, 0x0000000100000000)
  region size 1024K, 33 young (33792K), 3 survivors (3072K)
 Metaspace       used 68686K, committed 70336K, reserved 1114112K
  class space    used 9427K, committed 10240K, reserved 1048576K
}
Event: 10.722 GC heap after
{Heap after GC invocations=30 (full 0):
 garbage-first heap   total 138240K, used 78892K [0x0000000080000000, 0x0000000100000000)
  region size 1024K, 4 young (4096K), 4 survivors (4096K)
 Metaspace       used 68686K, committed 70336K, reserved 1114112K
  class space    used 9427K, committed 10240K, reserved 1048576K
}
Event: 13.835 GC heap before
{Heap before GC invocations=30 (full 0):
 garbage-first heap   total 138240K, used 122924K [0x0000000080000000, 0x0000000100000000)
  region size 1024K, 47 young (48128K), 4 survivors (4096K)
 Metaspace       used 72688K, committed 74496K, reserved 1114112K
  class space    used 10048K, committed 10944K, reserved 1048576K
}
Event: 13.860 GC heap after
{Heap after GC invocations=31 (full 0):
 garbage-first heap   total 138240K, used 82307K [0x0000000080000000, 0x0000000100000000)
  region size 1024K, 6 young (6144K), 6 survivors (6144K)
 Metaspace       used 72688K, committed 74496K, reserved 1114112K
  class space    used 10048K, committed 10944K, reserved 1048576K
}
Event: 14.421 GC heap before
{Heap before GC invocations=31 (full 0):
 garbage-first heap   total 138240K, used 122243K [0x0000000080000000, 0x0000000100000000)
  region size 1024K, 46 young (47104K), 6 survivors (6144K)
 Metaspace       used 73258K, committed 75072K, reserved 1114112K
  class space    used 10071K, committed 10944K, reserved 1048576K
}
Event: 14.446 GC heap after
{Heap after GC invocations=32 (full 0):
 garbage-first heap   total 138240K, used 86855K [0x0000000080000000, 0x0000000100000000)
  region size 1024K, 5 young (5120K), 5 survivors (5120K)
 Metaspace       used 73258K, committed 75072K, reserved 1114112K
  class space    used 10071K, committed 10944K, reserved 1048576K
}
Event: 14.806 GC heap before
{Heap before GC invocations=33 (full 0):
 garbage-first heap   total 181248K, used 120647K [0x0000000080000000, 0x0000000100000000)
  region size 1024K, 39 young (39936K), 5 survivors (5120K)
 Metaspace       used 73461K, committed 75264K, reserved 1114112K
  class space    used 10071K, committed 10944K, reserved 1048576K
}
Event: 14.821 GC heap after
{Heap after GC invocations=34 (full 0):
 garbage-first heap   total 181248K, used 88187K [0x0000000080000000, 0x0000000100000000)
  region size 1024K, 4 young (4096K), 4 survivors (4096K)
 Metaspace       used 73461K, committed 75264K, reserved 1114112K
  class space    used 10071K, committed 10944K, reserved 1048576K
}
Event: 17.688 GC heap before
{Heap before GC invocations=34 (full 0):
 garbage-first heap   total 181248K, used 159867K [0x0000000080000000, 0x0000000100000000)
  region size 1024K, 75 young (76800K), 4 survivors (4096K)
 Metaspace       used 73485K, committed 75264K, reserved 1114112K
  class space    used 10073K, committed 10944K, reserved 1048576K
}

Dll operation events (3 events):
Event: 0.012 Loaded shared library C:\Program Files\Android\Android Studio\jbr\bin\java.dll
Event: 0.019 Loaded shared library C:\Program Files\Android\Android Studio\jbr\bin\zip.dll
Event: 0.753 Loaded shared library C:\Program Files\Android\Android Studio\jbr\bin\verify.dll

Deoptimization events (20 events):
Event: 15.065 Thread 0x000002350a6ccf20 Uncommon trap: trap_request=0xffffffd6 fr.pc=0x00000235756fbafc relative=0x000000000000051c
Event: 15.065 Thread 0x000002350a6ccf20 Uncommon trap: reason=array_check action=maybe_recompile pc=0x00000235756fbafc method=com.google.common.collect.ImmutableMap$Builder.put(Ljava/lang/Object;Ljava/lang/Object;)Lcom/google/common/collect/ImmutableMap$Builder; @ 32 c2
Event: 15.065 Thread 0x000002350a6ccf20 DEOPT PACKING pc=0x00000235756fbafc sp=0x00000049ab9fcf70
Event: 15.066 Thread 0x000002350a6c9410 Uncommon trap: trap_request=0xffffffd6 fr.pc=0x00000235756fbafc relative=0x000000000000051c
Event: 15.066 Thread 0x000002350a6c9410 Uncommon trap: reason=array_check action=maybe_recompile pc=0x00000235756fbafc method=com.google.common.collect.ImmutableMap$Builder.put(Ljava/lang/Object;Ljava/lang/Object;)Lcom/google/common/collect/ImmutableMap$Builder; @ 32 c2
Event: 15.066 Thread 0x000002350a6c9410 DEOPT PACKING pc=0x00000235756fbafc sp=0x00000049ab6fd360
Event: 15.066 Thread 0x000002350a6c9410 DEOPT UNPACKING pc=0x0000023574dd7da2 sp=0x00000049ab6fd330 mode 2
Event: 15.066 Thread 0x000002350a6c9410 Uncommon trap: trap_request=0xffffffd6 fr.pc=0x00000235756fbafc relative=0x000000000000051c
Event: 15.066 Thread 0x000002350a6c9410 Uncommon trap: reason=array_check action=maybe_recompile pc=0x00000235756fbafc method=com.google.common.collect.ImmutableMap$Builder.put(Ljava/lang/Object;Ljava/lang/Object;)Lcom/google/common/collect/ImmutableMap$Builder; @ 32 c2
Event: 15.066 Thread 0x000002350a6c9410 DEOPT PACKING pc=0x00000235756fbafc sp=0x00000049ab6fd360
Event: 15.066 Thread 0x000002350a6c9410 DEOPT UNPACKING pc=0x0000023574dd7da2 sp=0x00000049ab6fd330 mode 2
Event: 15.066 Thread 0x000002350a6c9410 Uncommon trap: trap_request=0xffffffd6 fr.pc=0x00000235756fbafc relative=0x000000000000051c
Event: 15.066 Thread 0x000002350a6c9410 Uncommon trap: reason=array_check action=maybe_recompile pc=0x00000235756fbafc method=com.google.common.collect.ImmutableMap$Builder.put(Ljava/lang/Object;Ljava/lang/Object;)Lcom/google/common/collect/ImmutableMap$Builder; @ 32 c2
Event: 15.066 Thread 0x000002350a6c9410 DEOPT PACKING pc=0x00000235756fbafc sp=0x00000049ab6fd3e0
Event: 15.066 Thread 0x000002350a6c9410 DEOPT UNPACKING pc=0x0000023574dd7da2 sp=0x00000049ab6fd3b0 mode 2
Event: 15.068 Thread 0x000002350a6ccf20 DEOPT UNPACKING pc=0x0000023574dd7da2 sp=0x00000049ab9fcf40 mode 2
Event: 15.238 Thread 0x000002350a6c9aa0 Uncommon trap: trap_request=0xfffffff4 fr.pc=0x0000023575710124 relative=0x0000000000000d24
Event: 15.238 Thread 0x000002350a6c9aa0 Uncommon trap: reason=null_check action=make_not_entrant pc=0x0000023575710124 method=org.gradle.tooling.internal.provider.runner.ClientBuildEventGenerator$Enabled.accept(Lorg/gradle/internal/operations/BuildOperationDescriptor;)Lorg/gradle/tooling/intern
Event: 15.238 Thread 0x000002350a6c9aa0 DEOPT PACKING pc=0x0000023575710124 sp=0x00000049ab7fe230
Event: 15.238 Thread 0x000002350a6c9aa0 DEOPT UNPACKING pc=0x0000023574dd7da2 sp=0x00000049ab7fe168 mode 2

Classes loaded (20 events):
Event: 10.859 Loading class org/xml/sax/Locator
Event: 10.860 Loading class org/xml/sax/Locator done
Event: 10.861 Loading class org/xml/sax/SAXParseException
Event: 10.862 Loading class org/xml/sax/SAXParseException done
Event: 10.863 Loading class org/xml/sax/Attributes
Event: 10.863 Loading class org/xml/sax/Attributes done
Event: 10.953 Loading class java/util/DualPivotQuicksort
Event: 10.958 Loading class java/util/DualPivotQuicksort done
Event: 11.157 Loading class java/util/function/LongUnaryOperator
Event: 11.159 Loading class java/util/function/LongUnaryOperator done
Event: 12.739 Loading class java/util/concurrent/LinkedBlockingDeque$Itr
Event: 12.751 Loading class java/util/concurrent/LinkedBlockingDeque$AbstractItr
Event: 12.757 Loading class java/util/concurrent/LinkedBlockingDeque$AbstractItr done
Event: 12.757 Loading class java/util/concurrent/LinkedBlockingDeque$Itr done
Event: 13.928 Loading class java/util/Collections$ReverseComparator
Event: 13.928 Loading class java/util/Collections$ReverseComparator done
Event: 13.928 Loading class java/util/Collections$ReverseComparator2
Event: 13.928 Loading class java/util/Collections$ReverseComparator2 done
Event: 14.360 Loading class java/lang/foreign/MemorySegment
Event: 14.362 Loading class java/lang/foreign/MemorySegment done

Classes unloaded (0 events):
No events

Classes redefined (0 events):
No events

Internal exceptions (20 events):
Event: 10.853 Thread 0x0000023508d66070 Exception <a 'java/lang/ClassNotFoundException'{0x0000000087db74a8}: org/gradle/api/internal/project/DefaultProjectCustomizer> (0x0000000087db74a8) 
thrown [s\src\hotspot\share\classfile\systemDictionary.cpp, line 312]
Event: 10.857 Thread 0x0000023508d66070 Exception <a 'java/lang/ClassNotFoundException'{0x0000000087c75a60}: org/gradle/api/internal/project/DefaultProject_DecoratedCustomizer> (0x0000000087c75a60) 
thrown [s\src\hotspot\share\classfile\systemDictionary.cpp, line 312]
Event: 11.011 Thread 0x0000023508d66070 Exception <a 'java/lang/NoSuchMethodError'{0x00000000877feaa8}: 'java.lang.Object java.lang.invoke.DirectMethodHandle$Holder.invokeInterface(java.lang.Object, java.lang.Object, int)'> (0x00000000877feaa8) 
thrown [s\src\hotspot\share\interpreter\linkResolver.cpp, line 784]
Event: 11.159 Thread 0x0000023508d66070 Exception <a 'java/lang/NoSuchMethodError'{0x000000008720e2a0}: 'long java.lang.invoke.DirectMethodHandle$Holder.invokeStatic(java.lang.Object, long)'> (0x000000008720e2a0) 
thrown [s\src\hotspot\share\interpreter\linkResolver.cpp, line 784]
Event: 11.267 Thread 0x0000023508d66070 Exception <a 'java/lang/NoSuchMethodError'{0x0000000086e35348}: 'java.lang.Object java.lang.invoke.DirectMethodHandle$Holder.invokeVirtual(java.lang.Object, java.lang.Object, java.lang.Object, java.lang.Object, java.lang.Object, java.lang.Object, java.lang.Object, java.lang.Object, java.lang.Object, java.lang.Object, java.lang.Object, java.lang.Object, java.lang.Object, java.lang.Object, java.lang.Object, java.lang.Object, java.lang.Object)'> (0x0000000086e35348) 
thrown [s\src\hotspot\share\interpreter\li
Event: 11.267 Thread 0x0000023508d66070 Exception <a 'java/lang/NoSuchMethodError'{0x0000000086e3b370}: 'java.lang.Object java.lang.invoke.DirectMethodHandle$Holder.invokeSpecial(java.lang.Object, java.lang.Object, java.lang.Object, java.lang.Object, java.lang.Object, java.lang.Object, java.lang.Object, java.lang.Object, java.lang.Object, java.lang.Object, java.lang.Object, java.lang.Object, java.lang.Object, java.lang.Object, java.lang.Object, java.lang.Object, java.lang.Object, java.lang.Object)'> (0x0000000086e3b370) 
thrown [s\src\hotspot\sh
Event: 11.267 Thread 0x0000023508d66070 Exception <a 'java/lang/NoSuchMethodError'{0x0000000086e40bd8}: 'java.lang.Object java.lang.invoke.DelegatingMethodHandle$Holder.reinvoke_L(java.lang.Object, java.lang.Object, java.lang.Object, java.lang.Object, java.lang.Object, java.lang.Object, java.lang.Object, java.lang.Object, java.lang.Object, java.lang.Object, java.lang.Object, java.lang.Object, java.lang.Object, java.lang.Object, java.lang.Object, java.lang.Object, java.lang.Object)'> (0x0000000086e40bd8) 
thrown [s\src\hotspot\share\interpreter\l
Event: 12.007 Thread 0x0000023508d66070 Exception <a 'java/lang/NoSuchMethodError'{0x0000000086a7e280}: static Lorg/gradle/api/internal/catalog/DefaultVersionCatalog;.<clinit>()V> (0x0000000086a7e280) 
thrown [s\src\hotspot\share\prims\jni.cpp, line 1126]
Event: 12.035 Thread 0x0000023508d66070 Exception <a 'java/lang/NoSuchMethodError'{0x0000000086ad1ed0}: static [Ljava/lang/Object;.<clinit>()V> (0x0000000086ad1ed0) 
thrown [s\src\hotspot\share\prims\jni.cpp, line 1126]
Event: 12.036 Thread 0x0000023508d66070 Exception <a 'java/lang/NoSuchMethodError'{0x0000000086afad98}: static Lorg/gradle/api/internal/catalog/DependencyModel;.<clinit>()V> (0x0000000086afad98) 
thrown [s\src\hotspot\share\prims\jni.cpp, line 1126]
Event: 12.036 Thread 0x0000023508d66070 Exception <a 'java/lang/NoSuchMethodError'{0x0000000086afee08}: static Lorg/gradle/api/internal/catalog/AbstractContextAwareModel;.<clinit>()V> (0x0000000086afee08) 
thrown [s\src\hotspot\share\prims\jni.cpp, line 1126]
Event: 12.045 Thread 0x0000023508d66070 Exception <a 'java/lang/NoSuchMethodError'{0x0000000086918e80}: static Lorg/gradle/api/internal/artifacts/dependencies/AbstractVersionConstraint;.<clinit>()V> (0x0000000086918e80) 
thrown [s\src\hotspot\share\prims\jni.cpp, line 1126]
Event: 12.047 Thread 0x0000023508d66070 Exception <a 'java/lang/NoSuchMethodError'{0x000000008696bc80}: static Lorg/gradle/api/internal/catalog/PluginModel;.<clinit>()V> (0x000000008696bc80) 
thrown [s\src\hotspot\share\prims\jni.cpp, line 1126]
Event: 12.048 Thread 0x0000023508d66070 Exception <a 'java/lang/NoSuchMethodError'{0x00000000869835f8}: static Lorg/gradle/api/internal/catalog/VersionModel;.<clinit>()V> (0x00000000869835f8) 
thrown [s\src\hotspot\share\prims\jni.cpp, line 1126]
Event: 12.646 Thread 0x0000023508d66070 Exception <a 'java/lang/NoSuchMethodError'{0x000000008654ec10}: 'int java.lang.invoke.DirectMethodHandle$Holder.invokeSpecialIFC(java.lang.Object, java.lang.Object, java.lang.Object)'> (0x000000008654ec10) 
thrown [s\src\hotspot\share\interpreter\linkResolver.cpp, line 784]
Event: 13.358 Thread 0x0000023508d66070 Exception <a 'java/lang/NoSuchMethodError'{0x0000000085d31a98}: 'java.lang.Object java.lang.invoke.DirectMethodHandle$Holder.invokeSpecial(java.lang.Object, java.lang.Object, java.lang.Object, java.lang.Object, java.lang.Object, long)'> (0x0000000085d31a98) 
thrown [s\src\hotspot\share\interpreter\linkResolver.cpp, line 784]
Event: 13.360 Thread 0x0000023508d66070 Exception <a 'java/lang/NoSuchMethodError'{0x0000000085d52990}: 'void java.lang.invoke.DirectMethodHandle$Holder.invokeStatic(java.lang.Object, java.lang.Object, java.lang.Object, int, java.lang.Object)'> (0x0000000085d52990) 
thrown [s\src\hotspot\share\interpreter\linkResolver.cpp, line 784]
Event: 13.373 Thread 0x0000023508d66070 Implicit null exception at 0x0000023575640d1d to 0x0000023575640f84
Event: 14.882 Thread 0x000002350a6cf680 Implicit null exception at 0x000002357537ece9 to 0x000002357537ed8c
Event: 15.238 Thread 0x000002350a6c9aa0 Implicit null exception at 0x000002357570f79a to 0x0000023575710104

ZGC Phase Switch (0 events):
No events

VM Operations (20 events):
Event: 13.744 Executing VM operation: ICBufferFull done
Event: 13.833 Executing VM operation: HandshakeAllThreads (Deoptimize)
Event: 13.834 Executing VM operation: HandshakeAllThreads (Deoptimize) done
Event: 13.835 Executing VM operation: G1CollectForAllocation (G1 Evacuation Pause)
Event: 13.860 Executing VM operation: G1CollectForAllocation (G1 Evacuation Pause) done
Event: 14.154 Executing VM operation: ICBufferFull
Event: 14.155 Executing VM operation: ICBufferFull done
Event: 14.420 Executing VM operation: G1CollectForAllocation (G1 Evacuation Pause)
Event: 14.447 Executing VM operation: G1CollectForAllocation (G1 Evacuation Pause) done
Event: 14.629 Executing VM operation: G1PauseRemark
Event: 14.649 Executing VM operation: G1PauseRemark done
Event: 14.725 Executing VM operation: G1PauseCleanup
Event: 14.726 Executing VM operation: G1PauseCleanup done
Event: 14.806 Executing VM operation: G1CollectForAllocation (G1 Evacuation Pause)
Event: 14.822 Executing VM operation: G1CollectForAllocation (G1 Evacuation Pause) done
Event: 15.107 Executing VM operation: HandshakeAllThreads (Deoptimize)
Event: 15.107 Executing VM operation: HandshakeAllThreads (Deoptimize) done
Event: 16.112 Executing VM operation: Cleanup
Event: 16.112 Executing VM operation: Cleanup done
Event: 17.688 Executing VM operation: G1CollectForAllocation (G1 Evacuation Pause)

Events (20 events):
Event: 14.646 Thread 0x00000235026192a0 flushing nmethod 0x000002356d877490
Event: 14.646 Thread 0x00000235026192a0 flushing nmethod 0x000002356d86ce90
Event: 14.646 Thread 0x00000235026192a0 flushing nmethod 0x000002356d884690
Event: 14.646 Thread 0x00000235026192a0 flushing nmethod 0x000002356d881d90
Event: 14.646 Thread 0x00000235026192a0 flushing nmethod 0x000002357545e310
Event: 14.646 Thread 0x00000235026192a0 flushing nmethod 0x000002356d852e90
Event: 14.646 Thread 0x00000235026192a0 flushing nmethod 0x0000023575534f10
Event: 14.646 Thread 0x00000235026192a0 flushing nmethod 0x0000023575587110
Event: 14.646 Thread 0x00000235026192a0 flushing nmethod 0x0000023575585f90
Event: 14.646 Thread 0x00000235026192a0 flushing nmethod 0x0000023575506690
Event: 14.646 Thread 0x00000235026192a0 flushing nmethod 0x000002357554f790
Event: 14.646 Thread 0x00000235026192a0 flushing nmethod 0x00000235754c9c90
Event: 14.646 Thread 0x00000235026192a0 flushing nmethod 0x0000023575454a10
Event: 14.646 Thread 0x00000235026192a0 flushing nmethod 0x0000023575413490
Event: 14.646 Thread 0x00000235026192a0 flushing nmethod 0x00000235753e0290
Event: 14.646 Thread 0x00000235026192a0 flushing nmethod 0x0000023575393810
Event: 14.646 Thread 0x00000235026192a0 flushing nmethod 0x00000235753d4910
Event: 14.646 Thread 0x00000235026192a0 flushing nmethod 0x000002357537d110
Event: 14.646 Thread 0x00000235026192a0 flushing nmethod 0x00000235753da590
Event: 14.646 Thread 0x00000235026192a0 flushing nmethod 0x00000235753a1490


Dynamic libraries:
0x00007ff6d17a0000 - 0x00007ff6d17aa000 	C:\Program Files\Android\Android Studio\jbr\bin\java.exe
0x00007ffb94d70000 - 0x00007ffb94f68000 	C:\Windows\SYSTEM32\ntdll.dll
0x00007ffb94bd0000 - 0x00007ffb94c92000 	C:\Windows\System32\KERNEL32.DLL
0x00007ffb929e0000 - 0x00007ffb92cd6000 	C:\Windows\System32\KERNELBASE.dll
0x00007ffb92550000 - 0x00007ffb92650000 	C:\Windows\System32\ucrtbase.dll
0x00007ffb0e020000 - 0x00007ffb0e03b000 	C:\Program Files\Android\Android Studio\jbr\bin\VCRUNTIME140.dll
0x00007ffb71bc0000 - 0x00007ffb71bd8000 	C:\Program Files\Android\Android Studio\jbr\bin\jli.dll
0x00007ffb93100000 - 0x00007ffb932a1000 	C:\Windows\System32\USER32.dll
0x00007ffb92400000 - 0x00007ffb92422000 	C:\Windows\System32\win32u.dll
0x00007ffb93430000 - 0x00007ffb9345b000 	C:\Windows\System32\GDI32.dll
0x00007ffb92650000 - 0x00007ffb92769000 	C:\Windows\System32\gdi32full.dll
0x00007ffb92430000 - 0x00007ffb924cd000 	C:\Windows\System32\msvcp_win.dll
0x00007ffb7b540000 - 0x00007ffb7b7db000 	C:\Windows\WinSxS\amd64_microsoft.windows.common-controls_6595b64144ccf1df_6.0.19041.6456_none_60b8a6cb71f64256\COMCTL32.dll
0x00007ffb93fb0000 - 0x00007ffb9404e000 	C:\Windows\System32\msvcrt.dll
0x00007ffb94ba0000 - 0x00007ffb94bcf000 	C:\Windows\System32\IMM32.DLL
0x00007ffb10d80000 - 0x00007ffb10d8c000 	C:\Program Files\Android\Android Studio\jbr\bin\vcruntime140_1.dll
0x00007ffb09da0000 - 0x00007ffb09e2d000 	C:\Program Files\Android\Android Studio\jbr\bin\msvcp140.dll
0x00007ffb05f90000 - 0x00007ffb06c0d000 	C:\Program Files\Android\Android Studio\jbr\bin\server\jvm.dll
0x00007ffb942b0000 - 0x00007ffb94361000 	C:\Windows\System32\ADVAPI32.dll
0x00007ffb93d60000 - 0x00007ffb93dff000 	C:\Windows\System32\sechost.dll
0x00007ffb932b0000 - 0x00007ffb933d0000 	C:\Windows\System32\RPCRT4.dll
0x00007ffb92520000 - 0x00007ffb92547000 	C:\Windows\System32\bcrypt.dll
0x00007ffb94b30000 - 0x00007ffb94b9b000 	C:\Windows\System32\WS2_32.dll
0x00007ffb91940000 - 0x00007ffb9198b000 	C:\Windows\SYSTEM32\POWRPROF.dll
0x00007ffb87800000 - 0x00007ffb8780a000 	C:\Windows\SYSTEM32\VERSION.dll
0x00007ffb826b0000 - 0x00007ffb826d7000 	C:\Windows\SYSTEM32\WINMM.dll
0x00007ffb91800000 - 0x00007ffb91812000 	C:\Windows\SYSTEM32\UMPDC.dll
0x00007ffb90c10000 - 0x00007ffb90c22000 	C:\Windows\SYSTEM32\kernel.appcore.dll
0x00007ffb0e010000 - 0x00007ffb0e01a000 	C:\Program Files\Android\Android Studio\jbr\bin\jimage.dll
0x00007ffb8fe20000 - 0x00007ffb90021000 	C:\Windows\SYSTEM32\DBGHELP.DLL
0x00007ffb73080000 - 0x00007ffb730b4000 	C:\Windows\SYSTEM32\dbgcore.DLL
0x00007ffb928d0000 - 0x00007ffb92952000 	C:\Windows\System32\bcryptPrimitives.dll
0x00007ffb71bb0000 - 0x00007ffb71bbe000 	C:\Program Files\Android\Android Studio\jbr\bin\instrument.dll
0x00007ffb0dff0000 - 0x00007ffb0e00f000 	C:\Program Files\Android\Android Studio\jbr\bin\java.dll
0x00007ffb0c6c0000 - 0x00007ffb0c6d8000 	C:\Program Files\Android\Android Studio\jbr\bin\zip.dll
0x00007ffb93510000 - 0x00007ffb93c80000 	C:\Windows\System32\SHELL32.dll
0x00007ffb90450000 - 0x00007ffb90bf5000 	C:\Windows\SYSTEM32\windows.storage.dll
0x00007ffb92d90000 - 0x00007ffb930e4000 	C:\Windows\System32\combase.dll
0x00007ffb91e30000 - 0x00007ffb91e5b000 	C:\Windows\SYSTEM32\Wldp.dll
0x00007ffb94390000 - 0x00007ffb9445d000 	C:\Windows\System32\OLEAUT32.dll
0x00007ffb93460000 - 0x00007ffb9350d000 	C:\Windows\System32\SHCORE.dll
0x00007ffb94990000 - 0x00007ffb949eb000 	C:\Windows\System32\shlwapi.dll
0x00007ffb92330000 - 0x00007ffb92354000 	C:\Windows\SYSTEM32\profapi.dll
0x00007ffb0c6b0000 - 0x00007ffb0c6c0000 	C:\Program Files\Android\Android Studio\jbr\bin\net.dll
0x00007ffb8b9f0000 - 0x00007ffb8bafa000 	C:\Windows\SYSTEM32\WINHTTP.dll
0x00007ffb91b90000 - 0x00007ffb91bfa000 	C:\Windows\system32\mswsock.dll
0x00007ffb0c690000 - 0x00007ffb0c6a6000 	C:\Program Files\Android\Android Studio\jbr\bin\nio.dll
0x00007ffb12d30000 - 0x00007ffb12d40000 	C:\Program Files\Android\Android Studio\jbr\bin\verify.dll
0x00007ffb71be0000 - 0x00007ffb71c07000 	C:\Users\user\.gradle\native\c067742578af261105cb4f569cf0c3c89f3d7b1fecec35dd04571415982c5e48\windows-amd64\native-platform.dll
0x00007ffb08f80000 - 0x00007ffb090c4000 	C:\Users\user\.gradle\native\100fb08df4bc3b14c8652ba06237920a3bd2aa13389f12d3474272988ae205f9\windows-amd64\native-platform-file-events.dll
0x00007ffb090e0000 - 0x00007ffb090e9000 	C:\Program Files\Android\Android Studio\jbr\bin\management.dll
0x00007ffb090d0000 - 0x00007ffb090db000 	C:\Program Files\Android\Android Studio\jbr\bin\management_ext.dll
0x00007ffb94510000 - 0x00007ffb94518000 	C:\Windows\System32\PSAPI.DLL
0x00007ffb91d80000 - 0x00007ffb91d98000 	C:\Windows\SYSTEM32\CRYPTSP.dll
0x00007ffb91440000 - 0x00007ffb91478000 	C:\Windows\system32\rsaenh.dll
0x00007ffb922b0000 - 0x00007ffb922de000 	C:\Windows\SYSTEM32\USERENV.dll
0x00007ffb91da0000 - 0x00007ffb91dac000 	C:\Windows\SYSTEM32\CRYPTBASE.dll
0x00007ffb91820000 - 0x00007ffb9185b000 	C:\Windows\SYSTEM32\IPHLPAPI.DLL
0x00007ffb930f0000 - 0x00007ffb930f8000 	C:\Windows\System32\NSI.dll
0x00007ffb0c680000 - 0x00007ffb0c689000 	C:\Program Files\Android\Android Studio\jbr\bin\extnet.dll
0x00007ffb46660000 - 0x00007ffb46667000 	C:\Windows\system32\wshunix.dll

dbghelp: loaded successfully - version: 4.0.5 - missing functions: none
symbol engine: initialized successfully - sym options: 0x614 - pdb path: .;C:\Program Files\Android\Android Studio\jbr\bin;C:\Windows\SYSTEM32;C:\Windows\WinSxS\amd64_microsoft.windows.common-controls_6595b64144ccf1df_6.0.19041.6456_none_60b8a6cb71f64256;C:\Program Files\Android\Android Studio\jbr\bin\server;C:\Users\user\.gradle\native\c067742578af261105cb4f569cf0c3c89f3d7b1fecec35dd04571415982c5e48\windows-amd64;C:\Users\user\.gradle\native\100fb08df4bc3b14c8652ba06237920a3bd2aa13389f12d3474272988ae205f9\windows-amd64

VM Arguments:
jvm_args: --add-opens=java.base/java.lang=ALL-UNNAMED --add-opens=java.base/java.lang.invoke=ALL-UNNAMED --add-opens=java.base/java.util=ALL-UNNAMED --add-opens=java.prefs/java.util.prefs=ALL-UNNAMED --add-exports=jdk.compiler/com.sun.tools.javac.api=ALL-UNNAMED --add-exports=jdk.compiler/com.sun.tools.javac.util=ALL-UNNAMED --add-opens=java.base/java.util=ALL-UNNAMED --add-opens=java.prefs/java.util.prefs=ALL-UNNAMED --add-opens=java.base/java.nio.charset=ALL-UNNAMED --add-opens=java.base/java.net=ALL-UNNAMED --add-opens=java.base/java.util.concurrent.atomic=ALL-UNNAMED --add-opens=java.xml/javax.xml.namespace=ALL-UNNAMED -Xmx2048m -Dfile.encoding=UTF-8 -Duser.country=IN -Duser.language=en -Duser.variant -javaagent:C:\Users\user\.gradle\wrapper\dists\gradle-8.11.1-bin\bpt9gzteqjrbo1mjrsomdt32c\gradle-8.11.1\lib\agents\gradle-instrumentation-agent-8.11.1.jar 
java_command: org.gradle.launcher.daemon.bootstrap.GradleDaemon 8.11.1
java_class_path (initial): C:\Users\user\.gradle\wrapper\dists\gradle-8.11.1-bin\bpt9gzteqjrbo1mjrsomdt32c\gradle-8.11.1\lib\gradle-daemon-main-8.11.1.jar
Launcher Type: SUN_STANDARD

[Global flags]
     intx CICompilerCount                          = 4                                         {product} {ergonomic}
     uint ConcGCThreads                            = 2                                         {product} {ergonomic}
     uint G1ConcRefinementThreads                  = 8                                         {product} {ergonomic}
   size_t G1HeapRegionSize                         = 1048576                                   {product} {ergonomic}
    uintx GCDrainStackTargetSize                   = 64                                        {product} {ergonomic}
   size_t InitialHeapSize                          = 62914560                                  {product} {ergonomic}
   size_t MarkStackSize                            = 4194304                                   {product} {ergonomic}
   size_t MaxHeapSize                              = 2147483648                                {product} {command line}
   size_t MaxNewSize                               = 1287651328                                {product} {ergonomic}
   size_t MinHeapDeltaBytes                        = 1048576                                   {product} {ergonomic}
   size_t MinHeapSize                              = 8388608                                   {product} {ergonomic}
    uintx NonNMethodCodeHeapSize                   = 5839372                                {pd product} {ergonomic}
    uintx NonProfiledCodeHeapSize                  = 122909434                              {pd product} {ergonomic}
    uintx ProfiledCodeHeapSize                     = 122909434                              {pd product} {ergonomic}
    uintx ReservedCodeCacheSize                    = 251658240                              {pd product} {ergonomic}
     bool SegmentedCodeCache                       = true                                      {product} {ergonomic}
   size_t SoftMaxHeapSize                          = 2147483648                             {manageable} {ergonomic}
     bool UseCompressedOops                        = true                           {product lp64_product} {ergonomic}
     bool UseG1GC                                  = true                                      {product} {ergonomic}
     bool UseLargePagesIndividualAllocation        = false                                  {pd product} {ergonomic}

Logging:
Log output configuration:
 #0: stdout all=warning uptime,level,tags foldmultilines=false
 #1: stderr all=off uptime,level,tags foldmultilines=false

Environment Variables:
PATH=C:\Program Files\Common Files\Oracle\Java\javapath;C:\Windows\system32;C:\Windows;C:\Windows\System32\Wbem;C:\Windows\System32\WindowsPowerShell\v1.0\;C:\Windows\System32\OpenSSH\;C:\Program Files\Java\jdk-21\bin;C:\Program Files\MySQL\MySQL Server 8.0\bin;C:\Program Files\Git\cmd;C:\Program Files (x86)\GitExtensions\;C:\Program Files\dotnet\;C:\Program Files\nodejs\;C:\ProgramData\chocolatey\bin;C:\Program Files\apache-maven-3.9.9;C:\Program Files\MAVEN\apache-maven-3.9.9\bin;C:\Program Files\MySQL\MySQL Shell 8.0\bin\;C:\Users\user\AppData\Local\Microsoft\WindowsApps;C:\Users\user\AppData\Local\Programs\Microsoft VS Code\bin;C:\Users\user\AppData\Roaming\npm;C:\Platform-tools\platform-tools;
USERNAME=user
OS=Windows_NT
PROCESSOR_IDENTIFIER=Intel64 Family 6 Model 140 Stepping 1, GenuineIntel
TMP=C:\Users\user\AppData\Local\Temp
TEMP=C:\Users\user\AppData\Local\Temp




Periodic native trim disabled

JNI global refs:
JNI global refs: 28, weak refs: 4

JNI global refs memory usage: 835, weak refs: 833

Process memory usage:
Resident Set Size: 194000K (4% of 3910440K total physical memory with 60680K free physical memory)

OOME stack traces (most recent first):
Classloader memory used:
Loader org.gradle.internal.classloader.VisitableURLClassLoader                         : 36478K
Loader bootstrap                                                                       : 23335K
Loader org.gradle.initialization.MixInLegacyTypesClassLoader                           : 10883K
Loader org.gradle.internal.classloader.VisitableURLClassLoader                         : 948K
Loader org.gradle.internal.classloader.VisitableURLClassLoader$InstrumentingVisitableURLClassLoader: 699K
Loader jdk.internal.loader.ClassLoaders$PlatformClassLoader                            : 517K
Loader jdk.internal.reflect.DelegatingClassLoader                                      : 251K
Loader jdk.internal.loader.ClassLoaders$AppClassLoader                                 : 234K
Loader org.gradle.groovy.scripts.internal.DefaultScriptCompilationHandler$ScriptClassLoader: 90856B
Loader org.codehaus.groovy.runtime.callsite.CallSiteClassLoader                        : 48768B

Classes loaded by more than one classloader:
Class org.gradle.api.GradleException                                                  : loaded 3 times (x 79B)
Class Program                                                                         : loaded 3 times (x 69B)
Class org.gradle.api.internal.classpath.ManifestUtil                                  : loaded 2 times (x 68B)
Class org.jetbrains.plugins.gradle.model.GradleExtensions                             : loaded 2 times (x 67B)
Class org.jetbrains.plugins.gradle.model.AnnotationProcessingModel                    : loaded 2 times (x 67B)
Class org.gradle.internal.operations.MultipleBuildOperationFailures                   : loaded 2 times (x 92B)
Class org.jetbrains.kotlin.idea.gradleTooling.model.noarg.NoArgModel                  : loaded 2 times (x 67B)
Class org.gradle.internal.classloader.DefaultClassLoaderFactory                       : loaded 2 times (x 79B)
Class kotlin.collections.AbstractList$Companion                                       : loaded 2 times (x 68B)
Class org.gradle.internal.classloader.ClassLoaderVisitor                              : loaded 2 times (x 73B)
Class org.gradle.api.internal.classpath.EffectiveClassPath                            : loaded 2 times (x 87B)
Class org.gradle.tooling.internal.gradle.DefaultProjectIdentifier                     : loaded 2 times (x 83B)
Class org.jetbrains.kotlin.idea.gradleTooling.model.allopen.AllOpenModel              : loaded 2 times (x 67B)
Class org.gradle.api.internal.DefaultClassPathProvider                                : loaded 2 times (x 73B)
Class [Lorg.gradle.api.internal.ClassPathProvider;                                    : loaded 2 times (x 66B)
Class org.gradle.api.internal.ClassPathProvider                                       : loaded 2 times (x 67B)
Class org.gradle.internal.service.UnknownServiceException                             : loaded 2 times (x 80B)
Class org.jetbrains.kotlin.idea.gradleTooling.KotlinDslScriptAdditionalTask           : loaded 2 times (x 67B)
Class org.gradle.internal.classpath.TransformedClassPath                              : loaded 2 times (x 93B)
Class org.gradle.internal.classloader.InstrumentingClassLoader                        : loaded 2 times (x 67B)
Class kotlin.enums.EnumEntriesList                                                    : loaded 2 times (x 220B)
Class org.gradle.internal.classloader.ClassLoaderHierarchy                            : loaded 2 times (x 67B)
Class org.jetbrains.kotlin.idea.gradleTooling.KotlinSourceSetContainer                : loaded 2 times (x 67B)
Class org.gradle.internal.service.ServiceLocator                                      : loaded 2 times (x 67B)
Class org.jetbrains.kotlin.android.synthetic.idea.AndroidExtensionsGradleModel        : loaded 2 times (x 67B)
Class org.gradle.tooling.model.UnsupportedMethodException                             : loaded 2 times (x 79B)
Class org.gradle.internal.InternalTransformer                                         : loaded 2 times (x 67B)
Class org.gradle.internal.time.DefaultTimer                                           : loaded 2 times (x 77B)
Class org.gradle.internal.classloader.ClasspathUtil$1                                 : loaded 2 times (x 73B)
Class org.gradle.api.internal.classpath.DefaultModuleRegistry$DefaultModule           : loaded 2 times (x 83B)
Class org.jetbrains.kotlin.idea.gradleTooling.model.lombok.LombokModel                : loaded 2 times (x 67B)
Class org.gradle.internal.time.DefaultCountdownTimer                                  : loaded 2 times (x 85B)
Class org.gradle.tooling.internal.gradle.DefaultBuildIdentifier                       : loaded 2 times (x 76B)
Class kotlin.Function                                                                 : loaded 2 times (x 67B)
Class org.gradle.api.internal.classpath.Module                                        : loaded 2 times (x 67B)
Class org.gradle.api.internal.classpath.UnknownModuleException                        : loaded 2 times (x 79B)
Class com.intellij.openapi.externalSystem.model.project.dependencies.ProjectDependencies: loaded 2 times (x 67B)
Class org.gradle.tooling.internal.gradle.GradleProjectIdentity                        : loaded 2 times (x 67B)
Class org.gradle.api.internal.DefaultClassPathRegistry                                : loaded 2 times (x 73B)
Class org.gradle.api.internal.ClassPathRegistry                                       : loaded 2 times (x 67B)
Class org.gradle.internal.classpath.DefaultClassPath$ImmutableUniqueList              : loaded 2 times (x 196B)
Class org.jetbrains.plugins.gradle.model.IntelliJSettings                             : loaded 2 times (x 67B)
Class Settings_gradle$1                                                               : loaded 2 times (x 71B)
Class org.gradle.internal.classpath.ClassPath                                         : loaded 2 times (x 67B)
Class org.gradle.api.UncheckedIOException                                             : loaded 2 times (x 79B)
Class org.jetbrains.kotlin.idea.gradleTooling.KotlinGradleModel                       : loaded 2 times (x 67B)
Class org.gradle.tooling.model.Model                                                  : loaded 2 times (x 67B)
Class kotlin.UninitializedPropertyAccessException                                     : loaded 2 times (x 79B)
Class org.jetbrains.plugins.gradle.model.IntelliJProjectSettings                      : loaded 2 times (x 67B)
Class org.jetbrains.kotlin.idea.gradleTooling.model.annotation.AnnotationBasedPluginModel: loaded 2 times (x 67B)
Class org.gradle.internal.installation.GradleInstallation$1                           : loaded 2 times (x 72B)
Class org.gradle.api.internal.classpath.ModuleRegistry                                : loaded 2 times (x 67B)
Class org.jetbrains.plugins.gradle.model.VersionCatalogsModel                         : loaded 2 times (x 67B)
Class org.gradle.api.internal.classpath.DefaultModuleRegistry                         : loaded 2 times (x 83B)
Class org.gradle.internal.time.MonotonicClock                                         : loaded 2 times (x 74B)
Class org.gradle.internal.service.ServiceLookupException                              : loaded 2 times (x 79B)
Class org.gradle.internal.classloader.ClassLoaderFactory                              : loaded 2 times (x 67B)
Class org.gradle.internal.service.CachingServiceLocator                               : loaded 2 times (x 79B)
Class org.jetbrains.plugins.gradle.model.RepositoryModels                             : loaded 2 times (x 67B)
Class org.gradle.internal.time.TimeSource                                             : loaded 2 times (x 67B)
Class org.gradle.tooling.internal.gradle.GradleBuildIdentity                          : loaded 2 times (x 67B)
Class kotlin.enums.EnumEntries                                                        : loaded 2 times (x 67B)
Class org.gradle.internal.exceptions.ResolutionProvider                               : loaded 2 times (x 67B)
Class org.gradle.tooling.model.ProjectIdentifier                                      : loaded 2 times (x 67B)
Class org.gradle.internal.classloader.ClasspathUtil                                   : loaded 2 times (x 68B)
Class org.gradle.internal.time.TimeSource$1                                           : loaded 2 times (x 74B)
Class kotlin.jvm.internal.DefaultConstructorMarker                                    : loaded 2 times (x 68B)
Class org.gradle.api.specs.Spec                                                       : loaded 2 times (x 67B)
Class org.gradle.internal.time.Clock                                                  : loaded 2 times (x 67B)
Class org.jetbrains.plugins.gradle.model.jar.JarTaskManifestConfiguration             : loaded 2 times (x 67B)
Class kotlin.collections.AbstractList                                                 : loaded 2 times (x 194B)
Class kotlin.collections.AbstractCollection                                           : loaded 2 times (x 114B)
Class org.gradle.internal.classloader.VisitableURLClassLoader$InstrumentingVisitableURLClassLoader: loaded 2 times (x 120B)
Class org.gradle.internal.classloader.VisitableURLClassLoader$Spec                    : loaded 2 times (x 71B)
Class org.gradle.internal.classpath.DefaultClassPath                                  : loaded 2 times (x 87B)
Class org.gradle.internal.classloader.ClassLoaderSpec                                 : loaded 2 times (x 68B)
Class Settings_gradle$1$1                                                             : loaded 2 times (x 71B)
Class org.gradle.internal.classloader.VisitableURLClassLoader                         : loaded 2 times (x 114B)
Class Settings_gradle                                                                 : loaded 2 times (x 125B)
Class org.gradle.internal.Cast                                                        : loaded 2 times (x 68B)
Class org.gradle.api.Action                                                           : loaded 2 times (x 67B)
Class kotlin.jvm.functions.Function1                                                  : loaded 2 times (x 67B)
Class org.gradle.internal.classpath.DefaultClassPath$ImmutableUniqueList$Builder      : loaded 2 times (x 72B)
Class org.jetbrains.kotlin.idea.gradleTooling.model.samWithReceiver.SamWithReceiverModel: loaded 2 times (x 67B)
Class org.gradle.internal.classloader.FilteringClassLoader                            : loaded 2 times (x 102B)
Class org.gradle.internal.exceptions.NonGradleCauseExceptionsHolder                   : loaded 2 times (x 67B)
Class org.jetbrains.kotlin.idea.gradleTooling.model.assignment.AssignmentModel        : loaded 2 times (x 67B)
Class kotlin.enums.EnumEntriesKt                                                      : loaded 2 times (x 68B)
Class org.gradle.internal.IoActions                                                   : loaded 2 times (x 68B)
Class org.gradle.internal.classloader.SystemClassLoaderSpec                           : loaded 2 times (x 68B)
Class org.gradle.internal.exceptions.MultiCauseException                              : loaded 2 times (x 67B)
Class org.gradle.internal.time.CountdownTimer                                         : loaded 2 times (x 67B)
Class kotlin.jvm.internal.Intrinsics                                                  : loaded 2 times (x 68B)
Class org.jetbrains.kotlin.idea.gradleTooling.model.parcelize.ParcelizeGradleModel    : loaded 2 times (x 67B)
Class org.gradle.tooling.model.ProjectModel                                           : loaded 2 times (x 67B)
Class ijInit1_bf6mh7a1x9afcdw40dx5hzd0g                                               : loaded 2 times (x 176B)
Class kotlin.KotlinNullPointerException                                               : loaded 2 times (x 80B)
Class org.jetbrains.plugins.gradle.model.tests.ExternalTestsModel                     : loaded 2 times (x 67B)
Class org.gradle.internal.exceptions.DefaultMultiCauseException                       : loaded 2 times (x 92B)
Class sync_studio_tooling1718_8nti0eordejk44tdo8zio8z2y                               : loaded 2 times (x 176B)
Class org.gradle.internal.time.Time                                                   : loaded 2 times (x 68B)
Class org.jetbrains.plugins.gradle.model.DependencyAccessorsModel                     : loaded 2 times (x 67B)
Class org.gradle.api.internal.classpath.GlobalCacheRootsProvider                      : loaded 2 times (x 67B)
Class org.jetbrains.kotlin.idea.gradleTooling.KotlinMPPGradleModel                    : loaded 2 times (x 67B)
Class org.gradle.tooling.model.BuildIdentifier                                        : loaded 2 times (x 67B)
Class org.jetbrains.kotlin.idea.gradleTooling.PrepareKotlinIdeImportTaskModel         : loaded 2 times (x 67B)
Class org.gradle.internal.time.Timer                                                  : loaded 2 times (x 67B)
Class kotlin.jvm.internal.markers.KMappedMarker                                       : loaded 2 times (x 67B)
Class org.gradle.internal.installation.CurrentGradleInstallationLocator               : loaded 2 times (x 68B)
Class org.gradle.internal.service.DefaultServiceLocator                               : loaded 2 times (x 80B)
Class org.gradle.util.GradleVersion                                                   : loaded 2 times (x 80B)
Class org.gradle.internal.installation.CurrentGradleInstallation                      : loaded 2 times (x 70B)
Class org.gradle.util.internal.GUtil                                                  : loaded 2 times (x 68B)
Class org.gradle.internal.installation.GradleInstallation                             : loaded 2 times (x 72B)

---------------  S Y S T E M  ---------------

OS:
 Windows 10 , 64 bit Build 19041 (10.0.19041.5915)
OS uptime: 0 days 16:46 hours

CPU: total 8 (initial active 8) (4 cores per cpu, 2 threads per core) family 6 model 140 stepping 1 microcode 0xbc, cx8, cmov, fxsr, ht, mmx, 3dnowpref, sse, sse2, sse3, ssse3, sse4.1, sse4.2, popcnt, lzcnt, tsc, tscinvbit, avx, avx2, aes, erms, clmul, bmi1, bmi2, adx, avx512f, avx512dq, avx512cd, avx512bw, avx512vl, sha, fma, vzeroupper, avx512_vpopcntdq, avx512_vpclmulqdq, avx512_vaes, avx512_vnni, clflush, clflushopt, clwb, avx512_vbmi2, avx512_vbmi, rdtscp, rdpid, fsrm, gfni, avx512_bitalg, f16c, pku, cet_ibt, cet_ss, avx512_ifma
Processor Information for all 8 processors :
  Max Mhz: 2419, Current Mhz: 2419, Mhz Limit: 2419

Memory: 4k page, system-wide physical 3818M (56M free)
TotalPageFile size 15594M (AvailPageFile size 92M)
current process WorkingSet (physical memory assigned to process): 189M, peak: 233M
current process commit charge ("private bytes"): 412M, peak: 500M

vm_info: OpenJDK 64-Bit Server VM (21.0.3+-12282718-b509.11) for windows-amd64 JRE (21.0.3+-12282718-b509.11), built on 2024-08-27T17:34:15Z by "builder" with MS VC++ 16.10 / 16.11 (VS2019)

END.
