#
# There is insufficient memory for the Java Runtime Environment to continue.
# Native memory allocation (mmap) failed to map 34603008 bytes. Error detail: G1 virtual space
# Possible reasons:
#   The system is out of physical RAM or swap space
#   This process is running with CompressedOops enabled, and the Java Heap may be blocking the growth of the native heap
# Possible solutions:
#   Reduce memory load on the system
#   Increase physical memory or swap space
#   Check if swap backing store is full
#   Decrease Java heap size (-Xmx/-Xms)
#   Decrease number of Java threads
#   Decrease Java thread stack sizes (-Xss)
#   Set larger code cache with -XX:ReservedCodeCacheSize=
#   JVM is running with Unscaled Compressed Oops mode in which the Java heap is
#     placed in the first 4GB address space. The Java Heap base address is the
#     maximum limit for the native heap growth. Please use -XX:HeapBaseMinAddress
#     to set the Java Heap base and to place the Java Heap above 4GB virtual address.
# This output file may be truncated or incomplete.
#
#  Out of Memory Error (os_windows.cpp:3815), pid=10848, tid=7460
#
# JRE version: OpenJDK Runtime Environment (21.0.3) (build 21.0.3+-12282718-b509.11)
# Java VM: OpenJDK 64-Bit Server VM (21.0.3+-12282718-b509.11, mixed mode, tiered, compressed oops, compressed class ptrs, g1 gc, windows-amd64)
# No core dump will be written. Minidumps are not enabled by default on client versions of Windows
#

---------------  S U M M A R Y ------------

Command Line: --add-opens=java.base/java.lang=ALL-UNNAMED --add-opens=java.base/java.lang.invoke=ALL-UNNAMED --add-opens=java.base/java.util=ALL-UNNAMED --add-opens=java.prefs/java.util.prefs=ALL-UNNAMED --add-exports=jdk.compiler/com.sun.tools.javac.api=ALL-UNNAMED --add-exports=jdk.compiler/com.sun.tools.javac.util=ALL-UNNAMED --add-opens=java.base/java.util=ALL-UNNAMED --add-opens=java.prefs/java.util.prefs=ALL-UNNAMED --add-opens=java.base/java.nio.charset=ALL-UNNAMED --add-opens=java.base/java.net=ALL-UNNAMED --add-opens=java.base/java.util.concurrent.atomic=ALL-UNNAMED --add-opens=java.xml/javax.xml.namespace=ALL-UNNAMED -Xmx2048m -Dfile.encoding=UTF-8 -Duser.country=IN -Duser.language=en -Duser.variant -javaagent:C:\Users\user\.gradle\wrapper\dists\gradle-8.11.1-bin\bpt9gzteqjrbo1mjrsomdt32c\gradle-8.11.1\lib\agents\gradle-instrumentation-agent-8.11.1.jar org.gradle.launcher.daemon.bootstrap.GradleDaemon 8.11.1

Host: 11th Gen Intel(R) Core(TM) i5-1135G7 @ 2.40GHz, 8 cores, 3G,  Windows 10 , 64 bit Build 19041 (10.0.19041.5915)
Time: Sun Feb 22 17:49:06 2026 India Standard Time elapsed time: 6.380107 seconds (0d 0h 0m 6s)

---------------  T H R E A D  ---------------

Current thread (0x0000014b5cfd1940):  VMThread "VM Thread"          [id=7460, stack(0x0000003915d00000,0x0000003915e00000) (1024K)]

Stack: [0x0000003915d00000,0x0000003915e00000]
Native frames: (J=compiled Java code, j=interpreted, Vv=VM code, C=native code)
V  [jvm.dll+0x6cafb9]
V  [jvm.dll+0x858523]
V  [jvm.dll+0x85aa7e]
V  [jvm.dll+0x85b163]
V  [jvm.dll+0x27d356]
V  [jvm.dll+0x6c7865]
V  [jvm.dll+0x6bbd3a]
V  [jvm.dll+0x35199b]
V  [jvm.dll+0x3595d6]
V  [jvm.dll+0x3aa826]
V  [jvm.dll+0x3aaaf8]
V  [jvm.dll+0x3240bc]
V  [jvm.dll+0x326ac6]
V  [jvm.dll+0x33092e]
V  [jvm.dll+0x3680c5]
V  [jvm.dll+0x860ac8]
V  [jvm.dll+0x861bc4]
V  [jvm.dll+0x862100]
V  [jvm.dll+0x862393]
V  [jvm.dll+0x800d78]
V  [jvm.dll+0x6c98cd]
C  [ucrtbase.dll+0x21bb2]
C  [KERNEL32.DLL+0x17374]
C  [ntdll.dll+0x4cc91]

VM_Operation (0x00000039158ff660): G1PauseRemark, mode: safepoint, requested by thread 0x0000014b45968940


---------------  P R O C E S S  ---------------

Threads class SMR info:
_java_thread_list=0x0000014b6498a530, length=58, elements={
0x0000014b436042c0, 0x0000014b5d274560, 0x0000014b5d255090, 0x0000014b5d28e810,
0x0000014b5d28f270, 0x0000014b5d263860, 0x0000014b5d277770, 0x0000014b5d27cc20,
0x0000014b5d2b8dc0, 0x0000014b5d425ec0, 0x0000014b5d63e910, 0x0000014b632cfc30,
0x0000014b632b2000, 0x0000014b633775b0, 0x0000014b635b2d00, 0x0000014b635b3f90,
0x0000014b63502f30, 0x0000014b6365d8c0, 0x0000014b63722320, 0x0000014b63723040,
0x0000014b637229b0, 0x0000014b637236d0, 0x0000014b63723d60, 0x0000014b637243f0,
0x0000014b63721c90, 0x0000014b63720f70, 0x0000014b653e45a0, 0x0000014b653e52c0,
0x0000014b653e31f0, 0x0000014b653dfd70, 0x0000014b653e5950, 0x0000014b653e3f10,
0x0000014b653df050, 0x0000014b653e3880, 0x0000014b653e4c30, 0x0000014b653e5fe0,
0x0000014b653e24d0, 0x0000014b653e6670, 0x0000014b653e0400, 0x0000014b653e2b60,
0x0000014b653e1120, 0x0000014b653e17b0, 0x0000014b653e1e40, 0x0000014b6235f370,
0x0000014b6235c580, 0x0000014b6235bef0, 0x0000014b6235cc10, 0x0000014b6235dfc0,
0x0000014b6235d2a0, 0x0000014b6235e650, 0x0000014b6235d930, 0x0000014b6235ece0,
0x0000014b6472b9f0, 0x0000014b64729920, 0x0000014b64729fb0, 0x0000014b6472a640,
0x0000014b6472dac0, 0x0000014b6472acd0
}

Java Threads: ( => current thread )
  0x0000014b436042c0 JavaThread "main"                              [_thread_blocked, id=8700, stack(0x0000003915600000,0x0000003915700000) (1024K)]
  0x0000014b5d274560 JavaThread "Reference Handler"          daemon [_thread_blocked, id=15044, stack(0x0000003915e00000,0x0000003915f00000) (1024K)]
  0x0000014b5d255090 JavaThread "Finalizer"                  daemon [_thread_blocked, id=10608, stack(0x0000003915f00000,0x0000003916000000) (1024K)]
  0x0000014b5d28e810 JavaThread "Signal Dispatcher"          daemon [_thread_blocked, id=7004, stack(0x0000003916000000,0x0000003916100000) (1024K)]
  0x0000014b5d28f270 JavaThread "Attach Listener"            daemon [_thread_blocked, id=8276, stack(0x0000003916100000,0x0000003916200000) (1024K)]
  0x0000014b5d263860 JavaThread "Service Thread"             daemon [_thread_blocked, id=2560, stack(0x0000003916200000,0x0000003916300000) (1024K)]
  0x0000014b5d277770 JavaThread "Monitor Deflation Thread"   daemon [_thread_blocked, id=2984, stack(0x0000003916300000,0x0000003916400000) (1024K)]
  0x0000014b5d27cc20 JavaThread "C2 CompilerThread0"         daemon [_thread_in_native, id=6412, stack(0x0000003916400000,0x0000003916500000) (1024K)]
  0x0000014b5d2b8dc0 JavaThread "C1 CompilerThread0"         daemon [_thread_blocked, id=11288, stack(0x0000003916500000,0x0000003916600000) (1024K)]
  0x0000014b5d425ec0 JavaThread "Common-Cleaner"             daemon [_thread_blocked, id=10752, stack(0x0000003916600000,0x0000003916700000) (1024K)]
  0x0000014b5d63e910 JavaThread "Notification Thread"        daemon [_thread_blocked, id=9440, stack(0x0000003916700000,0x0000003916800000) (1024K)]
  0x0000014b632cfc30 JavaThread "Daemon health stats"               [_thread_blocked, id=10960, stack(0x0000003916c00000,0x0000003916d00000) (1024K)]
  0x0000014b632b2000 JavaThread "Incoming local TCP Connector on port 58793"        [_thread_in_native, id=1332, stack(0x0000003917000000,0x0000003917100000) (1024K)]
  0x0000014b633775b0 JavaThread "Daemon periodic checks"            [_thread_blocked, id=11788, stack(0x0000003917100000,0x0000003917200000) (1024K)]
  0x0000014b635b2d00 JavaThread "Daemon"                            [_thread_blocked, id=14372, stack(0x0000003917200000,0x0000003917300000) (1024K)]
  0x0000014b635b3f90 JavaThread "Handler for socket connection from /127.0.0.1:58793 to /127.0.0.1:58794"        [_thread_in_native, id=7968, stack(0x0000003917300000,0x0000003917400000) (1024K)]
  0x0000014b63502f30 JavaThread "Cancel handler"                    [_thread_blocked, id=7540, stack(0x0000003917400000,0x0000003917500000) (1024K)]
  0x0000014b6365d8c0 JavaThread "Daemon worker"                     [_thread_blocked, id=14928, stack(0x0000003917500000,0x0000003917600000) (1024K)]
  0x0000014b63722320 JavaThread "Asynchronous log dispatcher for DefaultDaemonConnection: socket connection from /127.0.0.1:58793 to /127.0.0.1:58794"        [_thread_blocked, id=3096, stack(0x0000003917600000,0x0000003917700000) (1024K)]
  0x0000014b63723040 JavaThread "Stdin handler"                     [_thread_blocked, id=15296, stack(0x0000003917700000,0x0000003917800000) (1024K)]
  0x0000014b637229b0 JavaThread "Daemon client event forwarder"        [_thread_blocked, id=4168, stack(0x0000003917800000,0x0000003917900000) (1024K)]
  0x0000014b637236d0 JavaThread "Cache worker for journal cache (C:\Users\user\.gradle\caches\journal-1)"        [_thread_blocked, id=11012, stack(0x0000003917a00000,0x0000003917b00000) (1024K)]
  0x0000014b63723d60 JavaThread "File lock request listener"        [_thread_in_native, id=2288, stack(0x0000003917b00000,0x0000003917c00000) (1024K)]
  0x0000014b637243f0 JavaThread "Cache worker for file hash cache (C:\Users\user\.gradle\caches\8.11.1\fileHashes)"        [_thread_blocked, id=3920, stack(0x0000003917c00000,0x0000003917d00000) (1024K)]
  0x0000014b63721c90 JavaThread "Cache worker for file content cache (C:\Users\user\.gradle\caches\8.11.1\fileContent)"        [_thread_blocked, id=15652, stack(0x0000003917d00000,0x0000003917e00000) (1024K)]
  0x0000014b63720f70 JavaThread "Cache worker for file hash cache (C:\Users\user\AndroidStudioProjects\ImageApp\.gradle\8.11.1\fileHashes)"        [_thread_blocked, id=1584, stack(0x0000003917e00000,0x0000003917f00000) (1024K)]
  0x0000014b653e45a0 JavaThread "Cache worker for Build Output Cleanup Cache (C:\Users\user\AndroidStudioProjects\ImageApp\.gradle\buildOutputCleanup)"        [_thread_blocked, id=1516, stack(0x0000003917f00000,0x0000003918000000) (1024K)]
  0x0000014b653e52c0 JavaThread "File watcher server"        daemon [_thread_in_native, id=1164, stack(0x0000003918000000,0x0000003918100000) (1024K)]
  0x0000014b653e31f0 JavaThread "File watcher consumer"      daemon [_thread_blocked, id=15384, stack(0x0000003918100000,0x0000003918200000) (1024K)]
  0x0000014b653dfd70 JavaThread "jar transforms"                    [_thread_blocked, id=13472, stack(0x0000003918200000,0x0000003918300000) (1024K)]
  0x0000014b653e5950 JavaThread "jar transforms Thread 2"           [_thread_blocked, id=9652, stack(0x0000003918300000,0x0000003918400000) (1024K)]
  0x0000014b653e3f10 JavaThread "jar transforms Thread 3"           [_thread_blocked, id=2584, stack(0x0000003918400000,0x0000003918500000) (1024K)]
  0x0000014b653df050 JavaThread "jar transforms Thread 4"           [_thread_blocked, id=8472, stack(0x0000003918500000,0x0000003918600000) (1024K)]
  0x0000014b653e3880 JavaThread "jar transforms Thread 5"           [_thread_blocked, id=13148, stack(0x0000003918600000,0x0000003918700000) (1024K)]
  0x0000014b653e4c30 JavaThread "jar transforms Thread 6"           [_thread_blocked, id=3772, stack(0x0000003918700000,0x0000003918800000) (1024K)]
  0x0000014b653e5fe0 JavaThread "jar transforms Thread 7"           [_thread_blocked, id=4604, stack(0x0000003918800000,0x0000003918900000) (1024K)]
  0x0000014b653e24d0 JavaThread "jar transforms Thread 8"           [_thread_blocked, id=15808, stack(0x0000003918900000,0x0000003918a00000) (1024K)]
  0x0000014b653e6670 JavaThread "Cache worker for checksums cache (C:\Users\user\AndroidStudioProjects\ImageApp\.gradle\8.11.1\checksums)"        [_thread_blocked, id=8532, stack(0x0000003918a00000,0x0000003918b00000) (1024K)]
  0x0000014b653e0400 JavaThread "Cache worker for cache directory md-rule (C:\Users\user\.gradle\caches\8.11.1\md-rule)"        [_thread_blocked, id=11100, stack(0x0000003918b00000,0x0000003918c00000) (1024K)]
  0x0000014b653e2b60 JavaThread "Cache worker for cache directory md-supplier (C:\Users\user\.gradle\caches\8.11.1\md-supplier)"        [_thread_blocked, id=16160, stack(0x0000003918c00000,0x0000003918d00000) (1024K)]
  0x0000014b653e1120 JavaThread "Unconstrained build operations"        [_thread_blocked, id=5172, stack(0x0000003918d00000,0x0000003918e00000) (1024K)]
  0x0000014b653e17b0 JavaThread "Unconstrained build operations Thread 2"        [_thread_blocked, id=488, stack(0x0000003918e00000,0x0000003918f00000) (1024K)]
  0x0000014b653e1e40 JavaThread "Unconstrained build operations Thread 3"        [_thread_blocked, id=2468, stack(0x0000003918f00000,0x0000003919000000) (1024K)]
  0x0000014b6235f370 JavaThread "Unconstrained build operations Thread 4"        [_thread_blocked, id=7252, stack(0x0000003919000000,0x0000003919100000) (1024K)]
  0x0000014b6235c580 JavaThread "Unconstrained build operations Thread 5"        [_thread_blocked, id=2860, stack(0x0000003919100000,0x0000003919200000) (1024K)]
  0x0000014b6235bef0 JavaThread "Unconstrained build operations Thread 6"        [_thread_blocked, id=15352, stack(0x0000003919200000,0x0000003919300000) (1024K)]
  0x0000014b6235cc10 JavaThread "Unconstrained build operations Thread 7"        [_thread_blocked, id=15964, stack(0x0000003919300000,0x0000003919400000) (1024K)]
  0x0000014b6235dfc0 JavaThread "Unconstrained build operations Thread 8"        [_thread_blocked, id=1804, stack(0x0000003919400000,0x0000003919500000) (1024K)]
  0x0000014b6235d2a0 JavaThread "Unconstrained build operations Thread 9"        [_thread_blocked, id=10956, stack(0x0000003919500000,0x0000003919600000) (1024K)]
  0x0000014b6235e650 JavaThread "Unconstrained build operations Thread 10"        [_thread_blocked, id=6424, stack(0x0000003919600000,0x0000003919700000) (1024K)]
  0x0000014b6235d930 JavaThread "Unconstrained build operations Thread 11"        [_thread_blocked, id=15976, stack(0x0000003919700000,0x0000003919800000) (1024K)]
  0x0000014b6235ece0 JavaThread "Unconstrained build operations Thread 12"        [_thread_blocked, id=4608, stack(0x0000003919800000,0x0000003919900000) (1024K)]
  0x0000014b6472b9f0 JavaThread "Unconstrained build operations Thread 13"        [_thread_blocked, id=10740, stack(0x0000003919900000,0x0000003919a00000) (1024K)]
  0x0000014b64729920 JavaThread "Unconstrained build operations Thread 14"        [_thread_blocked, id=8340, stack(0x0000003919a00000,0x0000003919b00000) (1024K)]
  0x0000014b64729fb0 JavaThread "Unconstrained build operations Thread 15"        [_thread_blocked, id=4396, stack(0x0000003919b00000,0x0000003919c00000) (1024K)]
  0x0000014b6472a640 JavaThread "Unconstrained build operations Thread 16"        [_thread_blocked, id=4092, stack(0x0000003919c00000,0x0000003919d00000) (1024K)]
  0x0000014b6472dac0 JavaThread "Unconstrained build operations Thread 17"        [_thread_blocked, id=13464, stack(0x0000003919d00000,0x0000003919e00000) (1024K)]
  0x0000014b6472acd0 JavaThread "Unconstrained build operations Thread 18"        [_thread_blocked, id=7360, stack(0x0000003919e00000,0x0000003919f00000) (1024K)]
Total: 58

Other Threads:
=>0x0000014b5cfd1940 VMThread "VM Thread"                           [id=7460, stack(0x0000003915d00000,0x0000003915e00000) (1024K)]
  0x0000014b5cf3b210 WatcherThread "VM Periodic Task Thread"        [id=16280, stack(0x0000003915c00000,0x0000003915d00000) (1024K)]
  0x0000014b45956a30 WorkerThread "GC Thread#0"                     [id=9644, stack(0x0000003915700000,0x0000003915800000) (1024K)]
  0x0000014b5d6b7500 WorkerThread "GC Thread#1"                     [id=1484, stack(0x0000003916800000,0x0000003916900000) (1024K)]
  0x0000014b5d74fd80 WorkerThread "GC Thread#2"                     [id=15784, stack(0x0000003916900000,0x0000003916a00000) (1024K)]
  0x0000014b62547ff0 WorkerThread "GC Thread#3"                     [id=11948, stack(0x0000003916a00000,0x0000003916b00000) (1024K)]
  0x0000014b6253ddd0 WorkerThread "GC Thread#4"                     [id=2840, stack(0x0000003916b00000,0x0000003916c00000) (1024K)]
  0x0000014b634cac90 WorkerThread "GC Thread#5"                     [id=12708, stack(0x0000003916d00000,0x0000003916e00000) (1024K)]
  0x0000014b634ca8f0 WorkerThread "GC Thread#6"                     [id=8992, stack(0x0000003916e00000,0x0000003916f00000) (1024K)]
  0x0000014b634cb3d0 WorkerThread "GC Thread#7"                     [id=10892, stack(0x0000003916f00000,0x0000003917000000) (1024K)]
  0x0000014b45968940 ConcurrentGCThread "G1 Main Marker"            [id=8788, stack(0x0000003915800000,0x0000003915900000) (1024K)]
  0x0000014b4596a9a0 WorkerThread "G1 Conc#0"                       [id=11048, stack(0x0000003915900000,0x0000003915a00000) (1024K)]
  0x0000014b634cbeb0 WorkerThread "G1 Conc#1"                       [id=15920, stack(0x0000003917900000,0x0000003917a00000) (1024K)]
  0x0000014b459cd330 ConcurrentGCThread "G1 Refine#0"               [id=2396, stack(0x0000003915a00000,0x0000003915b00000) (1024K)]
  0x0000014b459cdc50 ConcurrentGCThread "G1 Service"                [id=11256, stack(0x0000003915b00000,0x0000003915c00000) (1024K)]
Total: 15

Threads with active compile tasks:
C2 CompilerThread0     6408 5811   !   4       java.net.URLClassLoader::findClass (47 bytes)
Total: 1

VM state: at safepoint (normal execution)

VM Mutex/Monitor currently owned by a thread:  ([mutex/lock_event])
[0x00007ffa78ca20c8] Threads_lock - owner thread: 0x0000014b5cfd1940
[0x00007ffa78ca21c8] Heap_lock - owner thread: 0x0000014b45968940

Heap address: 0x0000000080000000, size: 2048 MB, Compressed Oops mode: 32-bit

CDS archive(s) not mapped
Compressed class space mapped at: 0x0000000100000000-0x0000000140000000, reserved size: 1073741824
Narrow klass base: 0x0000000000000000, Narrow klass shift: 3, Narrow klass range: 0x140000000

GC Precious Log:
 CardTable entry size: 512
 Card Set container configuration: InlinePtr #cards 5 size 8 Array Of Cards #cards 12 size 40 Howl #buckets 4 coarsen threshold 1843 Howl Bitmap #cards 512 size 80 coarsen threshold 460 Card regions per heap region 1 cards per card region 2048
 CPUs: 8 total, 8 available
 Memory: 3818M
 Large Page Support: Disabled
 NUMA Support: Disabled
 Compressed Oops: Enabled (32-bit)
 Heap Region Size: 1M
 Heap Min Capacity: 8M
 Heap Initial Capacity: 60M
 Heap Max Capacity: 2G
 Pre-touch: Disabled
 Parallel Workers: 8
 Concurrent Workers: 2
 Concurrent Refinement Workers: 8
 Periodic GC: Disabled

Heap:
 garbage-first heap   total 109568K, used 83574K [0x0000000080000000, 0x0000000100000000)
  region size 1024K, 8 young (8192K), 1 survivors (1024K)
 Metaspace       used 59166K, committed 60800K, reserved 1114112K
  class space    used 8010K, committed 8832K, reserved 1048576K

Heap Regions: E=young(eden), S=young(survivor), O=old, HS=humongous(starts), HC=humongous(continues), CS=collection set, F=free, TAMS=top-at-mark-start, PB=parsable bottom
|   0|0x0000000080000000, 0x0000000080100000, 0x0000000080100000|100%| O|  |TAMS 0x0000000080100000| PB 0x0000000080100000| Updating 
|   1|0x0000000080100000, 0x0000000080200000, 0x0000000080200000|100%|HS|  |TAMS 0x0000000080200000| PB 0x0000000080100000| Complete 
|   2|0x0000000080200000, 0x0000000080300000, 0x0000000080300000|100%|HC|  |TAMS 0x0000000080300000| PB 0x0000000080200000| Complete 
|   3|0x0000000080300000, 0x0000000080400000, 0x0000000080400000|100%|HC|  |TAMS 0x0000000080400000| PB 0x0000000080300000| Complete 
|   4|0x0000000080400000, 0x0000000080500000, 0x0000000080500000|100%| O|  |TAMS 0x0000000080500000| PB 0x0000000080500000| Updating 
|   5|0x0000000080500000, 0x0000000080600000, 0x0000000080600000|100%| O|  |TAMS 0x0000000080600000| PB 0x0000000080600000| Untracked 
|   6|0x0000000080600000, 0x0000000080700000, 0x0000000080700000|100%| O|  |TAMS 0x0000000080700000| PB 0x0000000080700000| Untracked 
|   7|0x0000000080700000, 0x0000000080800000, 0x0000000080800000|100%| O|  |TAMS 0x0000000080800000| PB 0x0000000080800000| Untracked 
|   8|0x0000000080800000, 0x0000000080900000, 0x0000000080900000|100%| O|  |TAMS 0x0000000080900000| PB 0x0000000080900000| Untracked 
|   9|0x0000000080900000, 0x0000000080a00000, 0x0000000080a00000|100%| O|  |TAMS 0x0000000080a00000| PB 0x0000000080a00000| Untracked 
|  10|0x0000000080a00000, 0x0000000080b00000, 0x0000000080b00000|100%| O|  |TAMS 0x0000000080b00000| PB 0x0000000080b00000| Untracked 
|  11|0x0000000080b00000, 0x0000000080c00000, 0x0000000080c00000|100%|HS|  |TAMS 0x0000000080c00000| PB 0x0000000080b00000| Complete 
|  12|0x0000000080c00000, 0x0000000080d00000, 0x0000000080d00000|100%| O|  |TAMS 0x0000000080d00000| PB 0x0000000080d00000| Untracked 
|  13|0x0000000080d00000, 0x0000000080e00000, 0x0000000080e00000|100%| O|  |TAMS 0x0000000080e00000| PB 0x0000000080e00000| Untracked 
|  14|0x0000000080e00000, 0x0000000080f00000, 0x0000000080f00000|100%| O|  |TAMS 0x0000000080f00000| PB 0x0000000080f00000| Untracked 
|  15|0x0000000080f00000, 0x0000000081000000, 0x0000000081000000|100%| O|  |TAMS 0x0000000081000000| PB 0x0000000081000000| Untracked 
|  16|0x0000000081000000, 0x0000000081100000, 0x0000000081100000|100%| O|  |TAMS 0x0000000081100000| PB 0x0000000081100000| Untracked 
|  17|0x0000000081100000, 0x0000000081200000, 0x0000000081200000|100%| O|  |TAMS 0x0000000081200000| PB 0x0000000081200000| Untracked 
|  18|0x0000000081200000, 0x0000000081300000, 0x0000000081300000|100%| O|  |TAMS 0x0000000081300000| PB 0x0000000081300000| Updating 
|  19|0x0000000081300000, 0x0000000081400000, 0x0000000081400000|100%| O|  |TAMS 0x0000000081400000| PB 0x0000000081400000| Untracked 
|  20|0x0000000081400000, 0x0000000081500000, 0x0000000081500000|100%| O|  |TAMS 0x0000000081500000| PB 0x0000000081500000| Untracked 
|  21|0x0000000081500000, 0x0000000081600000, 0x0000000081600000|100%| O|  |TAMS 0x0000000081600000| PB 0x0000000081600000| Untracked 
|  22|0x0000000081600000, 0x0000000081700000, 0x0000000081700000|100%|HS|  |TAMS 0x0000000081700000| PB 0x0000000081600000| Complete 
|  23|0x0000000081700000, 0x0000000081800000, 0x0000000081800000|100%|HC|  |TAMS 0x0000000081800000| PB 0x0000000081700000| Complete 
|  24|0x0000000081800000, 0x0000000081900000, 0x0000000081900000|100%|HC|  |TAMS 0x0000000081900000| PB 0x0000000081800000| Complete 
|  25|0x0000000081900000, 0x0000000081a00000, 0x0000000081a00000|100%| O|  |TAMS 0x0000000081a00000| PB 0x0000000081a00000| Untracked 
|  26|0x0000000081a00000, 0x0000000081b00000, 0x0000000081b00000|100%| O|  |TAMS 0x0000000081b00000| PB 0x0000000081b00000| Updating 
|  27|0x0000000081b00000, 0x0000000081c00000, 0x0000000081c00000|100%|HS|  |TAMS 0x0000000081c00000| PB 0x0000000081b00000| Complete 
|  28|0x0000000081c00000, 0x0000000081d00000, 0x0000000081d00000|100%|HC|  |TAMS 0x0000000081d00000| PB 0x0000000081c00000| Complete 
|  29|0x0000000081d00000, 0x0000000081e00000, 0x0000000081e00000|100%|HS|  |TAMS 0x0000000081e00000| PB 0x0000000081d00000| Complete 
|  30|0x0000000081e00000, 0x0000000081f00000, 0x0000000081f00000|100%| O|  |TAMS 0x0000000081f00000| PB 0x0000000081f00000| Untracked 
|  31|0x0000000081f00000, 0x0000000082000000, 0x0000000082000000|100%|HS|  |TAMS 0x0000000082000000| PB 0x0000000081f00000| Complete 
|  32|0x0000000082000000, 0x0000000082100000, 0x0000000082100000|100%|HC|  |TAMS 0x0000000082100000| PB 0x0000000082000000| Complete 
|  33|0x0000000082100000, 0x0000000082200000, 0x0000000082200000|100%|HC|  |TAMS 0x0000000082200000| PB 0x0000000082100000| Complete 
|  34|0x0000000082200000, 0x0000000082300000, 0x0000000082300000|100%|HC|  |TAMS 0x0000000082300000| PB 0x0000000082200000| Complete 
|  35|0x0000000082300000, 0x0000000082400000, 0x0000000082400000|100%|HC|  |TAMS 0x0000000082400000| PB 0x0000000082300000| Complete 
|  36|0x0000000082400000, 0x0000000082500000, 0x0000000082500000|100%|HC|  |TAMS 0x0000000082500000| PB 0x0000000082400000| Complete 
|  37|0x0000000082500000, 0x0000000082600000, 0x0000000082600000|100%| O|  |TAMS 0x0000000082600000| PB 0x0000000082600000| Updating 
|  38|0x0000000082600000, 0x0000000082700000, 0x0000000082700000|100%| O|  |TAMS 0x0000000082700000| PB 0x0000000082700000| Updating 
|  39|0x0000000082700000, 0x0000000082800000, 0x0000000082800000|100%| O|  |TAMS 0x0000000082800000| PB 0x0000000082800000| Untracked 
|  40|0x0000000082800000, 0x0000000082900000, 0x0000000082900000|100%| O|  |TAMS 0x0000000082900000| PB 0x0000000082900000| Updating 
|  41|0x0000000082900000, 0x0000000082a00000, 0x0000000082a00000|100%| O|  |TAMS 0x0000000082900000| PB 0x0000000082900000| Untracked 
|  42|0x0000000082a00000, 0x0000000082b00000, 0x0000000082b00000|100%| O|  |TAMS 0x0000000082b00000| PB 0x0000000082b00000| Untracked 
|  43|0x0000000082b00000, 0x0000000082c00000, 0x0000000082c00000|100%| O|  |TAMS 0x0000000082c00000| PB 0x0000000082c00000| Untracked 
|  44|0x0000000082c00000, 0x0000000082d00000, 0x0000000082d00000|100%| O|  |TAMS 0x0000000082d00000| PB 0x0000000082d00000| Untracked 
|  45|0x0000000082d00000, 0x0000000082e00000, 0x0000000082e00000|100%| O|  |TAMS 0x0000000082e00000| PB 0x0000000082e00000| Untracked 
|  46|0x0000000082e00000, 0x0000000082f00000, 0x0000000082f00000|100%| O|  |TAMS 0x0000000082f00000| PB 0x0000000082f00000| Updating 
|  47|0x0000000082f00000, 0x0000000083000000, 0x0000000083000000|100%| O|  |TAMS 0x0000000083000000| PB 0x0000000083000000| Updating 
|  48|0x0000000083000000, 0x0000000083100000, 0x0000000083100000|100%|HS|  |TAMS 0x0000000083100000| PB 0x0000000083000000| Complete 
|  49|0x0000000083100000, 0x0000000083200000, 0x0000000083200000|100%|HC|  |TAMS 0x0000000083200000| PB 0x0000000083100000| Complete 
|  50|0x0000000083200000, 0x0000000083300000, 0x0000000083300000|100%| O|  |TAMS 0x0000000083300000| PB 0x0000000083300000| Untracked 
|  51|0x0000000083300000, 0x0000000083400000, 0x0000000083400000|100%| O|  |TAMS 0x0000000083400000| PB 0x0000000083400000| Untracked 
|  52|0x0000000083400000, 0x0000000083500000, 0x0000000083500000|100%| O|  |TAMS 0x0000000083500000| PB 0x0000000083500000| Untracked 
|  53|0x0000000083500000, 0x0000000083600000, 0x0000000083600000|100%| O|  |TAMS 0x0000000083500000| PB 0x0000000083500000| Untracked 
|  54|0x0000000083600000, 0x0000000083700000, 0x0000000083700000|100%| O|  |TAMS 0x0000000083600000| PB 0x0000000083600000| Untracked 
|  55|0x0000000083700000, 0x000000008371b0d8, 0x0000000083800000| 10%| O|  |TAMS 0x0000000083700000| PB 0x0000000083700000| Updating 
|  56|0x0000000083800000, 0x0000000083800000, 0x0000000083900000|  0%| F|  |TAMS 0x0000000083800000| PB 0x0000000083800000| Untracked 
|  57|0x0000000083900000, 0x0000000083900000, 0x0000000083a00000|  0%| F|  |TAMS 0x0000000083900000| PB 0x0000000083900000| Untracked 
|  58|0x0000000083a00000, 0x0000000083a00000, 0x0000000083b00000|  0%| F|  |TAMS 0x0000000083a00000| PB 0x0000000083a00000| Untracked 
|  59|0x0000000083b00000, 0x0000000083b00000, 0x0000000083c00000|  0%| F|  |TAMS 0x0000000083b00000| PB 0x0000000083b00000| Untracked 
|  60|0x0000000083c00000, 0x0000000083c00000, 0x0000000083d00000|  0%| F|  |TAMS 0x0000000083c00000| PB 0x0000000083c00000| Untracked 
|  61|0x0000000083d00000, 0x0000000083d00000, 0x0000000083e00000|  0%| F|  |TAMS 0x0000000083d00000| PB 0x0000000083d00000| Untracked 
|  62|0x0000000083e00000, 0x0000000083e82870, 0x0000000083f00000| 50%| S|CS|TAMS 0x0000000083e00000| PB 0x0000000083e00000| Complete 
|  63|0x0000000083f00000, 0x0000000084000000, 0x0000000084000000|100%|HS|  |TAMS 0x0000000084000000| PB 0x0000000083f00000| Complete 
|  64|0x0000000084000000, 0x0000000084100000, 0x0000000084100000|100%|HC|  |TAMS 0x0000000084100000| PB 0x0000000084000000| Complete 
|  65|0x0000000084100000, 0x0000000084200000, 0x0000000084200000|100%|HC|  |TAMS 0x0000000084200000| PB 0x0000000084100000| Complete 
|  66|0x0000000084200000, 0x0000000084300000, 0x0000000084300000|100%|HC|  |TAMS 0x0000000084300000| PB 0x0000000084200000| Complete 
|  67|0x0000000084300000, 0x0000000084400000, 0x0000000084400000|100%|HC|  |TAMS 0x0000000084400000| PB 0x0000000084300000| Complete 
|  68|0x0000000084400000, 0x0000000084500000, 0x0000000084500000|100%|HC|  |TAMS 0x0000000084500000| PB 0x0000000084400000| Complete 
|  69|0x0000000084500000, 0x0000000084600000, 0x0000000084600000|100%|HS|  |TAMS 0x0000000084600000| PB 0x0000000084500000| Complete 
|  70|0x0000000084600000, 0x0000000084700000, 0x0000000084700000|100%|HC|  |TAMS 0x0000000084700000| PB 0x0000000084600000| Complete 
|  71|0x0000000084700000, 0x0000000084800000, 0x0000000084800000|100%|HC|  |TAMS 0x0000000084800000| PB 0x0000000084700000| Complete 
|  72|0x0000000084800000, 0x0000000084900000, 0x0000000084900000|100%|HC|  |TAMS 0x0000000084900000| PB 0x0000000084800000| Complete 
|  73|0x0000000084900000, 0x0000000084a00000, 0x0000000084a00000|100%|HC|  |TAMS 0x0000000084a00000| PB 0x0000000084900000| Complete 
|  74|0x0000000084a00000, 0x0000000084b00000, 0x0000000084b00000|100%|HC|  |TAMS 0x0000000084b00000| PB 0x0000000084a00000| Complete 
|  75|0x0000000084b00000, 0x0000000084b00000, 0x0000000084c00000|  0%| F|  |TAMS 0x0000000084b00000| PB 0x0000000084b00000| Untracked 
|  76|0x0000000084c00000, 0x0000000084c00000, 0x0000000084d00000|  0%| F|  |TAMS 0x0000000084c00000| PB 0x0000000084c00000| Untracked 
|  77|0x0000000084d00000, 0x0000000084d00000, 0x0000000084e00000|  0%| F|  |TAMS 0x0000000084d00000| PB 0x0000000084d00000| Untracked 
|  78|0x0000000084e00000, 0x0000000084e00000, 0x0000000084f00000|  0%| F|  |TAMS 0x0000000084e00000| PB 0x0000000084e00000| Untracked 
|  79|0x0000000084f00000, 0x0000000084f00000, 0x0000000085000000|  0%| F|  |TAMS 0x0000000084f00000| PB 0x0000000084f00000| Untracked 
|  80|0x0000000085000000, 0x0000000085000000, 0x0000000085100000|  0%| F|  |TAMS 0x0000000085000000| PB 0x0000000085000000| Untracked 
|  81|0x0000000085100000, 0x0000000085100000, 0x0000000085200000|  0%| F|  |TAMS 0x0000000085100000| PB 0x0000000085100000| Untracked 
|  82|0x0000000085200000, 0x0000000085200000, 0x0000000085300000|  0%| F|  |TAMS 0x0000000085200000| PB 0x0000000085200000| Untracked 
|  83|0x0000000085300000, 0x0000000085300000, 0x0000000085400000|  0%| F|  |TAMS 0x0000000085300000| PB 0x0000000085300000| Untracked 
|  84|0x0000000085400000, 0x0000000085400000, 0x0000000085500000|  0%| F|  |TAMS 0x0000000085400000| PB 0x0000000085400000| Untracked 
|  85|0x0000000085500000, 0x0000000085500000, 0x0000000085600000|  0%| F|  |TAMS 0x0000000085500000| PB 0x0000000085500000| Untracked 
|  86|0x0000000085600000, 0x0000000085600000, 0x0000000085700000|  0%| F|  |TAMS 0x0000000085600000| PB 0x0000000085600000| Untracked 
|  87|0x0000000085700000, 0x0000000085700000, 0x0000000085800000|  0%| F|  |TAMS 0x0000000085700000| PB 0x0000000085700000| Untracked 
|  88|0x0000000085800000, 0x0000000085800000, 0x0000000085900000|  0%| F|  |TAMS 0x0000000085800000| PB 0x0000000085800000| Untracked 
|  89|0x0000000085900000, 0x0000000085900000, 0x0000000085a00000|  0%| F|  |TAMS 0x0000000085900000| PB 0x0000000085900000| Untracked 
|  90|0x0000000085a00000, 0x0000000085a00000, 0x0000000085b00000|  0%| F|  |TAMS 0x0000000085a00000| PB 0x0000000085a00000| Untracked 
|  91|0x0000000085b00000, 0x0000000085b00000, 0x0000000085c00000|  0%| F|  |TAMS 0x0000000085b00000| PB 0x0000000085b00000| Untracked 
|  92|0x0000000085c00000, 0x0000000085ceca98, 0x0000000085d00000| 92%| E|  |TAMS 0x0000000085c00000| PB 0x0000000085c00000| Complete 
|  93|0x0000000085d00000, 0x0000000085e00000, 0x0000000085e00000|100%| E|CS|TAMS 0x0000000085d00000| PB 0x0000000085d00000| Complete 
|  94|0x0000000085e00000, 0x0000000085f00000, 0x0000000085f00000|100%| E|CS|TAMS 0x0000000085e00000| PB 0x0000000085e00000| Complete 
|  95|0x0000000085f00000, 0x0000000086000000, 0x0000000086000000|100%| E|CS|TAMS 0x0000000085f00000| PB 0x0000000085f00000| Complete 
|  96|0x0000000086000000, 0x0000000086100000, 0x0000000086100000|100%| E|CS|TAMS 0x0000000086000000| PB 0x0000000086000000| Complete 
|  97|0x0000000086100000, 0x0000000086200000, 0x0000000086200000|100%| E|CS|TAMS 0x0000000086100000| PB 0x0000000086100000| Complete 
|  98|0x0000000086200000, 0x0000000086300000, 0x0000000086300000|100%| E|CS|TAMS 0x0000000086200000| PB 0x0000000086200000| Complete 
|2040|0x00000000ff800000, 0x00000000ff900000, 0x00000000ff900000|100%| O|  |TAMS 0x00000000ff815b58| PB 0x00000000ff815b58| Untracked 
|2041|0x00000000ff900000, 0x00000000ffa00000, 0x00000000ffa00000|100%| O|  |TAMS 0x00000000ffa00000| PB 0x00000000ffa00000| Updating 
|2042|0x00000000ffa00000, 0x00000000ffb00000, 0x00000000ffb00000|100%| O|  |TAMS 0x00000000ffb00000| PB 0x00000000ffb00000| Untracked 
|2043|0x00000000ffb00000, 0x00000000ffc00000, 0x00000000ffc00000|100%| O|  |TAMS 0x00000000ffc00000| PB 0x00000000ffc00000| Untracked 
|2044|0x00000000ffc00000, 0x00000000ffd00000, 0x00000000ffd00000|100%| O|  |TAMS 0x00000000ffd00000| PB 0x00000000ffd00000| Untracked 
|2045|0x00000000ffd00000, 0x00000000ffe00000, 0x00000000ffe00000|100%| O|  |TAMS 0x00000000ffe00000| PB 0x00000000ffe00000| Untracked 
|2046|0x00000000ffe00000, 0x00000000fff00000, 0x00000000fff00000|100%| O|  |TAMS 0x00000000fff00000| PB 0x00000000fff00000| Updating 
|2047|0x00000000fff00000, 0x0000000100000000, 0x0000000100000000|100%| O|  |TAMS 0x0000000100000000| PB 0x0000000100000000| Untracked 

Card table byte_map: [0x0000014b58190000,0x0000014b58590000] _byte_map_base: 0x0000014b57d90000

Marking Bits: (CMBitMap*) 0x0000014b45956ee0
 Bits: [0x0000014b58590000, 0x0000014b5a590000)

Polling page: 0x0000014b43870000

Metaspace:

Usage:
  Non-class:     49.96 MB used.
      Class:      7.82 MB used.
       Both:     57.78 MB used.

Virtual space:
  Non-class space:       64.00 MB reserved,      50.75 MB ( 79%) committed,  1 nodes.
      Class space:        1.00 GB reserved,       8.62 MB ( <1%) committed,  1 nodes.
             Both:        1.06 GB reserved,      59.38 MB (  5%) committed. 

Chunk freelists:
   Non-Class:  12.41 MB
       Class:  7.30 MB
        Both:  19.70 MB

MaxMetaspaceSize: unlimited
CompressedClassSpaceSize: 1.00 GB
Initial GC threshold: 21.00 MB
Current GC threshold: 90.56 MB
CDS: off
 - commit_granule_bytes: 65536.
 - commit_granule_words: 8192.
 - virtual_space_node_default_size: 8388608.
 - enlarge_chunks_in_place: 1.
 - use_allocation_guard: 0.


Internal statistics:

num_allocs_failed_limit: 3.
num_arena_births: 2898.
num_arena_deaths: 0.
num_vsnodes_births: 2.
num_vsnodes_deaths: 0.
num_space_committed: 950.
num_space_uncommitted: 0.
num_chunks_returned_to_freelist: 3.
num_chunks_taken_from_freelist: 5320.
num_chunk_merges: 3.
num_chunk_splits: 3399.
num_chunks_enlarged: 2056.
num_inconsistent_stats: 0.

CodeHeap 'non-profiled nmethods': size=120000Kb used=2382Kb max_used=2475Kb free=117617Kb
 bounds [0x0000014b50520000, 0x0000014b50790000, 0x0000014b57a50000]
CodeHeap 'profiled nmethods': size=120000Kb used=9676Kb max_used=10136Kb free=110323Kb
 bounds [0x0000014b48a50000, 0x0000014b49440000, 0x0000014b4ff80000]
CodeHeap 'non-nmethods': size=5760Kb used=2935Kb max_used=2957Kb free=2824Kb
 bounds [0x0000014b4ff80000, 0x0000014b50270000, 0x0000014b50520000]
 total_blobs=5896 nmethods=5039 adapters=761
 compilation: enabled
              stopped_count=0, restarted_count=0
 full_count=0

Compilation events (20 events):
Event: 6.338 Thread 0x0000014b5d2b8dc0 5853       3       org.gradle.api.specs.NotSpec::isSatisfiedBy (19 bytes)
Event: 6.338 Thread 0x0000014b5d2b8dc0 nmethod 5853 0x0000014b4942fb90 code [0x0000014b4942fd40, 0x0000014b4942ff60]
Event: 6.338 Thread 0x0000014b5d2b8dc0 5854       3       org.gradle.api.internal.DependencyClassPathProvider$$Lambda/0x00000001008b06e0::isSatisfiedBy (8 bytes)
Event: 6.338 Thread 0x0000014b5d2b8dc0 nmethod 5854 0x0000014b49430010 code [0x0000014b494301e0, 0x0000014b49430538]
Event: 6.348 Thread 0x0000014b5d2b8dc0 5856       3       org.gradle.internal.classpath.DefaultClassPath$ImmutableUniqueList::contains (11 bytes)
Event: 6.349 Thread 0x0000014b5d2b8dc0 nmethod 5856 0x0000014b49430690 code [0x0000014b49430840, 0x0000014b49430a10]
Event: 6.353 Thread 0x0000014b5d2b8dc0 5857       3       java.util.zip.ZipFile$Source$Key::hashCode (46 bytes)
Event: 6.354 Thread 0x0000014b5d2b8dc0 nmethod 5857 0x0000014b49430b10 code [0x0000014b49430d20, 0x0000014b49431140]
Event: 6.357 Thread 0x0000014b5d2b8dc0 5858       3       kotlin.text.StringsKt__StringsJVMKt::startsWith$default (15 bytes)
Event: 6.358 Thread 0x0000014b5d2b8dc0 nmethod 5858 0x0000014b49431390 code [0x0000014b49431540, 0x0000014b49431698]
Event: 6.358 Thread 0x0000014b5d2b8dc0 5859       3       kotlin.text.StringsKt__StringsJVMKt::startsWith (36 bytes)
Event: 6.358 Thread 0x0000014b5d2b8dc0 nmethod 5859 0x0000014b49431790 code [0x0000014b49431a60, 0x0000014b494326b8]
Event: 6.358 Thread 0x0000014b5d2b8dc0 5860       3       kotlin.jvm.internal.Intrinsics::checkNotNullExpressionValue (38 bytes)
Event: 6.359 Thread 0x0000014b5d2b8dc0 nmethod 5860 0x0000014b49432b90 code [0x0000014b49432e00, 0x0000014b49433638]
Event: 6.359 Thread 0x0000014b5d2b8dc0 5861       3       java.io.WinNTFileSystem::fromURIPath (89 bytes)
Event: 6.360 Thread 0x0000014b5d2b8dc0 nmethod 5861 0x0000014b49433990 code [0x0000014b49433cc0, 0x0000014b49434f88]
Event: 6.360 Thread 0x0000014b5d2b8dc0 5862       3       kotlin.jvm.internal.Intrinsics::areEqual (22 bytes)
Event: 6.360 Thread 0x0000014b5d2b8dc0 nmethod 5862 0x0000014b49435690 code [0x0000014b49435840, 0x0000014b49435a98]
Event: 6.360 Thread 0x0000014b5d2b8dc0 5863       3       org.gradle.kotlin.dsl.provider.ClassLoaderClassPathCache::access$fileFrom (6 bytes)
Event: 6.360 Thread 0x0000014b5d2b8dc0 nmethod 5863 0x0000014b49435b90 code [0x0000014b49435d60, 0x0000014b49435fd8]

GC Heap History (20 events):
Event: 3.483 GC heap before
{Heap before GC invocations=9 (full 0):
 garbage-first heap   total 73728K, used 45466K [0x0000000080000000, 0x0000000100000000)
  region size 1024K, 15 young (15360K), 4 survivors (4096K)
 Metaspace       used 35029K, committed 35904K, reserved 1114112K
  class space    used 4761K, committed 5184K, reserved 1048576K
}
Event: 3.488 GC heap after
{Heap after GC invocations=10 (full 0):
 garbage-first heap   total 73728K, used 37814K [0x0000000080000000, 0x0000000100000000)
  region size 1024K, 5 young (5120K), 5 survivors (5120K)
 Metaspace       used 35029K, committed 35904K, reserved 1114112K
  class space    used 4761K, committed 5184K, reserved 1048576K
}
Event: 3.881 GC heap before
{Heap before GC invocations=11 (full 0):
 garbage-first heap   total 73728K, used 65462K [0x0000000080000000, 0x0000000100000000)
  region size 1024K, 29 young (29696K), 5 survivors (5120K)
 Metaspace       used 37964K, committed 38848K, reserved 1114112K
  class space    used 5199K, committed 5632K, reserved 1048576K
}
Event: 3.887 GC heap after
{Heap after GC invocations=12 (full 0):
 garbage-first heap   total 74752K, used 44106K [0x0000000080000000, 0x0000000100000000)
  region size 1024K, 4 young (4096K), 4 survivors (4096K)
 Metaspace       used 37964K, committed 38848K, reserved 1114112K
  class space    used 5199K, committed 5632K, reserved 1048576K
}
Event: 4.153 GC heap before
{Heap before GC invocations=12 (full 0):
 garbage-first heap   total 74752K, used 64586K [0x0000000080000000, 0x0000000100000000)
  region size 1024K, 24 young (24576K), 4 survivors (4096K)
 Metaspace       used 40338K, committed 41408K, reserved 1114112K
  class space    used 5605K, committed 6144K, reserved 1048576K
}
Event: 4.156 GC heap after
{Heap after GC invocations=13 (full 0):
 garbage-first heap   total 74752K, used 44875K [0x0000000080000000, 0x0000000100000000)
  region size 1024K, 2 young (2048K), 2 survivors (2048K)
 Metaspace       used 40338K, committed 41408K, reserved 1114112K
  class space    used 5605K, committed 6144K, reserved 1048576K
}
Event: 4.448 GC heap before
{Heap before GC invocations=13 (full 0):
 garbage-first heap   total 74752K, used 66379K [0x0000000080000000, 0x0000000100000000)
  region size 1024K, 23 young (23552K), 2 survivors (2048K)
 Metaspace       used 43465K, committed 44672K, reserved 1114112K
  class space    used 6125K, committed 6720K, reserved 1048576K
}
Event: 4.451 GC heap after
{Heap after GC invocations=14 (full 0):
 garbage-first heap   total 74752K, used 46243K [0x0000000080000000, 0x0000000100000000)
  region size 1024K, 3 young (3072K), 3 survivors (3072K)
 Metaspace       used 43465K, committed 44672K, reserved 1114112K
  class space    used 6125K, committed 6720K, reserved 1048576K
}
Event: 4.732 GC heap before
{Heap before GC invocations=15 (full 0):
 garbage-first heap   total 81920K, used 66723K [0x0000000080000000, 0x0000000100000000)
  region size 1024K, 23 young (23552K), 3 survivors (3072K)
 Metaspace       used 48325K, committed 49664K, reserved 1114112K
  class space    used 6672K, committed 7360K, reserved 1048576K
}
Event: 4.737 GC heap after
{Heap after GC invocations=16 (full 0):
 garbage-first heap   total 81920K, used 48723K [0x0000000080000000, 0x0000000100000000)
  region size 1024K, 3 young (3072K), 3 survivors (3072K)
 Metaspace       used 48325K, committed 49664K, reserved 1114112K
  class space    used 6672K, committed 7360K, reserved 1048576K
}
Event: 4.877 GC heap before
{Heap before GC invocations=16 (full 0):
 garbage-first heap   total 81920K, used 72275K [0x0000000080000000, 0x0000000100000000)
  region size 1024K, 27 young (27648K), 3 survivors (3072K)
 Metaspace       used 49334K, committed 50624K, reserved 1114112K
  class space    used 6749K, committed 7360K, reserved 1048576K
}
Event: 4.882 GC heap after
{Heap after GC invocations=17 (full 0):
 garbage-first heap   total 98304K, used 51019K [0x0000000080000000, 0x0000000100000000)
  region size 1024K, 4 young (4096K), 4 survivors (4096K)
 Metaspace       used 49334K, committed 50624K, reserved 1114112K
  class space    used 6749K, committed 7360K, reserved 1048576K
}
Event: 5.406 GC heap before
{Heap before GC invocations=17 (full 0):
 garbage-first heap   total 98304K, used 89931K [0x0000000080000000, 0x0000000100000000)
  region size 1024K, 38 young (38912K), 4 survivors (4096K)
 Metaspace       used 53980K, committed 55488K, reserved 1114112K
  class space    used 7346K, committed 8128K, reserved 1048576K
}
Event: 5.414 GC heap after
{Heap after GC invocations=18 (full 0):
 garbage-first heap   total 98304K, used 53708K [0x0000000080000000, 0x0000000100000000)
  region size 1024K, 5 young (5120K), 5 survivors (5120K)
 Metaspace       used 53980K, committed 55488K, reserved 1114112K
  class space    used 7346K, committed 8128K, reserved 1048576K
}
Event: 5.896 GC heap before
{Heap before GC invocations=19 (full 0):
 garbage-first heap   total 98304K, used 88524K [0x0000000080000000, 0x0000000100000000)
  region size 1024K, 37 young (37888K), 5 survivors (5120K)
 Metaspace       used 56561K, committed 58176K, reserved 1114112K
  class space    used 7782K, committed 8576K, reserved 1048576K
}
Event: 5.902 GC heap after
{Heap after GC invocations=20 (full 0):
 garbage-first heap   total 99328K, used 60974K [0x0000000080000000, 0x0000000100000000)
  region size 1024K, 5 young (5120K), 5 survivors (5120K)
 Metaspace       used 56561K, committed 58176K, reserved 1114112K
  class space    used 7782K, committed 8576K, reserved 1048576K
}
Event: 6.217 GC heap before
{Heap before GC invocations=20 (full 0):
 garbage-first heap   total 99328K, used 97838K [0x0000000080000000, 0x0000000100000000)
  region size 1024K, 28 young (28672K), 5 survivors (5120K)
 Metaspace       used 58576K, committed 60160K, reserved 1114112K
  class space    used 7910K, committed 8704K, reserved 1048576K
}
Event: 6.226 GC heap after
{Heap after GC invocations=21 (full 0):
 garbage-first heap   total 109568K, used 76886K [0x0000000080000000, 0x0000000100000000)
  region size 1024K, 4 young (4096K), 4 survivors (4096K)
 Metaspace       used 58576K, committed 60160K, reserved 1114112K
  class space    used 7910K, committed 8704K, reserved 1048576K
}
Event: 6.326 GC heap before
{Heap before GC invocations=21 (full 0):
 garbage-first heap   total 109568K, used 97366K [0x0000000080000000, 0x0000000100000000)
  region size 1024K, 24 young (24576K), 4 survivors (4096K)
 Metaspace       used 59105K, committed 60736K, reserved 1114112K
  class space    used 8000K, committed 8832K, reserved 1048576K
}
Event: 6.329 GC heap after
{Heap after GC invocations=22 (full 0):
 garbage-first heap   total 109568K, used 77430K [0x0000000080000000, 0x0000000100000000)
  region size 1024K, 1 young (1024K), 1 survivors (1024K)
 Metaspace       used 59105K, committed 60736K, reserved 1114112K
  class space    used 8000K, committed 8832K, reserved 1048576K
}

Dll operation events (3 events):
Event: 0.025 Loaded shared library C:\Program Files\Android\Android Studio\jbr\bin\java.dll
Event: 0.035 Loaded shared library C:\Program Files\Android\Android Studio\jbr\bin\zip.dll
Event: 0.607 Loaded shared library C:\Program Files\Android\Android Studio\jbr\bin\verify.dll

Deoptimization events (20 events):
Event: 6.053 Thread 0x0000014b6365d8c0 DEOPT PACKING pc=0x0000014b506f34cc sp=0x00000039175f3ae0
Event: 6.053 Thread 0x0000014b6365d8c0 DEOPT UNPACKING pc=0x0000014b4ffd7da2 sp=0x00000039175f3aa8 mode 2
Event: 6.211 Thread 0x0000014b6365d8c0 Uncommon trap: trap_request=0xffffff45 fr.pc=0x0000014b50676dd8 relative=0x0000000000000238
Event: 6.212 Thread 0x0000014b6365d8c0 Uncommon trap: reason=unstable_if action=reinterpret pc=0x0000014b50676dd8 method=java.util.HashMap.putVal(ILjava/lang/Object;Ljava/lang/Object;ZZ)Ljava/lang/Object; @ 162 c2
Event: 6.212 Thread 0x0000014b6365d8c0 DEOPT PACKING pc=0x0000014b50676dd8 sp=0x00000039175f9090
Event: 6.212 Thread 0x0000014b6365d8c0 DEOPT UNPACKING pc=0x0000014b4ffd7da2 sp=0x00000039175f8fa0 mode 2
Event: 6.236 Thread 0x0000014b6365d8c0 Uncommon trap: trap_request=0xffffffde fr.pc=0x0000014b50740590 relative=0x0000000000000070
Event: 6.236 Thread 0x0000014b6365d8c0 Uncommon trap: reason=class_check action=maybe_recompile pc=0x0000014b50740590 method=java.util.stream.StreamOpFlag.fromCharacteristics(Ljava/util/Spliterator;)I @ 14 c2
Event: 6.236 Thread 0x0000014b6365d8c0 DEOPT PACKING pc=0x0000014b50740590 sp=0x00000039175f8ef0
Event: 6.236 Thread 0x0000014b6365d8c0 DEOPT UNPACKING pc=0x0000014b4ffd7da2 sp=0x00000039175f8e88 mode 2
Event: 6.265 Thread 0x0000014b6365d8c0 DEOPT PACKING pc=0x0000014b48fde736 sp=0x00000039175f8a80
Event: 6.265 Thread 0x0000014b6365d8c0 DEOPT UNPACKING pc=0x0000014b4ffd88e2 sp=0x00000039175f7ef0 mode 0
Event: 6.293 Thread 0x0000014b6365d8c0 DEOPT PACKING pc=0x0000014b48e6c8ce sp=0x00000039175f7e30
Event: 6.293 Thread 0x0000014b6365d8c0 DEOPT UNPACKING pc=0x0000014b4ffd88e2 sp=0x00000039175f7318 mode 0
Event: 6.297 Thread 0x0000014b6365d8c0 DEOPT PACKING pc=0x0000014b48e6c8ce sp=0x00000039175f7c80
Event: 6.297 Thread 0x0000014b6365d8c0 DEOPT UNPACKING pc=0x0000014b4ffd88e2 sp=0x00000039175f7168 mode 0
Event: 6.301 Thread 0x0000014b6365d8c0 DEOPT PACKING pc=0x0000014b48e6c8ce sp=0x00000039175f7c80
Event: 6.301 Thread 0x0000014b6365d8c0 DEOPT UNPACKING pc=0x0000014b4ffd88e2 sp=0x00000039175f7168 mode 0
Event: 6.302 Thread 0x0000014b6365d8c0 DEOPT PACKING pc=0x0000014b48ed9db6 sp=0x00000039175f7780
Event: 6.302 Thread 0x0000014b6365d8c0 DEOPT UNPACKING pc=0x0000014b4ffd88e2 sp=0x00000039175f6cc8 mode 0

Classes loaded (20 events):
Event: 6.046 Loading class java/lang/ClassBeanInfo
Event: 6.046 Loading class java/lang/ClassBeanInfo done
Event: 6.047 Loading class java/lang/ClassBeanInfo
Event: 6.047 Loading class java/lang/ClassBeanInfo done
Event: 6.047 Loading class java/lang/ClassCustomizer
Event: 6.047 Loading class java/lang/ClassCustomizer done
Event: 6.047 Loading class java/lang/ClassCustomizer
Event: 6.047 Loading class java/lang/ClassCustomizer done
Event: 6.047 Loading class sun/reflect/generics/tree/BooleanSignature
Event: 6.048 Loading class sun/reflect/generics/tree/BooleanSignature done
Event: 6.048 Loading class sun/reflect/generics/reflectiveObjects/GenericArrayTypeImpl
Event: 6.048 Loading class sun/reflect/generics/reflectiveObjects/GenericArrayTypeImpl done
Event: 6.050 Loading class jdk/internal/vm/annotation/ForceInline
Event: 6.051 Loading class jdk/internal/vm/annotation/ForceInline done
Event: 6.235 Loading class java/util/BitSet$1BitSetSpliterator
Event: 6.236 Loading class java/util/BitSet$1BitSetSpliterator done
Event: 6.252 Loading class java/util/Collections$SynchronizedRandomAccessList
Event: 6.252 Loading class java/util/Collections$SynchronizedList
Event: 6.252 Loading class java/util/Collections$SynchronizedList done
Event: 6.252 Loading class java/util/Collections$SynchronizedRandomAccessList done

Classes unloaded (0 events):
No events

Classes redefined (0 events):
No events

Internal exceptions (20 events):
Event: 6.053 Thread 0x0000014b6365d8c0 Implicit null exception at 0x0000014b506ce902 to 0x0000014b506cf2a0
Event: 6.053 Thread 0x0000014b6365d8c0 Implicit null exception at 0x0000014b5073a3e0 to 0x0000014b5073af64
Event: 6.058 Thread 0x0000014b6365d8c0 Exception <a 'java/lang/ClassNotFoundException'{0x00000000853081f8}: org/gradle/tooling/provider/model/internal/DefaultToolingModelBuilderRegistryBeanInfo> (0x00000000853081f8) 
thrown [s\src\hotspot\share\classfile\systemDictionary.cpp, line 312]
Event: 6.059 Thread 0x0000014b6365d8c0 Exception <a 'java/lang/ClassNotFoundException'{0x000000008531cf50}: org/gradle/tooling/provider/model/internal/DefaultToolingModelBuilderRegistryCustomizer> (0x000000008531cf50) 
thrown [s\src\hotspot\share\classfile\systemDictionary.cpp, line 312]
Event: 6.072 Thread 0x0000014b6365d8c0 Exception <a 'java/lang/ClassNotFoundException'{0x000000008537aff0}: org/gradle/internal/service/ScopedServiceRegistryBeanInfo> (0x000000008537aff0) 
thrown [s\src\hotspot\share\classfile\systemDictionary.cpp, line 312]
Event: 6.073 Thread 0x0000014b6365d8c0 Exception <a 'java/lang/ClassNotFoundException'{0x000000008538f688}: org/gradle/internal/service/DefaultServiceRegistryBeanInfo> (0x000000008538f688) 
thrown [s\src\hotspot\share\classfile\systemDictionary.cpp, line 312]
Event: 6.073 Thread 0x0000014b6365d8c0 Exception <a 'java/lang/ClassNotFoundException'{0x00000000853a3a98}: org/gradle/internal/service/DefaultServiceRegistryCustomizer> (0x00000000853a3a98) 
thrown [s\src\hotspot\share\classfile\systemDictionary.cpp, line 312]
Event: 6.074 Thread 0x0000014b6365d8c0 Exception <a 'java/lang/ClassNotFoundException'{0x00000000853c6630}: org/gradle/internal/service/ScopedServiceRegistryCustomizer> (0x00000000853c6630) 
thrown [s\src\hotspot\share\classfile\systemDictionary.cpp, line 312]
Event: 6.078 Thread 0x0000014b6365d8c0 Exception <a 'java/lang/ClassNotFoundException'{0x0000000085210ce0}: org/gradle/internal/extensibility/DefaultConventionBeanInfo> (0x0000000085210ce0) 
thrown [s\src\hotspot\share\classfile\systemDictionary.cpp, line 312]
Event: 6.079 Thread 0x0000014b6365d8c0 Exception <a 'java/lang/ClassNotFoundException'{0x0000000085225110}: org/gradle/internal/extensibility/DefaultConventionCustomizer> (0x0000000085225110) 
thrown [s\src\hotspot\share\classfile\systemDictionary.cpp, line 312]
Event: 6.087 Thread 0x0000014b6365d8c0 Exception <a 'java/lang/ClassNotFoundException'{0x00000000852bbc50}: com/intellij/gradle/toolingExtension/impl/modelBuilder/ExtraModelBuilderBeanInfo> (0x00000000852bbc50) 
thrown [s\src\hotspot\share\classfile\systemDictionary.cpp, line 312]
Event: 6.088 Thread 0x0000014b6365d8c0 Exception <a 'java/lang/ClassNotFoundException'{0x00000000852c76d0}: com/intellij/gradle/toolingExtension/impl/modelBuilder/ExtraModelBuilderCustomizer> (0x00000000852c76d0) 
thrown [s\src\hotspot\share\classfile\systemDictionary.cpp, line 312]
Event: 6.240 Thread 0x0000014b6365d8c0 Exception <a 'java/lang/IncompatibleClassChangeError'{0x0000000085eafd00}: Found class java.lang.Object, but interface was expected> (0x0000000085eafd00) 
thrown [s\src\hotspot\share\interpreter\linkResolver.cpp, line 851]
Event: 6.243 Thread 0x0000014b6365d8c0 Exception <a 'sun/nio/fs/WindowsException'{0x0000000085ed8698}> (0x0000000085ed8698) 
thrown [s\src\hotspot\share\prims\jni.cpp, line 535]
Event: 6.244 Thread 0x0000014b6365d8c0 Exception <a 'sun/nio/fs/WindowsException'{0x0000000085ed9e40}> (0x0000000085ed9e40) 
thrown [s\src\hotspot\share\prims\jni.cpp, line 535]
Event: 6.244 Thread 0x0000014b6365d8c0 Exception <a 'sun/nio/fs/WindowsException'{0x0000000085edb5b0}> (0x0000000085edb5b0) 
thrown [s\src\hotspot\share\prims\jni.cpp, line 535]
Event: 6.244 Thread 0x0000014b6365d8c0 Exception <a 'sun/nio/fs/WindowsException'{0x0000000085edcd40}> (0x0000000085edcd40) 
thrown [s\src\hotspot\share\prims\jni.cpp, line 535]
Event: 6.246 Thread 0x0000014b6365d8c0 Exception <a 'java/lang/NoSuchMethodError'{0x0000000085eedaa8}: 'java.lang.Object java.lang.invoke.Invokers$Holder.invoker(java.lang.Object, java.lang.Object, java.lang.Object, java.lang.Object, java.lang.Object, java.lang.Object)'> (0x0000000085eedaa8) 
thrown [s\src\hotspot\share\interpreter\linkResolver.cpp, line 784]
Event: 6.263 Thread 0x0000014b6365d8c0 Exception <a 'java/lang/NoSuchMethodError'{0x0000000085de8f60}: 'java.lang.Object java.lang.invoke.Invokers$Holder.invoker(java.lang.Object, java.lang.Object, java.lang.Object, java.lang.Object, java.lang.Object, java.lang.Object, java.lang.Object, java.lang.Object, java.lang.Object, java.lang.Object, java.lang.Object, java.lang.Object, java.lang.Object, java.lang.Object, java.lang.Object, java.lang.Object, java.lang.Object, java.lang.Object, java.lang.Object, java.lang.Object, java.lang.Object, java.lang.
Event: 6.263 Thread 0x0000014b6365d8c0 Exception <a 'java/lang/NoSuchMethodError'{0x0000000085defb18}: 'java.lang.Object java.lang.invoke.DelegatingMethodHandle$Holder.delegate(java.lang.Object, java.lang.Object, java.lang.Object, java.lang.Object, java.lang.Object, java.lang.Object, java.lang.Object, java.lang.Object, java.lang.Object, java.lang.Object, java.lang.Object, java.lang.Object, java.lang.Object, java.lang.Object, java.lang.Object, java.lang.Object, java.lang.Object, java.lang.Object, java.lang.Object, java.lang.Object, java.lang.Obj

ZGC Phase Switch (0 events):
No events

VM Operations (20 events):
Event: 5.213 Executing VM operation: HandshakeAllThreads (Deoptimize) done
Event: 5.265 Executing VM operation: HandshakeAllThreads (Deoptimize)
Event: 5.265 Executing VM operation: HandshakeAllThreads (Deoptimize) done
Event: 5.405 Executing VM operation: G1CollectForAllocation (G1 Evacuation Pause)
Event: 5.415 Executing VM operation: G1CollectForAllocation (G1 Evacuation Pause) done
Event: 5.438 Executing VM operation: G1PauseRemark
Event: 5.441 Executing VM operation: G1PauseRemark done
Event: 5.453 Executing VM operation: G1PauseCleanup
Event: 5.453 Executing VM operation: G1PauseCleanup done
Event: 5.590 Executing VM operation: HandshakeAllThreads (Deoptimize)
Event: 5.590 Executing VM operation: HandshakeAllThreads (Deoptimize) done
Event: 5.868 Executing VM operation: ICBufferFull
Event: 5.868 Executing VM operation: ICBufferFull done
Event: 5.896 Executing VM operation: G1CollectForAllocation (G1 Evacuation Pause)
Event: 5.902 Executing VM operation: G1CollectForAllocation (G1 Evacuation Pause) done
Event: 6.215 Executing VM operation: G1CollectForAllocation (G1 Evacuation Pause)
Event: 6.226 Executing VM operation: G1CollectForAllocation (G1 Evacuation Pause) done
Event: 6.326 Executing VM operation: G1CollectForAllocation (G1 Evacuation Pause)
Event: 6.329 Executing VM operation: G1CollectForAllocation (G1 Evacuation Pause) done
Event: 6.367 Executing VM operation: G1PauseRemark

Events (20 events):
Event: 6.372 Thread 0x0000014b5cfd1940 flushing nmethod 0x0000014b48a6ab90
Event: 6.372 Thread 0x0000014b5cfd1940 flushing nmethod 0x0000014b48a6df10
Event: 6.372 Thread 0x0000014b5cfd1940 flushing nmethod 0x0000014b5072da90
Event: 6.372 Thread 0x0000014b5cfd1940 flushing nmethod 0x0000014b5072a390
Event: 6.372 Thread 0x0000014b5cfd1940 flushing nmethod 0x0000014b5069aa10
Event: 6.372 Thread 0x0000014b5cfd1940 flushing nmethod 0x0000014b506b3d90
Event: 6.372 Thread 0x0000014b5cfd1940 flushing nmethod 0x0000014b506b1890
Event: 6.372 Thread 0x0000014b5cfd1940 flushing nmethod 0x0000014b506ae810
Event: 6.372 Thread 0x0000014b5cfd1940 flushing nmethod 0x0000014b5067dd90
Event: 6.372 Thread 0x0000014b5cfd1940 flushing nmethod 0x0000014b5061fb10
Event: 6.372 Thread 0x0000014b5cfd1940 flushing nmethod 0x0000014b505c4b90
Event: 6.372 Thread 0x0000014b5cfd1940 flushing nmethod 0x0000014b50639e90
Event: 6.372 Thread 0x0000014b5cfd1940 flushing nmethod 0x0000014b50613110
Event: 6.372 Thread 0x0000014b5cfd1940 flushing nmethod 0x0000014b505e8590
Event: 6.372 Thread 0x0000014b5cfd1940 flushing nmethod 0x0000014b5057fd90
Event: 6.372 Thread 0x0000014b5cfd1940 flushing nmethod 0x0000014b505a8090
Event: 6.372 Thread 0x0000014b5cfd1940 flushing nmethod 0x0000014b50573b90
Event: 6.372 Thread 0x0000014b5cfd1940 flushing nmethod 0x0000014b50573810
Event: 6.372 Thread 0x0000014b5cfd1940 flushing nmethod 0x0000014b5054b690
Event: 6.372 Thread 0x0000014b5cfd1940 flushing nmethod 0x0000014b50520010


Dynamic libraries:
0x00007ff7595e0000 - 0x00007ff7595ea000 	C:\Program Files\Android\Android Studio\jbr\bin\java.exe
0x00007ffb02270000 - 0x00007ffb02468000 	C:\Windows\SYSTEM32\ntdll.dll
0x00007ffb00a60000 - 0x00007ffb00b22000 	C:\Windows\System32\KERNEL32.DLL
0x00007ffaffde0000 - 0x00007ffb000d6000 	C:\Windows\System32\KERNELBASE.dll
0x00007ffaffb80000 - 0x00007ffaffc80000 	C:\Windows\System32\ucrtbase.dll
0x00007ffaeab20000 - 0x00007ffaeab38000 	C:\Program Files\Android\Android Studio\jbr\bin\jli.dll
0x00007ffa80980000 - 0x00007ffa8099b000 	C:\Program Files\Android\Android Studio\jbr\bin\VCRUNTIME140.dll
0x00007ffb01cb0000 - 0x00007ffb01e51000 	C:\Windows\System32\USER32.dll
0x00007ffb00190000 - 0x00007ffb001b2000 	C:\Windows\System32\win32u.dll
0x00007ffb01f80000 - 0x00007ffb01fab000 	C:\Windows\System32\GDI32.dll
0x00007ffaffa60000 - 0x00007ffaffb79000 	C:\Windows\System32\gdi32full.dll
0x00007ffb001c0000 - 0x00007ffb0025d000 	C:\Windows\System32\msvcp_win.dll
0x00007ffae8680000 - 0x00007ffae891b000 	C:\Windows\WinSxS\amd64_microsoft.windows.common-controls_6595b64144ccf1df_6.0.19041.6456_none_60b8a6cb71f64256\COMCTL32.dll
0x00007ffb002a0000 - 0x00007ffb0033e000 	C:\Windows\System32\msvcrt.dll
0x00007ffb01fb0000 - 0x00007ffb01fdf000 	C:\Windows\System32\IMM32.DLL
0x00007ffac5660000 - 0x00007ffac566c000 	C:\Program Files\Android\Android Studio\jbr\bin\vcruntime140_1.dll
0x00007ffab1780000 - 0x00007ffab180d000 	C:\Program Files\Android\Android Studio\jbr\bin\msvcp140.dll
0x00007ffa78100000 - 0x00007ffa78d7d000 	C:\Program Files\Android\Android Studio\jbr\bin\server\jvm.dll
0x00007ffb01ab0000 - 0x00007ffb01b61000 	C:\Windows\System32\ADVAPI32.dll
0x00007ffb02190000 - 0x00007ffb0222f000 	C:\Windows\System32\sechost.dll
0x00007ffb01fe0000 - 0x00007ffb02100000 	C:\Windows\System32\RPCRT4.dll
0x00007ffb00260000 - 0x00007ffb00287000 	C:\Windows\System32\bcrypt.dll
0x00007ffb009f0000 - 0x00007ffb00a5b000 	C:\Windows\System32\WS2_32.dll
0x00007ffafee40000 - 0x00007ffafee8b000 	C:\Windows\SYSTEM32\POWRPROF.dll
0x00007ffaef9a0000 - 0x00007ffaef9c7000 	C:\Windows\SYSTEM32\WINMM.dll
0x00007ffaf4a40000 - 0x00007ffaf4a4a000 	C:\Windows\SYSTEM32\VERSION.dll
0x00007ffafed00000 - 0x00007ffafed12000 	C:\Windows\SYSTEM32\UMPDC.dll
0x00007ffafe110000 - 0x00007ffafe122000 	C:\Windows\SYSTEM32\kernel.appcore.dll
0x00007ffa83440000 - 0x00007ffa8344a000 	C:\Program Files\Android\Android Studio\jbr\bin\jimage.dll
0x00007ffafd470000 - 0x00007ffafd671000 	C:\Windows\SYSTEM32\DBGHELP.DLL
0x00007ffae21e0000 - 0x00007ffae2214000 	C:\Windows\SYSTEM32\dbgcore.DLL
0x00007ffaffd50000 - 0x00007ffaffdd2000 	C:\Windows\System32\bcryptPrimitives.dll
0x00007ffaf4fb0000 - 0x00007ffaf4fbe000 	C:\Program Files\Android\Android Studio\jbr\bin\instrument.dll
0x00007ffa7deb0000 - 0x00007ffa7decf000 	C:\Program Files\Android\Android Studio\jbr\bin\java.dll
0x00007ffa7de90000 - 0x00007ffa7dea8000 	C:\Program Files\Android\Android Studio\jbr\bin\zip.dll
0x00007ffb01340000 - 0x00007ffb01ab0000 	C:\Windows\System32\SHELL32.dll
0x00007ffafd950000 - 0x00007ffafe0f5000 	C:\Windows\SYSTEM32\windows.storage.dll
0x00007ffb00b30000 - 0x00007ffb00e84000 	C:\Windows\System32\combase.dll
0x00007ffaff330000 - 0x00007ffaff35b000 	C:\Windows\SYSTEM32\Wldp.dll
0x00007ffb003f0000 - 0x00007ffb004bd000 	C:\Windows\System32\OLEAUT32.dll
0x00007ffb00340000 - 0x00007ffb003ed000 	C:\Windows\System32\SHCORE.dll
0x00007ffb00930000 - 0x00007ffb0098b000 	C:\Windows\System32\shlwapi.dll
0x00007ffaff830000 - 0x00007ffaff854000 	C:\Windows\SYSTEM32\profapi.dll
0x00007ffaf8b10000 - 0x00007ffaf8b20000 	C:\Program Files\Android\Android Studio\jbr\bin\net.dll
0x00007ffafc490000 - 0x00007ffafc59a000 	C:\Windows\SYSTEM32\WINHTTP.dll
0x00007ffaff090000 - 0x00007ffaff0fa000 	C:\Windows\system32\mswsock.dll
0x00007ffaf8af0000 - 0x00007ffaf8b06000 	C:\Program Files\Android\Android Studio\jbr\bin\nio.dll
0x00007ffa81c90000 - 0x00007ffa81ca0000 	C:\Program Files\Android\Android Studio\jbr\bin\verify.dll
0x00007ffae8d80000 - 0x00007ffae8da7000 	C:\Users\user\.gradle\native\c067742578af261105cb4f569cf0c3c89f3d7b1fecec35dd04571415982c5e48\windows-amd64\native-platform.dll
0x00007ffa764b0000 - 0x00007ffa765f4000 	C:\Users\user\.gradle\native\100fb08df4bc3b14c8652ba06237920a3bd2aa13389f12d3474272988ae205f9\windows-amd64\native-platform-file-events.dll
0x00007ffaf8ad0000 - 0x00007ffaf8ad9000 	C:\Program Files\Android\Android Studio\jbr\bin\management.dll
0x00007ffaf8ac0000 - 0x00007ffaf8acb000 	C:\Program Files\Android\Android Studio\jbr\bin\management_ext.dll
0x00007ffb00290000 - 0x00007ffb00298000 	C:\Windows\System32\PSAPI.DLL
0x00007ffaff280000 - 0x00007ffaff298000 	C:\Windows\SYSTEM32\CRYPTSP.dll
0x00007ffafe940000 - 0x00007ffafe978000 	C:\Windows\system32\rsaenh.dll
0x00007ffaff7f0000 - 0x00007ffaff81e000 	C:\Windows\SYSTEM32\USERENV.dll
0x00007ffaff2a0000 - 0x00007ffaff2ac000 	C:\Windows\SYSTEM32\CRYPTBASE.dll
0x00007ffafed20000 - 0x00007ffafed5b000 	C:\Windows\SYSTEM32\IPHLPAPI.DLL
0x00007ffb02100000 - 0x00007ffb02108000 	C:\Windows\System32\NSI.dll
0x00007ffaf8ae0000 - 0x00007ffaf8ae9000 	C:\Program Files\Android\Android Studio\jbr\bin\extnet.dll
0x00007ffae7180000 - 0x00007ffae7187000 	C:\Windows\system32\wshunix.dll

dbghelp: loaded successfully - version: 4.0.5 - missing functions: none
symbol engine: initialized successfully - sym options: 0x614 - pdb path: .;C:\Program Files\Android\Android Studio\jbr\bin;C:\Windows\SYSTEM32;C:\Windows\WinSxS\amd64_microsoft.windows.common-controls_6595b64144ccf1df_6.0.19041.6456_none_60b8a6cb71f64256;C:\Program Files\Android\Android Studio\jbr\bin\server;C:\Users\user\.gradle\native\c067742578af261105cb4f569cf0c3c89f3d7b1fecec35dd04571415982c5e48\windows-amd64;C:\Users\user\.gradle\native\100fb08df4bc3b14c8652ba06237920a3bd2aa13389f12d3474272988ae205f9\windows-amd64

VM Arguments:
jvm_args: --add-opens=java.base/java.lang=ALL-UNNAMED --add-opens=java.base/java.lang.invoke=ALL-UNNAMED --add-opens=java.base/java.util=ALL-UNNAMED --add-opens=java.prefs/java.util.prefs=ALL-UNNAMED --add-exports=jdk.compiler/com.sun.tools.javac.api=ALL-UNNAMED --add-exports=jdk.compiler/com.sun.tools.javac.util=ALL-UNNAMED --add-opens=java.base/java.util=ALL-UNNAMED --add-opens=java.prefs/java.util.prefs=ALL-UNNAMED --add-opens=java.base/java.nio.charset=ALL-UNNAMED --add-opens=java.base/java.net=ALL-UNNAMED --add-opens=java.base/java.util.concurrent.atomic=ALL-UNNAMED --add-opens=java.xml/javax.xml.namespace=ALL-UNNAMED -Xmx2048m -Dfile.encoding=UTF-8 -Duser.country=IN -Duser.language=en -Duser.variant -javaagent:C:\Users\user\.gradle\wrapper\dists\gradle-8.11.1-bin\bpt9gzteqjrbo1mjrsomdt32c\gradle-8.11.1\lib\agents\gradle-instrumentation-agent-8.11.1.jar 
java_command: org.gradle.launcher.daemon.bootstrap.GradleDaemon 8.11.1
java_class_path (initial): C:\Users\user\.gradle\wrapper\dists\gradle-8.11.1-bin\bpt9gzteqjrbo1mjrsomdt32c\gradle-8.11.1\lib\gradle-daemon-main-8.11.1.jar
Launcher Type: SUN_STANDARD

[Global flags]
     intx CICompilerCount                          = 4                                         {product} {ergonomic}
     uint ConcGCThreads                            = 2                                         {product} {ergonomic}
     uint G1ConcRefinementThreads                  = 8                                         {product} {ergonomic}
   size_t G1HeapRegionSize                         = 1048576                                   {product} {ergonomic}
    uintx GCDrainStackTargetSize                   = 64                                        {product} {ergonomic}
   size_t InitialHeapSize                          = 62914560                                  {product} {ergonomic}
   size_t MarkStackSize                            = 4194304                                   {product} {ergonomic}
   size_t MaxHeapSize                              = 2147483648                                {product} {command line}
   size_t MaxNewSize                               = 1287651328                                {product} {ergonomic}
   size_t MinHeapDeltaBytes                        = 1048576                                   {product} {ergonomic}
   size_t MinHeapSize                              = 8388608                                   {product} {ergonomic}
    uintx NonNMethodCodeHeapSize                   = 5839372                                {pd product} {ergonomic}
    uintx NonProfiledCodeHeapSize                  = 122909434                              {pd product} {ergonomic}
    uintx ProfiledCodeHeapSize                     = 122909434                              {pd product} {ergonomic}
    uintx ReservedCodeCacheSize                    = 251658240                              {pd product} {ergonomic}
     bool SegmentedCodeCache                       = true                                      {product} {ergonomic}
   size_t SoftMaxHeapSize                          = 2147483648                             {manageable} {ergonomic}
     bool UseCompressedOops                        = true                           {product lp64_product} {ergonomic}
     bool UseG1GC                                  = true                                      {product} {ergonomic}
     bool UseLargePagesIndividualAllocation        = false                                  {pd product} {ergonomic}

Logging:
Log output configuration:
 #0: stdout all=warning uptime,level,tags foldmultilines=false
 #1: stderr all=off uptime,level,tags foldmultilines=false

Environment Variables:
PATH=C:\Program Files\Common Files\Oracle\Java\javapath;C:\Windows\system32;C:\Windows;C:\Windows\System32\Wbem;C:\Windows\System32\WindowsPowerShell\v1.0\;C:\Windows\System32\OpenSSH\;C:\Program Files\Java\jdk-21\bin;C:\Program Files\MySQL\MySQL Server 8.0\bin;C:\Program Files\Git\cmd;C:\Program Files (x86)\GitExtensions\;C:\Program Files\dotnet\;C:\Program Files\nodejs\;C:\ProgramData\chocolatey\bin;C:\Program Files\apache-maven-3.9.9;C:\Program Files\MAVEN\apache-maven-3.9.9\bin;C:\Program Files\MySQL\MySQL Shell 8.0\bin\;C:\Users\user\AppData\Local\Microsoft\WindowsApps;C:\Users\user\AppData\Local\Programs\Microsoft VS Code\bin;C:\Users\user\AppData\Roaming\npm;C:\Platform-tools\platform-tools;
USERNAME=user
OS=Windows_NT
PROCESSOR_IDENTIFIER=Intel64 Family 6 Model 140 Stepping 1, GenuineIntel
TMP=C:\Users\user\AppData\Local\Temp
TEMP=C:\Users\user\AppData\Local\Temp




Periodic native trim disabled

JNI global refs:
JNI global refs: 26, weak refs: 2

JNI global refs memory usage: 835, weak refs: 833

Process memory usage:
Resident Set Size: 213340K (5% of 3910440K total physical memory with 49476K free physical memory)

OOME stack traces (most recent first):
Classloader memory used:
Loader org.gradle.internal.classloader.VisitableURLClassLoader                         : 27988K
Loader bootstrap                                                                       : 22396K
Loader org.gradle.initialization.MixInLegacyTypesClassLoader                           : 6451K
Loader org.gradle.internal.classloader.VisitableURLClassLoader                         : 714K
Loader org.gradle.internal.classloader.VisitableURLClassLoader$InstrumentingVisitableURLClassLoader: 568K
Loader jdk.internal.loader.ClassLoaders$PlatformClassLoader                            : 515K
Loader jdk.internal.loader.ClassLoaders$AppClassLoader                                 : 234K
Loader jdk.internal.reflect.DelegatingClassLoader                                      : 161K
Loader org.gradle.groovy.scripts.internal.DefaultScriptCompilationHandler$ScriptClassLoader: 89944B
Loader org.codehaus.groovy.runtime.callsite.CallSiteClassLoader                        : 49672B

Classes loaded by more than one classloader:
Class org.gradle.api.GradleException                                                  : loaded 3 times (x 79B)
Class org.gradle.internal.classloader.ClassLoaderHierarchy                            : loaded 2 times (x 67B)
Class org.gradle.api.internal.classpath.ManifestUtil                                  : loaded 2 times (x 68B)
Class org.gradle.internal.operations.MultipleBuildOperationFailures                   : loaded 2 times (x 92B)
Class org.gradle.internal.classloader.DefaultClassLoaderFactory                       : loaded 2 times (x 79B)
Class kotlin.collections.AbstractList$Companion                                       : loaded 2 times (x 68B)
Class org.gradle.internal.classloader.ClassLoaderVisitor                              : loaded 2 times (x 73B)
Class org.gradle.api.internal.classpath.EffectiveClassPath                            : loaded 2 times (x 87B)
Class org.gradle.api.internal.DefaultClassPathProvider                                : loaded 2 times (x 73B)
Class [Lorg.gradle.api.internal.ClassPathProvider;                                    : loaded 2 times (x 66B)
Class org.gradle.api.internal.ClassPathProvider                                       : loaded 2 times (x 67B)
Class org.gradle.internal.service.UnknownServiceException                             : loaded 2 times (x 80B)
Class org.gradle.internal.classpath.TransformedClassPath                              : loaded 2 times (x 93B)
Class org.gradle.internal.classloader.InstrumentingClassLoader                        : loaded 2 times (x 67B)
Class kotlin.enums.EnumEntriesList                                                    : loaded 2 times (x 220B)
Class org.gradle.internal.service.ServiceLocator                                      : loaded 2 times (x 67B)
Class org.gradle.internal.InternalTransformer                                         : loaded 2 times (x 67B)
Class org.gradle.internal.time.DefaultTimer                                           : loaded 2 times (x 77B)
Class org.gradle.internal.classloader.ClasspathUtil$1                                 : loaded 2 times (x 73B)
Class org.gradle.api.internal.classpath.DefaultModuleRegistry$DefaultModule           : loaded 2 times (x 83B)
Class org.gradle.internal.time.DefaultCountdownTimer                                  : loaded 2 times (x 85B)
Class kotlin.Function                                                                 : loaded 2 times (x 67B)
Class org.gradle.api.internal.classpath.Module                                        : loaded 2 times (x 67B)
Class org.gradle.api.internal.classpath.UnknownModuleException                        : loaded 2 times (x 79B)
Class org.gradle.api.internal.DefaultClassPathRegistry                                : loaded 2 times (x 73B)
Class org.gradle.api.internal.ClassPathRegistry                                       : loaded 2 times (x 67B)
Class org.gradle.internal.classpath.DefaultClassPath$ImmutableUniqueList              : loaded 2 times (x 196B)
Class org.gradle.internal.classpath.ClassPath                                         : loaded 2 times (x 67B)
Class org.gradle.api.UncheckedIOException                                             : loaded 2 times (x 79B)
Class kotlin.UninitializedPropertyAccessException                                     : loaded 2 times (x 79B)
Class org.gradle.internal.installation.GradleInstallation$1                           : loaded 2 times (x 72B)
Class org.gradle.api.internal.classpath.ModuleRegistry                                : loaded 2 times (x 67B)
Class org.gradle.api.internal.classpath.DefaultModuleRegistry                         : loaded 2 times (x 83B)
Class org.gradle.internal.time.MonotonicClock                                         : loaded 2 times (x 74B)
Class org.gradle.internal.service.ServiceLookupException                              : loaded 2 times (x 79B)
Class org.gradle.internal.classloader.ClassLoaderFactory                              : loaded 2 times (x 67B)
Class sync_studio_tooling5506_el454ufu18dt9mpkf8mgqer1h                               : loaded 2 times (x 176B)
Class org.gradle.internal.service.CachingServiceLocator                               : loaded 2 times (x 79B)
Class org.gradle.internal.time.TimeSource                                             : loaded 2 times (x 67B)
Class kotlin.enums.EnumEntries                                                        : loaded 2 times (x 67B)
Class org.gradle.internal.exceptions.ResolutionProvider                               : loaded 2 times (x 67B)
Class org.gradle.internal.classloader.ClasspathUtil                                   : loaded 2 times (x 68B)
Class org.gradle.internal.time.TimeSource$1                                           : loaded 2 times (x 74B)
Class org.gradle.api.specs.Spec                                                       : loaded 2 times (x 67B)
Class org.gradle.internal.time.Clock                                                  : loaded 2 times (x 67B)
Class kotlin.collections.AbstractList                                                 : loaded 2 times (x 194B)
Class kotlin.collections.AbstractCollection                                           : loaded 2 times (x 114B)
Class org.gradle.internal.classloader.VisitableURLClassLoader$InstrumentingVisitableURLClassLoader: loaded 2 times (x 120B)
Class org.gradle.internal.classloader.VisitableURLClassLoader$Spec                    : loaded 2 times (x 71B)
Class org.gradle.internal.classpath.DefaultClassPath                                  : loaded 2 times (x 87B)
Class org.gradle.internal.classloader.ClassLoaderSpec                                 : loaded 2 times (x 68B)
Class org.gradle.internal.classloader.VisitableURLClassLoader                         : loaded 2 times (x 114B)
Class org.gradle.internal.Cast                                                        : loaded 2 times (x 68B)
Class org.gradle.api.Action                                                           : loaded 2 times (x 67B)
Class kotlin.jvm.functions.Function1                                                  : loaded 2 times (x 67B)
Class org.gradle.internal.classpath.DefaultClassPath$ImmutableUniqueList$Builder      : loaded 2 times (x 72B)
Class org.gradle.internal.classloader.FilteringClassLoader                            : loaded 2 times (x 102B)
Class org.gradle.internal.exceptions.NonGradleCauseExceptionsHolder                   : loaded 2 times (x 67B)
Class kotlin.enums.EnumEntriesKt                                                      : loaded 2 times (x 68B)
Class org.gradle.internal.IoActions                                                   : loaded 2 times (x 68B)
Class org.gradle.internal.classloader.SystemClassLoaderSpec                           : loaded 2 times (x 68B)
Class org.gradle.internal.exceptions.MultiCauseException                              : loaded 2 times (x 67B)
Class org.gradle.internal.time.CountdownTimer                                         : loaded 2 times (x 67B)
Class kotlin.jvm.internal.Intrinsics                                                  : loaded 2 times (x 68B)
Class org.gradle.tooling.model.ProjectModel                                           : loaded 2 times (x 67B)
Class ijInit1_bf6mh7a1x9afcdw40dx5hzd0g                                               : loaded 2 times (x 176B)
Class kotlin.KotlinNullPointerException                                               : loaded 2 times (x 80B)
Class org.gradle.internal.exceptions.DefaultMultiCauseException                       : loaded 2 times (x 92B)
Class org.gradle.internal.time.Time                                                   : loaded 2 times (x 68B)
Class org.gradle.api.internal.classpath.GlobalCacheRootsProvider                      : loaded 2 times (x 67B)
Class org.gradle.internal.time.Timer                                                  : loaded 2 times (x 67B)
Class kotlin.jvm.internal.markers.KMappedMarker                                       : loaded 2 times (x 67B)
Class org.gradle.internal.installation.CurrentGradleInstallationLocator               : loaded 2 times (x 68B)
Class org.gradle.internal.service.DefaultServiceLocator                               : loaded 2 times (x 80B)
Class org.gradle.util.GradleVersion                                                   : loaded 2 times (x 80B)
Class org.gradle.internal.installation.CurrentGradleInstallation                      : loaded 2 times (x 70B)
Class org.gradle.util.internal.GUtil                                                  : loaded 2 times (x 68B)
Class org.gradle.internal.installation.GradleInstallation                             : loaded 2 times (x 72B)

---------------  S Y S T E M  ---------------

OS:
 Windows 10 , 64 bit Build 19041 (10.0.19041.5915)
OS uptime: 0 days 6:34 hours

CPU: total 8 (initial active 8) (4 cores per cpu, 2 threads per core) family 6 model 140 stepping 1 microcode 0xbc, cx8, cmov, fxsr, ht, mmx, 3dnowpref, sse, sse2, sse3, ssse3, sse4.1, sse4.2, popcnt, lzcnt, tsc, tscinvbit, avx, avx2, aes, erms, clmul, bmi1, bmi2, adx, avx512f, avx512dq, avx512cd, avx512bw, avx512vl, sha, fma, vzeroupper, avx512_vpopcntdq, avx512_vpclmulqdq, avx512_vaes, avx512_vnni, clflush, clflushopt, clwb, avx512_vbmi2, avx512_vbmi, rdtscp, rdpid, fsrm, gfni, avx512_bitalg, f16c, pku, cet_ibt, cet_ss, avx512_ifma
Processor Information for all 8 processors :
  Max Mhz: 2419, Current Mhz: 2419, Mhz Limit: 2419

Memory: 4k page, system-wide physical 3818M (49M free)
TotalPageFile size 15594M (AvailPageFile size 25M)
current process WorkingSet (physical memory assigned to process): 210M, peak: 212M
current process commit charge ("private bytes"): 325M, peak: 354M

vm_info: OpenJDK 64-Bit Server VM (21.0.3+-12282718-b509.11) for windows-amd64 JRE (21.0.3+-12282718-b509.11), built on 2024-08-27T17:34:15Z by "builder" with MS VC++ 16.10 / 16.11 (VS2019)

END.
