#
# There is insufficient memory for the Java Runtime Environment to continue.
# Native memory allocation (malloc) failed to allocate 914896 bytes. Error detail: Chunk::new
# Possible reasons:
#   The system is out of physical RAM or swap space
#   This process is running with CompressedOops enabled, and the Java Heap may be blocking the growth of the native heap
# Possible solutions:
#   Reduce memory load on the system
#   Increase physical memory or swap space
#   Check if swap backing store is full
#   Decrease Java heap size (-Xmx/-Xms)
#   Decrease number of Java threads
#   Decrease Java thread stack sizes (-Xss)
#   Set larger code cache with -XX:ReservedCodeCacheSize=
#   JVM is running with Unscaled Compressed Oops mode in which the Java heap is
#     placed in the first 4GB address space. The Java Heap base address is the
#     maximum limit for the native heap growth. Please use -XX:HeapBaseMinAddress
#     to set the Java Heap base and to place the Java Heap above 4GB virtual address.
# This output file may be truncated or incomplete.
#
#  Out of Memory Error (arena.cpp:168), pid=5816, tid=12608
#
# JRE version: OpenJDK Runtime Environment (21.0.3) (build 21.0.3+-12282718-b509.11)
# Java VM: OpenJDK 64-Bit Server VM (21.0.3+-12282718-b509.11, mixed mode, tiered, compressed oops, compressed class ptrs, g1 gc, windows-amd64)
# No core dump will be written. Minidumps are not enabled by default on client versions of Windows
#

---------------  S U M M A R Y ------------

Command Line: --add-opens=java.base/java.lang=ALL-UNNAMED --add-opens=java.base/java.lang.invoke=ALL-UNNAMED --add-opens=java.base/java.util=ALL-UNNAMED --add-opens=java.prefs/java.util.prefs=ALL-UNNAMED --add-exports=jdk.compiler/com.sun.tools.javac.api=ALL-UNNAMED --add-exports=jdk.compiler/com.sun.tools.javac.util=ALL-UNNAMED --add-opens=java.base/java.util=ALL-UNNAMED --add-opens=java.prefs/java.util.prefs=ALL-UNNAMED --add-opens=java.base/java.nio.charset=ALL-UNNAMED --add-opens=java.base/java.net=ALL-UNNAMED --add-opens=java.base/java.util.concurrent.atomic=ALL-UNNAMED --add-opens=java.xml/javax.xml.namespace=ALL-UNNAMED -Xmx2048m -Dfile.encoding=UTF-8 -Duser.country=IN -Duser.language=en -Duser.variant -javaagent:C:\Users\user\.gradle\wrapper\dists\gradle-8.11.1-bin\bpt9gzteqjrbo1mjrsomdt32c\gradle-8.11.1\lib\agents\gradle-instrumentation-agent-8.11.1.jar org.gradle.launcher.daemon.bootstrap.GradleDaemon 8.11.1

Host: 11th Gen Intel(R) Core(TM) i5-1135G7 @ 2.40GHz, 8 cores, 3G,  Windows 10 , 64 bit Build 19041 (10.0.19041.5915)
Time: Sun Feb 22 17:43:23 2026 India Standard Time elapsed time: 22.751627 seconds (0d 0h 0m 22s)

---------------  T H R E A D  ---------------

Current thread (0x0000028c2a972740):  JavaThread "C2 CompilerThread0" daemon [_thread_in_native, id=12608, stack(0x000000d085900000,0x000000d085a00000) (1024K)]


Current CompileTask:
C2:  22751 7944   !   4       java.net.URLClassLoader::findClass (47 bytes)

Stack: [0x000000d085900000,0x000000d085a00000]
Native frames: (J=compiled Java code, j=interpreted, Vv=VM code, C=native code)
V  [jvm.dll+0x6cafb9]
V  [jvm.dll+0x858523]
V  [jvm.dll+0x85aa7e]
V  [jvm.dll+0x85b163]
V  [jvm.dll+0x27d356]
V  [jvm.dll+0xbf93d]
V  [jvm.dll+0xbfe73]
V  [jvm.dll+0x3b1cb1]
V  [jvm.dll+0x37e787]
V  [jvm.dll+0x37dbfa]
V  [jvm.dll+0x246b02]
V  [jvm.dll+0x2460d1]
V  [jvm.dll+0x1c5804]
V  [jvm.dll+0x25575c]
V  [jvm.dll+0x253c36]
V  [jvm.dll+0x3ec996]
V  [jvm.dll+0x800d78]
V  [jvm.dll+0x6c98cd]
C  [ucrtbase.dll+0x21bb2]
C  [KERNEL32.DLL+0x17374]
C  [ntdll.dll+0x4cc91]


---------------  P R O C E S S  ---------------

Threads class SMR info:
_java_thread_list=0x0000028c332b3980, length=58, elements={
0x0000028c1300dfb0, 0x0000028c2a95b5b0, 0x0000028c2a95eb80, 0x0000028c2a9603e0,
0x0000028c2a960e40, 0x0000028c2a97d570, 0x0000028c2a96be30, 0x0000028c2a972740,
0x0000028c2a9731e0, 0x0000028c2a63cee0, 0x0000028c2ad3df10, 0x0000028c30836a90,
0x0000028c2fda0f60, 0x0000028c2f9c5b20, 0x0000028c2fb0f7e0, 0x0000028c2fd961b0,
0x0000028c2ad37c10, 0x0000028c2f955430, 0x0000028c2f9356e0, 0x0000028c2f9328f0,
0x0000028c2f9349c0, 0x0000028c2f935050, 0x0000028c2f932260, 0x0000028c2f932f80,
0x0000028c2f933ca0, 0x0000028c2f934330, 0x0000028c30e7c860, 0x0000028c30e7cef0,
0x0000028c30e7d580, 0x0000028c30e7fce0, 0x0000028c30e7dc10, 0x0000028c30e7e2a0,
0x0000028c30e7e930, 0x0000028c30e7efc0, 0x0000028c30e7f650, 0x0000028c31f8e590,
0x0000028c31f8f940, 0x0000028c31f90660, 0x0000028c31f8d870, 0x0000028c31f8ec20,
0x0000028c31f8f2b0, 0x0000028c31f8c4c0, 0x0000028c31f920a0, 0x0000028c31f8cb50,
0x0000028c31f93450, 0x0000028c31f8d1e0, 0x0000028c31f91380, 0x0000028c31f8df00,
0x0000028c31f8ffd0, 0x0000028c31f91a10, 0x0000028c31f92730, 0x0000028c31f92dc0,
0x0000028c32eadce0, 0x0000028c32eac930, 0x0000028c32eacfc0, 0x0000028c32ead650,
0x0000028c32ea8790, 0x0000028c32eaaef0
}

Java Threads: ( => current thread )
  0x0000028c1300dfb0 JavaThread "main"                              [_thread_blocked, id=15020, stack(0x000000d084b00000,0x000000d084c00000) (1024K)]
  0x0000028c2a95b5b0 JavaThread "Reference Handler"          daemon [_thread_blocked, id=16020, stack(0x000000d085300000,0x000000d085400000) (1024K)]
  0x0000028c2a95eb80 JavaThread "Finalizer"                  daemon [_thread_blocked, id=11916, stack(0x000000d085400000,0x000000d085500000) (1024K)]
  0x0000028c2a9603e0 JavaThread "Signal Dispatcher"          daemon [_thread_blocked, id=12948, stack(0x000000d085500000,0x000000d085600000) (1024K)]
  0x0000028c2a960e40 JavaThread "Attach Listener"            daemon [_thread_blocked, id=15552, stack(0x000000d085600000,0x000000d085700000) (1024K)]
  0x0000028c2a97d570 JavaThread "Service Thread"             daemon [_thread_blocked, id=8048, stack(0x000000d085700000,0x000000d085800000) (1024K)]
  0x0000028c2a96be30 JavaThread "Monitor Deflation Thread"   daemon [_thread_blocked, id=13588, stack(0x000000d085800000,0x000000d085900000) (1024K)]
=>0x0000028c2a972740 JavaThread "C2 CompilerThread0"         daemon [_thread_in_native, id=12608, stack(0x000000d085900000,0x000000d085a00000) (1024K)]
  0x0000028c2a9731e0 JavaThread "C1 CompilerThread0"         daemon [_thread_blocked, id=13908, stack(0x000000d085a00000,0x000000d085b00000) (1024K)]
  0x0000028c2a63cee0 JavaThread "Common-Cleaner"             daemon [_thread_blocked, id=1796, stack(0x000000d085b00000,0x000000d085c00000) (1024K)]
  0x0000028c2ad3df10 JavaThread "Notification Thread"        daemon [_thread_blocked, id=10656, stack(0x000000d085c00000,0x000000d085d00000) (1024K)]
  0x0000028c30836a90 JavaThread "Daemon health stats"               [_thread_blocked, id=9924, stack(0x000000d086100000,0x000000d086200000) (1024K)]
  0x0000028c2fda0f60 JavaThread "Incoming local TCP Connector on port 58368"        [_thread_in_native, id=13656, stack(0x000000d086500000,0x000000d086600000) (1024K)]
  0x0000028c2f9c5b20 JavaThread "Daemon periodic checks"            [_thread_blocked, id=13400, stack(0x000000d086600000,0x000000d086700000) (1024K)]
  0x0000028c2fb0f7e0 JavaThread "Daemon"                            [_thread_blocked, id=8348, stack(0x000000d086700000,0x000000d086800000) (1024K)]
  0x0000028c2fd961b0 JavaThread "Handler for socket connection from /127.0.0.1:58368 to /127.0.0.1:58369"        [_thread_in_native, id=11756, stack(0x000000d086800000,0x000000d086900000) (1024K)]
  0x0000028c2ad37c10 JavaThread "Cancel handler"                    [_thread_blocked, id=16164, stack(0x000000d086900000,0x000000d086a00000) (1024K)]
  0x0000028c2f955430 JavaThread "Daemon worker"                     [_thread_in_native, id=11648, stack(0x000000d086a00000,0x000000d086b00000) (1024K)]
  0x0000028c2f9356e0 JavaThread "Asynchronous log dispatcher for DefaultDaemonConnection: socket connection from /127.0.0.1:58368 to /127.0.0.1:58369"        [_thread_blocked, id=6116, stack(0x000000d086b00000,0x000000d086c00000) (1024K)]
  0x0000028c2f9328f0 JavaThread "Stdin handler"                     [_thread_blocked, id=1076, stack(0x000000d086c00000,0x000000d086d00000) (1024K)]
  0x0000028c2f9349c0 JavaThread "Daemon client event forwarder"        [_thread_blocked, id=10812, stack(0x000000d086d00000,0x000000d086e00000) (1024K)]
  0x0000028c2f935050 JavaThread "Cache worker for journal cache (C:\Users\user\.gradle\caches\journal-1)"        [_thread_blocked, id=6164, stack(0x000000d086f00000,0x000000d087000000) (1024K)]
  0x0000028c2f932260 JavaThread "File lock request listener"        [_thread_in_native, id=6180, stack(0x000000d087000000,0x000000d087100000) (1024K)]
  0x0000028c2f932f80 JavaThread "Cache worker for file hash cache (C:\Users\user\.gradle\caches\8.11.1\fileHashes)"        [_thread_blocked, id=13236, stack(0x000000d087100000,0x000000d087200000) (1024K)]
  0x0000028c2f933ca0 JavaThread "Cache worker for file content cache (C:\Users\user\.gradle\caches\8.11.1\fileContent)"        [_thread_blocked, id=15184, stack(0x000000d087200000,0x000000d087300000) (1024K)]
  0x0000028c2f934330 JavaThread "Cache worker for file hash cache (C:\Users\user\AndroidStudioProjects\ImageApp\.gradle\8.11.1\fileHashes)"        [_thread_blocked, id=2448, stack(0x000000d087300000,0x000000d087400000) (1024K)]
  0x0000028c30e7c860 JavaThread "Cache worker for Build Output Cleanup Cache (C:\Users\user\AndroidStudioProjects\ImageApp\.gradle\buildOutputCleanup)"        [_thread_blocked, id=10340, stack(0x000000d087400000,0x000000d087500000) (1024K)]
  0x0000028c30e7cef0 JavaThread "File watcher server"        daemon [_thread_in_native, id=15216, stack(0x000000d087500000,0x000000d087600000) (1024K)]
  0x0000028c30e7d580 JavaThread "File watcher consumer"      daemon [_thread_blocked, id=15928, stack(0x000000d087600000,0x000000d087700000) (1024K)]
  0x0000028c30e7fce0 JavaThread "jar transforms"                    [_thread_blocked, id=5976, stack(0x000000d087700000,0x000000d087800000) (1024K)]
  0x0000028c30e7dc10 JavaThread "jar transforms Thread 2"           [_thread_blocked, id=13296, stack(0x000000d087800000,0x000000d087900000) (1024K)]
  0x0000028c30e7e2a0 JavaThread "jar transforms Thread 3"           [_thread_blocked, id=2224, stack(0x000000d087900000,0x000000d087a00000) (1024K)]
  0x0000028c30e7e930 JavaThread "jar transforms Thread 4"           [_thread_blocked, id=13816, stack(0x000000d087a00000,0x000000d087b00000) (1024K)]
  0x0000028c30e7efc0 JavaThread "jar transforms Thread 5"           [_thread_blocked, id=404, stack(0x000000d087b00000,0x000000d087c00000) (1024K)]
  0x0000028c30e7f650 JavaThread "jar transforms Thread 6"           [_thread_blocked, id=7248, stack(0x000000d087c00000,0x000000d087d00000) (1024K)]
  0x0000028c31f8e590 JavaThread "jar transforms Thread 7"           [_thread_blocked, id=8928, stack(0x000000d087d00000,0x000000d087e00000) (1024K)]
  0x0000028c31f8f940 JavaThread "jar transforms Thread 8"           [_thread_blocked, id=12220, stack(0x000000d087e00000,0x000000d087f00000) (1024K)]
  0x0000028c31f90660 JavaThread "Cache worker for checksums cache (C:\Users\user\AndroidStudioProjects\ImageApp\.gradle\8.11.1\checksums)"        [_thread_blocked, id=15704, stack(0x000000d087f00000,0x000000d088000000) (1024K)]
  0x0000028c31f8d870 JavaThread "Cache worker for cache directory md-rule (C:\Users\user\.gradle\caches\8.11.1\md-rule)"        [_thread_blocked, id=9012, stack(0x000000d088000000,0x000000d088100000) (1024K)]
  0x0000028c31f8ec20 JavaThread "Cache worker for cache directory md-supplier (C:\Users\user\.gradle\caches\8.11.1\md-supplier)"        [_thread_blocked, id=1976, stack(0x000000d088100000,0x000000d088200000) (1024K)]
  0x0000028c31f8f2b0 JavaThread "Unconstrained build operations"        [_thread_blocked, id=9588, stack(0x000000d088200000,0x000000d088300000) (1024K)]
  0x0000028c31f8c4c0 JavaThread "Unconstrained build operations Thread 2"        [_thread_blocked, id=8364, stack(0x000000d088300000,0x000000d088400000) (1024K)]
  0x0000028c31f920a0 JavaThread "Unconstrained build operations Thread 3"        [_thread_blocked, id=16292, stack(0x000000d088400000,0x000000d088500000) (1024K)]
  0x0000028c31f8cb50 JavaThread "Unconstrained build operations Thread 4"        [_thread_blocked, id=1296, stack(0x000000d088500000,0x000000d088600000) (1024K)]
  0x0000028c31f93450 JavaThread "Unconstrained build operations Thread 5"        [_thread_blocked, id=14844, stack(0x000000d088600000,0x000000d088700000) (1024K)]
  0x0000028c31f8d1e0 JavaThread "Unconstrained build operations Thread 6"        [_thread_blocked, id=8936, stack(0x000000d088700000,0x000000d088800000) (1024K)]
  0x0000028c31f91380 JavaThread "Unconstrained build operations Thread 7"        [_thread_blocked, id=12096, stack(0x000000d088800000,0x000000d088900000) (1024K)]
  0x0000028c31f8df00 JavaThread "Unconstrained build operations Thread 8"        [_thread_blocked, id=14368, stack(0x000000d088900000,0x000000d088a00000) (1024K)]
  0x0000028c31f8ffd0 JavaThread "Unconstrained build operations Thread 9"        [_thread_blocked, id=2956, stack(0x000000d088a00000,0x000000d088b00000) (1024K)]
  0x0000028c31f91a10 JavaThread "Unconstrained build operations Thread 10"        [_thread_blocked, id=408, stack(0x000000d088b00000,0x000000d088c00000) (1024K)]
  0x0000028c31f92730 JavaThread "Unconstrained build operations Thread 11"        [_thread_blocked, id=10844, stack(0x000000d088c00000,0x000000d088d00000) (1024K)]
  0x0000028c31f92dc0 JavaThread "Unconstrained build operations Thread 12"        [_thread_blocked, id=12348, stack(0x000000d088d00000,0x000000d088e00000) (1024K)]
  0x0000028c32eadce0 JavaThread "Unconstrained build operations Thread 13"        [_thread_blocked, id=12268, stack(0x000000d088e00000,0x000000d088f00000) (1024K)]
  0x0000028c32eac930 JavaThread "Unconstrained build operations Thread 14"        [_thread_blocked, id=9004, stack(0x000000d088f00000,0x000000d089000000) (1024K)]
  0x0000028c32eacfc0 JavaThread "Unconstrained build operations Thread 15"        [_thread_blocked, id=12460, stack(0x000000d089000000,0x000000d089100000) (1024K)]
  0x0000028c32ead650 JavaThread "Unconstrained build operations Thread 16"        [_thread_blocked, id=5272, stack(0x000000d089100000,0x000000d089200000) (1024K)]
  0x0000028c32ea8790 JavaThread "Unconstrained build operations Thread 17"        [_thread_blocked, id=7512, stack(0x000000d089200000,0x000000d089300000) (1024K)]
  0x0000028c32eaaef0 JavaThread "Unconstrained build operations Thread 18"        [_thread_blocked, id=13956, stack(0x000000d089300000,0x000000d089400000) (1024K)]
Total: 58

Other Threads:
  0x0000028c2a6ce1c0 VMThread "VM Thread"                           [id=13040, stack(0x000000d085200000,0x000000d085300000) (1024K)]
  0x0000028c2a63a8d0 WatcherThread "VM Periodic Task Thread"        [id=8376, stack(0x000000d085100000,0x000000d085200000) (1024K)]
  0x0000028c13065be0 WorkerThread "GC Thread#0"                     [id=13316, stack(0x000000d084c00000,0x000000d084d00000) (1024K)]
  0x0000028c2f0cbeb0 WorkerThread "GC Thread#1"                     [id=11096, stack(0x000000d085d00000,0x000000d085e00000) (1024K)]
  0x0000028c2f421990 WorkerThread "GC Thread#2"                     [id=300, stack(0x000000d085e00000,0x000000d085f00000) (1024K)]
  0x0000028c2fc8d8e0 WorkerThread "GC Thread#3"                     [id=12080, stack(0x000000d085f00000,0x000000d086000000) (1024K)]
  0x0000028c2fc91c90 WorkerThread "GC Thread#4"                     [id=5964, stack(0x000000d086000000,0x000000d086100000) (1024K)]
  0x0000028c30836090 WorkerThread "GC Thread#5"                     [id=12280, stack(0x000000d086200000,0x000000d086300000) (1024K)]
  0x0000028c30834e70 WorkerThread "GC Thread#6"                     [id=15532, stack(0x000000d086300000,0x000000d086400000) (1024K)]
  0x0000028c30836430 WorkerThread "GC Thread#7"                     [id=16284, stack(0x000000d086400000,0x000000d086500000) (1024K)]
  0x0000028c13078c00 ConcurrentGCThread "G1 Main Marker"            [id=11732, stack(0x000000d084d00000,0x000000d084e00000) (1024K)]
  0x0000028c1307aa20 WorkerThread "G1 Conc#0"                       [id=8372, stack(0x000000d084e00000,0x000000d084f00000) (1024K)]
  0x0000028c30835cf0 WorkerThread "G1 Conc#1"                       [id=2528, stack(0x000000d086e00000,0x000000d086f00000) (1024K)]
  0x0000028c2a510080 ConcurrentGCThread "G1 Refine#0"               [id=11156, stack(0x000000d084f00000,0x000000d085000000) (1024K)]
  0x0000028c2a5108a0 ConcurrentGCThread "G1 Service"                [id=15436, stack(0x000000d085000000,0x000000d085100000) (1024K)]
Total: 15

Threads with active compile tasks:
C2 CompilerThread0    22804 7944   !   4       java.net.URLClassLoader::findClass (47 bytes)
Total: 1

VM state: not at safepoint (normal execution)

VM Mutex/Monitor currently owned by a thread: None

Heap address: 0x0000000080000000, size: 2048 MB, Compressed Oops mode: 32-bit

CDS archive(s) not mapped
Compressed class space mapped at: 0x0000000100000000-0x0000000140000000, reserved size: 1073741824
Narrow klass base: 0x0000000000000000, Narrow klass shift: 3, Narrow klass range: 0x140000000

GC Precious Log:
 CardTable entry size: 512
 Card Set container configuration: InlinePtr #cards 5 size 8 Array Of Cards #cards 12 size 40 Howl #buckets 4 coarsen threshold 1843 Howl Bitmap #cards 512 size 80 coarsen threshold 460 Card regions per heap region 1 cards per card region 2048
 CPUs: 8 total, 8 available
 Memory: 3818M
 Large Page Support: Disabled
 NUMA Support: Disabled
 Compressed Oops: Enabled (32-bit)
 Heap Region Size: 1M
 Heap Min Capacity: 8M
 Heap Initial Capacity: 60M
 Heap Max Capacity: 2G
 Pre-touch: Disabled
 Parallel Workers: 8
 Concurrent Workers: 2
 Concurrent Refinement Workers: 8
 Periodic GC: Disabled

Heap:
 garbage-first heap   total 148480K, used 112992K [0x0000000080000000, 0x0000000100000000)
  region size 1024K, 36 young (36864K), 7 survivors (7168K)
 Metaspace       used 79519K, committed 81344K, reserved 1179648K
  class space    used 10880K, committed 11776K, reserved 1048576K

Heap Regions: E=young(eden), S=young(survivor), O=old, HS=humongous(starts), HC=humongous(continues), CS=collection set, F=free, TAMS=top-at-mark-start, PB=parsable bottom
|   0|0x0000000080000000, 0x0000000080100000, 0x0000000080100000|100%| O|  |TAMS 0x0000000080000000| PB 0x0000000080000000| Untracked 
|   1|0x0000000080100000, 0x0000000080200000, 0x0000000080200000|100%|HS|  |TAMS 0x0000000080100000| PB 0x0000000080100000| Complete 
|   2|0x0000000080200000, 0x0000000080300000, 0x0000000080300000|100%|HC|  |TAMS 0x0000000080200000| PB 0x0000000080200000| Complete 
|   3|0x0000000080300000, 0x0000000080400000, 0x0000000080400000|100%|HC|  |TAMS 0x0000000080300000| PB 0x0000000080300000| Complete 
|   4|0x0000000080400000, 0x0000000080500000, 0x0000000080500000|100%| O|  |TAMS 0x0000000080400000| PB 0x0000000080400000| Untracked 
|   5|0x0000000080500000, 0x0000000080600000, 0x0000000080600000|100%| O|  |TAMS 0x0000000080500000| PB 0x0000000080500000| Untracked 
|   6|0x0000000080600000, 0x0000000080700000, 0x0000000080700000|100%| O|  |TAMS 0x0000000080600000| PB 0x0000000080600000| Untracked 
|   7|0x0000000080700000, 0x0000000080800000, 0x0000000080800000|100%| O|  |TAMS 0x0000000080700000| PB 0x0000000080700000| Untracked 
|   8|0x0000000080800000, 0x0000000080900000, 0x0000000080900000|100%| O|  |TAMS 0x0000000080800000| PB 0x0000000080800000| Untracked 
|   9|0x0000000080900000, 0x0000000080a00000, 0x0000000080a00000|100%| O|  |TAMS 0x0000000080900000| PB 0x0000000080900000| Untracked 
|  10|0x0000000080a00000, 0x0000000080b00000, 0x0000000080b00000|100%| O|  |TAMS 0x0000000080a00000| PB 0x0000000080a00000| Untracked 
|  11|0x0000000080b00000, 0x0000000080c00000, 0x0000000080c00000|100%|HS|  |TAMS 0x0000000080b00000| PB 0x0000000080b00000| Complete 
|  12|0x0000000080c00000, 0x0000000080d00000, 0x0000000080d00000|100%| O|  |TAMS 0x0000000080c00000| PB 0x0000000080c00000| Untracked 
|  13|0x0000000080d00000, 0x0000000080e00000, 0x0000000080e00000|100%| O|  |TAMS 0x0000000080d00000| PB 0x0000000080d00000| Untracked 
|  14|0x0000000080e00000, 0x0000000080f00000, 0x0000000080f00000|100%| O|  |TAMS 0x0000000080e00000| PB 0x0000000080e00000| Untracked 
|  15|0x0000000080f00000, 0x0000000081000000, 0x0000000081000000|100%| O|  |TAMS 0x0000000080f00000| PB 0x0000000080f00000| Untracked 
|  16|0x0000000081000000, 0x0000000081100000, 0x0000000081100000|100%| O|  |TAMS 0x0000000081000000| PB 0x0000000081000000| Untracked 
|  17|0x0000000081100000, 0x0000000081200000, 0x0000000081200000|100%| O|  |TAMS 0x0000000081100000| PB 0x0000000081100000| Untracked 
|  18|0x0000000081200000, 0x0000000081300000, 0x0000000081300000|100%| O|  |TAMS 0x0000000081200000| PB 0x0000000081200000| Untracked 
|  19|0x0000000081300000, 0x0000000081400000, 0x0000000081400000|100%| O|  |TAMS 0x0000000081300000| PB 0x0000000081300000| Untracked 
|  20|0x0000000081400000, 0x0000000081500000, 0x0000000081500000|100%| O|  |TAMS 0x0000000081400000| PB 0x0000000081400000| Untracked 
|  21|0x0000000081500000, 0x0000000081600000, 0x0000000081600000|100%| O|  |TAMS 0x0000000081500000| PB 0x0000000081500000| Untracked 
|  22|0x0000000081600000, 0x0000000081700000, 0x0000000081700000|100%|HS|  |TAMS 0x0000000081600000| PB 0x0000000081600000| Complete 
|  23|0x0000000081700000, 0x0000000081800000, 0x0000000081800000|100%|HC|  |TAMS 0x0000000081700000| PB 0x0000000081700000| Complete 
|  24|0x0000000081800000, 0x0000000081900000, 0x0000000081900000|100%|HC|  |TAMS 0x0000000081800000| PB 0x0000000081800000| Complete 
|  25|0x0000000081900000, 0x0000000081a00000, 0x0000000081a00000|100%|HC|  |TAMS 0x0000000081900000| PB 0x0000000081900000| Complete 
|  26|0x0000000081a00000, 0x0000000081b00000, 0x0000000081b00000|100%|HC|  |TAMS 0x0000000081a00000| PB 0x0000000081a00000| Complete 
|  27|0x0000000081b00000, 0x0000000081c00000, 0x0000000081c00000|100%|HC|  |TAMS 0x0000000081b00000| PB 0x0000000081b00000| Complete 
|  28|0x0000000081c00000, 0x0000000081d00000, 0x0000000081d00000|100%|HS|  |TAMS 0x0000000081c00000| PB 0x0000000081c00000| Complete 
|  29|0x0000000081d00000, 0x0000000081e00000, 0x0000000081e00000|100%|HC|  |TAMS 0x0000000081d00000| PB 0x0000000081d00000| Complete 
|  30|0x0000000081e00000, 0x0000000081f00000, 0x0000000081f00000|100%|HS|  |TAMS 0x0000000081e00000| PB 0x0000000081e00000| Complete 
|  31|0x0000000081f00000, 0x0000000082000000, 0x0000000082000000|100%| O|  |TAMS 0x0000000081f00000| PB 0x0000000081f00000| Untracked 
|  32|0x0000000082000000, 0x0000000082100000, 0x0000000082100000|100%| O|  |TAMS 0x0000000082000000| PB 0x0000000082000000| Untracked 
|  33|0x0000000082100000, 0x0000000082200000, 0x0000000082200000|100%| O|  |TAMS 0x0000000082100000| PB 0x0000000082100000| Untracked 
|  34|0x0000000082200000, 0x0000000082300000, 0x0000000082300000|100%|HS|  |TAMS 0x0000000082200000| PB 0x0000000082200000| Complete 
|  35|0x0000000082300000, 0x0000000082400000, 0x0000000082400000|100%|HC|  |TAMS 0x0000000082300000| PB 0x0000000082300000| Complete 
|  36|0x0000000082400000, 0x0000000082500000, 0x0000000082500000|100%|HC|  |TAMS 0x0000000082400000| PB 0x0000000082400000| Complete 
|  37|0x0000000082500000, 0x0000000082600000, 0x0000000082600000|100%| O|  |TAMS 0x0000000082500000| PB 0x0000000082500000| Untracked 
|  38|0x0000000082600000, 0x0000000082700000, 0x0000000082700000|100%| O|  |TAMS 0x0000000082600000| PB 0x0000000082600000| Untracked 
|  39|0x0000000082700000, 0x0000000082800000, 0x0000000082800000|100%| O|  |TAMS 0x0000000082700000| PB 0x0000000082700000| Untracked 
|  40|0x0000000082800000, 0x0000000082900000, 0x0000000082900000|100%| O|  |TAMS 0x0000000082800000| PB 0x0000000082800000| Untracked 
|  41|0x0000000082900000, 0x0000000082a00000, 0x0000000082a00000|100%| O|  |TAMS 0x0000000082900000| PB 0x0000000082900000| Untracked 
|  42|0x0000000082a00000, 0x0000000082b00000, 0x0000000082b00000|100%| O|  |TAMS 0x0000000082a00000| PB 0x0000000082a00000| Untracked 
|  43|0x0000000082b00000, 0x0000000082c00000, 0x0000000082c00000|100%| O|  |TAMS 0x0000000082b00000| PB 0x0000000082b00000| Untracked 
|  44|0x0000000082c00000, 0x0000000082d00000, 0x0000000082d00000|100%| O|  |TAMS 0x0000000082c00000| PB 0x0000000082c00000| Untracked 
|  45|0x0000000082d00000, 0x0000000082e00000, 0x0000000082e00000|100%| O|  |TAMS 0x0000000082d00000| PB 0x0000000082d00000| Untracked 
|  46|0x0000000082e00000, 0x0000000082f00000, 0x0000000082f00000|100%| O|  |TAMS 0x0000000082e00000| PB 0x0000000082e00000| Untracked 
|  47|0x0000000082f00000, 0x0000000083000000, 0x0000000083000000|100%| O|  |TAMS 0x0000000082f00000| PB 0x0000000082f00000| Untracked 
|  48|0x0000000083000000, 0x0000000083058018, 0x0000000083100000| 34%| O|  |TAMS 0x0000000083000000| PB 0x0000000083000000| Untracked 
|  49|0x0000000083100000, 0x0000000083200000, 0x0000000083200000|100%|HS|  |TAMS 0x0000000083100000| PB 0x0000000083100000| Complete 
|  50|0x0000000083200000, 0x0000000083300000, 0x0000000083300000|100%|HC|  |TAMS 0x0000000083200000| PB 0x0000000083200000| Complete 
|  51|0x0000000083300000, 0x0000000083400000, 0x0000000083400000|100%| O|  |TAMS 0x0000000083300000| PB 0x0000000083300000| Untracked 
|  52|0x0000000083400000, 0x0000000083500000, 0x0000000083500000|100%| O|  |TAMS 0x0000000083400000| PB 0x0000000083400000| Untracked 
|  53|0x0000000083500000, 0x0000000083600000, 0x0000000083600000|100%| O|  |TAMS 0x0000000083500000| PB 0x0000000083500000| Untracked 
|  54|0x0000000083600000, 0x0000000083700000, 0x0000000083700000|100%| O|  |TAMS 0x0000000083600000| PB 0x0000000083600000| Untracked 
|  55|0x0000000083700000, 0x0000000083800000, 0x0000000083800000|100%| O|  |TAMS 0x0000000083700000| PB 0x0000000083700000| Untracked 
|  56|0x0000000083800000, 0x0000000083900000, 0x0000000083900000|100%| O|  |TAMS 0x0000000083800000| PB 0x0000000083800000| Untracked 
|  57|0x0000000083900000, 0x0000000083a00000, 0x0000000083a00000|100%| O|  |TAMS 0x0000000083900000| PB 0x0000000083900000| Untracked 
|  58|0x0000000083a00000, 0x0000000083b00000, 0x0000000083b00000|100%| O|  |TAMS 0x0000000083a00000| PB 0x0000000083a00000| Untracked 
|  59|0x0000000083b00000, 0x0000000083c00000, 0x0000000083c00000|100%| O|  |TAMS 0x0000000083b00000| PB 0x0000000083b00000| Untracked 
|  60|0x0000000083c00000, 0x0000000083d00000, 0x0000000083d00000|100%| O|  |TAMS 0x0000000083c00000| PB 0x0000000083c00000| Untracked 
|  61|0x0000000083d00000, 0x0000000083e00000, 0x0000000083e00000|100%| O|  |TAMS 0x0000000083d00000| PB 0x0000000083d00000| Untracked 
|  62|0x0000000083e00000, 0x0000000083e00000, 0x0000000083f00000|  0%| F|  |TAMS 0x0000000083e00000| PB 0x0000000083e00000| Untracked 
|  63|0x0000000083f00000, 0x0000000083f00000, 0x0000000084000000|  0%| F|  |TAMS 0x0000000083f00000| PB 0x0000000083f00000| Untracked 
|  64|0x0000000084000000, 0x0000000084100000, 0x0000000084100000|100%| O|Cm|TAMS 0x0000000084000000| PB 0x0000000084000000| Complete 
|  65|0x0000000084100000, 0x0000000084200000, 0x0000000084200000|100%|HS|  |TAMS 0x0000000084100000| PB 0x0000000084100000| Complete 
|  66|0x0000000084200000, 0x0000000084300000, 0x0000000084300000|100%|HC|  |TAMS 0x0000000084200000| PB 0x0000000084200000| Complete 
|  67|0x0000000084300000, 0x0000000084400000, 0x0000000084400000|100%|HC|  |TAMS 0x0000000084300000| PB 0x0000000084300000| Complete 
|  68|0x0000000084400000, 0x0000000084500000, 0x0000000084500000|100%|HC|  |TAMS 0x0000000084400000| PB 0x0000000084400000| Complete 
|  69|0x0000000084500000, 0x0000000084600000, 0x0000000084600000|100%|HC|  |TAMS 0x0000000084500000| PB 0x0000000084500000| Complete 
|  70|0x0000000084600000, 0x0000000084700000, 0x0000000084700000|100%|HC|  |TAMS 0x0000000084600000| PB 0x0000000084600000| Complete 
|  71|0x0000000084700000, 0x0000000084800000, 0x0000000084800000|100%|HS|  |TAMS 0x0000000084700000| PB 0x0000000084700000| Complete 
|  72|0x0000000084800000, 0x0000000084900000, 0x0000000084900000|100%|HC|  |TAMS 0x0000000084800000| PB 0x0000000084800000| Complete 
|  73|0x0000000084900000, 0x0000000084a00000, 0x0000000084a00000|100%|HC|  |TAMS 0x0000000084900000| PB 0x0000000084900000| Complete 
|  74|0x0000000084a00000, 0x0000000084b00000, 0x0000000084b00000|100%|HC|  |TAMS 0x0000000084a00000| PB 0x0000000084a00000| Complete 
|  75|0x0000000084b00000, 0x0000000084c00000, 0x0000000084c00000|100%|HC|  |TAMS 0x0000000084b00000| PB 0x0000000084b00000| Complete 
|  76|0x0000000084c00000, 0x0000000084d00000, 0x0000000084d00000|100%|HC|  |TAMS 0x0000000084c00000| PB 0x0000000084c00000| Complete 
|  77|0x0000000084d00000, 0x0000000084d00000, 0x0000000084e00000|  0%| F|  |TAMS 0x0000000084d00000| PB 0x0000000084d00000| Untracked 
|  78|0x0000000084e00000, 0x0000000084e00000, 0x0000000084f00000|  0%| F|  |TAMS 0x0000000084e00000| PB 0x0000000084e00000| Untracked 
|  79|0x0000000084f00000, 0x0000000084f00000, 0x0000000085000000|  0%| F|  |TAMS 0x0000000084f00000| PB 0x0000000084f00000| Untracked 
|  80|0x0000000085000000, 0x0000000085000000, 0x0000000085100000|  0%| F|  |TAMS 0x0000000085000000| PB 0x0000000085000000| Untracked 
|  81|0x0000000085100000, 0x0000000085100000, 0x0000000085200000|  0%| F|  |TAMS 0x0000000085100000| PB 0x0000000085100000| Untracked 
|  82|0x0000000085200000, 0x0000000085200000, 0x0000000085300000|  0%| F|  |TAMS 0x0000000085200000| PB 0x0000000085200000| Untracked 
|  83|0x0000000085300000, 0x0000000085400000, 0x0000000085400000|100%| S|CS|TAMS 0x0000000085300000| PB 0x0000000085300000| Complete 
|  84|0x0000000085400000, 0x0000000085500000, 0x0000000085500000|100%| S|CS|TAMS 0x0000000085400000| PB 0x0000000085400000| Complete 
|  85|0x0000000085500000, 0x0000000085600000, 0x0000000085600000|100%| S|CS|TAMS 0x0000000085500000| PB 0x0000000085500000| Complete 
|  86|0x0000000085600000, 0x0000000085700000, 0x0000000085700000|100%| S|CS|TAMS 0x0000000085600000| PB 0x0000000085600000| Complete 
|  87|0x0000000085700000, 0x0000000085800000, 0x0000000085800000|100%| S|CS|TAMS 0x0000000085700000| PB 0x0000000085700000| Complete 
|  88|0x0000000085800000, 0x0000000085900000, 0x0000000085900000|100%| S|CS|TAMS 0x0000000085800000| PB 0x0000000085800000| Complete 
|  89|0x0000000085900000, 0x0000000085a00000, 0x0000000085a00000|100%| S|CS|TAMS 0x0000000085900000| PB 0x0000000085900000| Complete 
|  90|0x0000000085a00000, 0x0000000085a00000, 0x0000000085b00000|  0%| F|  |TAMS 0x0000000085a00000| PB 0x0000000085a00000| Untracked 
|  91|0x0000000085b00000, 0x0000000085b00000, 0x0000000085c00000|  0%| F|  |TAMS 0x0000000085b00000| PB 0x0000000085b00000| Untracked 
|  92|0x0000000085c00000, 0x0000000085c00000, 0x0000000085d00000|  0%| F|  |TAMS 0x0000000085c00000| PB 0x0000000085c00000| Untracked 
|  93|0x0000000085d00000, 0x0000000085d00000, 0x0000000085e00000|  0%| F|  |TAMS 0x0000000085d00000| PB 0x0000000085d00000| Untracked 
|  94|0x0000000085e00000, 0x0000000085e00000, 0x0000000085f00000|  0%| F|  |TAMS 0x0000000085e00000| PB 0x0000000085e00000| Untracked 
|  95|0x0000000085f00000, 0x0000000085f00000, 0x0000000086000000|  0%| F|  |TAMS 0x0000000085f00000| PB 0x0000000085f00000| Untracked 
|  96|0x0000000086000000, 0x0000000086000000, 0x0000000086100000|  0%| F|  |TAMS 0x0000000086000000| PB 0x0000000086000000| Untracked 
|  97|0x0000000086100000, 0x0000000086100000, 0x0000000086200000|  0%| F|  |TAMS 0x0000000086100000| PB 0x0000000086100000| Untracked 
|  98|0x0000000086200000, 0x0000000086200000, 0x0000000086300000|  0%| F|  |TAMS 0x0000000086200000| PB 0x0000000086200000| Untracked 
|  99|0x0000000086300000, 0x0000000086300000, 0x0000000086400000|  0%| F|  |TAMS 0x0000000086300000| PB 0x0000000086300000| Untracked 
| 100|0x0000000086400000, 0x0000000086400000, 0x0000000086500000|  0%| F|  |TAMS 0x0000000086400000| PB 0x0000000086400000| Untracked 
| 101|0x0000000086500000, 0x0000000086500000, 0x0000000086600000|  0%| F|  |TAMS 0x0000000086500000| PB 0x0000000086500000| Untracked 
| 102|0x0000000086600000, 0x0000000086600000, 0x0000000086700000|  0%| F|  |TAMS 0x0000000086600000| PB 0x0000000086600000| Untracked 
| 103|0x0000000086700000, 0x0000000086700000, 0x0000000086800000|  0%| F|  |TAMS 0x0000000086700000| PB 0x0000000086700000| Untracked 
| 104|0x0000000086800000, 0x0000000086800000, 0x0000000086900000|  0%| F|  |TAMS 0x0000000086800000| PB 0x0000000086800000| Untracked 
| 105|0x0000000086900000, 0x0000000086900000, 0x0000000086a00000|  0%| F|  |TAMS 0x0000000086900000| PB 0x0000000086900000| Untracked 
| 106|0x0000000086a00000, 0x0000000086a00000, 0x0000000086b00000|  0%| F|  |TAMS 0x0000000086a00000| PB 0x0000000086a00000| Untracked 
| 107|0x0000000086b00000, 0x0000000086b00000, 0x0000000086c00000|  0%| F|  |TAMS 0x0000000086b00000| PB 0x0000000086b00000| Untracked 
| 108|0x0000000086c00000, 0x0000000086c00000, 0x0000000086d00000|  0%| F|  |TAMS 0x0000000086c00000| PB 0x0000000086c00000| Untracked 
| 109|0x0000000086d00000, 0x0000000086d00000, 0x0000000086e00000|  0%| F|  |TAMS 0x0000000086d00000| PB 0x0000000086d00000| Untracked 
| 110|0x0000000086e00000, 0x0000000086e00000, 0x0000000086f00000|  0%| F|  |TAMS 0x0000000086e00000| PB 0x0000000086e00000| Untracked 
| 111|0x0000000086f00000, 0x0000000086f00000, 0x0000000087000000|  0%| F|  |TAMS 0x0000000086f00000| PB 0x0000000086f00000| Untracked 
| 112|0x0000000087000000, 0x0000000087000000, 0x0000000087100000|  0%| F|  |TAMS 0x0000000087000000| PB 0x0000000087000000| Untracked 
| 113|0x0000000087100000, 0x0000000087100000, 0x0000000087200000|  0%| F|  |TAMS 0x0000000087100000| PB 0x0000000087100000| Untracked 
| 114|0x0000000087200000, 0x0000000087200000, 0x0000000087300000|  0%| F|  |TAMS 0x0000000087200000| PB 0x0000000087200000| Untracked 
| 115|0x0000000087300000, 0x0000000087400000, 0x0000000087400000|100%| E|  |TAMS 0x0000000087300000| PB 0x0000000087300000| Complete 
| 116|0x0000000087400000, 0x0000000087500000, 0x0000000087500000|100%| E|CS|TAMS 0x0000000087400000| PB 0x0000000087400000| Complete 
| 117|0x0000000087500000, 0x0000000087600000, 0x0000000087600000|100%| E|CS|TAMS 0x0000000087500000| PB 0x0000000087500000| Complete 
| 118|0x0000000087600000, 0x0000000087700000, 0x0000000087700000|100%| E|CS|TAMS 0x0000000087600000| PB 0x0000000087600000| Complete 
| 119|0x0000000087700000, 0x0000000087800000, 0x0000000087800000|100%| E|CS|TAMS 0x0000000087700000| PB 0x0000000087700000| Complete 
| 120|0x0000000087800000, 0x0000000087900000, 0x0000000087900000|100%| E|CS|TAMS 0x0000000087800000| PB 0x0000000087800000| Complete 
| 121|0x0000000087900000, 0x0000000087a00000, 0x0000000087a00000|100%| E|CS|TAMS 0x0000000087900000| PB 0x0000000087900000| Complete 
| 122|0x0000000087a00000, 0x0000000087b00000, 0x0000000087b00000|100%| E|CS|TAMS 0x0000000087a00000| PB 0x0000000087a00000| Complete 
| 123|0x0000000087b00000, 0x0000000087c00000, 0x0000000087c00000|100%| E|CS|TAMS 0x0000000087b00000| PB 0x0000000087b00000| Complete 
| 124|0x0000000087c00000, 0x0000000087d00000, 0x0000000087d00000|100%| E|CS|TAMS 0x0000000087c00000| PB 0x0000000087c00000| Complete 
| 125|0x0000000087d00000, 0x0000000087e00000, 0x0000000087e00000|100%| E|CS|TAMS 0x0000000087d00000| PB 0x0000000087d00000| Complete 
| 126|0x0000000087e00000, 0x0000000087f00000, 0x0000000087f00000|100%| E|CS|TAMS 0x0000000087e00000| PB 0x0000000087e00000| Complete 
| 127|0x0000000087f00000, 0x0000000088000000, 0x0000000088000000|100%| E|CS|TAMS 0x0000000087f00000| PB 0x0000000087f00000| Complete 
| 128|0x0000000088000000, 0x0000000088100000, 0x0000000088100000|100%| E|CS|TAMS 0x0000000088000000| PB 0x0000000088000000| Complete 
| 129|0x0000000088100000, 0x0000000088200000, 0x0000000088200000|100%| E|CS|TAMS 0x0000000088100000| PB 0x0000000088100000| Complete 
| 130|0x0000000088200000, 0x0000000088300000, 0x0000000088300000|100%| E|CS|TAMS 0x0000000088200000| PB 0x0000000088200000| Complete 
| 131|0x0000000088300000, 0x0000000088400000, 0x0000000088400000|100%| E|CS|TAMS 0x0000000088300000| PB 0x0000000088300000| Complete 
| 132|0x0000000088400000, 0x0000000088500000, 0x0000000088500000|100%| E|CS|TAMS 0x0000000088400000| PB 0x0000000088400000| Complete 
| 133|0x0000000088500000, 0x0000000088600000, 0x0000000088600000|100%| E|CS|TAMS 0x0000000088500000| PB 0x0000000088500000| Complete 
| 134|0x0000000088600000, 0x0000000088700000, 0x0000000088700000|100%| E|CS|TAMS 0x0000000088600000| PB 0x0000000088600000| Complete 
| 135|0x0000000088700000, 0x0000000088800000, 0x0000000088800000|100%| E|CS|TAMS 0x0000000088700000| PB 0x0000000088700000| Complete 
| 136|0x0000000088800000, 0x0000000088900000, 0x0000000088900000|100%| E|CS|TAMS 0x0000000088800000| PB 0x0000000088800000| Complete 
| 137|0x0000000088900000, 0x0000000088a00000, 0x0000000088a00000|100%| E|CS|TAMS 0x0000000088900000| PB 0x0000000088900000| Complete 
| 138|0x0000000088a00000, 0x0000000088b00000, 0x0000000088b00000|100%| E|CS|TAMS 0x0000000088a00000| PB 0x0000000088a00000| Complete 
| 139|0x0000000088b00000, 0x0000000088c00000, 0x0000000088c00000|100%| E|CS|TAMS 0x0000000088b00000| PB 0x0000000088b00000| Complete 
| 140|0x0000000088c00000, 0x0000000088d00000, 0x0000000088d00000|100%| E|CS|TAMS 0x0000000088c00000| PB 0x0000000088c00000| Complete 
| 141|0x0000000088d00000, 0x0000000088e00000, 0x0000000088e00000|100%| E|CS|TAMS 0x0000000088d00000| PB 0x0000000088d00000| Complete 
| 142|0x0000000088e00000, 0x0000000088f00000, 0x0000000088f00000|100%| E|CS|TAMS 0x0000000088e00000| PB 0x0000000088e00000| Complete 
| 143|0x0000000088f00000, 0x0000000089000000, 0x0000000089000000|100%| E|CS|TAMS 0x0000000088f00000| PB 0x0000000088f00000| Complete 
|2047|0x00000000fff00000, 0x0000000100000000, 0x0000000100000000|100%| O|  |TAMS 0x00000000fff00000| PB 0x00000000fff00000| Untracked 

Card table byte_map: [0x0000028c25890000,0x0000028c25c90000] _byte_map_base: 0x0000028c25490000

Marking Bits: (CMBitMap*) 0x0000028c130661f0
 Bits: [0x0000028c25c90000, 0x0000028c27c90000)

Polling page: 0x0000028c127e0000

Metaspace:

Usage:
  Non-class:     67.05 MB used.
      Class:     10.63 MB used.
       Both:     77.68 MB used.

Virtual space:
  Non-class space:      128.00 MB reserved,      67.94 MB ( 53%) committed,  2 nodes.
      Class space:        1.00 GB reserved,      11.50 MB (  1%) committed,  1 nodes.
             Both:        1.12 GB reserved,      79.44 MB (  7%) committed. 

Chunk freelists:
   Non-Class:  11.62 MB
       Class:  4.46 MB
        Both:  16.09 MB

MaxMetaspaceSize: unlimited
CompressedClassSpaceSize: 1.00 GB
Initial GC threshold: 21.00 MB
Current GC threshold: 106.19 MB
CDS: off
 - commit_granule_bytes: 65536.
 - commit_granule_words: 8192.
 - virtual_space_node_default_size: 8388608.
 - enlarge_chunks_in_place: 1.
 - use_allocation_guard: 0.


Internal statistics:

num_allocs_failed_limit: 3.
num_arena_births: 3340.
num_arena_deaths: 0.
num_vsnodes_births: 3.
num_vsnodes_deaths: 0.
num_space_committed: 1272.
num_space_uncommitted: 0.
num_chunks_returned_to_freelist: 3.
num_chunks_taken_from_freelist: 6621.
num_chunk_merges: 3.
num_chunk_splits: 4333.
num_chunks_enlarged: 2711.
num_inconsistent_stats: 0.

CodeHeap 'non-profiled nmethods': size=120000Kb used=3555Kb max_used=3555Kb free=116444Kb
 bounds [0x0000028c1dc30000, 0x0000028c1dfb0000, 0x0000028c25160000]
CodeHeap 'profiled nmethods': size=120000Kb used=14079Kb max_used=14079Kb free=105921Kb
 bounds [0x0000028c16160000, 0x0000028c16f20000, 0x0000028c1d690000]
CodeHeap 'non-nmethods': size=5760Kb used=3012Kb max_used=3039Kb free=2747Kb
 bounds [0x0000028c1d690000, 0x0000028c1d990000, 0x0000028c1dc30000]
 total_blobs=7899 nmethods=6993 adapters=809
 compilation: enabled
              stopped_count=0, restarted_count=0
 full_count=0

Compilation events (20 events):
Event: 22.709 Thread 0x0000028c2a9731e0 nmethod 7954 0x0000028c16ee9e90 code [0x0000028c16eea040, 0x0000028c16eea260]
Event: 22.709 Thread 0x0000028c2a9731e0 7955       3       sun.reflect.generics.tree.TypeVariableSignature::accept (8 bytes)
Event: 22.709 Thread 0x0000028c2a9731e0 nmethod 7955 0x0000028c16eea310 code [0x0000028c16eea4e0, 0x0000028c16eea8e8]
Event: 22.709 Thread 0x0000028c2a9731e0 7956       3       sun.reflect.generics.visitor.Reifier::visitTypeVariableSignature (18 bytes)
Event: 22.709 Thread 0x0000028c2a9731e0 nmethod 7956 0x0000028c16eeab10 code [0x0000028c16eeace0, 0x0000028c16eeb020]
Event: 22.709 Thread 0x0000028c2a9731e0 7957       3       com.google.common.collect.ImmutableMap::copyOf (58 bytes)
Event: 22.710 Thread 0x0000028c2a9731e0 nmethod 7957 0x0000028c16eeb210 code [0x0000028c16eeb440, 0x0000028c16eebce8]
Event: 22.710 Thread 0x0000028c2a9731e0 7958 %     3       org.gradle.internal.instantiation.generator.AbstractClassGenerator::inspectType @ 480 (560 bytes)
Event: 22.713 Thread 0x0000028c2a9731e0 nmethod 7958% 0x0000028c16eebe90 code [0x0000028c16eec6e0, 0x0000028c16ef1580]
Event: 22.719 Thread 0x0000028c2a9731e0 7959       3       org.objectweb.asm.ClassReader::readUtf (161 bytes)
Event: 22.720 Thread 0x0000028c2a9731e0 nmethod 7959 0x0000028c16ef2e90 code [0x0000028c16ef3080, 0x0000028c16ef34d8]
Event: 22.720 Thread 0x0000028c2a9731e0 7960       3       org.objectweb.asm.MethodWriter::visitLocalVariable (222 bytes)
Event: 22.721 Thread 0x0000028c2a9731e0 nmethod 7960 0x0000028c16ef3790 code [0x0000028c16ef3ae0, 0x0000028c16ef4c30]
Event: 22.721 Thread 0x0000028c2a9731e0 7961       3       org.objectweb.asm.Label::accept (69 bytes)
Event: 22.721 Thread 0x0000028c2a9731e0 nmethod 7961 0x0000028c16ef5490 code [0x0000028c16ef5680, 0x0000028c16ef5bb8]
Event: 22.721 Thread 0x0000028c2a9731e0 7962       3       org.objectweb.asm.MethodWriter::visitLineNumber (50 bytes)
Event: 22.722 Thread 0x0000028c2a9731e0 nmethod 7962 0x0000028c16ef5d90 code [0x0000028c16ef5f80, 0x0000028c16ef6408]
Event: 22.725 Thread 0x0000028c2a9731e0 7963       3       org.gradle.internal.logging.events.ProgressStartEvent::<init> (74 bytes)
Event: 22.725 Thread 0x0000028c2a9731e0 nmethod 7963 0x0000028c16ef6610 code [0x0000028c16ef6800, 0x0000028c16ef6e00]
Event: 22.731 Thread 0x0000028c2a9731e0 7964       3       java.util.HashMap::comparableClassFor (115 bytes)

GC Heap History (20 events):
Event: 12.759 GC heap before
{Heap before GC invocations=17 (full 0):
 garbage-first heap   total 80896K, used 59380K [0x0000000080000000, 0x0000000100000000)
  region size 1024K, 14 young (14336K), 4 survivors (4096K)
 Metaspace       used 49861K, committed 51200K, reserved 1114112K
  class space    used 6807K, committed 7488K, reserved 1048576K
}
Event: 12.766 GC heap after
{Heap after GC invocations=18 (full 0):
 garbage-first heap   total 97280K, used 53080K [0x0000000080000000, 0x0000000100000000)
  region size 1024K, 2 young (2048K), 2 survivors (2048K)
 Metaspace       used 49861K, committed 51200K, reserved 1114112K
  class space    used 6807K, committed 7488K, reserved 1048576K
}
Event: 12.768 GC heap before
{Heap before GC invocations=18 (full 0):
 garbage-first heap   total 97280K, used 54104K [0x0000000080000000, 0x0000000100000000)
  region size 1024K, 3 young (3072K), 2 survivors (2048K)
 Metaspace       used 49861K, committed 51200K, reserved 1114112K
  class space    used 6807K, committed 7488K, reserved 1048576K
}
Event: 12.771 GC heap after
{Heap after GC invocations=19 (full 0):
 garbage-first heap   total 97280K, used 53536K [0x0000000080000000, 0x0000000100000000)
  region size 1024K, 2 young (2048K), 2 survivors (2048K)
 Metaspace       used 49861K, committed 51200K, reserved 1114112K
  class space    used 6807K, committed 7488K, reserved 1048576K
}
Event: 13.895 GC heap before
{Heap before GC invocations=20 (full 0):
 garbage-first heap   total 99328K, used 90400K [0x0000000080000000, 0x0000000100000000)
  region size 1024K, 34 young (34816K), 2 survivors (2048K)
 Metaspace       used 54578K, committed 56064K, reserved 1114112K
  class space    used 7456K, committed 8192K, reserved 1048576K
}
Event: 13.906 GC heap after
{Heap after GC invocations=21 (full 0):
 garbage-first heap   total 99328K, used 54689K [0x0000000080000000, 0x0000000100000000)
  region size 1024K, 4 young (4096K), 4 survivors (4096K)
 Metaspace       used 54578K, committed 56064K, reserved 1114112K
  class space    used 7456K, committed 8192K, reserved 1048576K
}
Event: 14.928 GC heap before
{Heap before GC invocations=21 (full 0):
 garbage-first heap   total 99328K, used 89505K [0x0000000080000000, 0x0000000100000000)
  region size 1024K, 37 young (37888K), 4 survivors (4096K)
 Metaspace       used 56760K, committed 58240K, reserved 1114112K
  class space    used 7785K, committed 8512K, reserved 1048576K
}
Event: 14.963 GC heap after
{Heap after GC invocations=22 (full 0):
 garbage-first heap   total 100352K, used 61148K [0x0000000080000000, 0x0000000100000000)
  region size 1024K, 5 young (5120K), 5 survivors (5120K)
 Metaspace       used 56760K, committed 58240K, reserved 1114112K
  class space    used 7785K, committed 8512K, reserved 1048576K
}
Event: 14.992 GC heap before
{Heap before GC invocations=22 (full 0):
 garbage-first heap   total 100352K, used 61148K [0x0000000080000000, 0x0000000100000000)
  region size 1024K, 7 young (7168K), 5 survivors (5120K)
 Metaspace       used 56766K, committed 58240K, reserved 1114112K
  class space    used 7785K, committed 8512K, reserved 1048576K
}
Event: 14.997 GC heap after
{Heap after GC invocations=23 (full 0):
 garbage-first heap   total 100352K, used 62670K [0x0000000080000000, 0x0000000100000000)
  region size 1024K, 1 young (1024K), 1 survivors (1024K)
 Metaspace       used 56766K, committed 58240K, reserved 1114112K
  class space    used 7785K, committed 8512K, reserved 1048576K
}
Event: 16.184 GC heap before
{Heap before GC invocations=24 (full 0):
 garbage-first heap   total 117760K, used 100558K [0x0000000080000000, 0x0000000100000000)
  region size 1024K, 25 young (25600K), 1 survivors (1024K)
 Metaspace       used 59189K, committed 60800K, reserved 1114112K
  class space    used 8010K, committed 8768K, reserved 1048576K
}
Event: 16.201 GC heap after
{Heap after GC invocations=25 (full 0):
 garbage-first heap   total 117760K, used 78030K [0x0000000080000000, 0x0000000100000000)
  region size 1024K, 4 young (4096K), 4 survivors (4096K)
 Metaspace       used 59189K, committed 60800K, reserved 1114112K
  class space    used 8010K, committed 8768K, reserved 1048576K
}
Event: 16.589 GC heap before
{Heap before GC invocations=25 (full 0):
 garbage-first heap   total 117760K, used 103630K [0x0000000080000000, 0x0000000100000000)
  region size 1024K, 29 young (29696K), 4 survivors (4096K)
 Metaspace       used 59927K, committed 61504K, reserved 1114112K
  class space    used 8146K, committed 8896K, reserved 1048576K
}
Event: 16.598 GC heap after
{Heap after GC invocations=26 (full 0):
 garbage-first heap   total 117760K, used 77649K [0x0000000080000000, 0x0000000100000000)
  region size 1024K, 2 young (2048K), 2 survivors (2048K)
 Metaspace       used 59927K, committed 61504K, reserved 1114112K
  class space    used 8146K, committed 8896K, reserved 1048576K
}
Event: 17.450 GC heap before
{Heap before GC invocations=26 (full 0):
 garbage-first heap   total 117760K, used 103249K [0x0000000080000000, 0x0000000100000000)
  region size 1024K, 28 young (28672K), 2 survivors (2048K)
 Metaspace       used 63515K, committed 65088K, reserved 1114112K
  class space    used 8626K, committed 9408K, reserved 1048576K
}
Event: 17.462 GC heap after
{Heap after GC invocations=27 (full 0):
 garbage-first heap   total 148480K, used 78439K [0x0000000080000000, 0x0000000100000000)
  region size 1024K, 2 young (2048K), 2 survivors (2048K)
 Metaspace       used 63515K, committed 65088K, reserved 1114112K
  class space    used 8626K, committed 9408K, reserved 1048576K
}
Event: 19.627 GC heap before
{Heap before GC invocations=28 (full 0):
 garbage-first heap   total 148480K, used 122471K [0x0000000080000000, 0x0000000100000000)
  region size 1024K, 46 young (47104K), 2 survivors (2048K)
 Metaspace       used 71469K, committed 73152K, reserved 1114112K
  class space    used 9811K, committed 10624K, reserved 1048576K
}
Event: 19.656 GC heap after
{Heap after GC invocations=29 (full 0):
 garbage-first heap   total 148480K, used 80865K [0x0000000080000000, 0x0000000100000000)
  region size 1024K, 5 young (5120K), 5 survivors (5120K)
 Metaspace       used 71469K, committed 73152K, reserved 1114112K
  class space    used 9811K, committed 10624K, reserved 1048576K
}
Event: 22.196 GC heap before
{Heap before GC invocations=29 (full 0):
 garbage-first heap   total 148480K, used 130017K [0x0000000080000000, 0x0000000100000000)
  region size 1024K, 54 young (55296K), 5 survivors (5120K)
 Metaspace       used 76425K, committed 78144K, reserved 1179648K
  class space    used 10366K, committed 11200K, reserved 1048576K
}
Event: 22.213 GC heap after
{Heap after GC invocations=30 (full 0):
 garbage-first heap   total 148480K, used 84320K [0x0000000080000000, 0x0000000100000000)
  region size 1024K, 7 young (7168K), 7 survivors (7168K)
 Metaspace       used 76425K, committed 78144K, reserved 1179648K
  class space    used 10366K, committed 11200K, reserved 1048576K
}

Dll operation events (3 events):
Event: 0.047 Loaded shared library C:\Program Files\Android\Android Studio\jbr\bin\java.dll
Event: 0.069 Loaded shared library C:\Program Files\Android\Android Studio\jbr\bin\zip.dll
Event: 1.256 Loaded shared library C:\Program Files\Android\Android Studio\jbr\bin\verify.dll

Deoptimization events (20 events):
Event: 22.633 Thread 0x0000028c2f955430 DEOPT PACKING pc=0x0000028c1ded9218 sp=0x000000d086af7b00
Event: 22.633 Thread 0x0000028c2f955430 DEOPT UNPACKING pc=0x0000028c1d6e7da2 sp=0x000000d086af78f8 mode 2
Event: 22.635 Thread 0x0000028c2f955430 Uncommon trap: trap_request=0xffffffde fr.pc=0x0000028c1dee3d20 relative=0x0000000000002c80
Event: 22.635 Thread 0x0000028c2f955430 Uncommon trap: reason=class_check action=maybe_recompile pc=0x0000028c1dee3d20 method=java.net.URLClassLoader.defineClass(Ljava/lang/String;Ljdk/internal/loader/Resource;)Ljava/lang/Class; @ 34 c2
Event: 22.635 Thread 0x0000028c2f955430 DEOPT PACKING pc=0x0000028c1dee3d20 sp=0x000000d086af7a60
Event: 22.635 Thread 0x0000028c2f955430 DEOPT UNPACKING pc=0x0000028c1d6e7da2 sp=0x000000d086af79a0 mode 2
Event: 22.643 Thread 0x0000028c2f955430 Uncommon trap: trap_request=0xffffffde fr.pc=0x0000028c1deec4a0 relative=0x0000000000002c80
Event: 22.643 Thread 0x0000028c2f955430 Uncommon trap: reason=class_check action=maybe_recompile pc=0x0000028c1deec4a0 method=java.net.URLClassLoader.defineClass(Ljava/lang/String;Ljdk/internal/loader/Resource;)Ljava/lang/Class; @ 34 c2
Event: 22.643 Thread 0x0000028c2f955430 DEOPT PACKING pc=0x0000028c1deec4a0 sp=0x000000d086af7bf0
Event: 22.643 Thread 0x0000028c2f955430 DEOPT UNPACKING pc=0x0000028c1d6e7da2 sp=0x000000d086af7b98 mode 2
Event: 22.707 Thread 0x0000028c2f955430 Uncommon trap: trap_request=0xffffff45 fr.pc=0x0000028c1ddb4c88 relative=0x0000000000000408
Event: 22.707 Thread 0x0000028c2f955430 Uncommon trap: reason=unstable_if action=reinterpret pc=0x0000028c1ddb4c88 method=org.gradle.internal.reflect.PropertyAccessorType.isGetGetterName(Ljava/lang/String;)Z @ 14 c2
Event: 22.707 Thread 0x0000028c2f955430 DEOPT PACKING pc=0x0000028c1ddb4c88 sp=0x000000d086af8400
Event: 22.707 Thread 0x0000028c2f955430 DEOPT UNPACKING pc=0x0000028c1d6e7da2 sp=0x000000d086af8358 mode 2
Event: 22.719 Thread 0x0000028c2f955430 Uncommon trap: trap_request=0xffffff76 fr.pc=0x0000028c1ddd3dfc relative=0x00000000000001dc
Event: 22.719 Thread 0x0000028c2f955430 Uncommon trap: reason=predicate action=maybe_recompile pc=0x0000028c1ddd3dfc method=java.util.LinkedHashMap.keysToArray([Ljava/lang/Object;Z)[Ljava/lang/Object; @ 53 c2
Event: 22.719 Thread 0x0000028c2f955430 DEOPT PACKING pc=0x0000028c1ddd3dfc sp=0x000000d086af8070
Event: 22.719 Thread 0x0000028c2f955430 DEOPT UNPACKING pc=0x0000028c1d6e7da2 sp=0x000000d086af8020 mode 2
Event: 22.719 Thread 0x0000028c2f955430 DEOPT PACKING pc=0x0000028c162669cb sp=0x000000d086af7b20
Event: 22.719 Thread 0x0000028c2f955430 DEOPT UNPACKING pc=0x0000028c1d6e88e2 sp=0x000000d086af6f90 mode 0

Classes loaded (20 events):
Event: 22.371 Loading class java/util/IdentityHashMap$EntrySet
Event: 22.373 Loading class java/util/IdentityHashMap$EntrySet done
Event: 22.373 Loading class java/util/IdentityHashMap$EntryIterator
Event: 22.373 Loading class java/util/IdentityHashMap$IdentityHashMapIterator
Event: 22.374 Loading class java/util/IdentityHashMap$IdentityHashMapIterator done
Event: 22.374 Loading class java/util/IdentityHashMap$EntryIterator done
Event: 22.374 Loading class java/util/IdentityHashMap$EntryIterator$Entry
Event: 22.374 Loading class java/util/IdentityHashMap$EntryIterator$Entry done
Event: 22.435 Loading class java/lang/invoke/SerializedLambda$1
Event: 22.436 Loading class java/lang/invoke/SerializedLambda$1 done
Event: 22.460 Loading class org/xml/sax/Locator
Event: 22.460 Loading class org/xml/sax/Locator done
Event: 22.460 Loading class org/xml/sax/SAXParseException
Event: 22.462 Loading class org/xml/sax/SAXParseException done
Event: 22.464 Loading class org/xml/sax/Attributes
Event: 22.464 Loading class org/xml/sax/Attributes done
Event: 22.594 Loading class java/util/DualPivotQuicksort
Event: 22.595 Loading class java/util/DualPivotQuicksort done
Event: 22.701 Loading class java/util/function/LongUnaryOperator
Event: 22.702 Loading class java/util/function/LongUnaryOperator done

Classes unloaded (0 events):
No events

Classes redefined (0 events):
No events

Internal exceptions (20 events):
Event: 21.464 Thread 0x0000028c2f955430 Exception <a 'sun/nio/fs/WindowsException'{0x0000000086b0d4b8}> (0x0000000086b0d4b8) 
thrown [s\src\hotspot\share\prims\jni.cpp, line 535]
Event: 21.470 Thread 0x0000028c2f955430 Exception <a 'sun/nio/fs/WindowsException'{0x0000000086b1edd8}> (0x0000000086b1edd8) 
thrown [s\src\hotspot\share\prims\jni.cpp, line 535]
Event: 22.363 Thread 0x0000028c2f955430 Exception <a 'java/lang/NoSuchMethodError'{0x00000000888e1ef0}: 'void java.lang.invoke.DelegatingMethodHandle$Holder.reinvoke_L(java.lang.Object, java.lang.Object, int)'> (0x00000000888e1ef0) 
thrown [s\src\hotspot\share\interpreter\linkResolver.cpp, line 784]
Event: 22.364 Thread 0x0000028c2f955430 Exception <a 'java/lang/NoSuchMethodError'{0x00000000888e94c8}: 'int java.lang.invoke.Invokers$Holder.invokeExact_MT(java.lang.Object, java.lang.Object, java.lang.Object)'> (0x00000000888e94c8) 
thrown [s\src\hotspot\share\interpreter\linkResolver.cpp, line 784]
Event: 22.366 Thread 0x0000028c2f955430 Exception <a 'java/lang/NoSuchMethodError'{0x00000000888f9368}: 'long java.lang.invoke.DelegatingMethodHandle$Holder.reinvoke_L(java.lang.Object, java.lang.Object)'> (0x00000000888f9368) 
thrown [s\src\hotspot\share\interpreter\linkResolver.cpp, line 784]
Event: 22.366 Thread 0x0000028c2f955430 Exception <a 'java/lang/NoSuchMethodError'{0x00000000887040d0}: 'void java.lang.invoke.DelegatingMethodHandle$Holder.reinvoke_L(java.lang.Object, java.lang.Object, long)'> (0x00000000887040d0) 
thrown [s\src\hotspot\share\interpreter\linkResolver.cpp, line 784]
Event: 22.367 Thread 0x0000028c2f955430 Exception <a 'java/lang/NoSuchMethodError'{0x000000008870b8c0}: 'long java.lang.invoke.Invokers$Holder.invokeExact_MT(java.lang.Object, java.lang.Object, java.lang.Object)'> (0x000000008870b8c0) 
thrown [s\src\hotspot\share\interpreter\linkResolver.cpp, line 784]
Event: 22.423 Thread 0x0000028c2f955430 Exception <a 'java/lang/NoSuchMethodError'{0x000000008859d440}: 'void java.lang.invoke.Invokers$Holder.invokeExact_MT(java.lang.Object, java.lang.Object, java.lang.Object, java.lang.Object)'> (0x000000008859d440) 
thrown [s\src\hotspot\share\interpreter\linkResolver.cpp, line 784]
Event: 22.428 Thread 0x0000028c2f955430 Exception <a 'java/lang/ClassNotFoundException'{0x000000008840dc58}: org/gradle/internal/serialize/codecs/core/ClosureCodec$BrokenScriptBeanInfo> (0x000000008840dc58) 
thrown [s\src\hotspot\share\classfile\systemDictionary.cpp, line 312]
Event: 22.429 Thread 0x0000028c2f955430 Exception <a 'java/lang/ClassNotFoundException'{0x000000008841c6f0}: org/gradle/internal/serialize/codecs/core/ClosureCodec$BrokenScriptCustomizer> (0x000000008841c6f0) 
thrown [s\src\hotspot\share\classfile\systemDictionary.cpp, line 312]
Event: 22.431 Thread 0x0000028c2f955430 Exception <a 'java/lang/ClassNotFoundException'{0x0000000088436a08}: org/gradle/api/invocation/GradleBeanInfo> (0x0000000088436a08) 
thrown [s\src\hotspot\share\classfile\systemDictionary.cpp, line 312]
Event: 22.431 Thread 0x0000028c2f955430 Exception <a 'java/lang/ClassNotFoundException'{0x0000000088442698}: org/gradle/api/invocation/GradleCustomizer> (0x0000000088442698) 
thrown [s\src\hotspot\share\classfile\systemDictionary.cpp, line 312]
Event: 22.433 Thread 0x0000028c2f955430 Exception <a 'java/lang/NoSuchMethodError'{0x00000000884649e8}: 'void java.lang.invoke.Invokers$Holder.invokeExact_MT(java.lang.Object, java.lang.Object, int, java.lang.Object)'> (0x00000000884649e8) 
thrown [s\src\hotspot\share\interpreter\linkResolver.cpp, line 784]
Event: 22.438 Thread 0x0000028c2f955430 Exception <a 'java/lang/NoSuchMethodError'{0x0000000088486aa0}: 'void java.lang.invoke.Invokers$Holder.invokeExact_MT(java.lang.Object, java.lang.Object, long, java.lang.Object)'> (0x0000000088486aa0) 
thrown [s\src\hotspot\share\interpreter\linkResolver.cpp, line 784]
Event: 22.454 Thread 0x0000028c2f955430 Exception <a 'java/lang/ClassNotFoundException'{0x00000000883bcba8}: org/gradle/api/internal/project/DefaultProject_DecoratedBeanInfo> (0x00000000883bcba8) 
thrown [s\src\hotspot\share\classfile\systemDictionary.cpp, line 312]
Event: 22.455 Thread 0x0000028c2f955430 Exception <a 'java/lang/ClassNotFoundException'{0x00000000883c8a08}: org/gradle/api/internal/project/DefaultProjectBeanInfo> (0x00000000883c8a08) 
thrown [s\src\hotspot\share\classfile\systemDictionary.cpp, line 312]
Event: 22.455 Thread 0x0000028c2f955430 Exception <a 'java/lang/ClassNotFoundException'{0x00000000883d48e0}: org/gradle/api/internal/project/DefaultProjectCustomizer> (0x00000000883d48e0) 
thrown [s\src\hotspot\share\classfile\systemDictionary.cpp, line 312]
Event: 22.458 Thread 0x0000028c2f955430 Exception <a 'java/lang/ClassNotFoundException'{0x0000000088292f70}: org/gradle/api/internal/project/DefaultProject_DecoratedCustomizer> (0x0000000088292f70) 
thrown [s\src\hotspot\share\classfile\systemDictionary.cpp, line 312]
Event: 22.609 Thread 0x0000028c2f955430 Exception <a 'java/lang/NoSuchMethodError'{0x0000000087c33ca8}: 'java.lang.Object java.lang.invoke.DirectMethodHandle$Holder.invokeInterface(java.lang.Object, java.lang.Object, int)'> (0x0000000087c33ca8) 
thrown [s\src\hotspot\share\interpreter\linkResolver.cpp, line 784]
Event: 22.702 Thread 0x0000028c2f955430 Exception <a 'java/lang/NoSuchMethodError'{0x0000000087836050}: 'long java.lang.invoke.DirectMethodHandle$Holder.invokeStatic(java.lang.Object, long)'> (0x0000000087836050) 
thrown [s\src\hotspot\share\interpreter\linkResolver.cpp, line 784]

ZGC Phase Switch (0 events):
No events

VM Operations (20 events):
Event: 20.914 Executing VM operation: ICBufferFull
Event: 20.915 Executing VM operation: ICBufferFull done
Event: 20.960 Executing VM operation: HandshakeAllThreads (Deoptimize)
Event: 20.960 Executing VM operation: HandshakeAllThreads (Deoptimize) done
Event: 21.112 Executing VM operation: HandshakeAllThreads (Deoptimize)
Event: 21.113 Executing VM operation: HandshakeAllThreads (Deoptimize) done
Event: 21.167 Executing VM operation: ICBufferFull
Event: 21.167 Executing VM operation: ICBufferFull done
Event: 21.304 Executing VM operation: ICBufferFull
Event: 21.304 Executing VM operation: ICBufferFull done
Event: 21.322 Executing VM operation: HandshakeAllThreads (Deoptimize)
Event: 21.323 Executing VM operation: HandshakeAllThreads (Deoptimize) done
Event: 21.798 Executing VM operation: ICBufferFull
Event: 21.798 Executing VM operation: ICBufferFull done
Event: 22.194 Executing VM operation: G1CollectForAllocation (G1 Evacuation Pause)
Event: 22.213 Executing VM operation: G1CollectForAllocation (G1 Evacuation Pause) done
Event: 22.272 Executing VM operation: HandshakeAllThreads (Deoptimize)
Event: 22.273 Executing VM operation: HandshakeAllThreads (Deoptimize) done
Event: 22.402 Executing VM operation: HandshakeAllThreads (Deoptimize)
Event: 22.402 Executing VM operation: HandshakeAllThreads (Deoptimize) done

Events (20 events):
Event: 17.545 Thread 0x0000028c2a6ce1c0 flushing nmethod 0x0000028c161a7590
Event: 17.545 Thread 0x0000028c2a6ce1c0 flushing nmethod 0x0000028c161cdf10
Event: 17.545 Thread 0x0000028c2a6ce1c0 flushing nmethod 0x0000028c161a6a10
Event: 17.545 Thread 0x0000028c2a6ce1c0 flushing nmethod 0x0000028c161c8490
Event: 17.545 Thread 0x0000028c2a6ce1c0 flushing nmethod 0x0000028c161bfc10
Event: 17.545 Thread 0x0000028c2a6ce1c0 flushing nmethod 0x0000028c161ae310
Event: 17.545 Thread 0x0000028c2a6ce1c0 flushing nmethod 0x0000028c161c4810
Event: 17.545 Thread 0x0000028c2a6ce1c0 flushing nmethod 0x0000028c161ab090
Event: 17.545 Thread 0x0000028c2a6ce1c0 flushing nmethod 0x0000028c16166110
Event: 17.545 Thread 0x0000028c2a6ce1c0 flushing nmethod 0x0000028c1616b090
Event: 17.545 Thread 0x0000028c2a6ce1c0 flushing nmethod 0x0000028c1de6bd10
Event: 17.545 Thread 0x0000028c2a6ce1c0 flushing nmethod 0x0000028c1de12710
Event: 17.545 Thread 0x0000028c2a6ce1c0 flushing nmethod 0x0000028c1ddf0390
Event: 17.545 Thread 0x0000028c2a6ce1c0 flushing nmethod 0x0000028c1ddadc10
Event: 17.545 Thread 0x0000028c2a6ce1c0 flushing nmethod 0x0000028c1dd21610
Event: 17.545 Thread 0x0000028c2a6ce1c0 flushing nmethod 0x0000028c1dd72610
Event: 17.545 Thread 0x0000028c2a6ce1c0 flushing nmethod 0x0000028c1dd14d90
Event: 17.545 Thread 0x0000028c2a6ce1c0 flushing nmethod 0x0000028c1dcf0690
Event: 17.545 Thread 0x0000028c2a6ce1c0 flushing nmethod 0x0000028c1dc52610
Event: 17.545 Thread 0x0000028c2a6ce1c0 flushing nmethod 0x0000028c1dc4f990


Dynamic libraries:
0x00007ff7595e0000 - 0x00007ff7595ea000 	C:\Program Files\Android\Android Studio\jbr\bin\java.exe
0x00007ffb02270000 - 0x00007ffb02468000 	C:\Windows\SYSTEM32\ntdll.dll
0x00007ffb00a60000 - 0x00007ffb00b22000 	C:\Windows\System32\KERNEL32.DLL
0x00007ffaffde0000 - 0x00007ffb000d6000 	C:\Windows\System32\KERNELBASE.dll
0x00007ffaffb80000 - 0x00007ffaffc80000 	C:\Windows\System32\ucrtbase.dll
0x00007ffa80980000 - 0x00007ffa8099b000 	C:\Program Files\Android\Android Studio\jbr\bin\VCRUNTIME140.dll
0x00007ffaeab20000 - 0x00007ffaeab38000 	C:\Program Files\Android\Android Studio\jbr\bin\jli.dll
0x00007ffb01cb0000 - 0x00007ffb01e51000 	C:\Windows\System32\USER32.dll
0x00007ffb00190000 - 0x00007ffb001b2000 	C:\Windows\System32\win32u.dll
0x00007ffb01f80000 - 0x00007ffb01fab000 	C:\Windows\System32\GDI32.dll
0x00007ffaffa60000 - 0x00007ffaffb79000 	C:\Windows\System32\gdi32full.dll
0x00007ffb001c0000 - 0x00007ffb0025d000 	C:\Windows\System32\msvcp_win.dll
0x00007ffae8680000 - 0x00007ffae891b000 	C:\Windows\WinSxS\amd64_microsoft.windows.common-controls_6595b64144ccf1df_6.0.19041.6456_none_60b8a6cb71f64256\COMCTL32.dll
0x00007ffb002a0000 - 0x00007ffb0033e000 	C:\Windows\System32\msvcrt.dll
0x00007ffb01fb0000 - 0x00007ffb01fdf000 	C:\Windows\System32\IMM32.DLL
0x00007ffac5660000 - 0x00007ffac566c000 	C:\Program Files\Android\Android Studio\jbr\bin\vcruntime140_1.dll
0x00007ffab1780000 - 0x00007ffab180d000 	C:\Program Files\Android\Android Studio\jbr\bin\msvcp140.dll
0x00007ffa78100000 - 0x00007ffa78d7d000 	C:\Program Files\Android\Android Studio\jbr\bin\server\jvm.dll
0x00007ffb01ab0000 - 0x00007ffb01b61000 	C:\Windows\System32\ADVAPI32.dll
0x00007ffb02190000 - 0x00007ffb0222f000 	C:\Windows\System32\sechost.dll
0x00007ffb01fe0000 - 0x00007ffb02100000 	C:\Windows\System32\RPCRT4.dll
0x00007ffb00260000 - 0x00007ffb00287000 	C:\Windows\System32\bcrypt.dll
0x00007ffb009f0000 - 0x00007ffb00a5b000 	C:\Windows\System32\WS2_32.dll
0x00007ffafee40000 - 0x00007ffafee8b000 	C:\Windows\SYSTEM32\POWRPROF.dll
0x00007ffaf4a40000 - 0x00007ffaf4a4a000 	C:\Windows\SYSTEM32\VERSION.dll
0x00007ffaef9a0000 - 0x00007ffaef9c7000 	C:\Windows\SYSTEM32\WINMM.dll
0x00007ffafed00000 - 0x00007ffafed12000 	C:\Windows\SYSTEM32\UMPDC.dll
0x00007ffafe110000 - 0x00007ffafe122000 	C:\Windows\SYSTEM32\kernel.appcore.dll
0x00007ffa83440000 - 0x00007ffa8344a000 	C:\Program Files\Android\Android Studio\jbr\bin\jimage.dll
0x00007ffafd470000 - 0x00007ffafd671000 	C:\Windows\SYSTEM32\DBGHELP.DLL
0x00007ffae21e0000 - 0x00007ffae2214000 	C:\Windows\SYSTEM32\dbgcore.DLL
0x00007ffaffd50000 - 0x00007ffaffdd2000 	C:\Windows\System32\bcryptPrimitives.dll
0x00007ffaf4fb0000 - 0x00007ffaf4fbe000 	C:\Program Files\Android\Android Studio\jbr\bin\instrument.dll
0x00007ffa7deb0000 - 0x00007ffa7decf000 	C:\Program Files\Android\Android Studio\jbr\bin\java.dll
0x00007ffa7de90000 - 0x00007ffa7dea8000 	C:\Program Files\Android\Android Studio\jbr\bin\zip.dll
0x00007ffb01340000 - 0x00007ffb01ab0000 	C:\Windows\System32\SHELL32.dll
0x00007ffafd950000 - 0x00007ffafe0f5000 	C:\Windows\SYSTEM32\windows.storage.dll
0x00007ffb00b30000 - 0x00007ffb00e84000 	C:\Windows\System32\combase.dll
0x00007ffaff330000 - 0x00007ffaff35b000 	C:\Windows\SYSTEM32\Wldp.dll
0x00007ffb003f0000 - 0x00007ffb004bd000 	C:\Windows\System32\OLEAUT32.dll
0x00007ffb00340000 - 0x00007ffb003ed000 	C:\Windows\System32\SHCORE.dll
0x00007ffb00930000 - 0x00007ffb0098b000 	C:\Windows\System32\shlwapi.dll
0x00007ffaff830000 - 0x00007ffaff854000 	C:\Windows\SYSTEM32\profapi.dll
0x00007ffaf8b10000 - 0x00007ffaf8b20000 	C:\Program Files\Android\Android Studio\jbr\bin\net.dll
0x00007ffafc490000 - 0x00007ffafc59a000 	C:\Windows\SYSTEM32\WINHTTP.dll
0x00007ffaff090000 - 0x00007ffaff0fa000 	C:\Windows\system32\mswsock.dll
0x00007ffaf8af0000 - 0x00007ffaf8b06000 	C:\Program Files\Android\Android Studio\jbr\bin\nio.dll
0x00007ffa81c90000 - 0x00007ffa81ca0000 	C:\Program Files\Android\Android Studio\jbr\bin\verify.dll
0x00007ffae8d80000 - 0x00007ffae8da7000 	C:\Users\user\.gradle\native\c067742578af261105cb4f569cf0c3c89f3d7b1fecec35dd04571415982c5e48\windows-amd64\native-platform.dll
0x00007ffa764b0000 - 0x00007ffa765f4000 	C:\Users\user\.gradle\native\100fb08df4bc3b14c8652ba06237920a3bd2aa13389f12d3474272988ae205f9\windows-amd64\native-platform-file-events.dll
0x00007ffaf8ad0000 - 0x00007ffaf8ad9000 	C:\Program Files\Android\Android Studio\jbr\bin\management.dll
0x00007ffaf8ac0000 - 0x00007ffaf8acb000 	C:\Program Files\Android\Android Studio\jbr\bin\management_ext.dll
0x00007ffb00290000 - 0x00007ffb00298000 	C:\Windows\System32\PSAPI.DLL
0x00007ffaff280000 - 0x00007ffaff298000 	C:\Windows\SYSTEM32\CRYPTSP.dll
0x00007ffafe940000 - 0x00007ffafe978000 	C:\Windows\system32\rsaenh.dll
0x00007ffaff7f0000 - 0x00007ffaff81e000 	C:\Windows\SYSTEM32\USERENV.dll
0x00007ffaff2a0000 - 0x00007ffaff2ac000 	C:\Windows\SYSTEM32\CRYPTBASE.dll
0x00007ffafed20000 - 0x00007ffafed5b000 	C:\Windows\SYSTEM32\IPHLPAPI.DLL
0x00007ffb02100000 - 0x00007ffb02108000 	C:\Windows\System32\NSI.dll
0x00007ffaf8ae0000 - 0x00007ffaf8ae9000 	C:\Program Files\Android\Android Studio\jbr\bin\extnet.dll
0x00007ffae7180000 - 0x00007ffae7187000 	C:\Windows\system32\wshunix.dll

dbghelp: loaded successfully - version: 4.0.5 - missing functions: none
symbol engine: initialized successfully - sym options: 0x614 - pdb path: .;C:\Program Files\Android\Android Studio\jbr\bin;C:\Windows\SYSTEM32;C:\Windows\WinSxS\amd64_microsoft.windows.common-controls_6595b64144ccf1df_6.0.19041.6456_none_60b8a6cb71f64256;C:\Program Files\Android\Android Studio\jbr\bin\server;C:\Users\user\.gradle\native\c067742578af261105cb4f569cf0c3c89f3d7b1fecec35dd04571415982c5e48\windows-amd64;C:\Users\user\.gradle\native\100fb08df4bc3b14c8652ba06237920a3bd2aa13389f12d3474272988ae205f9\windows-amd64

VM Arguments:
jvm_args: --add-opens=java.base/java.lang=ALL-UNNAMED --add-opens=java.base/java.lang.invoke=ALL-UNNAMED --add-opens=java.base/java.util=ALL-UNNAMED --add-opens=java.prefs/java.util.prefs=ALL-UNNAMED --add-exports=jdk.compiler/com.sun.tools.javac.api=ALL-UNNAMED --add-exports=jdk.compiler/com.sun.tools.javac.util=ALL-UNNAMED --add-opens=java.base/java.util=ALL-UNNAMED --add-opens=java.prefs/java.util.prefs=ALL-UNNAMED --add-opens=java.base/java.nio.charset=ALL-UNNAMED --add-opens=java.base/java.net=ALL-UNNAMED --add-opens=java.base/java.util.concurrent.atomic=ALL-UNNAMED --add-opens=java.xml/javax.xml.namespace=ALL-UNNAMED -Xmx2048m -Dfile.encoding=UTF-8 -Duser.country=IN -Duser.language=en -Duser.variant -javaagent:C:\Users\user\.gradle\wrapper\dists\gradle-8.11.1-bin\bpt9gzteqjrbo1mjrsomdt32c\gradle-8.11.1\lib\agents\gradle-instrumentation-agent-8.11.1.jar 
java_command: org.gradle.launcher.daemon.bootstrap.GradleDaemon 8.11.1
java_class_path (initial): C:\Users\user\.gradle\wrapper\dists\gradle-8.11.1-bin\bpt9gzteqjrbo1mjrsomdt32c\gradle-8.11.1\lib\gradle-daemon-main-8.11.1.jar
Launcher Type: SUN_STANDARD

[Global flags]
     intx CICompilerCount                          = 4                                         {product} {ergonomic}
     uint ConcGCThreads                            = 2                                         {product} {ergonomic}
     uint G1ConcRefinementThreads                  = 8                                         {product} {ergonomic}
   size_t G1HeapRegionSize                         = 1048576                                   {product} {ergonomic}
    uintx GCDrainStackTargetSize                   = 64                                        {product} {ergonomic}
   size_t InitialHeapSize                          = 62914560                                  {product} {ergonomic}
   size_t MarkStackSize                            = 4194304                                   {product} {ergonomic}
   size_t MaxHeapSize                              = 2147483648                                {product} {command line}
   size_t MaxNewSize                               = 1287651328                                {product} {ergonomic}
   size_t MinHeapDeltaBytes                        = 1048576                                   {product} {ergonomic}
   size_t MinHeapSize                              = 8388608                                   {product} {ergonomic}
    uintx NonNMethodCodeHeapSize                   = 5839372                                {pd product} {ergonomic}
    uintx NonProfiledCodeHeapSize                  = 122909434                              {pd product} {ergonomic}
    uintx ProfiledCodeHeapSize                     = 122909434                              {pd product} {ergonomic}
    uintx ReservedCodeCacheSize                    = 251658240                              {pd product} {ergonomic}
     bool SegmentedCodeCache                       = true                                      {product} {ergonomic}
   size_t SoftMaxHeapSize                          = 2147483648                             {manageable} {ergonomic}
     bool UseCompressedOops                        = true                           {product lp64_product} {ergonomic}
     bool UseG1GC                                  = true                                      {product} {ergonomic}
     bool UseLargePagesIndividualAllocation        = false                                  {pd product} {ergonomic}

Logging:
Log output configuration:
 #0: stdout all=warning uptime,level,tags foldmultilines=false
 #1: stderr all=off uptime,level,tags foldmultilines=false

Environment Variables:
PATH=C:\Program Files\Common Files\Oracle\Java\javapath;C:\Windows\system32;C:\Windows;C:\Windows\System32\Wbem;C:\Windows\System32\WindowsPowerShell\v1.0\;C:\Windows\System32\OpenSSH\;C:\Program Files\Java\jdk-21\bin;C:\Program Files\MySQL\MySQL Server 8.0\bin;C:\Program Files\Git\cmd;C:\Program Files (x86)\GitExtensions\;C:\Program Files\dotnet\;C:\Program Files\nodejs\;C:\ProgramData\chocolatey\bin;C:\Program Files\apache-maven-3.9.9;C:\Program Files\MAVEN\apache-maven-3.9.9\bin;C:\Program Files\MySQL\MySQL Shell 8.0\bin\;C:\Users\user\AppData\Local\Microsoft\WindowsApps;C:\Users\user\AppData\Local\Programs\Microsoft VS Code\bin;C:\Users\user\AppData\Roaming\npm;C:\Platform-tools\platform-tools;
USERNAME=user
OS=Windows_NT
PROCESSOR_IDENTIFIER=Intel64 Family 6 Model 140 Stepping 1, GenuineIntel
TMP=C:\Users\user\AppData\Local\Temp
TEMP=C:\Users\user\AppData\Local\Temp




Periodic native trim disabled

JNI global refs:
JNI global refs: 26, weak refs: 3

JNI global refs memory usage: 835, weak refs: 833

Process memory usage:
Resident Set Size: 164952K (4% of 3910440K total physical memory with 3668K free physical memory)

OOME stack traces (most recent first):
Classloader memory used:
Loader org.gradle.internal.classloader.VisitableURLClassLoader                         : 36182K
Loader bootstrap                                                                       : 23404K
Loader org.gradle.initialization.MixInLegacyTypesClassLoader                           : 9506K
Loader jdk.internal.loader.ClassLoaders$AppClassLoader                                 : 7922K
Loader org.gradle.internal.classloader.VisitableURLClassLoader                         : 884K
Loader jdk.internal.loader.ClassLoaders$PlatformClassLoader                            : 716K
Loader org.gradle.internal.classloader.VisitableURLClassLoader$InstrumentingVisitableURLClassLoader: 691K
Loader jdk.internal.reflect.DelegatingClassLoader                                      : 207K
Loader org.gradle.groovy.scripts.internal.DefaultScriptCompilationHandler$ScriptClassLoader: 88488B
Loader org.codehaus.groovy.runtime.callsite.CallSiteClassLoader                        : 48768B

Classes loaded by more than one classloader:
Class org.gradle.api.GradleException                                                  : loaded 3 times (x 79B)
Class org.gradle.internal.classloader.ClassLoaderHierarchy                            : loaded 2 times (x 67B)
Class org.gradle.api.internal.classpath.ManifestUtil                                  : loaded 2 times (x 68B)
Class org.jetbrains.plugins.gradle.model.GradleExtensions                             : loaded 2 times (x 67B)
Class org.jetbrains.plugins.gradle.model.AnnotationProcessingModel                    : loaded 2 times (x 67B)
Class org.gradle.internal.operations.MultipleBuildOperationFailures                   : loaded 2 times (x 92B)
Class org.jetbrains.kotlin.idea.gradleTooling.model.noarg.NoArgModel                  : loaded 2 times (x 67B)
Class org.gradle.internal.classloader.DefaultClassLoaderFactory                       : loaded 2 times (x 79B)
Class kotlin.collections.AbstractList$Companion                                       : loaded 2 times (x 68B)
Class org.gradle.internal.classloader.ClassLoaderVisitor                              : loaded 2 times (x 73B)
Class org.gradle.api.internal.classpath.EffectiveClassPath                            : loaded 2 times (x 87B)
Class org.gradle.tooling.internal.gradle.DefaultProjectIdentifier                     : loaded 2 times (x 83B)
Class org.jetbrains.kotlin.idea.gradleTooling.model.allopen.AllOpenModel              : loaded 2 times (x 67B)
Class org.gradle.api.internal.DefaultClassPathProvider                                : loaded 2 times (x 73B)
Class [Lorg.gradle.api.internal.ClassPathProvider;                                    : loaded 2 times (x 66B)
Class org.gradle.api.internal.ClassPathProvider                                       : loaded 2 times (x 67B)
Class org.gradle.internal.service.UnknownServiceException                             : loaded 2 times (x 80B)
Class org.jetbrains.kotlin.idea.gradleTooling.KotlinDslScriptAdditionalTask           : loaded 2 times (x 67B)
Class org.gradle.internal.classpath.TransformedClassPath                              : loaded 2 times (x 93B)
Class org.gradle.internal.classloader.InstrumentingClassLoader                        : loaded 2 times (x 67B)
Class kotlin.enums.EnumEntriesList                                                    : loaded 2 times (x 220B)
Class org.jetbrains.plugins.gradle.model.IntelliJSettings                             : loaded 2 times (x 67B)
Class org.jetbrains.kotlin.idea.gradleTooling.KotlinSourceSetContainer                : loaded 2 times (x 67B)
Class org.gradle.internal.service.ServiceLocator                                      : loaded 2 times (x 67B)
Class org.jetbrains.kotlin.android.synthetic.idea.AndroidExtensionsGradleModel        : loaded 2 times (x 67B)
Class org.gradle.tooling.model.UnsupportedMethodException                             : loaded 2 times (x 79B)
Class org.gradle.internal.InternalTransformer                                         : loaded 2 times (x 67B)
Class org.gradle.internal.time.DefaultTimer                                           : loaded 2 times (x 77B)
Class org.gradle.internal.classloader.ClasspathUtil$1                                 : loaded 2 times (x 73B)
Class org.gradle.api.internal.classpath.DefaultModuleRegistry$DefaultModule           : loaded 2 times (x 83B)
Class org.jetbrains.kotlin.idea.gradleTooling.model.lombok.LombokModel                : loaded 2 times (x 67B)
Class org.gradle.internal.time.DefaultCountdownTimer                                  : loaded 2 times (x 85B)
Class org.gradle.tooling.internal.gradle.DefaultBuildIdentifier                       : loaded 2 times (x 76B)
Class kotlin.Function                                                                 : loaded 2 times (x 67B)
Class org.gradle.api.internal.classpath.Module                                        : loaded 2 times (x 67B)
Class org.gradle.api.internal.classpath.UnknownModuleException                        : loaded 2 times (x 79B)
Class com.intellij.openapi.externalSystem.model.project.dependencies.ProjectDependencies: loaded 2 times (x 67B)
Class org.gradle.tooling.internal.gradle.GradleProjectIdentity                        : loaded 2 times (x 67B)
Class org.gradle.api.internal.DefaultClassPathRegistry                                : loaded 2 times (x 73B)
Class org.gradle.api.internal.ClassPathRegistry                                       : loaded 2 times (x 67B)
Class org.gradle.internal.classpath.DefaultClassPath$ImmutableUniqueList              : loaded 2 times (x 196B)
Class Settings_gradle$1                                                               : loaded 2 times (x 71B)
Class Program                                                                         : loaded 2 times (x 69B)
Class org.gradle.internal.classpath.ClassPath                                         : loaded 2 times (x 67B)
Class org.gradle.api.UncheckedIOException                                             : loaded 2 times (x 79B)
Class org.jetbrains.kotlin.idea.gradleTooling.KotlinGradleModel                       : loaded 2 times (x 67B)
Class org.gradle.tooling.model.Model                                                  : loaded 2 times (x 67B)
Class kotlin.UninitializedPropertyAccessException                                     : loaded 2 times (x 79B)
Class org.jetbrains.plugins.gradle.model.IntelliJProjectSettings                      : loaded 2 times (x 67B)
Class org.jetbrains.kotlin.idea.gradleTooling.model.annotation.AnnotationBasedPluginModel: loaded 2 times (x 67B)
Class org.gradle.internal.installation.GradleInstallation$1                           : loaded 2 times (x 72B)
Class org.gradle.api.internal.classpath.ModuleRegistry                                : loaded 2 times (x 67B)
Class org.jetbrains.plugins.gradle.model.VersionCatalogsModel                         : loaded 2 times (x 67B)
Class org.gradle.api.internal.classpath.DefaultModuleRegistry                         : loaded 2 times (x 83B)
Class org.gradle.internal.time.MonotonicClock                                         : loaded 2 times (x 74B)
Class org.gradle.internal.service.ServiceLookupException                              : loaded 2 times (x 79B)
Class org.gradle.internal.classloader.ClassLoaderFactory                              : loaded 2 times (x 67B)
Class org.gradle.internal.service.CachingServiceLocator                               : loaded 2 times (x 79B)
Class org.jetbrains.plugins.gradle.model.RepositoryModels                             : loaded 2 times (x 67B)
Class org.gradle.internal.time.TimeSource                                             : loaded 2 times (x 67B)
Class org.gradle.tooling.internal.gradle.GradleBuildIdentity                          : loaded 2 times (x 67B)
Class kotlin.enums.EnumEntries                                                        : loaded 2 times (x 67B)
Class org.gradle.internal.exceptions.ResolutionProvider                               : loaded 2 times (x 67B)
Class org.gradle.tooling.model.ProjectIdentifier                                      : loaded 2 times (x 67B)
Class org.gradle.internal.classloader.ClasspathUtil                                   : loaded 2 times (x 68B)
Class org.gradle.internal.time.TimeSource$1                                           : loaded 2 times (x 74B)
Class kotlin.jvm.internal.DefaultConstructorMarker                                    : loaded 2 times (x 68B)
Class org.gradle.api.specs.Spec                                                       : loaded 2 times (x 67B)
Class org.gradle.internal.time.Clock                                                  : loaded 2 times (x 67B)
Class org.jetbrains.plugins.gradle.model.jar.JarTaskManifestConfiguration             : loaded 2 times (x 67B)
Class kotlin.collections.AbstractList                                                 : loaded 2 times (x 194B)
Class kotlin.collections.AbstractCollection                                           : loaded 2 times (x 114B)
Class org.gradle.internal.classloader.VisitableURLClassLoader$InstrumentingVisitableURLClassLoader: loaded 2 times (x 120B)
Class org.gradle.internal.classloader.VisitableURLClassLoader$Spec                    : loaded 2 times (x 71B)
Class org.gradle.internal.classpath.DefaultClassPath                                  : loaded 2 times (x 87B)
Class org.gradle.internal.classloader.ClassLoaderSpec                                 : loaded 2 times (x 68B)
Class Settings_gradle$1$1                                                             : loaded 2 times (x 71B)
Class org.gradle.internal.classloader.VisitableURLClassLoader                         : loaded 2 times (x 114B)
Class Settings_gradle                                                                 : loaded 2 times (x 125B)
Class org.gradle.internal.Cast                                                        : loaded 2 times (x 68B)
Class org.gradle.api.Action                                                           : loaded 2 times (x 67B)
Class kotlin.jvm.functions.Function1                                                  : loaded 2 times (x 67B)
Class org.gradle.internal.classpath.DefaultClassPath$ImmutableUniqueList$Builder      : loaded 2 times (x 72B)
Class org.jetbrains.kotlin.idea.gradleTooling.model.samWithReceiver.SamWithReceiverModel: loaded 2 times (x 67B)
Class org.gradle.internal.classloader.FilteringClassLoader                            : loaded 2 times (x 102B)
Class org.gradle.internal.exceptions.NonGradleCauseExceptionsHolder                   : loaded 2 times (x 67B)
Class org.jetbrains.kotlin.idea.gradleTooling.model.assignment.AssignmentModel        : loaded 2 times (x 67B)
Class kotlin.enums.EnumEntriesKt                                                      : loaded 2 times (x 68B)
Class org.gradle.internal.IoActions                                                   : loaded 2 times (x 68B)
Class org.gradle.internal.classloader.SystemClassLoaderSpec                           : loaded 2 times (x 68B)
Class org.gradle.internal.exceptions.MultiCauseException                              : loaded 2 times (x 67B)
Class org.gradle.internal.time.CountdownTimer                                         : loaded 2 times (x 67B)
Class kotlin.jvm.internal.Intrinsics                                                  : loaded 2 times (x 68B)
Class org.jetbrains.kotlin.idea.gradleTooling.model.parcelize.ParcelizeGradleModel    : loaded 2 times (x 67B)
Class org.gradle.tooling.model.ProjectModel                                           : loaded 2 times (x 67B)
Class ijInit1_bf6mh7a1x9afcdw40dx5hzd0g                                               : loaded 2 times (x 176B)
Class kotlin.KotlinNullPointerException                                               : loaded 2 times (x 80B)
Class org.jetbrains.plugins.gradle.model.tests.ExternalTestsModel                     : loaded 2 times (x 67B)
Class org.gradle.internal.exceptions.DefaultMultiCauseException                       : loaded 2 times (x 92B)
Class org.gradle.internal.time.Time                                                   : loaded 2 times (x 68B)
Class org.jetbrains.plugins.gradle.model.DependencyAccessorsModel                     : loaded 2 times (x 67B)
Class org.gradle.api.internal.classpath.GlobalCacheRootsProvider                      : loaded 2 times (x 67B)
Class org.jetbrains.kotlin.idea.gradleTooling.KotlinMPPGradleModel                    : loaded 2 times (x 67B)
Class org.gradle.tooling.model.BuildIdentifier                                        : loaded 2 times (x 67B)
Class org.jetbrains.kotlin.idea.gradleTooling.PrepareKotlinIdeImportTaskModel         : loaded 2 times (x 67B)
Class org.gradle.internal.time.Timer                                                  : loaded 2 times (x 67B)
Class kotlin.jvm.internal.markers.KMappedMarker                                       : loaded 2 times (x 67B)
Class org.gradle.internal.installation.CurrentGradleInstallationLocator               : loaded 2 times (x 68B)
Class org.gradle.internal.service.DefaultServiceLocator                               : loaded 2 times (x 80B)
Class org.gradle.util.GradleVersion                                                   : loaded 2 times (x 80B)
Class org.gradle.internal.installation.CurrentGradleInstallation                      : loaded 2 times (x 70B)
Class org.gradle.util.internal.GUtil                                                  : loaded 2 times (x 68B)
Class sync_studio_tooling4892_5ru63w9ahumkz1np4eizb7exy                               : loaded 2 times (x 176B)
Class org.gradle.internal.installation.GradleInstallation                             : loaded 2 times (x 72B)

---------------  S Y S T E M  ---------------

OS:
 Windows 10 , 64 bit Build 19041 (10.0.19041.5915)
OS uptime: 0 days 6:28 hours

CPU: total 8 (initial active 8) (4 cores per cpu, 2 threads per core) family 6 model 140 stepping 1 microcode 0xbc, cx8, cmov, fxsr, ht, mmx, 3dnowpref, sse, sse2, sse3, ssse3, sse4.1, sse4.2, popcnt, lzcnt, tsc, tscinvbit, avx, avx2, aes, erms, clmul, bmi1, bmi2, adx, avx512f, avx512dq, avx512cd, avx512bw, avx512vl, sha, fma, vzeroupper, avx512_vpopcntdq, avx512_vpclmulqdq, avx512_vaes, avx512_vnni, clflush, clflushopt, clwb, avx512_vbmi2, avx512_vbmi, rdtscp, rdpid, fsrm, gfni, avx512_bitalg, f16c, pku, cet_ibt, cet_ss, avx512_ifma
Processor Information for all 8 processors :
  Max Mhz: 2419, Current Mhz: 2419, Mhz Limit: 2419

Memory: 4k page, system-wide physical 3818M (15M free)
TotalPageFile size 15594M (AvailPageFile size 5M)
current process WorkingSet (physical memory assigned to process): 105M, peak: 167M
current process commit charge ("private bytes"): 387M, peak: 387M

vm_info: OpenJDK 64-Bit Server VM (21.0.3+-12282718-b509.11) for windows-amd64 JRE (21.0.3+-12282718-b509.11), built on 2024-08-27T17:34:15Z by "builder" with MS VC++ 16.10 / 16.11 (VS2019)

END.
