#
# There is insufficient memory for the Java Runtime Environment to continue.
# Native memory allocation (malloc) failed to allocate 1572816 bytes. Error detail: Chunk::new
# Possible reasons:
#   The system is out of physical RAM or swap space
#   This process is running with CompressedOops enabled, and the Java Heap may be blocking the growth of the native heap
# Possible solutions:
#   Reduce memory load on the system
#   Increase physical memory or swap space
#   Check if swap backing store is full
#   Decrease Java heap size (-Xmx/-Xms)
#   Decrease number of Java threads
#   Decrease Java thread stack sizes (-Xss)
#   Set larger code cache with -XX:ReservedCodeCacheSize=
#   JVM is running with Unscaled Compressed Oops mode in which the Java heap is
#     placed in the first 4GB address space. The Java Heap base address is the
#     maximum limit for the native heap growth. Please use -XX:HeapBaseMinAddress
#     to set the Java Heap base and to place the Java Heap above 4GB virtual address.
# This output file may be truncated or incomplete.
#
#  Out of Memory Error (arena.cpp:168), pid=9680, tid=10500
#
# JRE version: OpenJDK Runtime Environment (21.0.3) (build 21.0.3+-12282718-b509.11)
# Java VM: OpenJDK 64-Bit Server VM (21.0.3+-12282718-b509.11, mixed mode, tiered, compressed oops, compressed class ptrs, g1 gc, windows-amd64)
# No core dump will be written. Minidumps are not enabled by default on client versions of Windows
#

---------------  S U M M A R Y ------------

Command Line: --add-opens=java.base/java.lang=ALL-UNNAMED --add-opens=java.base/java.lang.invoke=ALL-UNNAMED --add-opens=java.base/java.util=ALL-UNNAMED --add-opens=java.prefs/java.util.prefs=ALL-UNNAMED --add-exports=jdk.compiler/com.sun.tools.javac.api=ALL-UNNAMED --add-exports=jdk.compiler/com.sun.tools.javac.util=ALL-UNNAMED --add-opens=java.base/java.util=ALL-UNNAMED --add-opens=java.prefs/java.util.prefs=ALL-UNNAMED --add-opens=java.base/java.nio.charset=ALL-UNNAMED --add-opens=java.base/java.net=ALL-UNNAMED --add-opens=java.base/java.util.concurrent.atomic=ALL-UNNAMED --add-opens=java.xml/javax.xml.namespace=ALL-UNNAMED -Xmx2048m -Dfile.encoding=UTF-8 -Duser.country=IN -Duser.language=en -Duser.variant -javaagent:C:\Users\user\.gradle\wrapper\dists\gradle-8.11.1-bin\bpt9gzteqjrbo1mjrsomdt32c\gradle-8.11.1\lib\agents\gradle-instrumentation-agent-8.11.1.jar org.gradle.launcher.daemon.bootstrap.GradleDaemon 8.11.1

Host: 11th Gen Intel(R) Core(TM) i5-1135G7 @ 2.40GHz, 8 cores, 3G,  Windows 10 , 64 bit Build 19041 (10.0.19041.5915)
Time: Sun Feb 22 17:55:02 2026 India Standard Time elapsed time: 3.688477 seconds (0d 0h 0m 3s)

---------------  T H R E A D  ---------------

Current thread (0x000002af4275be10):  JavaThread "C2 CompilerThread0" daemon [_thread_in_native, id=10500, stack(0x000000f7b2400000,0x000000f7b2500000) (1024K)]


Current CompileTask:
C2:   3688 2676       4       java.lang.invoke.MethodType::makeImpl (109 bytes)

Stack: [0x000000f7b2400000,0x000000f7b2500000]
Native frames: (J=compiled Java code, j=interpreted, Vv=VM code, C=native code)
V  [jvm.dll+0x6cafb9]
V  [jvm.dll+0x858523]
V  [jvm.dll+0x85aa7e]
V  [jvm.dll+0x85b163]
V  [jvm.dll+0x27d356]
V  [jvm.dll+0xbf93d]
V  [jvm.dll+0xbfe73]
V  [jvm.dll+0x3b1cb1]
V  [jvm.dll+0x37e787]
V  [jvm.dll+0x37dbfa]
V  [jvm.dll+0x246b02]
V  [jvm.dll+0x2460d1]
V  [jvm.dll+0x1c5804]
V  [jvm.dll+0x25575c]
V  [jvm.dll+0x253c36]
V  [jvm.dll+0x3ec996]
V  [jvm.dll+0x800d78]
V  [jvm.dll+0x6c98cd]
C  [ucrtbase.dll+0x21bb2]
C  [KERNEL32.DLL+0x17374]
C  [ntdll.dll+0x4cc91]


---------------  P R O C E S S  ---------------

Threads class SMR info:
_java_thread_list=0x000002af4904c560, length=24, elements={
0x000002af28b548f0, 0x000002af424fe7d0, 0x000002af4273d470, 0x000002af42760b40,
0x000002af427615a0, 0x000002af42759a70, 0x000002af4275a4d0, 0x000002af4275be10,
0x000002af4275f800, 0x000002af4242fc80, 0x000002af42a4d760, 0x000002af48d69010,
0x000002af48d3ba70, 0x000002af48c0ad90, 0x000002af48c6b210, 0x000002af48cb7770,
0x000002af48c35590, 0x000002af48c2e940, 0x000002af48f0ffe0, 0x000002af48f0d880,
0x000002af48f0cb60, 0x000002af48f0d1f0, 0x000002af48f0f950, 0x000002af48f0df10
}

Java Threads: ( => current thread )
  0x000002af28b548f0 JavaThread "main"                              [_thread_blocked, id=13716, stack(0x000000f7b1600000,0x000000f7b1700000) (1024K)]
  0x000002af424fe7d0 JavaThread "Reference Handler"          daemon [_thread_blocked, id=10364, stack(0x000000f7b1e00000,0x000000f7b1f00000) (1024K)]
  0x000002af4273d470 JavaThread "Finalizer"                  daemon [_thread_blocked, id=12736, stack(0x000000f7b1f00000,0x000000f7b2000000) (1024K)]
  0x000002af42760b40 JavaThread "Signal Dispatcher"          daemon [_thread_blocked, id=12944, stack(0x000000f7b2000000,0x000000f7b2100000) (1024K)]
  0x000002af427615a0 JavaThread "Attach Listener"            daemon [_thread_blocked, id=12192, stack(0x000000f7b2100000,0x000000f7b2200000) (1024K)]
  0x000002af42759a70 JavaThread "Service Thread"             daemon [_thread_blocked, id=14380, stack(0x000000f7b2200000,0x000000f7b2300000) (1024K)]
  0x000002af4275a4d0 JavaThread "Monitor Deflation Thread"   daemon [_thread_blocked, id=11328, stack(0x000000f7b2300000,0x000000f7b2400000) (1024K)]
=>0x000002af4275be10 JavaThread "C2 CompilerThread0"         daemon [_thread_in_native, id=10500, stack(0x000000f7b2400000,0x000000f7b2500000) (1024K)]
  0x000002af4275f800 JavaThread "C1 CompilerThread0"         daemon [_thread_blocked, id=592, stack(0x000000f7b2500000,0x000000f7b2600000) (1024K)]
  0x000002af4242fc80 JavaThread "Common-Cleaner"             daemon [_thread_blocked, id=12316, stack(0x000000f7b2600000,0x000000f7b2700000) (1024K)]
  0x000002af42a4d760 JavaThread "Notification Thread"        daemon [_thread_blocked, id=2152, stack(0x000000f7b2700000,0x000000f7b2800000) (1024K)]
  0x000002af48d69010 JavaThread "Daemon health stats"               [_thread_blocked, id=10664, stack(0x000000f7b2c00000,0x000000f7b2d00000) (1024K)]
  0x000002af48d3ba70 JavaThread "Incoming local TCP Connector on port 59238"        [_thread_in_native, id=8100, stack(0x000000f7b3000000,0x000000f7b3100000) (1024K)]
  0x000002af48c0ad90 JavaThread "Daemon periodic checks"            [_thread_blocked, id=11900, stack(0x000000f7b3100000,0x000000f7b3200000) (1024K)]
  0x000002af48c6b210 JavaThread "Daemon"                            [_thread_blocked, id=12204, stack(0x000000f7b3200000,0x000000f7b3300000) (1024K)]
  0x000002af48cb7770 JavaThread "Handler for socket connection from /127.0.0.1:59238 to /127.0.0.1:59239"        [_thread_in_native, id=16368, stack(0x000000f7b3300000,0x000000f7b3400000) (1024K)]
  0x000002af48c35590 JavaThread "Cancel handler"                    [_thread_blocked, id=3864, stack(0x000000f7b3400000,0x000000f7b3500000) (1024K)]
  0x000002af48c2e940 JavaThread "Daemon worker"                     [_thread_in_native, id=1720, stack(0x000000f7b3500000,0x000000f7b3600000) (1024K)]
  0x000002af48f0ffe0 JavaThread "Asynchronous log dispatcher for DefaultDaemonConnection: socket connection from /127.0.0.1:59238 to /127.0.0.1:59239"        [_thread_blocked, id=6488, stack(0x000000f7b3600000,0x000000f7b3700000) (1024K)]
  0x000002af48f0d880 JavaThread "Stdin handler"                     [_thread_blocked, id=3968, stack(0x000000f7b3700000,0x000000f7b3800000) (1024K)]
  0x000002af48f0cb60 JavaThread "Daemon client event forwarder"        [_thread_blocked, id=14684, stack(0x000000f7b3800000,0x000000f7b3900000) (1024K)]
  0x000002af48f0d1f0 JavaThread "Cache worker for journal cache (C:\Users\user\.gradle\caches\journal-1)"        [_thread_blocked, id=16136, stack(0x000000f7b3a00000,0x000000f7b3b00000) (1024K)]
  0x000002af48f0f950 JavaThread "File lock request listener"        [_thread_in_native, id=12680, stack(0x000000f7b3b00000,0x000000f7b3c00000) (1024K)]
  0x000002af48f0df10 JavaThread "Cache worker for file hash cache (C:\Users\user\.gradle\caches\8.11.1\fileHashes)"        [_thread_blocked, id=5208, stack(0x000000f7b3c00000,0x000000f7b3d00000) (1024K)]
Total: 24

Other Threads:
  0x000002af424937f0 VMThread "VM Thread"                           [id=2188, stack(0x000000f7b1d00000,0x000000f7b1e00000) (1024K)]
  0x000002af4242aad0 WatcherThread "VM Periodic Task Thread"        [id=13036, stack(0x000000f7b1c00000,0x000000f7b1d00000) (1024K)]
  0x000002af2ae56c20 WorkerThread "GC Thread#0"                     [id=9700, stack(0x000000f7b1700000,0x000000f7b1800000) (1024K)]
  0x000002af473990b0 WorkerThread "GC Thread#1"                     [id=6064, stack(0x000000f7b2800000,0x000000f7b2900000) (1024K)]
  0x000002af470fd1e0 WorkerThread "GC Thread#2"                     [id=12352, stack(0x000000f7b2900000,0x000000f7b2a00000) (1024K)]
  0x000002af47c8c8a0 WorkerThread "GC Thread#3"                     [id=1356, stack(0x000000f7b2a00000,0x000000f7b2b00000) (1024K)]
  0x000002af47c8d050 WorkerThread "GC Thread#4"                     [id=11304, stack(0x000000f7b2b00000,0x000000f7b2c00000) (1024K)]
  0x000002af48d2ee40 WorkerThread "GC Thread#5"                     [id=14628, stack(0x000000f7b2d00000,0x000000f7b2e00000) (1024K)]
  0x000002af48d2f920 WorkerThread "GC Thread#6"                     [id=10964, stack(0x000000f7b2e00000,0x000000f7b2f00000) (1024K)]
  0x000002af48d2f580 WorkerThread "GC Thread#7"                     [id=776, stack(0x000000f7b2f00000,0x000000f7b3000000) (1024K)]
  0x000002af2ae68b30 ConcurrentGCThread "G1 Main Marker"            [id=11972, stack(0x000000f7b1800000,0x000000f7b1900000) (1024K)]
  0x000002af2ae6ab90 WorkerThread "G1 Conc#0"                       [id=12864, stack(0x000000f7b1900000,0x000000f7b1a00000) (1024K)]
  0x000002af48d2e700 WorkerThread "G1 Conc#1"                       [id=9676, stack(0x000000f7b3900000,0x000000f7b3a00000) (1024K)]
  0x000002af2aecd480 ConcurrentGCThread "G1 Refine#0"               [id=13880, stack(0x000000f7b1a00000,0x000000f7b1b00000) (1024K)]
  0x000002af2aecdda0 ConcurrentGCThread "G1 Service"                [id=7704, stack(0x000000f7b1b00000,0x000000f7b1c00000) (1024K)]
Total: 15

Threads with active compile tasks:
C2 CompilerThread0     3725 2676       4       java.lang.invoke.MethodType::makeImpl (109 bytes)
Total: 1

VM state: not at safepoint (normal execution)

VM Mutex/Monitor currently owned by a thread: None

Heap address: 0x0000000080000000, size: 2048 MB, Compressed Oops mode: 32-bit

CDS archive(s) not mapped
Compressed class space mapped at: 0x0000000100000000-0x0000000140000000, reserved size: 1073741824
Narrow klass base: 0x0000000000000000, Narrow klass shift: 3, Narrow klass range: 0x140000000

GC Precious Log:
 CardTable entry size: 512
 Card Set container configuration: InlinePtr #cards 5 size 8 Array Of Cards #cards 12 size 40 Howl #buckets 4 coarsen threshold 1843 Howl Bitmap #cards 512 size 80 coarsen threshold 460 Card regions per heap region 1 cards per card region 2048
 CPUs: 8 total, 8 available
 Memory: 3818M
 Large Page Support: Disabled
 NUMA Support: Disabled
 Compressed Oops: Enabled (32-bit)
 Heap Region Size: 1M
 Heap Min Capacity: 8M
 Heap Initial Capacity: 60M
 Heap Max Capacity: 2G
 Pre-touch: Disabled
 Parallel Workers: 8
 Concurrent Workers: 2
 Concurrent Refinement Workers: 8
 Periodic GC: Disabled

Heap:
 garbage-first heap   total 61440K, used 46535K [0x0000000080000000, 0x0000000100000000)
  region size 1024K, 29 young (29696K), 2 survivors (2048K)
 Metaspace       used 26294K, committed 26816K, reserved 1114112K
  class space    used 3221K, committed 3456K, reserved 1048576K

Heap Regions: E=young(eden), S=young(survivor), O=old, HS=humongous(starts), HC=humongous(continues), CS=collection set, F=free, TAMS=top-at-mark-start, PB=parsable bottom
|   0|0x0000000080000000, 0x0000000080100000, 0x0000000080100000|100%| O|  |TAMS 0x0000000080000000| PB 0x0000000080000000| Untracked 
|   1|0x0000000080100000, 0x0000000080200000, 0x0000000080200000|100%|HS|  |TAMS 0x0000000080100000| PB 0x0000000080100000| Complete 
|   2|0x0000000080200000, 0x0000000080300000, 0x0000000080300000|100%|HC|  |TAMS 0x0000000080200000| PB 0x0000000080200000| Complete 
|   3|0x0000000080300000, 0x0000000080400000, 0x0000000080400000|100%|HC|  |TAMS 0x0000000080300000| PB 0x0000000080300000| Complete 
|   4|0x0000000080400000, 0x0000000080500000, 0x0000000080500000|100%| O|  |TAMS 0x0000000080400000| PB 0x0000000080400000| Untracked 
|   5|0x0000000080500000, 0x0000000080600000, 0x0000000080600000|100%| O|  |TAMS 0x0000000080500000| PB 0x0000000080500000| Untracked 
|   6|0x0000000080600000, 0x0000000080700000, 0x0000000080700000|100%| O|  |TAMS 0x0000000080600000| PB 0x0000000080600000| Untracked 
|   7|0x0000000080700000, 0x0000000080800000, 0x0000000080800000|100%| O|  |TAMS 0x0000000080700000| PB 0x0000000080700000| Untracked 
|   8|0x0000000080800000, 0x0000000080900000, 0x0000000080900000|100%| O|  |TAMS 0x0000000080800000| PB 0x0000000080800000| Untracked 
|   9|0x0000000080900000, 0x0000000080a00000, 0x0000000080a00000|100%| O|  |TAMS 0x0000000080900000| PB 0x0000000080900000| Untracked 
|  10|0x0000000080a00000, 0x0000000080b00000, 0x0000000080b00000|100%| O|Cm|TAMS 0x0000000080a00000| PB 0x0000000080a00000| Complete 
|  11|0x0000000080b00000, 0x0000000080c00000, 0x0000000080c00000|100%|HS|  |TAMS 0x0000000080b00000| PB 0x0000000080b00000| Complete 
|  12|0x0000000080c00000, 0x0000000080d00000, 0x0000000080d00000|100%| O|  |TAMS 0x0000000080c00000| PB 0x0000000080c00000| Untracked 
|  13|0x0000000080d00000, 0x0000000080e00000, 0x0000000080e00000|100%| O|  |TAMS 0x0000000080d00000| PB 0x0000000080d00000| Untracked 
|  14|0x0000000080e00000, 0x0000000080f00000, 0x0000000080f00000|100%| O|  |TAMS 0x0000000080e00000| PB 0x0000000080e00000| Untracked 
|  15|0x0000000080f00000, 0x0000000081000000, 0x0000000081000000|100%| O|  |TAMS 0x0000000080f00000| PB 0x0000000080f00000| Untracked 
|  16|0x0000000081000000, 0x0000000081100000, 0x0000000081100000|100%| O|  |TAMS 0x0000000081000000| PB 0x0000000081000000| Untracked 
|  17|0x0000000081100000, 0x0000000081200000, 0x0000000081200000|100%| O|  |TAMS 0x0000000081100000| PB 0x0000000081100000| Untracked 
|  18|0x0000000081200000, 0x0000000081271d60, 0x0000000081300000| 44%| O|  |TAMS 0x0000000081200000| PB 0x0000000081200000| Untracked 
|  19|0x0000000081300000, 0x0000000081300000, 0x0000000081400000|  0%| F|  |TAMS 0x0000000081300000| PB 0x0000000081300000| Untracked 
|  20|0x0000000081400000, 0x0000000081400000, 0x0000000081500000|  0%| F|  |TAMS 0x0000000081400000| PB 0x0000000081400000| Untracked 
|  21|0x0000000081500000, 0x0000000081500000, 0x0000000081600000|  0%| F|  |TAMS 0x0000000081500000| PB 0x0000000081500000| Untracked 
|  22|0x0000000081600000, 0x0000000081600000, 0x0000000081700000|  0%| F|  |TAMS 0x0000000081600000| PB 0x0000000081600000| Untracked 
|  23|0x0000000081700000, 0x0000000081700000, 0x0000000081800000|  0%| F|  |TAMS 0x0000000081700000| PB 0x0000000081700000| Untracked 
|  24|0x0000000081800000, 0x0000000081800000, 0x0000000081900000|  0%| F|  |TAMS 0x0000000081800000| PB 0x0000000081800000| Untracked 
|  25|0x0000000081900000, 0x0000000081900000, 0x0000000081a00000|  0%| F|  |TAMS 0x0000000081900000| PB 0x0000000081900000| Untracked 
|  26|0x0000000081a00000, 0x0000000081a00000, 0x0000000081b00000|  0%| F|  |TAMS 0x0000000081a00000| PB 0x0000000081a00000| Untracked 
|  27|0x0000000081b00000, 0x0000000081b00000, 0x0000000081c00000|  0%| F|  |TAMS 0x0000000081b00000| PB 0x0000000081b00000| Untracked 
|  28|0x0000000081c00000, 0x0000000081c00000, 0x0000000081d00000|  0%| F|  |TAMS 0x0000000081c00000| PB 0x0000000081c00000| Untracked 
|  29|0x0000000081d00000, 0x0000000081d00000, 0x0000000081e00000|  0%| F|  |TAMS 0x0000000081d00000| PB 0x0000000081d00000| Untracked 
|  30|0x0000000081e00000, 0x0000000081e00000, 0x0000000081f00000|  0%| F|  |TAMS 0x0000000081e00000| PB 0x0000000081e00000| Untracked 
|  31|0x0000000081f00000, 0x0000000081f237d8, 0x0000000082000000| 13%| E|  |TAMS 0x0000000081f00000| PB 0x0000000081f00000| Complete 
|  32|0x0000000082000000, 0x0000000082100000, 0x0000000082100000|100%| E|CS|TAMS 0x0000000082000000| PB 0x0000000082000000| Complete 
|  33|0x0000000082100000, 0x0000000082200000, 0x0000000082200000|100%| E|CS|TAMS 0x0000000082100000| PB 0x0000000082100000| Complete 
|  34|0x0000000082200000, 0x0000000082300000, 0x0000000082300000|100%| E|CS|TAMS 0x0000000082200000| PB 0x0000000082200000| Complete 
|  35|0x0000000082300000, 0x0000000082400000, 0x0000000082400000|100%| E|CS|TAMS 0x0000000082300000| PB 0x0000000082300000| Complete 
|  36|0x0000000082400000, 0x0000000082500000, 0x0000000082500000|100%| E|  |TAMS 0x0000000082400000| PB 0x0000000082400000| Complete 
|  37|0x0000000082500000, 0x0000000082600000, 0x0000000082600000|100%| E|CS|TAMS 0x0000000082500000| PB 0x0000000082500000| Complete 
|  38|0x0000000082600000, 0x0000000082700000, 0x0000000082700000|100%| E|CS|TAMS 0x0000000082600000| PB 0x0000000082600000| Complete 
|  39|0x0000000082700000, 0x0000000082800000, 0x0000000082800000|100%| E|CS|TAMS 0x0000000082700000| PB 0x0000000082700000| Complete 
|  40|0x0000000082800000, 0x0000000082900000, 0x0000000082900000|100%| E|CS|TAMS 0x0000000082800000| PB 0x0000000082800000| Complete 
|  41|0x0000000082900000, 0x0000000082a00000, 0x0000000082a00000|100%| E|CS|TAMS 0x0000000082900000| PB 0x0000000082900000| Complete 
|  42|0x0000000082a00000, 0x0000000082b00000, 0x0000000082b00000|100%| E|CS|TAMS 0x0000000082a00000| PB 0x0000000082a00000| Complete 
|  43|0x0000000082b00000, 0x0000000082c00000, 0x0000000082c00000|100%| E|CS|TAMS 0x0000000082b00000| PB 0x0000000082b00000| Complete 
|  44|0x0000000082c00000, 0x0000000082d00000, 0x0000000082d00000|100%| S|CS|TAMS 0x0000000082c00000| PB 0x0000000082c00000| Complete 
|  45|0x0000000082d00000, 0x0000000082e00000, 0x0000000082e00000|100%| S|CS|TAMS 0x0000000082d00000| PB 0x0000000082d00000| Complete 
|  46|0x0000000082e00000, 0x0000000082f00000, 0x0000000082f00000|100%| E|CS|TAMS 0x0000000082e00000| PB 0x0000000082e00000| Complete 
|  47|0x0000000082f00000, 0x0000000083000000, 0x0000000083000000|100%| E|CS|TAMS 0x0000000082f00000| PB 0x0000000082f00000| Complete 
|  48|0x0000000083000000, 0x0000000083100000, 0x0000000083100000|100%| E|CS|TAMS 0x0000000083000000| PB 0x0000000083000000| Complete 
|  49|0x0000000083100000, 0x0000000083200000, 0x0000000083200000|100%| E|CS|TAMS 0x0000000083100000| PB 0x0000000083100000| Complete 
|  50|0x0000000083200000, 0x0000000083300000, 0x0000000083300000|100%| E|CS|TAMS 0x0000000083200000| PB 0x0000000083200000| Complete 
|  51|0x0000000083300000, 0x0000000083400000, 0x0000000083400000|100%| E|CS|TAMS 0x0000000083300000| PB 0x0000000083300000| Complete 
|  52|0x0000000083400000, 0x0000000083500000, 0x0000000083500000|100%| E|CS|TAMS 0x0000000083400000| PB 0x0000000083400000| Complete 
|  53|0x0000000083500000, 0x0000000083600000, 0x0000000083600000|100%| E|CS|TAMS 0x0000000083500000| PB 0x0000000083500000| Complete 
|  54|0x0000000083600000, 0x0000000083700000, 0x0000000083700000|100%| E|CS|TAMS 0x0000000083600000| PB 0x0000000083600000| Complete 
|  55|0x0000000083700000, 0x0000000083800000, 0x0000000083800000|100%| E|CS|TAMS 0x0000000083700000| PB 0x0000000083700000| Complete 
|  56|0x0000000083800000, 0x0000000083900000, 0x0000000083900000|100%| E|CS|TAMS 0x0000000083800000| PB 0x0000000083800000| Complete 
|  57|0x0000000083900000, 0x0000000083a00000, 0x0000000083a00000|100%| E|CS|TAMS 0x0000000083900000| PB 0x0000000083900000| Complete 
|  58|0x0000000083a00000, 0x0000000083b00000, 0x0000000083b00000|100%| E|CS|TAMS 0x0000000083a00000| PB 0x0000000083a00000| Complete 
|  59|0x0000000083b00000, 0x0000000083c00000, 0x0000000083c00000|100%| E|CS|TAMS 0x0000000083b00000| PB 0x0000000083b00000| Complete 

Card table byte_map: [0x000002af3d680000,0x000002af3da80000] _byte_map_base: 0x000002af3d280000

Marking Bits: (CMBitMap*) 0x000002af2ae570d0
 Bits: [0x000002af3da80000, 0x000002af3fa80000)

Polling page: 0x000002af28d60000

Metaspace:

Usage:
  Non-class:     22.55 MB used.
      Class:      3.15 MB used.
       Both:     25.70 MB used.

Virtual space:
  Non-class space:       64.00 MB reserved,      22.81 MB ( 36%) committed,  1 nodes.
      Class space:        1.00 GB reserved,       3.38 MB ( <1%) committed,  1 nodes.
             Both:        1.06 GB reserved,      26.19 MB (  2%) committed. 

Chunk freelists:
   Non-Class:  8.91 MB
       Class:  12.58 MB
        Both:  21.48 MB

MaxMetaspaceSize: unlimited
CompressedClassSpaceSize: 1.00 GB
Initial GC threshold: 21.00 MB
Current GC threshold: 35.12 MB
CDS: off
 - commit_granule_bytes: 65536.
 - commit_granule_words: 8192.
 - virtual_space_node_default_size: 8388608.
 - enlarge_chunks_in_place: 1.
 - use_allocation_guard: 0.


Internal statistics:

num_allocs_failed_limit: 3.
num_arena_births: 584.
num_arena_deaths: 0.
num_vsnodes_births: 2.
num_vsnodes_deaths: 0.
num_space_committed: 419.
num_space_uncommitted: 0.
num_chunks_returned_to_freelist: 3.
num_chunks_taken_from_freelist: 1185.
num_chunk_merges: 3.
num_chunk_splits: 763.
num_chunks_enlarged: 519.
num_inconsistent_stats: 0.

CodeHeap 'non-profiled nmethods': size=120000Kb used=1269Kb max_used=1269Kb free=118730Kb
 bounds [0x000002af35a20000, 0x000002af35c90000, 0x000002af3cf50000]
CodeHeap 'profiled nmethods': size=120000Kb used=5523Kb max_used=5523Kb free=114476Kb
 bounds [0x000002af2df50000, 0x000002af2e4c0000, 0x000002af35480000]
CodeHeap 'non-nmethods': size=5760Kb used=1612Kb max_used=1627Kb free=4147Kb
 bounds [0x000002af35480000, 0x000002af356f0000, 0x000002af35a20000]
 total_blobs=3281 nmethods=2724 adapters=461
 compilation: enabled
              stopped_count=0, restarted_count=0
 full_count=0

Compilation events (20 events):
Event: 3.668 Thread 0x000002af4275f800 2716       3       com.google.common.collect.ImmutableList$Builder::add (34 bytes)
Event: 3.668 Thread 0x000002af4275f800 nmethod 2716 0x000002af2e4a8c90 code [0x000002af2e4a8e80, 0x000002af2e4a92d0]
Event: 3.668 Thread 0x000002af4275f800 2719       3       org.gradle.internal.file.FilePathUtil::sizeOfCommonPrefix (142 bytes)
Event: 3.670 Thread 0x000002af4275f800 nmethod 2719 0x000002af2e4a9490 code [0x000002af2e4a98c0, 0x000002af2e4aba08]
Event: 3.670 Thread 0x000002af4275f800 2720       3       org.gradle.internal.file.FileHierarchySet$Node::sizeOfCommonPrefix (10 bytes)
Event: 3.670 Thread 0x000002af4275f800 nmethod 2720 0x000002af2e4ac710 code [0x000002af2e4ac8c0, 0x000002af2e4aca58]
Event: 3.670 Thread 0x000002af4275f800 2721       3       org.gradle.internal.file.FilePathUtil::sizeOfCommonPrefix (10 bytes)
Event: 3.670 Thread 0x000002af4275f800 nmethod 2721 0x000002af2e4acb10 code [0x000002af2e4accc0, 0x000002af2e4acde0]
Event: 3.670 Thread 0x000002af4275f800 2717       3       com.google.common.collect.ImmutableList$Builder::add (6 bytes)
Event: 3.670 Thread 0x000002af4275f800 nmethod 2717 0x000002af2e4ace90 code [0x000002af2e4ad040, 0x000002af2e4ad178]
Event: 3.670 Thread 0x000002af4275f800 2722       3       java.lang.invoke.LambdaFormEditor::oldSpeciesData (8 bytes)
Event: 3.670 Thread 0x000002af4275f800 nmethod 2722 0x000002af2e4ad210 code [0x000002af2e4ad3e0, 0x000002af2e4ad7c8]
Event: 3.671 Thread 0x000002af4275f800 2723   !   3       java.lang.invoke.LambdaForm::lambdaName (49 bytes)
Event: 3.671 Thread 0x000002af4275f800 nmethod 2723 0x000002af2e4ad910 code [0x000002af2e4adaa0, 0x000002af2e4adbc8]
Event: 3.671 Thread 0x000002af4275f800 2725       3       java.lang.invoke.InvokerBytecodeGenerator::addMethod (725 bytes)
Event: 3.673 Thread 0x000002af4275f800 nmethod 2725 0x000002af2e4adc90 code [0x000002af2e4ae200, 0x000002af2e4b05c8]
Event: 3.673 Thread 0x000002af4275f800 2724       3       java.lang.invoke.InvokerBytecodeGenerator::classFilePrologue (64 bytes)
Event: 3.674 Thread 0x000002af4275f800 nmethod 2724 0x000002af2e4b1290 code [0x000002af2e4b14e0, 0x000002af2e4b1c30]
Event: 3.677 Thread 0x000002af4275f800 2726       3       com.google.common.collect.Hashing::smear (19 bytes)
Event: 3.677 Thread 0x000002af4275f800 nmethod 2726 0x000002af2e4b1f10 code [0x000002af2e4b20c0, 0x000002af2e4b2240]

GC Heap History (10 events):
Event: 0.641 GC heap before
{Heap before GC invocations=0 (full 0):
 garbage-first heap   total 61440K, used 22528K [0x0000000080000000, 0x0000000100000000)
  region size 1024K, 23 young (23552K), 0 survivors (0K)
 Metaspace       used 7946K, committed 8128K, reserved 1114112K
  class space    used 716K, committed 768K, reserved 1048576K
}
Event: 0.646 GC heap after
{Heap after GC invocations=1 (full 0):
 garbage-first heap   total 61440K, used 3632K [0x0000000080000000, 0x0000000100000000)
  region size 1024K, 3 young (3072K), 3 survivors (3072K)
 Metaspace       used 7946K, committed 8128K, reserved 1114112K
  class space    used 716K, committed 768K, reserved 1048576K
}
Event: 1.214 GC heap before
{Heap before GC invocations=1 (full 0):
 garbage-first heap   total 61440K, used 35376K [0x0000000080000000, 0x0000000100000000)
  region size 1024K, 32 young (32768K), 3 survivors (3072K)
 Metaspace       used 12096K, committed 12288K, reserved 1114112K
  class space    used 1288K, committed 1408K, reserved 1048576K
}
Event: 1.221 GC heap after
{Heap after GC invocations=2 (full 0):
 garbage-first heap   total 61440K, used 10945K [0x0000000080000000, 0x0000000100000000)
  region size 1024K, 4 young (4096K), 4 survivors (4096K)
 Metaspace       used 12096K, committed 12288K, reserved 1114112K
  class space    used 1288K, committed 1408K, reserved 1048576K
}
Event: 1.552 GC heap before
{Heap before GC invocations=2 (full 0):
 garbage-first heap   total 61440K, used 39617K [0x0000000080000000, 0x0000000100000000)
  region size 1024K, 32 young (32768K), 4 survivors (4096K)
 Metaspace       used 12163K, committed 12352K, reserved 1114112K
  class space    used 1290K, committed 1408K, reserved 1048576K
}
Event: 1.556 GC heap after
{Heap after GC invocations=3 (full 0):
 garbage-first heap   total 61440K, used 12153K [0x0000000080000000, 0x0000000100000000)
  region size 1024K, 1 young (1024K), 1 survivors (1024K)
 Metaspace       used 12163K, committed 12352K, reserved 1114112K
  class space    used 1290K, committed 1408K, reserved 1048576K
}
Event: 2.137 GC heap before
{Heap before GC invocations=3 (full 0):
 garbage-first heap   total 61440K, used 44921K [0x0000000080000000, 0x0000000100000000)
  region size 1024K, 31 young (31744K), 1 survivors (1024K)
 Metaspace       used 16735K, committed 17024K, reserved 1114112K
  class space    used 1891K, committed 2048K, reserved 1048576K
}
Event: 2.143 GC heap after
{Heap after GC invocations=4 (full 0):
 garbage-first heap   total 61440K, used 18658K [0x0000000080000000, 0x0000000100000000)
  region size 1024K, 4 young (4096K), 4 survivors (4096K)
 Metaspace       used 16735K, committed 17024K, reserved 1114112K
  class space    used 1891K, committed 2048K, reserved 1048576K
}
Event: 3.109 GC heap before
{Heap before GC invocations=4 (full 0):
 garbage-first heap   total 61440K, used 31970K [0x0000000080000000, 0x0000000100000000)
  region size 1024K, 18 young (18432K), 4 survivors (4096K)
 Metaspace       used 21175K, committed 21504K, reserved 1114112K
  class space    used 2449K, committed 2624K, reserved 1048576K
}
Event: 3.113 GC heap after
{Heap after GC invocations=5 (full 0):
 garbage-first heap   total 61440K, used 20935K [0x0000000080000000, 0x0000000100000000)
  region size 1024K, 2 young (2048K), 2 survivors (2048K)
 Metaspace       used 21175K, committed 21504K, reserved 1114112K
  class space    used 2449K, committed 2624K, reserved 1048576K
}

Dll operation events (3 events):
Event: 0.035 Loaded shared library C:\Program Files\Android\Android Studio\jbr\bin\java.dll
Event: 0.047 Loaded shared library C:\Program Files\Android\Android Studio\jbr\bin\zip.dll
Event: 0.780 Loaded shared library C:\Program Files\Android\Android Studio\jbr\bin\verify.dll

Deoptimization events (20 events):
Event: 3.411 Thread 0x000002af48c2e940 DEOPT PACKING pc=0x000002af35aec264 sp=0x000000f7b35fc560
Event: 3.411 Thread 0x000002af48c2e940 DEOPT UNPACKING pc=0x000002af354d7da2 sp=0x000000f7b35fc518 mode 2
Event: 3.592 Thread 0x000002af48c2e940 Uncommon trap: trap_request=0xffffff45 fr.pc=0x000002af35a3f0f0 relative=0x0000000000000130
Event: 3.592 Thread 0x000002af48c2e940 Uncommon trap: reason=unstable_if action=reinterpret pc=0x000002af35a3f0f0 method=java.util.regex.Matcher.reset()Ljava/util/regex/Matcher; @ 47 c2
Event: 3.592 Thread 0x000002af48c2e940 DEOPT PACKING pc=0x000002af35a3f0f0 sp=0x000000f7b35fae60
Event: 3.592 Thread 0x000002af48c2e940 DEOPT UNPACKING pc=0x000002af354d7da2 sp=0x000000f7b35fae08 mode 2
Event: 3.624 Thread 0x000002af48c2e940 Uncommon trap: trap_request=0xffffff45 fr.pc=0x000002af35a54270 relative=0x00000000000002b0
Event: 3.624 Thread 0x000002af48c2e940 Uncommon trap: reason=unstable_if action=reinterpret pc=0x000002af35a54270 method=java.lang.StringLatin1.compareToCI([B[B)I @ 31 c2
Event: 3.624 Thread 0x000002af48c2e940 DEOPT PACKING pc=0x000002af35a54270 sp=0x000000f7b35fb9e0
Event: 3.624 Thread 0x000002af48c2e940 DEOPT UNPACKING pc=0x000002af354d7da2 sp=0x000000f7b35fb988 mode 2
Event: 3.680 Thread 0x000002af48c2e940 DEOPT PACKING pc=0x000002af2e3cfa5f sp=0x000000f7b35fba50
Event: 3.680 Thread 0x000002af48c2e940 DEOPT UNPACKING pc=0x000002af354d88e2 sp=0x000000f7b35faf28 mode 0
Event: 3.681 Thread 0x000002af48c2e940 Uncommon trap: trap_request=0xffffff45 fr.pc=0x000002af35a42d38 relative=0x0000000000000e38
Event: 3.681 Thread 0x000002af48c2e940 Uncommon trap: reason=unstable_if action=reinterpret pc=0x000002af35a42d38 method=java.io.WinNTFileSystem.resolve(Ljava/lang/String;Ljava/lang/String;)Ljava/lang/String; @ 19 c2
Event: 3.681 Thread 0x000002af48c2e940 DEOPT PACKING pc=0x000002af35a42d38 sp=0x000000f7b35fb8f0
Event: 3.681 Thread 0x000002af48c2e940 DEOPT UNPACKING pc=0x000002af354d7da2 sp=0x000000f7b35fb888 mode 2
Event: 3.683 Thread 0x000002af48c2e940 Uncommon trap: trap_request=0xffffff45 fr.pc=0x000002af35ab0874 relative=0x0000000000000694
Event: 3.683 Thread 0x000002af48c2e940 Uncommon trap: reason=unstable_if action=reinterpret pc=0x000002af35ab0874 method=java.io.File.getName()Ljava/lang/String; @ 16 c2
Event: 3.683 Thread 0x000002af48c2e940 DEOPT PACKING pc=0x000002af35ab0874 sp=0x000000f7b35fb8b0
Event: 3.683 Thread 0x000002af48c2e940 DEOPT UNPACKING pc=0x000002af354d7da2 sp=0x000000f7b35fb880 mode 2

Classes loaded (20 events):
Event: 3.430 Loading class java/util/concurrent/ArrayBlockingQueue
Event: 3.431 Loading class java/util/concurrent/ArrayBlockingQueue done
Event: 3.431 Loading class java/util/concurrent/locks/ReentrantLock$FairSync
Event: 3.431 Loading class java/util/concurrent/locks/ReentrantLock$FairSync done
Event: 3.436 Loading class sun/misc/Unsafe
Event: 3.437 Loading class sun/misc/Unsafe done
Event: 3.444 Loading class java/net/DatagramPacket
Event: 3.444 Loading class java/net/DatagramPacket done
Event: 3.445 Loading class sun/nio/ch/DatagramChannelImpl$DatagramPackets
Event: 3.445 Loading class sun/nio/ch/DatagramChannelImpl$DatagramPackets done
Event: 3.639 Loading class sun/security/provider/MD5
Event: 3.639 Loading class sun/security/provider/MD5 done
Event: 3.640 Loading class sun/security/provider/SHA5$SHA512
Event: 3.640 Loading class sun/security/provider/SHA5
Event: 3.640 Loading class sun/security/provider/SHA5 done
Event: 3.640 Loading class sun/security/provider/SHA5$SHA512 done
Event: 3.642 Loading class sun/security/provider/ByteArrayAccess$LE
Event: 3.642 Loading class sun/security/provider/ByteArrayAccess$LE done
Event: 3.682 Loading class java/io/File$TempDirectory
Event: 3.682 Loading class java/io/File$TempDirectory done

Classes unloaded (0 events):
No events

Classes redefined (0 events):
No events

Internal exceptions (20 events):
Event: 3.056 Thread 0x000002af48cb7770 Exception <a 'java/lang/NoSuchMethodError'{0x000000008301f580}: 'long java.lang.invoke.DirectMethodHandle$Holder.invokeSpecial(java.lang.Object, java.lang.Object)'> (0x000000008301f580) 
thrown [s\src\hotspot\share\interpreter\linkResolver.cpp, line 784]
Event: 3.056 Thread 0x000002af48cb7770 Exception <a 'java/lang/NoSuchMethodError'{0x0000000083022998}: 'long java.lang.invoke.Invokers$Holder.invokeExact_MT(java.lang.Object, java.lang.Object)'> (0x0000000083022998) 
thrown [s\src\hotspot\share\interpreter\linkResolver.cpp, line 784]
Event: 3.060 Thread 0x000002af48cb7770 Exception <a 'java/lang/NoSuchMethodError'{0x00000000830449b0}: 'void java.lang.invoke.DirectMethodHandle$Holder.invokeSpecial(java.lang.Object, java.lang.Object, java.lang.Object)'> (0x00000000830449b0) 
thrown [s\src\hotspot\share\interpreter\linkResolver.cpp, line 784]
Event: 3.064 Thread 0x000002af48cb7770 Exception <a 'java/lang/NoSuchMethodError'{0x0000000083072c28}: static Lorg/gradle/tooling/internal/provider/serialization/ClassLoaderDetails;.<clinit>()V> (0x0000000083072c28) 
thrown [s\src\hotspot\share\prims\jni.cpp, line 1126]
Event: 3.066 Thread 0x000002af48cb7770 Exception <a 'java/lang/NoSuchMethodError'{0x000000008308cc38}: static Lorg/gradle/internal/classloader/ClassLoaderSpec;.<clinit>()V> (0x000000008308cc38) 
thrown [s\src\hotspot\share\prims\jni.cpp, line 1126]
Event: 3.066 Thread 0x000002af48cb7770 Exception <a 'java/lang/NoSuchMethodError'{0x0000000083096908}: static Lorg/gradle/tooling/internal/provider/serialization/WellKnownClassLoaderRegistry$KnownClassLoaderSpec;.<clinit>()V> (0x0000000083096908) 
thrown [s\src\hotspot\share\prims\jni.cpp, line 1126]
Event: 3.068 Thread 0x000002af48cb7770 Exception <a 'java/lang/NoSuchMethodError'{0x00000000830acf70}: static Lorg/gradle/tooling/internal/provider/serialization/ClientOwnedClassLoaderSpec;.<clinit>()V> (0x00000000830acf70) 
thrown [s\src\hotspot\share\prims\jni.cpp, line 1126]
Event: 3.141 Thread 0x000002af48c2e940 Exception <a 'java/lang/NoSuchMethodError'{0x0000000083aa0ce8}: 'long java.lang.invoke.DirectMethodHandle$Holder.invokeInterface(java.lang.Object, java.lang.Object)'> (0x0000000083aa0ce8) 
thrown [s\src\hotspot\share\interpreter\linkResolver.cpp, line 784]
Event: 3.206 Thread 0x000002af48c2e940 Exception <a 'java/lang/NoSuchMethodError'{0x00000000836dfff0}: 'void java.lang.invoke.DirectMethodHandle$Holder.invokeStatic(java.lang.Object, java.lang.Object)'> (0x00000000836dfff0) 
thrown [s\src\hotspot\share\interpreter\linkResolver.cpp, line 784]
Event: 3.210 Thread 0x000002af48c2e940 Exception <a 'java/lang/NoSuchMethodError'{0x0000000083525d50}: 'java.lang.Object java.lang.invoke.DirectMethodHandle$Holder.invokeVirtual(java.lang.Object, java.lang.Object, java.lang.Object, java.lang.Object, java.lang.Object, java.lang.Object, java.lang.Object, java.lang.Object, java.lang.Object, java.lang.Object, java.lang.Object, java.lang.Object)'> (0x0000000083525d50) 
thrown [s\src\hotspot\share\interpreter\linkResolver.cpp, line 784]
Event: 3.211 Thread 0x000002af48c2e940 Exception <a 'java/lang/NoSuchMethodError'{0x000000008352adc0}: 'java.lang.Object java.lang.invoke.DirectMethodHandle$Holder.invokeSpecial(java.lang.Object, java.lang.Object, java.lang.Object, java.lang.Object, java.lang.Object, java.lang.Object, java.lang.Object, java.lang.Object, java.lang.Object, java.lang.Object, java.lang.Object, java.lang.Object, java.lang.Object)'> (0x000000008352adc0) 
thrown [s\src\hotspot\share\interpreter\linkResolver.cpp, line 784]
Event: 3.239 Thread 0x000002af48c2e940 Exception <a 'java/lang/NoSuchMethodError'{0x0000000083312eb8}: 'int java.lang.invoke.DirectMethodHandle$Holder.invokeVirtual(java.lang.Object, java.lang.Object, java.lang.Object)'> (0x0000000083312eb8) 
thrown [s\src\hotspot\share\interpreter\linkResolver.cpp, line 784]
Event: 3.267 Thread 0x000002af48c2e940 Exception <a 'java/lang/NoSuchMethodError'{0x000000008316af68}: 'java.lang.Object java.lang.invoke.DirectMethodHandle$Holder.newInvokeSpecial(java.lang.Object, java.lang.Object, java.lang.Object, java.lang.Object, java.lang.Object, java.lang.Object)'> (0x000000008316af68) 
thrown [s\src\hotspot\share\interpreter\linkResolver.cpp, line 784]
Event: 3.311 Thread 0x000002af48c2e940 Exception <a 'java/lang/NoSuchMethodError'{0x0000000082e2a208}: 'void java.lang.invoke.DelegatingMethodHandle$Holder.reinvoke_L(java.lang.Object, java.lang.Object, java.lang.Object, java.lang.Object, java.lang.Object, java.lang.Object, java.lang.Object, java.lang.Object, java.lang.Object, java.lang.Object)'> (0x0000000082e2a208) 
thrown [s\src\hotspot\share\interpreter\linkResolver.cpp, line 784]
Event: 3.311 Thread 0x000002af48c2e940 Exception <a 'java/lang/NoSuchMethodError'{0x0000000082e31c08}: 'java.lang.Object java.lang.invoke.Invokers$Holder.invoker(java.lang.Object, java.lang.Object, java.lang.Object, java.lang.Object, java.lang.Object, java.lang.Object, java.lang.Object, java.lang.Object, java.lang.Object, java.lang.Object)'> (0x0000000082e31c08) 
thrown [s\src\hotspot\share\interpreter\linkResolver.cpp, line 784]
Event: 3.382 Thread 0x000002af48c2e940 Exception <a 'java/lang/NoSuchMethodError'{0x00000000828239a0}: 'void java.lang.invoke.DirectMethodHandle$Holder.invokeVirtual(java.lang.Object, java.lang.Object, java.lang.Object, java.lang.Object, java.lang.Object)'> (0x00000000828239a0) 
thrown [s\src\hotspot\share\interpreter\linkResolver.cpp, line 784]
Event: 3.408 Thread 0x000002af48c2e940 Exception <a 'java/lang/NoSuchMethodError'{0x00000000827df260}: 'void java.lang.invoke.DirectMethodHandle$Holder.invokeInterface(java.lang.Object, java.lang.Object)'> (0x00000000827df260) 
thrown [s\src\hotspot\share\interpreter\linkResolver.cpp, line 784]
Event: 3.408 Thread 0x000002af48c2e940 Exception <a 'java/lang/IncompatibleClassChangeError'{0x00000000827e27c0}: Found class java.lang.Object, but interface was expected> (0x00000000827e27c0) 
thrown [s\src\hotspot\share\interpreter\linkResolver.cpp, line 851]
Event: 3.433 Thread 0x000002af48c2e940 Exception <a 'java/lang/NoSuchMethodError'{0x00000000825054d8}: 'java.lang.Object java.lang.invoke.DirectMethodHandle$Holder.newInvokeSpecial(java.lang.Object, java.lang.Object, int)'> (0x00000000825054d8) 
thrown [s\src\hotspot\share\interpreter\linkResolver.cpp, line 784]
Event: 3.659 Thread 0x000002af48c2e940 Exception <a 'java/lang/NoSuchMethodError'{0x000000008223a880}: 'java.lang.Object java.lang.invoke.DirectMethodHandle$Holder.invokeVirtual(java.lang.Object, java.lang.Object, java.lang.Object, java.lang.Object, java.lang.Object, java.lang.Object, java.lang.Object, java.lang.Object)'> (0x000000008223a880) 
thrown [s\src\hotspot\share\interpreter\linkResolver.cpp, line 784]

ZGC Phase Switch (0 events):
No events

VM Operations (20 events):
Event: 2.137 Executing VM operation: G1CollectForAllocation (G1 Evacuation Pause)
Event: 2.143 Executing VM operation: G1CollectForAllocation (G1 Evacuation Pause) done
Event: 2.150 Executing VM operation: HandshakeAllThreads (Deoptimize)
Event: 2.150 Executing VM operation: HandshakeAllThreads (Deoptimize) done
Event: 2.181 Executing VM operation: HandshakeAllThreads (Deoptimize)
Event: 2.181 Executing VM operation: HandshakeAllThreads (Deoptimize) done
Event: 2.230 Executing VM operation: HandshakeAllThreads (Deoptimize)
Event: 2.230 Executing VM operation: HandshakeAllThreads (Deoptimize) done
Event: 2.327 Executing VM operation: HandshakeAllThreads (Deoptimize)
Event: 2.327 Executing VM operation: HandshakeAllThreads (Deoptimize) done
Event: 2.952 Executing VM operation: HandshakeAllThreads (Deoptimize)
Event: 2.952 Executing VM operation: HandshakeAllThreads (Deoptimize) done
Event: 3.109 Executing VM operation: CollectForMetadataAllocation (Metadata GC Threshold)
Event: 3.113 Executing VM operation: CollectForMetadataAllocation (Metadata GC Threshold) done
Event: 3.119 Executing VM operation: G1PauseRemark
Event: 3.121 Executing VM operation: G1PauseRemark done
Event: 3.124 Executing VM operation: G1PauseCleanup
Event: 3.124 Executing VM operation: G1PauseCleanup done
Event: 3.431 Executing VM operation: HandshakeAllThreads (Deoptimize)
Event: 3.431 Executing VM operation: HandshakeAllThreads (Deoptimize) done

Events (20 events):
Event: 0.251 Thread 0x000002af42a4d760 Thread added: 0x000002af42a4d760
Event: 0.529 Loaded shared library C:\Program Files\Android\Android Studio\jbr\bin\jimage.dll
Event: 0.910 Loaded shared library C:\Users\user\.gradle\native\c067742578af261105cb4f569cf0c3c89f3d7b1fecec35dd04571415982c5e48\windows-amd64\native-platform.dll
Event: 0.921 Loaded shared library C:\Users\user\.gradle\native\100fb08df4bc3b14c8652ba06237920a3bd2aa13389f12d3474272988ae205f9\windows-amd64\native-platform-file-events.dll
Event: 2.030 Loaded shared library C:\Program Files\Android\Android Studio\jbr\bin\management.dll
Event: 2.040 Loaded shared library C:\Program Files\Android\Android Studio\jbr\bin\management_ext.dll
Event: 2.086 Thread 0x000002af48d69010 Thread added: 0x000002af48d69010
Event: 2.252 Loaded shared library C:\Program Files\Android\Android Studio\jbr\bin\extnet.dll
Event: 2.290 Thread 0x000002af48d3ba70 Thread added: 0x000002af48d3ba70
Event: 2.377 Thread 0x000002af48c0ad90 Thread added: 0x000002af48c0ad90
Event: 2.989 Thread 0x000002af48c6b210 Thread added: 0x000002af48c6b210
Event: 2.991 Thread 0x000002af48cb7770 Thread added: 0x000002af48cb7770
Event: 3.076 Thread 0x000002af48c35590 Thread added: 0x000002af48c35590
Event: 3.083 Thread 0x000002af48c2e940 Thread added: 0x000002af48c2e940
Event: 3.092 Thread 0x000002af48f0ffe0 Thread added: 0x000002af48f0ffe0
Event: 3.096 Thread 0x000002af48f0d880 Thread added: 0x000002af48f0d880
Event: 3.098 Thread 0x000002af48f0cb60 Thread added: 0x000002af48f0cb60
Event: 3.432 Thread 0x000002af48f0d1f0 Thread added: 0x000002af48f0d1f0
Event: 3.444 Thread 0x000002af48f0f950 Thread added: 0x000002af48f0f950
Event: 3.619 Thread 0x000002af48f0df10 Thread added: 0x000002af48f0df10


Dynamic libraries:
0x00007ff7595e0000 - 0x00007ff7595ea000 	C:\Program Files\Android\Android Studio\jbr\bin\java.exe
0x00007ffb02270000 - 0x00007ffb02468000 	C:\Windows\SYSTEM32\ntdll.dll
0x00007ffb00a60000 - 0x00007ffb00b22000 	C:\Windows\System32\KERNEL32.DLL
0x00007ffaffde0000 - 0x00007ffb000d6000 	C:\Windows\System32\KERNELBASE.dll
0x00007ffaffb80000 - 0x00007ffaffc80000 	C:\Windows\System32\ucrtbase.dll
0x00007ffa80980000 - 0x00007ffa8099b000 	C:\Program Files\Android\Android Studio\jbr\bin\VCRUNTIME140.dll
0x00007ffaeab20000 - 0x00007ffaeab38000 	C:\Program Files\Android\Android Studio\jbr\bin\jli.dll
0x00007ffb01cb0000 - 0x00007ffb01e51000 	C:\Windows\System32\USER32.dll
0x00007ffb00190000 - 0x00007ffb001b2000 	C:\Windows\System32\win32u.dll
0x00007ffb01f80000 - 0x00007ffb01fab000 	C:\Windows\System32\GDI32.dll
0x00007ffaffa60000 - 0x00007ffaffb79000 	C:\Windows\System32\gdi32full.dll
0x00007ffb001c0000 - 0x00007ffb0025d000 	C:\Windows\System32\msvcp_win.dll
0x00007ffae8680000 - 0x00007ffae891b000 	C:\Windows\WinSxS\amd64_microsoft.windows.common-controls_6595b64144ccf1df_6.0.19041.6456_none_60b8a6cb71f64256\COMCTL32.dll
0x00007ffb002a0000 - 0x00007ffb0033e000 	C:\Windows\System32\msvcrt.dll
0x00007ffb01fb0000 - 0x00007ffb01fdf000 	C:\Windows\System32\IMM32.DLL
0x00007ffac5660000 - 0x00007ffac566c000 	C:\Program Files\Android\Android Studio\jbr\bin\vcruntime140_1.dll
0x00007ffab1780000 - 0x00007ffab180d000 	C:\Program Files\Android\Android Studio\jbr\bin\msvcp140.dll
0x00007ffa78100000 - 0x00007ffa78d7d000 	C:\Program Files\Android\Android Studio\jbr\bin\server\jvm.dll
0x00007ffb01ab0000 - 0x00007ffb01b61000 	C:\Windows\System32\ADVAPI32.dll
0x00007ffb02190000 - 0x00007ffb0222f000 	C:\Windows\System32\sechost.dll
0x00007ffb01fe0000 - 0x00007ffb02100000 	C:\Windows\System32\RPCRT4.dll
0x00007ffb00260000 - 0x00007ffb00287000 	C:\Windows\System32\bcrypt.dll
0x00007ffb009f0000 - 0x00007ffb00a5b000 	C:\Windows\System32\WS2_32.dll
0x00007ffaef9a0000 - 0x00007ffaef9c7000 	C:\Windows\SYSTEM32\WINMM.dll
0x00007ffaf4a40000 - 0x00007ffaf4a4a000 	C:\Windows\SYSTEM32\VERSION.dll
0x00007ffafee40000 - 0x00007ffafee8b000 	C:\Windows\SYSTEM32\POWRPROF.dll
0x00007ffafed00000 - 0x00007ffafed12000 	C:\Windows\SYSTEM32\UMPDC.dll
0x00007ffafe110000 - 0x00007ffafe122000 	C:\Windows\SYSTEM32\kernel.appcore.dll
0x00007ffa83440000 - 0x00007ffa8344a000 	C:\Program Files\Android\Android Studio\jbr\bin\jimage.dll
0x00007ffafd470000 - 0x00007ffafd671000 	C:\Windows\SYSTEM32\DBGHELP.DLL
0x00007ffae21e0000 - 0x00007ffae2214000 	C:\Windows\SYSTEM32\dbgcore.DLL
0x00007ffaffd50000 - 0x00007ffaffdd2000 	C:\Windows\System32\bcryptPrimitives.dll
0x00007ffaf4fb0000 - 0x00007ffaf4fbe000 	C:\Program Files\Android\Android Studio\jbr\bin\instrument.dll
0x00007ffa7deb0000 - 0x00007ffa7decf000 	C:\Program Files\Android\Android Studio\jbr\bin\java.dll
0x00007ffa7de90000 - 0x00007ffa7dea8000 	C:\Program Files\Android\Android Studio\jbr\bin\zip.dll
0x00007ffb01340000 - 0x00007ffb01ab0000 	C:\Windows\System32\SHELL32.dll
0x00007ffafd950000 - 0x00007ffafe0f5000 	C:\Windows\SYSTEM32\windows.storage.dll
0x00007ffb00b30000 - 0x00007ffb00e84000 	C:\Windows\System32\combase.dll
0x00007ffaff330000 - 0x00007ffaff35b000 	C:\Windows\SYSTEM32\Wldp.dll
0x00007ffb003f0000 - 0x00007ffb004bd000 	C:\Windows\System32\OLEAUT32.dll
0x00007ffb00340000 - 0x00007ffb003ed000 	C:\Windows\System32\SHCORE.dll
0x00007ffb00930000 - 0x00007ffb0098b000 	C:\Windows\System32\shlwapi.dll
0x00007ffaff830000 - 0x00007ffaff854000 	C:\Windows\SYSTEM32\profapi.dll
0x00007ffaf8b10000 - 0x00007ffaf8b20000 	C:\Program Files\Android\Android Studio\jbr\bin\net.dll
0x00007ffafc490000 - 0x00007ffafc59a000 	C:\Windows\SYSTEM32\WINHTTP.dll
0x00007ffaff090000 - 0x00007ffaff0fa000 	C:\Windows\system32\mswsock.dll
0x00007ffaf8af0000 - 0x00007ffaf8b06000 	C:\Program Files\Android\Android Studio\jbr\bin\nio.dll
0x00007ffa81c90000 - 0x00007ffa81ca0000 	C:\Program Files\Android\Android Studio\jbr\bin\verify.dll
0x00007ffae8d80000 - 0x00007ffae8da7000 	C:\Users\user\.gradle\native\c067742578af261105cb4f569cf0c3c89f3d7b1fecec35dd04571415982c5e48\windows-amd64\native-platform.dll
0x00007ffa764b0000 - 0x00007ffa765f4000 	C:\Users\user\.gradle\native\100fb08df4bc3b14c8652ba06237920a3bd2aa13389f12d3474272988ae205f9\windows-amd64\native-platform-file-events.dll
0x00007ffaf8ad0000 - 0x00007ffaf8ad9000 	C:\Program Files\Android\Android Studio\jbr\bin\management.dll
0x00007ffaf8ac0000 - 0x00007ffaf8acb000 	C:\Program Files\Android\Android Studio\jbr\bin\management_ext.dll
0x00007ffb00290000 - 0x00007ffb00298000 	C:\Windows\System32\PSAPI.DLL
0x00007ffaff280000 - 0x00007ffaff298000 	C:\Windows\SYSTEM32\CRYPTSP.dll
0x00007ffafe940000 - 0x00007ffafe978000 	C:\Windows\system32\rsaenh.dll
0x00007ffaff7f0000 - 0x00007ffaff81e000 	C:\Windows\SYSTEM32\USERENV.dll
0x00007ffaff2a0000 - 0x00007ffaff2ac000 	C:\Windows\SYSTEM32\CRYPTBASE.dll
0x00007ffafed20000 - 0x00007ffafed5b000 	C:\Windows\SYSTEM32\IPHLPAPI.DLL
0x00007ffb02100000 - 0x00007ffb02108000 	C:\Windows\System32\NSI.dll
0x00007ffaf8ae0000 - 0x00007ffaf8ae9000 	C:\Program Files\Android\Android Studio\jbr\bin\extnet.dll
0x00007ffae7180000 - 0x00007ffae7187000 	C:\Windows\system32\wshunix.dll

dbghelp: loaded successfully - version: 4.0.5 - missing functions: none
symbol engine: initialized successfully - sym options: 0x614 - pdb path: .;C:\Program Files\Android\Android Studio\jbr\bin;C:\Windows\SYSTEM32;C:\Windows\WinSxS\amd64_microsoft.windows.common-controls_6595b64144ccf1df_6.0.19041.6456_none_60b8a6cb71f64256;C:\Program Files\Android\Android Studio\jbr\bin\server;C:\Users\user\.gradle\native\c067742578af261105cb4f569cf0c3c89f3d7b1fecec35dd04571415982c5e48\windows-amd64;C:\Users\user\.gradle\native\100fb08df4bc3b14c8652ba06237920a3bd2aa13389f12d3474272988ae205f9\windows-amd64

VM Arguments:
jvm_args: --add-opens=java.base/java.lang=ALL-UNNAMED --add-opens=java.base/java.lang.invoke=ALL-UNNAMED --add-opens=java.base/java.util=ALL-UNNAMED --add-opens=java.prefs/java.util.prefs=ALL-UNNAMED --add-exports=jdk.compiler/com.sun.tools.javac.api=ALL-UNNAMED --add-exports=jdk.compiler/com.sun.tools.javac.util=ALL-UNNAMED --add-opens=java.base/java.util=ALL-UNNAMED --add-opens=java.prefs/java.util.prefs=ALL-UNNAMED --add-opens=java.base/java.nio.charset=ALL-UNNAMED --add-opens=java.base/java.net=ALL-UNNAMED --add-opens=java.base/java.util.concurrent.atomic=ALL-UNNAMED --add-opens=java.xml/javax.xml.namespace=ALL-UNNAMED -Xmx2048m -Dfile.encoding=UTF-8 -Duser.country=IN -Duser.language=en -Duser.variant -javaagent:C:\Users\user\.gradle\wrapper\dists\gradle-8.11.1-bin\bpt9gzteqjrbo1mjrsomdt32c\gradle-8.11.1\lib\agents\gradle-instrumentation-agent-8.11.1.jar 
java_command: org.gradle.launcher.daemon.bootstrap.GradleDaemon 8.11.1
java_class_path (initial): C:\Users\user\.gradle\wrapper\dists\gradle-8.11.1-bin\bpt9gzteqjrbo1mjrsomdt32c\gradle-8.11.1\lib\gradle-daemon-main-8.11.1.jar
Launcher Type: SUN_STANDARD

[Global flags]
     intx CICompilerCount                          = 4                                         {product} {ergonomic}
     uint ConcGCThreads                            = 2                                         {product} {ergonomic}
     uint G1ConcRefinementThreads                  = 8                                         {product} {ergonomic}
   size_t G1HeapRegionSize                         = 1048576                                   {product} {ergonomic}
    uintx GCDrainStackTargetSize                   = 64                                        {product} {ergonomic}
   size_t InitialHeapSize                          = 62914560                                  {product} {ergonomic}
   size_t MarkStackSize                            = 4194304                                   {product} {ergonomic}
   size_t MaxHeapSize                              = 2147483648                                {product} {command line}
   size_t MaxNewSize                               = 1287651328                                {product} {ergonomic}
   size_t MinHeapDeltaBytes                        = 1048576                                   {product} {ergonomic}
   size_t MinHeapSize                              = 8388608                                   {product} {ergonomic}
    uintx NonNMethodCodeHeapSize                   = 5839372                                {pd product} {ergonomic}
    uintx NonProfiledCodeHeapSize                  = 122909434                              {pd product} {ergonomic}
    uintx ProfiledCodeHeapSize                     = 122909434                              {pd product} {ergonomic}
    uintx ReservedCodeCacheSize                    = 251658240                              {pd product} {ergonomic}
     bool SegmentedCodeCache                       = true                                      {product} {ergonomic}
   size_t SoftMaxHeapSize                          = 2147483648                             {manageable} {ergonomic}
     bool UseCompressedOops                        = true                           {product lp64_product} {ergonomic}
     bool UseG1GC                                  = true                                      {product} {ergonomic}
     bool UseLargePagesIndividualAllocation        = false                                  {pd product} {ergonomic}

Logging:
Log output configuration:
 #0: stdout all=warning uptime,level,tags foldmultilines=false
 #1: stderr all=off uptime,level,tags foldmultilines=false

Environment Variables:
PATH=C:\Program Files\Common Files\Oracle\Java\javapath;C:\Windows\system32;C:\Windows;C:\Windows\System32\Wbem;C:\Windows\System32\WindowsPowerShell\v1.0\;C:\Windows\System32\OpenSSH\;C:\Program Files\Java\jdk-21\bin;C:\Program Files\MySQL\MySQL Server 8.0\bin;C:\Program Files\Git\cmd;C:\Program Files (x86)\GitExtensions\;C:\Program Files\dotnet\;C:\Program Files\nodejs\;C:\ProgramData\chocolatey\bin;C:\Program Files\apache-maven-3.9.9;C:\Program Files\MAVEN\apache-maven-3.9.9\bin;C:\Program Files\MySQL\MySQL Shell 8.0\bin\;C:\Users\user\AppData\Local\Microsoft\WindowsApps;C:\Users\user\AppData\Local\Programs\Microsoft VS Code\bin;C:\Users\user\AppData\Roaming\npm;C:\Platform-tools\platform-tools;
USERNAME=user
OS=Windows_NT
PROCESSOR_IDENTIFIER=Intel64 Family 6 Model 140 Stepping 1, GenuineIntel
TMP=C:\Users\user\AppData\Local\Temp
TEMP=C:\Users\user\AppData\Local\Temp




Periodic native trim disabled

JNI global refs:
JNI global refs: 24, weak refs: 0

JNI global refs memory usage: 835, weak refs: 833

Process memory usage:
Resident Set Size: 156184K (3% of 3910440K total physical memory with 70024K free physical memory)

OOME stack traces (most recent first):
Classloader memory used:
Loader bootstrap                                                                       : 16262K
Loader org.gradle.internal.classloader.VisitableURLClassLoader                         : 9139K
Loader org.gradle.initialization.MixInLegacyTypesClassLoader                           : 589K
Loader jdk.internal.loader.ClassLoaders$AppClassLoader                                 : 234K
Loader jdk.internal.loader.ClassLoaders$PlatformClassLoader                            : 133K
Loader jdk.internal.reflect.DelegatingClassLoader                                      : 37840B

Classes loaded by more than one classloader:
Class org.gradle.internal.classloader.FilteringClassLoader                            : loaded 2 times (x 102B)
Class org.gradle.internal.classloader.ClassLoaderHierarchy                            : loaded 2 times (x 67B)
Class org.gradle.api.internal.classpath.ManifestUtil                                  : loaded 2 times (x 68B)
Class org.gradle.internal.classloader.ClassLoaderVisitor                              : loaded 2 times (x 73B)
Class org.gradle.api.internal.classpath.EffectiveClassPath                            : loaded 2 times (x 87B)
Class org.gradle.api.internal.DefaultClassPathProvider                                : loaded 2 times (x 73B)
Class [Lorg.gradle.api.internal.ClassPathProvider;                                    : loaded 2 times (x 66B)
Class org.gradle.api.internal.ClassPathProvider                                       : loaded 2 times (x 67B)
Class org.gradle.internal.service.UnknownServiceException                             : loaded 2 times (x 80B)
Class org.gradle.internal.classpath.TransformedClassPath                              : loaded 2 times (x 93B)
Class org.gradle.internal.classloader.InstrumentingClassLoader                        : loaded 2 times (x 67B)
Class org.gradle.internal.service.ServiceLocator                                      : loaded 2 times (x 67B)
Class org.gradle.internal.InternalTransformer                                         : loaded 2 times (x 67B)
Class org.gradle.internal.classloader.ClasspathUtil$1                                 : loaded 2 times (x 73B)
Class org.gradle.api.internal.classpath.DefaultModuleRegistry$DefaultModule           : loaded 2 times (x 83B)
Class org.gradle.api.internal.classpath.Module                                        : loaded 2 times (x 67B)
Class org.gradle.api.internal.classpath.UnknownModuleException                        : loaded 2 times (x 79B)
Class org.gradle.api.internal.DefaultClassPathRegistry                                : loaded 2 times (x 73B)
Class org.gradle.api.internal.ClassPathRegistry                                       : loaded 2 times (x 67B)
Class org.gradle.internal.classpath.DefaultClassPath$ImmutableUniqueList              : loaded 2 times (x 196B)
Class org.gradle.internal.classpath.ClassPath                                         : loaded 2 times (x 67B)
Class org.gradle.api.UncheckedIOException                                             : loaded 2 times (x 79B)
Class org.gradle.internal.installation.GradleInstallation$1                           : loaded 2 times (x 72B)
Class org.gradle.api.internal.classpath.ModuleRegistry                                : loaded 2 times (x 67B)
Class org.gradle.api.internal.classpath.DefaultModuleRegistry                         : loaded 2 times (x 83B)
Class org.gradle.internal.service.ServiceLookupException                              : loaded 2 times (x 79B)
Class org.gradle.internal.classloader.ClassLoaderFactory                              : loaded 2 times (x 67B)
Class org.gradle.internal.service.CachingServiceLocator                               : loaded 2 times (x 79B)
Class org.gradle.internal.classloader.ClasspathUtil                                   : loaded 2 times (x 68B)
Class org.gradle.api.specs.Spec                                                       : loaded 2 times (x 67B)
Class org.gradle.internal.classloader.VisitableURLClassLoader$InstrumentingVisitableURLClassLoader: loaded 2 times (x 120B)
Class org.gradle.internal.classloader.VisitableURLClassLoader$Spec                    : loaded 2 times (x 71B)
Class org.gradle.internal.classpath.DefaultClassPath                                  : loaded 2 times (x 87B)
Class org.gradle.internal.classloader.ClassLoaderSpec                                 : loaded 2 times (x 68B)
Class org.gradle.internal.classloader.VisitableURLClassLoader                         : loaded 2 times (x 114B)
Class org.gradle.internal.Cast                                                        : loaded 2 times (x 68B)
Class org.gradle.api.Action                                                           : loaded 2 times (x 67B)
Class org.gradle.internal.classpath.DefaultClassPath$ImmutableUniqueList$Builder      : loaded 2 times (x 72B)
Class org.gradle.api.GradleException                                                  : loaded 2 times (x 79B)
Class org.gradle.internal.IoActions                                                   : loaded 2 times (x 68B)
Class org.gradle.internal.classloader.SystemClassLoaderSpec                           : loaded 2 times (x 68B)
Class org.gradle.api.internal.classpath.GlobalCacheRootsProvider                      : loaded 2 times (x 67B)
Class org.gradle.internal.installation.CurrentGradleInstallationLocator               : loaded 2 times (x 68B)
Class org.gradle.internal.service.DefaultServiceLocator                               : loaded 2 times (x 80B)
Class org.gradle.internal.installation.CurrentGradleInstallation                      : loaded 2 times (x 70B)
Class org.gradle.util.internal.GUtil                                                  : loaded 2 times (x 68B)
Class org.gradle.internal.installation.GradleInstallation                             : loaded 2 times (x 72B)

---------------  S Y S T E M  ---------------

OS:
 Windows 10 , 64 bit Build 19041 (10.0.19041.5915)
OS uptime: 0 days 6:40 hours

CPU: total 8 (initial active 8) (4 cores per cpu, 2 threads per core) family 6 model 140 stepping 1 microcode 0xbc, cx8, cmov, fxsr, ht, mmx, 3dnowpref, sse, sse2, sse3, ssse3, sse4.1, sse4.2, popcnt, lzcnt, tsc, tscinvbit, avx, avx2, aes, erms, clmul, bmi1, bmi2, adx, avx512f, avx512dq, avx512cd, avx512bw, avx512vl, sha, fma, vzeroupper, avx512_vpopcntdq, avx512_vpclmulqdq, avx512_vaes, avx512_vnni, clflush, clflushopt, clwb, avx512_vbmi2, avx512_vbmi, rdtscp, rdpid, fsrm, gfni, avx512_bitalg, f16c, pku, cet_ibt, cet_ss, avx512_ifma
Processor Information for all 8 processors :
  Max Mhz: 2419, Current Mhz: 2419, Mhz Limit: 2419

Memory: 4k page, system-wide physical 3818M (69M free)
TotalPageFile size 15594M (AvailPageFile size 0M)
current process WorkingSet (physical memory assigned to process): 152M, peak: 152M
current process commit charge ("private bytes"): 197M, peak: 198M

vm_info: OpenJDK 64-Bit Server VM (21.0.3+-12282718-b509.11) for windows-amd64 JRE (21.0.3+-12282718-b509.11), built on 2024-08-27T17:34:15Z by "builder" with MS VC++ 16.10 / 16.11 (VS2019)

END.
