#
# There is insufficient memory for the Java Runtime Environment to continue.
# Native memory allocation (mmap) failed to map 23068672 bytes. Error detail: G1 virtual space
# Possible reasons:
#   The system is out of physical RAM or swap space
#   This process is running with CompressedOops enabled, and the Java Heap may be blocking the growth of the native heap
# Possible solutions:
#   Reduce memory load on the system
#   Increase physical memory or swap space
#   Check if swap backing store is full
#   Decrease Java heap size (-Xmx/-Xms)
#   Decrease number of Java threads
#   Decrease Java thread stack sizes (-Xss)
#   Set larger code cache with -XX:ReservedCodeCacheSize=
#   JVM is running with Unscaled Compressed Oops mode in which the Java heap is
#     placed in the first 4GB address space. The Java Heap base address is the
#     maximum limit for the native heap growth. Please use -XX:HeapBaseMinAddress
#     to set the Java Heap base and to place the Java Heap above 4GB virtual address.
# This output file may be truncated or incomplete.
#
#  Out of Memory Error (os_windows.cpp:3815), pid=15436, tid=1076
#
# JRE version: OpenJDK Runtime Environment (21.0.3) (build 21.0.3+-12282718-b509.11)
# Java VM: OpenJDK 64-Bit Server VM (21.0.3+-12282718-b509.11, mixed mode, tiered, compressed oops, compressed class ptrs, g1 gc, windows-amd64)
# No core dump will be written. Minidumps are not enabled by default on client versions of Windows
#

---------------  S U M M A R Y ------------

Command Line: --add-opens=java.base/java.lang=ALL-UNNAMED --add-opens=java.base/java.lang.invoke=ALL-UNNAMED --add-opens=java.base/java.util=ALL-UNNAMED --add-opens=java.prefs/java.util.prefs=ALL-UNNAMED --add-exports=jdk.compiler/com.sun.tools.javac.api=ALL-UNNAMED --add-exports=jdk.compiler/com.sun.tools.javac.util=ALL-UNNAMED --add-opens=java.base/java.util=ALL-UNNAMED --add-opens=java.prefs/java.util.prefs=ALL-UNNAMED --add-opens=java.base/java.nio.charset=ALL-UNNAMED --add-opens=java.base/java.net=ALL-UNNAMED --add-opens=java.base/java.util.concurrent.atomic=ALL-UNNAMED --add-opens=java.xml/javax.xml.namespace=ALL-UNNAMED -Xmx2048m -Dfile.encoding=UTF-8 -Duser.country=IN -Duser.language=en -Duser.variant -javaagent:C:\Users\user\.gradle\wrapper\dists\gradle-8.11.1-bin\bpt9gzteqjrbo1mjrsomdt32c\gradle-8.11.1\lib\agents\gradle-instrumentation-agent-8.11.1.jar org.gradle.launcher.daemon.bootstrap.GradleDaemon 8.11.1

Host: 11th Gen Intel(R) Core(TM) i5-1135G7 @ 2.40GHz, 8 cores, 3G,  Windows 10 , 64 bit Build 19041 (10.0.19041.5915)
Time: Sun Feb 22 17:48:36 2026 India Standard Time elapsed time: 9.033324 seconds (0d 0h 0m 9s)

---------------  T H R E A D  ---------------

Current thread (0x00000229377c60b0):  VMThread "VM Thread"          [id=1076, stack(0x00000067f0900000,0x00000067f0a00000) (1024K)]

Stack: [0x00000067f0900000,0x00000067f0a00000]
Native frames: (J=compiled Java code, j=interpreted, Vv=VM code, C=native code)
V  [jvm.dll+0x6cafb9]
V  [jvm.dll+0x858523]
V  [jvm.dll+0x85aa7e]
V  [jvm.dll+0x85b163]
V  [jvm.dll+0x27d356]
V  [jvm.dll+0x6c7865]
V  [jvm.dll+0x6bbd3a]
V  [jvm.dll+0x35199b]
V  [jvm.dll+0x3595d6]
V  [jvm.dll+0x3aa826]
V  [jvm.dll+0x3aaaf8]
V  [jvm.dll+0x3240bc]
V  [jvm.dll+0x326ac6]
V  [jvm.dll+0x33092e]
V  [jvm.dll+0x3680c5]
V  [jvm.dll+0x860ac8]
V  [jvm.dll+0x861bc4]
V  [jvm.dll+0x862100]
V  [jvm.dll+0x862393]
V  [jvm.dll+0x800d78]
V  [jvm.dll+0x6c98cd]
C  [ucrtbase.dll+0x21bb2]
C  [KERNEL32.DLL+0x17374]
C  [ntdll.dll+0x4cc91]

VM_Operation (0x00000067f04ff470): G1PauseRemark, mode: safepoint, requested by thread 0x000002291e168390


---------------  P R O C E S S  ---------------

Threads class SMR info:
_java_thread_list=0x00000229405fc460, length=58, elements={
0x000002291de86b10, 0x0000022937a55840, 0x0000022937a56a40, 0x0000022937a71020,
0x0000022937a69c60, 0x0000022937a6ce90, 0x0000022937a7be90, 0x0000022937a6fb30,
0x0000022937a3df40, 0x0000022937bd3b70, 0x0000022937df4880, 0x000002293db24220,
0x000002293ca86830, 0x000002293dc776c0, 0x000002293dd1c440, 0x000002293dd1cab0,
0x000002293dd27460, 0x000002293dd9b940, 0x000002293dd99870, 0x000002293dd9a590,
0x000002293dd9c660, 0x000002293dd9ccf0, 0x000002293dd99f00, 0x000002293dd9b2b0,
0x000002293dd9bfd0, 0x000002293e4a3000, 0x000002293e4a22e0, 0x000002293e4a3d20,
0x000002293e4a43b0, 0x000002293e49f4f0, 0x000002293e4a50d0, 0x000002293e4a5df0,
0x000002293e4a5760, 0x000002293e4a4a40, 0x000002293e4a0210, 0x000002293e4a08a0,
0x000002293e49ee60, 0x000002293e4a6480, 0x000002293e4a0f30, 0x000002293e4a3690,
0x000002293e4a2970, 0x000002293e4a1c50, 0x000002293f8da8c0, 0x000002293f8d9510,
0x000002293f8d8160, 0x000002293f8d7440, 0x000002293f8ddd40, 0x000002293f8d8e80,
0x000002293f8d7ad0, 0x000002293f8da230, 0x000002293f8d6db0, 0x000002293f8dc990,
0x000002293f8daf50, 0x000002293f8d9ba0, 0x000002293f8dc300, 0x000002293f8dd020,
0x000002293f8db5e0, 0x000002293f8d87f0
}

Java Threads: ( => current thread )
  0x000002291de86b10 JavaThread "main"                              [_thread_blocked, id=15532, stack(0x00000067f0200000,0x00000067f0300000) (1024K)]
  0x0000022937a55840 JavaThread "Reference Handler"          daemon [_thread_blocked, id=2528, stack(0x00000067f0a00000,0x00000067f0b00000) (1024K)]
  0x0000022937a56a40 JavaThread "Finalizer"                  daemon [_thread_blocked, id=6164, stack(0x00000067f0b00000,0x00000067f0c00000) (1024K)]
  0x0000022937a71020 JavaThread "Signal Dispatcher"          daemon [_thread_blocked, id=6180, stack(0x00000067f0c00000,0x00000067f0d00000) (1024K)]
  0x0000022937a69c60 JavaThread "Attach Listener"            daemon [_thread_blocked, id=13236, stack(0x00000067f0d00000,0x00000067f0e00000) (1024K)]
  0x0000022937a6ce90 JavaThread "Service Thread"             daemon [_thread_blocked, id=6116, stack(0x00000067f0e00000,0x00000067f0f00000) (1024K)]
  0x0000022937a7be90 JavaThread "Monitor Deflation Thread"   daemon [_thread_blocked, id=15184, stack(0x00000067f0f00000,0x00000067f1000000) (1024K)]
  0x0000022937a6fb30 JavaThread "C2 CompilerThread0"         daemon [_thread_blocked, id=2448, stack(0x00000067f1000000,0x00000067f1100000) (1024K)]
  0x0000022937a3df40 JavaThread "C1 CompilerThread0"         daemon [_thread_blocked, id=10340, stack(0x00000067f1100000,0x00000067f1200000) (1024K)]
  0x0000022937bd3b70 JavaThread "Common-Cleaner"             daemon [_thread_blocked, id=15928, stack(0x00000067f1200000,0x00000067f1300000) (1024K)]
  0x0000022937df4880 JavaThread "Notification Thread"        daemon [_thread_blocked, id=15216, stack(0x00000067f1300000,0x00000067f1400000) (1024K)]
  0x000002293db24220 JavaThread "Daemon health stats"               [_thread_blocked, id=15704, stack(0x00000067f1800000,0x00000067f1900000) (1024K)]
  0x000002293ca86830 JavaThread "Incoming local TCP Connector on port 58783"        [_thread_in_native, id=1296, stack(0x00000067f1c00000,0x00000067f1d00000) (1024K)]
  0x000002293dc776c0 JavaThread "Daemon periodic checks"            [_thread_blocked, id=16292, stack(0x00000067f1d00000,0x00000067f1e00000) (1024K)]
  0x000002293dd1c440 JavaThread "Daemon"                            [_thread_blocked, id=14844, stack(0x00000067f1e00000,0x00000067f1f00000) (1024K)]
  0x000002293dd1cab0 JavaThread "Handler for socket connection from /127.0.0.1:58783 to /127.0.0.1:58784"        [_thread_in_native, id=12348, stack(0x00000067f1f00000,0x00000067f2000000) (1024K)]
  0x000002293dd27460 JavaThread "Cancel handler"                    [_thread_blocked, id=8936, stack(0x00000067f2000000,0x00000067f2100000) (1024K)]
  0x000002293dd9b940 JavaThread "Daemon worker"                     [_thread_blocked, id=12096, stack(0x00000067f2100000,0x00000067f2200000) (1024K)]
  0x000002293dd99870 JavaThread "Asynchronous log dispatcher for DefaultDaemonConnection: socket connection from /127.0.0.1:58783 to /127.0.0.1:58784"        [_thread_blocked, id=14368, stack(0x00000067f2200000,0x00000067f2300000) (1024K)]
  0x000002293dd9a590 JavaThread "Stdin handler"                     [_thread_blocked, id=2956, stack(0x00000067f2300000,0x00000067f2400000) (1024K)]
  0x000002293dd9c660 JavaThread "Daemon client event forwarder"        [_thread_blocked, id=408, stack(0x00000067f2400000,0x00000067f2500000) (1024K)]
  0x000002293dd9ccf0 JavaThread "Cache worker for journal cache (C:\Users\user\.gradle\caches\journal-1)"        [_thread_blocked, id=12268, stack(0x00000067f2600000,0x00000067f2700000) (1024K)]
  0x000002293dd99f00 JavaThread "File lock request listener"        [_thread_in_native, id=5272, stack(0x00000067f2700000,0x00000067f2800000) (1024K)]
  0x000002293dd9b2b0 JavaThread "Cache worker for file hash cache (C:\Users\user\.gradle\caches\8.11.1\fileHashes)"        [_thread_blocked, id=7512, stack(0x00000067f2800000,0x00000067f2900000) (1024K)]
  0x000002293dd9bfd0 JavaThread "Cache worker for file content cache (C:\Users\user\.gradle\caches\8.11.1\fileContent)"        [_thread_blocked, id=10812, stack(0x00000067f2900000,0x00000067f2a00000) (1024K)]
  0x000002293e4a3000 JavaThread "Cache worker for file hash cache (C:\Users\user\AndroidStudioProjects\ImageApp\.gradle\8.11.1\fileHashes)"        [_thread_blocked, id=15780, stack(0x00000067f2a00000,0x00000067f2b00000) (1024K)]
  0x000002293e4a22e0 JavaThread "Cache worker for Build Output Cleanup Cache (C:\Users\user\AndroidStudioProjects\ImageApp\.gradle\buildOutputCleanup)"        [_thread_blocked, id=16036, stack(0x00000067f2b00000,0x00000067f2c00000) (1024K)]
  0x000002293e4a3d20 JavaThread "File watcher server"        daemon [_thread_in_native, id=12804, stack(0x00000067f2c00000,0x00000067f2d00000) (1024K)]
  0x000002293e4a43b0 JavaThread "File watcher consumer"      daemon [_thread_blocked, id=8708, stack(0x00000067f2d00000,0x00000067f2e00000) (1024K)]
  0x000002293e49f4f0 JavaThread "jar transforms"                    [_thread_blocked, id=1200, stack(0x00000067f2e00000,0x00000067f2f00000) (1024K)]
  0x000002293e4a50d0 JavaThread "jar transforms Thread 2"           [_thread_blocked, id=10524, stack(0x00000067f2f00000,0x00000067f3000000) (1024K)]
  0x000002293e4a5df0 JavaThread "jar transforms Thread 3"           [_thread_blocked, id=6292, stack(0x00000067f3000000,0x00000067f3100000) (1024K)]
  0x000002293e4a5760 JavaThread "jar transforms Thread 4"           [_thread_blocked, id=16032, stack(0x00000067f3100000,0x00000067f3200000) (1024K)]
  0x000002293e4a4a40 JavaThread "jar transforms Thread 5"           [_thread_blocked, id=15088, stack(0x00000067f3200000,0x00000067f3300000) (1024K)]
  0x000002293e4a0210 JavaThread "jar transforms Thread 6"           [_thread_blocked, id=2524, stack(0x00000067f3300000,0x00000067f3400000) (1024K)]
  0x000002293e4a08a0 JavaThread "jar transforms Thread 7"           [_thread_blocked, id=4148, stack(0x00000067f3400000,0x00000067f3500000) (1024K)]
  0x000002293e49ee60 JavaThread "jar transforms Thread 8"           [_thread_blocked, id=7480, stack(0x00000067f3500000,0x00000067f3600000) (1024K)]
  0x000002293e4a6480 JavaThread "Cache worker for checksums cache (C:\Users\user\AndroidStudioProjects\ImageApp\.gradle\8.11.1\checksums)"        [_thread_blocked, id=4512, stack(0x00000067f3600000,0x00000067f3700000) (1024K)]
  0x000002293e4a0f30 JavaThread "Cache worker for cache directory md-rule (C:\Users\user\.gradle\caches\8.11.1\md-rule)"        [_thread_blocked, id=10816, stack(0x00000067f3700000,0x00000067f3800000) (1024K)]
  0x000002293e4a3690 JavaThread "Cache worker for cache directory md-supplier (C:\Users\user\.gradle\caches\8.11.1\md-supplier)"        [_thread_blocked, id=10980, stack(0x00000067f3800000,0x00000067f3900000) (1024K)]
  0x000002293e4a2970 JavaThread "Unconstrained build operations"        [_thread_blocked, id=12920, stack(0x00000067f3900000,0x00000067f3a00000) (1024K)]
  0x000002293e4a1c50 JavaThread "Unconstrained build operations Thread 2"        [_thread_blocked, id=15596, stack(0x00000067f3a00000,0x00000067f3b00000) (1024K)]
  0x000002293f8da8c0 JavaThread "Unconstrained build operations Thread 3"        [_thread_blocked, id=5428, stack(0x00000067f3b00000,0x00000067f3c00000) (1024K)]
  0x000002293f8d9510 JavaThread "Unconstrained build operations Thread 4"        [_thread_blocked, id=15068, stack(0x00000067f3c00000,0x00000067f3d00000) (1024K)]
  0x000002293f8d8160 JavaThread "Unconstrained build operations Thread 5"        [_thread_blocked, id=12800, stack(0x00000067f3d00000,0x00000067f3e00000) (1024K)]
  0x000002293f8d7440 JavaThread "Unconstrained build operations Thread 6"        [_thread_blocked, id=2932, stack(0x00000067f3e00000,0x00000067f3f00000) (1024K)]
  0x000002293f8ddd40 JavaThread "Unconstrained build operations Thread 7"        [_thread_blocked, id=13972, stack(0x00000067f3f00000,0x00000067f4000000) (1024K)]
  0x000002293f8d8e80 JavaThread "Unconstrained build operations Thread 8"        [_thread_blocked, id=2888, stack(0x00000067f4000000,0x00000067f4100000) (1024K)]
  0x000002293f8d7ad0 JavaThread "Unconstrained build operations Thread 9"        [_thread_blocked, id=3928, stack(0x00000067f4100000,0x00000067f4200000) (1024K)]
  0x000002293f8da230 JavaThread "Unconstrained build operations Thread 10"        [_thread_blocked, id=8844, stack(0x00000067f4200000,0x00000067f4300000) (1024K)]
  0x000002293f8d6db0 JavaThread "Unconstrained build operations Thread 11"        [_thread_blocked, id=10100, stack(0x00000067f4300000,0x00000067f4400000) (1024K)]
  0x000002293f8dc990 JavaThread "Unconstrained build operations Thread 12"        [_thread_blocked, id=7136, stack(0x00000067f4400000,0x00000067f4500000) (1024K)]
  0x000002293f8daf50 JavaThread "Unconstrained build operations Thread 13"        [_thread_blocked, id=7372, stack(0x00000067f4500000,0x00000067f4600000) (1024K)]
  0x000002293f8d9ba0 JavaThread "Unconstrained build operations Thread 14"        [_thread_blocked, id=14448, stack(0x00000067f4600000,0x00000067f4700000) (1024K)]
  0x000002293f8dc300 JavaThread "Unconstrained build operations Thread 15"        [_thread_blocked, id=15876, stack(0x00000067f4700000,0x00000067f4800000) (1024K)]
  0x000002293f8dd020 JavaThread "Unconstrained build operations Thread 16"        [_thread_blocked, id=15344, stack(0x00000067f4800000,0x00000067f4900000) (1024K)]
  0x000002293f8db5e0 JavaThread "Unconstrained build operations Thread 17"        [_thread_blocked, id=10456, stack(0x00000067f4900000,0x00000067f4a00000) (1024K)]
  0x000002293f8d87f0 JavaThread "Unconstrained build operations Thread 18"        [_thread_blocked, id=2552, stack(0x00000067f4a00000,0x00000067f4b00000) (1024K)]
Total: 58

Other Threads:
=>0x00000229377c60b0 VMThread "VM Thread"                           [id=1076, stack(0x00000067f0900000,0x00000067f0a00000) (1024K)]
  0x000002293772fb40 WatcherThread "VM Periodic Task Thread"        [id=8348, stack(0x00000067f0800000,0x00000067f0900000) (1024K)]
  0x000002291e156580 WorkerThread "GC Thread#0"                     [id=16284, stack(0x00000067f0300000,0x00000067f0400000) (1024K)]
  0x000002293c3b07b0 WorkerThread "GC Thread#1"                     [id=5976, stack(0x00000067f1400000,0x00000067f1500000) (1024K)]
  0x000002293c2f4720 WorkerThread "GC Thread#2"                     [id=13296, stack(0x00000067f1500000,0x00000067f1600000) (1024K)]
  0x000002293c8ec8b0 WorkerThread "GC Thread#3"                     [id=7248, stack(0x00000067f1600000,0x00000067f1700000) (1024K)]
  0x000002293cd14790 WorkerThread "GC Thread#4"                     [id=8928, stack(0x00000067f1700000,0x00000067f1800000) (1024K)]
  0x000002293d95b8a0 WorkerThread "GC Thread#5"                     [id=9012, stack(0x00000067f1900000,0x00000067f1a00000) (1024K)]
  0x000002293d95c720 WorkerThread "GC Thread#6"                     [id=1976, stack(0x00000067f1a00000,0x00000067f1b00000) (1024K)]
  0x000002293d95cac0 WorkerThread "GC Thread#7"                     [id=9588, stack(0x00000067f1b00000,0x00000067f1c00000) (1024K)]
  0x000002291e168390 ConcurrentGCThread "G1 Main Marker"            [id=16164, stack(0x00000067f0400000,0x00000067f0500000) (1024K)]
  0x000002291e169b50 WorkerThread "G1 Conc#0"                       [id=13656, stack(0x00000067f0500000,0x00000067f0600000) (1024K)]
  0x000002293d95ce60 WorkerThread "G1 Conc#1"                       [id=10844, stack(0x00000067f2500000,0x00000067f2600000) (1024K)]
  0x00000229376110a0 ConcurrentGCThread "G1 Refine#0"               [id=15020, stack(0x00000067f0600000,0x00000067f0700000) (1024K)]
  0x00000229376118c0 ConcurrentGCThread "G1 Service"                [id=11648, stack(0x00000067f0700000,0x00000067f0800000) (1024K)]
Total: 15

Threads with active compile tasks:
Total: 0

VM state: at safepoint (normal execution)

VM Mutex/Monitor currently owned by a thread:  ([mutex/lock_event])
[0x00007ffa78ca20c8] Threads_lock - owner thread: 0x00000229377c60b0
[0x00007ffa78ca21c8] Heap_lock - owner thread: 0x000002291e168390

Heap address: 0x0000000080000000, size: 2048 MB, Compressed Oops mode: 32-bit

CDS archive(s) not mapped
Compressed class space mapped at: 0x0000000100000000-0x0000000140000000, reserved size: 1073741824
Narrow klass base: 0x0000000000000000, Narrow klass shift: 3, Narrow klass range: 0x140000000

GC Precious Log:
 CardTable entry size: 512
 Card Set container configuration: InlinePtr #cards 5 size 8 Array Of Cards #cards 12 size 40 Howl #buckets 4 coarsen threshold 1843 Howl Bitmap #cards 512 size 80 coarsen threshold 460 Card regions per heap region 1 cards per card region 2048
 CPUs: 8 total, 8 available
 Memory: 3818M
 Large Page Support: Disabled
 NUMA Support: Disabled
 Compressed Oops: Enabled (32-bit)
 Heap Region Size: 1M
 Heap Min Capacity: 8M
 Heap Initial Capacity: 60M
 Heap Max Capacity: 2G
 Pre-touch: Disabled
 Parallel Workers: 8
 Concurrent Workers: 2
 Concurrent Refinement Workers: 8
 Periodic GC: Disabled

Heap:
 garbage-first heap   total 114688K, used 80219K [0x0000000080000000, 0x0000000100000000)
  region size 1024K, 5 young (5120K), 3 survivors (3072K)
 Metaspace       used 61268K, committed 62976K, reserved 1114112K
  class space    used 8333K, committed 9152K, reserved 1048576K

Heap Regions: E=young(eden), S=young(survivor), O=old, HS=humongous(starts), HC=humongous(continues), CS=collection set, F=free, TAMS=top-at-mark-start, PB=parsable bottom
|   0|0x0000000080000000, 0x0000000080100000, 0x0000000080100000|100%| O|  |TAMS 0x0000000080100000| PB 0x0000000080100000| Updating 
|   1|0x0000000080100000, 0x0000000080200000, 0x0000000080200000|100%|HS|  |TAMS 0x0000000080200000| PB 0x0000000080100000| Complete 
|   2|0x0000000080200000, 0x0000000080300000, 0x0000000080300000|100%|HC|  |TAMS 0x0000000080300000| PB 0x0000000080200000| Complete 
|   3|0x0000000080300000, 0x0000000080400000, 0x0000000080400000|100%|HC|  |TAMS 0x0000000080400000| PB 0x0000000080300000| Complete 
|   4|0x0000000080400000, 0x0000000080500000, 0x0000000080500000|100%| O|  |TAMS 0x0000000080500000| PB 0x0000000080500000| Untracked 
|   5|0x0000000080500000, 0x0000000080600000, 0x0000000080600000|100%| O|  |TAMS 0x0000000080600000| PB 0x0000000080600000| Untracked 
|   6|0x0000000080600000, 0x0000000080700000, 0x0000000080700000|100%| O|  |TAMS 0x0000000080700000| PB 0x0000000080700000| Updating 
|   7|0x0000000080700000, 0x0000000080800000, 0x0000000080800000|100%| O|  |TAMS 0x0000000080800000| PB 0x0000000080800000| Untracked 
|   8|0x0000000080800000, 0x0000000080900000, 0x0000000080900000|100%| O|  |TAMS 0x0000000080900000| PB 0x0000000080900000| Untracked 
|   9|0x0000000080900000, 0x0000000080a00000, 0x0000000080a00000|100%| O|  |TAMS 0x0000000080a00000| PB 0x0000000080a00000| Untracked 
|  10|0x0000000080a00000, 0x0000000080b00000, 0x0000000080b00000|100%| O|  |TAMS 0x0000000080b00000| PB 0x0000000080b00000| Updating 
|  11|0x0000000080b00000, 0x0000000080c00000, 0x0000000080c00000|100%|HS|  |TAMS 0x0000000080c00000| PB 0x0000000080b00000| Complete 
|  12|0x0000000080c00000, 0x0000000080d00000, 0x0000000080d00000|100%| O|  |TAMS 0x0000000080d00000| PB 0x0000000080d00000| Untracked 
|  13|0x0000000080d00000, 0x0000000080e00000, 0x0000000080e00000|100%| O|  |TAMS 0x0000000080e00000| PB 0x0000000080e00000| Untracked 
|  14|0x0000000080e00000, 0x0000000080f00000, 0x0000000080f00000|100%| O|  |TAMS 0x0000000080f00000| PB 0x0000000080f00000| Untracked 
|  15|0x0000000080f00000, 0x0000000081000000, 0x0000000081000000|100%| O|  |TAMS 0x0000000081000000| PB 0x0000000081000000| Updating 
|  16|0x0000000081000000, 0x0000000081100000, 0x0000000081100000|100%| O|  |TAMS 0x0000000081100000| PB 0x0000000081100000| Untracked 
|  17|0x0000000081100000, 0x0000000081200000, 0x0000000081200000|100%| O|  |TAMS 0x0000000081200000| PB 0x0000000081200000| Untracked 
|  18|0x0000000081200000, 0x0000000081300000, 0x0000000081300000|100%| O|  |TAMS 0x0000000081300000| PB 0x0000000081300000| Untracked 
|  19|0x0000000081300000, 0x0000000081400000, 0x0000000081400000|100%| O|  |TAMS 0x0000000081400000| PB 0x0000000081400000| Untracked 
|  20|0x0000000081400000, 0x0000000081500000, 0x0000000081500000|100%| O|  |TAMS 0x0000000081500000| PB 0x0000000081500000| Untracked 
|  21|0x0000000081500000, 0x0000000081600000, 0x0000000081600000|100%| O|  |TAMS 0x0000000081600000| PB 0x0000000081600000| Untracked 
|  22|0x0000000081600000, 0x0000000081700000, 0x0000000081700000|100%|HS|  |TAMS 0x0000000081700000| PB 0x0000000081600000| Complete 
|  23|0x0000000081700000, 0x0000000081800000, 0x0000000081800000|100%|HC|  |TAMS 0x0000000081800000| PB 0x0000000081700000| Complete 
|  24|0x0000000081800000, 0x0000000081900000, 0x0000000081900000|100%|HC|  |TAMS 0x0000000081900000| PB 0x0000000081800000| Complete 
|  25|0x0000000081900000, 0x0000000081a00000, 0x0000000081a00000|100%|HC|  |TAMS 0x0000000081a00000| PB 0x0000000081900000| Complete 
|  26|0x0000000081a00000, 0x0000000081b00000, 0x0000000081b00000|100%|HC|  |TAMS 0x0000000081b00000| PB 0x0000000081a00000| Complete 
|  27|0x0000000081b00000, 0x0000000081c00000, 0x0000000081c00000|100%|HC|  |TAMS 0x0000000081c00000| PB 0x0000000081b00000| Complete 
|  28|0x0000000081c00000, 0x0000000081d00000, 0x0000000081d00000|100%|HS|  |TAMS 0x0000000081d00000| PB 0x0000000081c00000| Complete 
|  29|0x0000000081d00000, 0x0000000081e00000, 0x0000000081e00000|100%|HC|  |TAMS 0x0000000081e00000| PB 0x0000000081d00000| Complete 
|  30|0x0000000081e00000, 0x0000000081f00000, 0x0000000081f00000|100%|HS|  |TAMS 0x0000000081f00000| PB 0x0000000081e00000| Complete 
|  31|0x0000000081f00000, 0x0000000082000000, 0x0000000082000000|100%| O|  |TAMS 0x0000000082000000| PB 0x0000000082000000| Untracked 
|  32|0x0000000082000000, 0x0000000082000000, 0x0000000082100000|  0%| F|  |TAMS 0x0000000082000000| PB 0x0000000082000000| Untracked 
|  33|0x0000000082100000, 0x0000000082200000, 0x0000000082200000|100%| O|  |TAMS 0x0000000082200000| PB 0x0000000082200000| Untracked 
|  34|0x0000000082200000, 0x0000000082300000, 0x0000000082300000|100%|HS|  |TAMS 0x0000000082300000| PB 0x0000000082200000| Complete 
|  35|0x0000000082300000, 0x0000000082400000, 0x0000000082400000|100%|HC|  |TAMS 0x0000000082400000| PB 0x0000000082300000| Complete 
|  36|0x0000000082400000, 0x0000000082500000, 0x0000000082500000|100%|HC|  |TAMS 0x0000000082500000| PB 0x0000000082400000| Complete 
|  37|0x0000000082500000, 0x0000000082600000, 0x0000000082600000|100%| O|  |TAMS 0x0000000082600000| PB 0x0000000082600000| Untracked 
|  38|0x0000000082600000, 0x0000000082700000, 0x0000000082700000|100%| O|  |TAMS 0x0000000082700000| PB 0x0000000082700000| Untracked 
|  39|0x0000000082700000, 0x0000000082800000, 0x0000000082800000|100%| O|  |TAMS 0x0000000082800000| PB 0x0000000082800000| Untracked 
|  40|0x0000000082800000, 0x0000000082900000, 0x0000000082900000|100%| O|  |TAMS 0x0000000082900000| PB 0x0000000082900000| Untracked 
|  41|0x0000000082900000, 0x0000000082a00000, 0x0000000082a00000|100%| O|  |TAMS 0x0000000082a00000| PB 0x0000000082a00000| Updating 
|  42|0x0000000082a00000, 0x0000000082b00000, 0x0000000082b00000|100%| O|  |TAMS 0x0000000082b00000| PB 0x0000000082b00000| Untracked 
|  43|0x0000000082b00000, 0x0000000082c00000, 0x0000000082c00000|100%| O|  |TAMS 0x0000000082c00000| PB 0x0000000082c00000| Updating 
|  44|0x0000000082c00000, 0x0000000082d00000, 0x0000000082d00000|100%| O|  |TAMS 0x0000000082d00000| PB 0x0000000082d00000| Untracked 
|  45|0x0000000082d00000, 0x0000000082e00000, 0x0000000082e00000|100%| O|  |TAMS 0x0000000082e00000| PB 0x0000000082e00000| Updating 
|  46|0x0000000082e00000, 0x0000000082f00000, 0x0000000082f00000|100%| O|  |TAMS 0x0000000082f00000| PB 0x0000000082f00000| Updating 
|  47|0x0000000082f00000, 0x0000000083000000, 0x0000000083000000|100%| O|  |TAMS 0x0000000083000000| PB 0x0000000083000000| Updating 
|  48|0x0000000083000000, 0x0000000083100000, 0x0000000083100000|100%| O|  |TAMS 0x0000000083100000| PB 0x0000000083100000| Updating 
|  49|0x0000000083100000, 0x0000000083100000, 0x0000000083200000|  0%| F|  |TAMS 0x0000000083100000| PB 0x0000000083100000| Untracked 
|  50|0x0000000083200000, 0x0000000083300000, 0x0000000083300000|100%| O|  |TAMS 0x0000000083300000| PB 0x0000000083300000| Updating 
|  51|0x0000000083300000, 0x0000000083400000, 0x0000000083400000|100%| O|  |TAMS 0x0000000083400000| PB 0x0000000083400000| Updating 
|  52|0x0000000083400000, 0x0000000083400000, 0x0000000083500000|  0%| F|  |TAMS 0x0000000083400000| PB 0x0000000083400000| Untracked 
|  53|0x0000000083500000, 0x0000000083600000, 0x0000000083600000|100%|HS|  |TAMS 0x0000000083600000| PB 0x0000000083500000| Complete 
|  54|0x0000000083600000, 0x0000000083700000, 0x0000000083700000|100%|HC|  |TAMS 0x0000000083700000| PB 0x0000000083600000| Complete 
|  55|0x0000000083700000, 0x0000000083800000, 0x0000000083800000|100%|HS|  |TAMS 0x0000000083800000| PB 0x0000000083700000| Complete 
|  56|0x0000000083800000, 0x0000000083900000, 0x0000000083900000|100%|HC|  |TAMS 0x0000000083900000| PB 0x0000000083800000| Complete 
|  57|0x0000000083900000, 0x0000000083a00000, 0x0000000083a00000|100%|HC|  |TAMS 0x0000000083a00000| PB 0x0000000083900000| Complete 
|  58|0x0000000083a00000, 0x0000000083b00000, 0x0000000083b00000|100%|HC|  |TAMS 0x0000000083b00000| PB 0x0000000083a00000| Complete 
|  59|0x0000000083b00000, 0x0000000083c00000, 0x0000000083c00000|100%|HC|  |TAMS 0x0000000083c00000| PB 0x0000000083b00000| Complete 
|  60|0x0000000083c00000, 0x0000000083d00000, 0x0000000083d00000|100%|HC|  |TAMS 0x0000000083d00000| PB 0x0000000083c00000| Complete 
|  61|0x0000000083d00000, 0x0000000083d00000, 0x0000000083e00000|  0%| F|  |TAMS 0x0000000083d00000| PB 0x0000000083d00000| Untracked 
|  62|0x0000000083e00000, 0x0000000083e00000, 0x0000000083f00000|  0%| F|  |TAMS 0x0000000083e00000| PB 0x0000000083e00000| Untracked 
|  63|0x0000000083f00000, 0x0000000084000000, 0x0000000084000000|100%| O|  |TAMS 0x0000000084000000| PB 0x0000000084000000| Updating 
|  64|0x0000000084000000, 0x0000000084000000, 0x0000000084100000|  0%| F|  |TAMS 0x0000000084000000| PB 0x0000000084000000| Untracked 
|  65|0x0000000084100000, 0x0000000084200000, 0x0000000084200000|100%| O|  |TAMS 0x0000000084200000| PB 0x0000000084200000| Updating 
|  66|0x0000000084200000, 0x0000000084300000, 0x0000000084300000|100%| O|  |TAMS 0x0000000084300000| PB 0x0000000084300000| Updating 
|  67|0x0000000084300000, 0x0000000084400000, 0x0000000084400000|100%| O|  |TAMS 0x0000000084400000| PB 0x0000000084400000| Untracked 
|  68|0x0000000084400000, 0x0000000084500000, 0x0000000084500000|100%| O|  |TAMS 0x0000000084500000| PB 0x0000000084500000| Untracked 
|  69|0x0000000084500000, 0x0000000084600000, 0x0000000084600000|100%| O|  |TAMS 0x0000000084600000| PB 0x0000000084600000| Untracked 
|  70|0x0000000084600000, 0x00000000846f2940, 0x0000000084700000| 94%| O|  |TAMS 0x00000000846f2940| PB 0x00000000846f2940| Updating 
|  71|0x0000000084700000, 0x0000000084700000, 0x0000000084800000|  0%| F|  |TAMS 0x0000000084700000| PB 0x0000000084700000| Untracked 
|  72|0x0000000084800000, 0x0000000084864410, 0x0000000084900000| 39%| S|CS|TAMS 0x0000000084800000| PB 0x0000000084800000| Complete 
|  73|0x0000000084900000, 0x0000000084900000, 0x0000000084a00000|  0%| F|  |TAMS 0x0000000084900000| PB 0x0000000084900000| Untracked 
|  74|0x0000000084a00000, 0x0000000084b00000, 0x0000000084b00000|100%| S|CS|TAMS 0x0000000084a00000| PB 0x0000000084a00000| Complete 
|  75|0x0000000084b00000, 0x0000000084c00000, 0x0000000084c00000|100%| S|CS|TAMS 0x0000000084b00000| PB 0x0000000084b00000| Complete 
|  76|0x0000000084c00000, 0x0000000084c00000, 0x0000000084d00000|  0%| F|  |TAMS 0x0000000084c00000| PB 0x0000000084c00000| Untracked 
|  77|0x0000000084d00000, 0x0000000084d00000, 0x0000000084e00000|  0%| F|  |TAMS 0x0000000084d00000| PB 0x0000000084d00000| Untracked 
|  78|0x0000000084e00000, 0x0000000084e00000, 0x0000000084f00000|  0%| F|  |TAMS 0x0000000084e00000| PB 0x0000000084e00000| Untracked 
|  79|0x0000000084f00000, 0x0000000084f00000, 0x0000000085000000|  0%| F|  |TAMS 0x0000000084f00000| PB 0x0000000084f00000| Untracked 
|  80|0x0000000085000000, 0x0000000085000000, 0x0000000085100000|  0%| F|  |TAMS 0x0000000085000000| PB 0x0000000085000000| Untracked 
|  81|0x0000000085100000, 0x0000000085100000, 0x0000000085200000|  0%| F|  |TAMS 0x0000000085100000| PB 0x0000000085100000| Untracked 
|  82|0x0000000085200000, 0x0000000085200000, 0x0000000085300000|  0%| F|  |TAMS 0x0000000085200000| PB 0x0000000085200000| Untracked 
|  83|0x0000000085300000, 0x0000000085300000, 0x0000000085400000|  0%| F|  |TAMS 0x0000000085300000| PB 0x0000000085300000| Untracked 
|  84|0x0000000085400000, 0x0000000085400000, 0x0000000085500000|  0%| F|  |TAMS 0x0000000085400000| PB 0x0000000085400000| Untracked 
|  85|0x0000000085500000, 0x0000000085500000, 0x0000000085600000|  0%| F|  |TAMS 0x0000000085500000| PB 0x0000000085500000| Untracked 
|  86|0x0000000085600000, 0x0000000085600000, 0x0000000085700000|  0%| F|  |TAMS 0x0000000085600000| PB 0x0000000085600000| Untracked 
|  87|0x0000000085700000, 0x0000000085700000, 0x0000000085800000|  0%| F|  |TAMS 0x0000000085700000| PB 0x0000000085700000| Untracked 
|  88|0x0000000085800000, 0x0000000085800000, 0x0000000085900000|  0%| F|  |TAMS 0x0000000085800000| PB 0x0000000085800000| Untracked 
|  89|0x0000000085900000, 0x0000000085900000, 0x0000000085a00000|  0%| F|  |TAMS 0x0000000085900000| PB 0x0000000085900000| Untracked 
|  90|0x0000000085a00000, 0x0000000085a00000, 0x0000000085b00000|  0%| F|  |TAMS 0x0000000085a00000| PB 0x0000000085a00000| Untracked 
|  91|0x0000000085b00000, 0x0000000085b00000, 0x0000000085c00000|  0%| F|  |TAMS 0x0000000085b00000| PB 0x0000000085b00000| Untracked 
|  92|0x0000000085c00000, 0x0000000085c00000, 0x0000000085d00000|  0%| F|  |TAMS 0x0000000085c00000| PB 0x0000000085c00000| Untracked 
|  93|0x0000000085d00000, 0x0000000085d00000, 0x0000000085e00000|  0%| F|  |TAMS 0x0000000085d00000| PB 0x0000000085d00000| Untracked 
|  94|0x0000000085e00000, 0x0000000085e00000, 0x0000000085f00000|  0%| F|  |TAMS 0x0000000085e00000| PB 0x0000000085e00000| Untracked 
|  95|0x0000000085f00000, 0x0000000085f00000, 0x0000000086000000|  0%| F|  |TAMS 0x0000000085f00000| PB 0x0000000085f00000| Untracked 
|  96|0x0000000086000000, 0x0000000086000000, 0x0000000086100000|  0%| F|  |TAMS 0x0000000086000000| PB 0x0000000086000000| Untracked 
|  97|0x0000000086100000, 0x0000000086100000, 0x0000000086200000|  0%| F|  |TAMS 0x0000000086100000| PB 0x0000000086100000| Untracked 
|  98|0x0000000086200000, 0x0000000086200000, 0x0000000086300000|  0%| F|  |TAMS 0x0000000086200000| PB 0x0000000086200000| Untracked 
|  99|0x0000000086300000, 0x0000000086400000, 0x0000000086400000|100%|HS|  |TAMS 0x0000000086400000| PB 0x0000000086300000| Complete 
| 100|0x0000000086400000, 0x0000000086500000, 0x0000000086500000|100%|HC|  |TAMS 0x0000000086500000| PB 0x0000000086400000| Complete 
| 101|0x0000000086500000, 0x0000000086600000, 0x0000000086600000|100%|HC|  |TAMS 0x0000000086600000| PB 0x0000000086500000| Complete 
| 102|0x0000000086600000, 0x0000000086700000, 0x0000000086700000|100%|HC|  |TAMS 0x0000000086700000| PB 0x0000000086600000| Complete 
| 103|0x0000000086700000, 0x0000000086800000, 0x0000000086800000|100%|HC|  |TAMS 0x0000000086800000| PB 0x0000000086700000| Complete 
| 104|0x0000000086800000, 0x0000000086900000, 0x0000000086900000|100%|HC|  |TAMS 0x0000000086900000| PB 0x0000000086800000| Complete 
| 105|0x0000000086900000, 0x0000000086900000, 0x0000000086a00000|  0%| F|  |TAMS 0x0000000086900000| PB 0x0000000086900000| Untracked 
| 106|0x0000000086a00000, 0x0000000086b00000, 0x0000000086b00000|100%| E|  |TAMS 0x0000000086a00000| PB 0x0000000086a00000| Complete 
| 107|0x0000000086b00000, 0x0000000086c00000, 0x0000000086c00000|100%| E|CS|TAMS 0x0000000086b00000| PB 0x0000000086b00000| Complete 
|2044|0x00000000ffc00000, 0x00000000ffd00000, 0x00000000ffd00000|100%| O|  |TAMS 0x00000000ffd00000| PB 0x00000000ffd00000| Updating 
|2045|0x00000000ffd00000, 0x00000000ffe00000, 0x00000000ffe00000|100%| O|  |TAMS 0x00000000ffe00000| PB 0x00000000ffe00000| Updating 
|2046|0x00000000ffe00000, 0x00000000fff00000, 0x00000000fff00000|100%| O|  |TAMS 0x00000000fff00000| PB 0x00000000fff00000| Untracked 
|2047|0x00000000fff00000, 0x0000000100000000, 0x0000000100000000|100%| O|  |TAMS 0x0000000100000000| PB 0x0000000100000000| Untracked 

Card table byte_map: [0x00000229328d0000,0x0000022932cd0000] _byte_map_base: 0x00000229324d0000

Marking Bits: (CMBitMap*) 0x000002291e156930
 Bits: [0x0000022932cd0000, 0x0000022934cd0000)

Polling page: 0x000002291e1d0000

Metaspace:

Usage:
  Non-class:     51.69 MB used.
      Class:      8.14 MB used.
       Both:     59.83 MB used.

Virtual space:
  Non-class space:       64.00 MB reserved,      52.56 MB ( 82%) committed,  1 nodes.
      Class space:        1.00 GB reserved,       8.94 MB ( <1%) committed,  1 nodes.
             Both:        1.06 GB reserved,      61.50 MB (  6%) committed. 

Chunk freelists:
   Non-Class:  10.67 MB
       Class:  6.97 MB
        Both:  17.64 MB

MaxMetaspaceSize: unlimited
CompressedClassSpaceSize: 1.00 GB
Initial GC threshold: 21.00 MB
Current GC threshold: 92.94 MB
CDS: off
 - commit_granule_bytes: 65536.
 - commit_granule_words: 8192.
 - virtual_space_node_default_size: 8388608.
 - enlarge_chunks_in_place: 1.
 - use_allocation_guard: 0.


Internal statistics:

num_allocs_failed_limit: 3.
num_arena_births: 2960.
num_arena_deaths: 0.
num_vsnodes_births: 2.
num_vsnodes_deaths: 0.
num_space_committed: 984.
num_space_uncommitted: 0.
num_chunks_returned_to_freelist: 3.
num_chunks_taken_from_freelist: 5445.
num_chunk_merges: 3.
num_chunk_splits: 3514.
num_chunks_enlarged: 2159.
num_inconsistent_stats: 0.

CodeHeap 'non-profiled nmethods': size=120000Kb used=2561Kb max_used=2648Kb free=117439Kb
 bounds [0x000002292a530000, 0x000002292a7d0000, 0x0000022931a60000]
CodeHeap 'profiled nmethods': size=120000Kb used=9785Kb max_used=10330Kb free=110214Kb
 bounds [0x0000022922a60000, 0x0000022923480000, 0x0000022929f90000]
CodeHeap 'non-nmethods': size=5760Kb used=2946Kb max_used=2983Kb free=2813Kb
 bounds [0x0000022929f90000, 0x000002292a280000, 0x000002292a530000]
 total_blobs=6000 nmethods=5138 adapters=766
 compilation: enabled
              stopped_count=0, restarted_count=0
 full_count=0

Compilation events (20 events):
Event: 8.950 Thread 0x0000022937a6fb30 5964   !   4       java.util.jar.JarFile::isMultiRelease (33 bytes)
Event: 8.950 Thread 0x0000022937a6fb30 nmethod 5964 0x000002292a7bec10 code [0x000002292a7beda0, 0x000002292a7bee90]
Event: 8.950 Thread 0x0000022937a6fb30 5925       4       java.lang.invoke.DirectMethodHandle::internalMemberName (8 bytes)
Event: 8.951 Thread 0x0000022937a6fb30 nmethod 5925 0x000002292a7bef10 code [0x000002292a7bf0a0, 0x000002292a7bf158]
Event: 8.951 Thread 0x0000022937a6fb30 5933       4       sun.reflect.generics.reflectiveObjects.TypeVariableImpl::getGenericDeclaration (71 bytes)
Event: 8.951 Thread 0x0000022937a6fb30 nmethod 5933 0x000002292a7bf210 code [0x000002292a7bf3c0, 0x000002292a7bf4c8]
Event: 8.951 Thread 0x0000022937a6fb30 5919       4       org.gradle.internal.instantiation.generator.AbstractClassGenerator$DisabledAnnotationValidator::validateMethod (68 bytes)
Event: 8.957 Thread 0x0000022937a6fb30 nmethod 5919 0x000002292a7bf610 code [0x000002292a7bf820, 0x000002292a7c0138]
Event: 8.957 Thread 0x0000022937a6fb30 5916   !   4       java.util.zip.ZipCoder$UTF8ZipCoder::compare (81 bytes)
Event: 8.960 Thread 0x0000022937a6fb30 nmethod 5916 0x000002292a7c0790 code [0x000002292a7c0960, 0x000002292a7c10b0]
Event: 8.960 Thread 0x0000022937a6fb30 5917       4       java.lang.String::getBytesNoRepl1 (89 bytes)
Event: 8.961 Thread 0x0000022937a6fb30 nmethod 5917 0x000002292a7c1690 code [0x000002292a7c1820, 0x000002292a7c1a20]
Event: 8.961 Thread 0x0000022937a6fb30 5918       4       java.util.Arrays::mismatch (69 bytes)
Event: 8.964 Thread 0x0000022937a6fb30 nmethod 5918 0x000002292a7c1b90 code [0x000002292a7c1d40, 0x000002292a7c2270]
Event: 8.964 Thread 0x0000022937a6fb30 5951       4       com.google.common.collect.RegularImmutableList::get (7 bytes)
Event: 8.964 Thread 0x0000022937a6fb30 nmethod 5951 0x000002292a7c2690 code [0x000002292a7c2820, 0x000002292a7c28f0]
Event: 8.965 Thread 0x0000022937a6fb30 5967   !   4       java.util.concurrent.ConcurrentHashMap::putVal (432 bytes)
Event: 8.979 Thread 0x0000022937a6fb30 nmethod 5967 0x000002292a7c2990 code [0x000002292a7c2c20, 0x000002292a7c3e28]
Event: 8.979 Thread 0x0000022937a6fb30 5968       4       java.util.jar.JarFile::getEntry (35 bytes)
Event: 8.989 Thread 0x0000022937a6fb30 nmethod 5968 0x000002292a7c4990 code [0x000002292a7c4c20, 0x000002292a7c57b8]

GC Heap History (20 events):
Event: 5.233 GC heap before
{Heap before GC invocations=9 (full 0):
 garbage-first heap   total 73728K, used 43393K [0x0000000080000000, 0x0000000100000000)
  region size 1024K, 14 young (14336K), 4 survivors (4096K)
 Metaspace       used 35034K, committed 35904K, reserved 1114112K
  class space    used 4761K, committed 5184K, reserved 1048576K
}
Event: 5.239 GC heap after
{Heap after GC invocations=10 (full 0):
 garbage-first heap   total 73728K, used 38166K [0x0000000080000000, 0x0000000100000000)
  region size 1024K, 5 young (5120K), 5 survivors (5120K)
 Metaspace       used 35034K, committed 35904K, reserved 1114112K
  class space    used 4761K, committed 5184K, reserved 1048576K
}
Event: 5.700 GC heap before
{Heap before GC invocations=11 (full 0):
 garbage-first heap   total 73728K, used 65814K [0x0000000080000000, 0x0000000100000000)
  region size 1024K, 29 young (29696K), 5 survivors (5120K)
 Metaspace       used 38006K, committed 38912K, reserved 1114112K
  class space    used 5210K, committed 5632K, reserved 1048576K
}
Event: 5.706 GC heap after
{Heap after GC invocations=12 (full 0):
 garbage-first heap   total 74752K, used 44037K [0x0000000080000000, 0x0000000100000000)
  region size 1024K, 4 young (4096K), 4 survivors (4096K)
 Metaspace       used 38006K, committed 38912K, reserved 1114112K
  class space    used 5210K, committed 5632K, reserved 1048576K
}
Event: 6.043 GC heap before
{Heap before GC invocations=12 (full 0):
 garbage-first heap   total 74752K, used 64517K [0x0000000080000000, 0x0000000100000000)
  region size 1024K, 24 young (24576K), 4 survivors (4096K)
 Metaspace       used 40415K, committed 41472K, reserved 1114112K
  class space    used 5625K, committed 6144K, reserved 1048576K
}
Event: 6.046 GC heap after
{Heap after GC invocations=13 (full 0):
 garbage-first heap   total 74752K, used 45291K [0x0000000080000000, 0x0000000100000000)
  region size 1024K, 2 young (2048K), 2 survivors (2048K)
 Metaspace       used 40415K, committed 41472K, reserved 1114112K
  class space    used 5625K, committed 6144K, reserved 1048576K
}
Event: 6.383 GC heap before
{Heap before GC invocations=13 (full 0):
 garbage-first heap   total 74752K, used 65771K [0x0000000080000000, 0x0000000100000000)
  region size 1024K, 22 young (22528K), 2 survivors (2048K)
 Metaspace       used 43453K, committed 44672K, reserved 1114112K
  class space    used 6130K, committed 6720K, reserved 1048576K
}
Event: 6.387 GC heap after
{Heap after GC invocations=14 (full 0):
 garbage-first heap   total 74752K, used 46729K [0x0000000080000000, 0x0000000100000000)
  region size 1024K, 3 young (3072K), 3 survivors (3072K)
 Metaspace       used 43453K, committed 44672K, reserved 1114112K
  class space    used 6130K, committed 6720K, reserved 1048576K
}
Event: 6.709 GC heap before
{Heap before GC invocations=15 (full 0):
 garbage-first heap   total 83968K, used 65161K [0x0000000080000000, 0x0000000100000000)
  region size 1024K, 21 young (21504K), 3 survivors (3072K)
 Metaspace       used 47888K, committed 49152K, reserved 1114112K
  class space    used 6607K, committed 7232K, reserved 1048576K
}
Event: 6.713 GC heap after
{Heap after GC invocations=16 (full 0):
 garbage-first heap   total 101376K, used 48934K [0x0000000080000000, 0x0000000100000000)
  region size 1024K, 3 young (3072K), 3 survivors (3072K)
 Metaspace       used 47888K, committed 49152K, reserved 1114112K
  class space    used 6607K, committed 7232K, reserved 1048576K
}
Event: 7.087 GC heap before
{Heap before GC invocations=16 (full 0):
 garbage-first heap   total 101376K, used 90918K [0x0000000080000000, 0x0000000100000000)
  region size 1024K, 40 young (40960K), 3 survivors (3072K)
 Metaspace       used 50953K, committed 52352K, reserved 1114112K
  class space    used 6855K, committed 7552K, reserved 1048576K
}
Event: 7.094 GC heap after
{Heap after GC invocations=17 (full 0):
 garbage-first heap   total 101376K, used 52208K [0x0000000080000000, 0x0000000100000000)
  region size 1024K, 5 young (5120K), 5 survivors (5120K)
 Metaspace       used 50953K, committed 52352K, reserved 1114112K
  class space    used 6855K, committed 7552K, reserved 1048576K
}
Event: 7.582 GC heap before
{Heap before GC invocations=17 (full 0):
 garbage-first heap   total 101376K, used 88048K [0x0000000080000000, 0x0000000100000000)
  region size 1024K, 40 young (40960K), 5 survivors (5120K)
 Metaspace       used 55375K, committed 56832K, reserved 1114112K
  class space    used 7581K, committed 8320K, reserved 1048576K
}
Event: 7.588 GC heap after
{Heap after GC invocations=18 (full 0):
 garbage-first heap   total 101376K, used 54679K [0x0000000080000000, 0x0000000100000000)
  region size 1024K, 3 young (3072K), 3 survivors (3072K)
 Metaspace       used 55375K, committed 56832K, reserved 1114112K
  class space    used 7581K, committed 8320K, reserved 1048576K
}
Event: 8.421 GC heap before
{Heap before GC invocations=19 (full 0):
 garbage-first heap   total 107520K, used 102807K [0x0000000080000000, 0x0000000100000000)
  region size 1024K, 37 young (37888K), 3 survivors (3072K)
 Metaspace       used 57036K, committed 58688K, reserved 1114112K
  class space    used 7841K, committed 8640K, reserved 1048576K
}
Event: 8.429 GC heap after
{Heap after GC invocations=20 (full 0):
 garbage-first heap   total 114688K, used 76674K [0x0000000080000000, 0x0000000100000000)
  region size 1024K, 5 young (5120K), 5 survivors (5120K)
 Metaspace       used 57036K, committed 58688K, reserved 1114112K
  class space    used 7841K, committed 8640K, reserved 1048576K
}
Event: 8.700 GC heap before
{Heap before GC invocations=20 (full 0):
 garbage-first heap   total 114688K, used 103298K [0x0000000080000000, 0x0000000100000000)
  region size 1024K, 30 young (30720K), 5 survivors (5120K)
 Metaspace       used 59081K, committed 60672K, reserved 1114112K
  class space    used 8003K, committed 8768K, reserved 1048576K
}
Event: 8.706 GC heap after
{Heap after GC invocations=21 (full 0):
 garbage-first heap   total 114688K, used 77770K [0x0000000080000000, 0x0000000100000000)
  region size 1024K, 1 young (1024K), 1 survivors (1024K)
 Metaspace       used 59081K, committed 60672K, reserved 1114112K
  class space    used 8003K, committed 8768K, reserved 1048576K
}
Event: 8.985 GC heap before
{Heap before GC invocations=21 (full 0):
 garbage-first heap   total 114688K, used 104394K [0x0000000080000000, 0x0000000100000000)
  region size 1024K, 27 young (27648K), 1 survivors (1024K)
 Metaspace       used 61077K, committed 62784K, reserved 1114112K
  class space    used 8305K, committed 9152K, reserved 1048576K
}
Event: 8.988 GC heap after
{Heap after GC invocations=22 (full 0):
 garbage-first heap   total 114688K, used 79195K [0x0000000080000000, 0x0000000100000000)
  region size 1024K, 3 young (3072K), 3 survivors (3072K)
 Metaspace       used 61077K, committed 62784K, reserved 1114112K
  class space    used 8305K, committed 9152K, reserved 1048576K
}

Dll operation events (3 events):
Event: 0.054 Loaded shared library C:\Program Files\Android\Android Studio\jbr\bin\java.dll
Event: 0.071 Loaded shared library C:\Program Files\Android\Android Studio\jbr\bin\zip.dll
Event: 1.132 Loaded shared library C:\Program Files\Android\Android Studio\jbr\bin\verify.dll

Deoptimization events (20 events):
Event: 8.732 Thread 0x000002293dd9b940 Uncommon trap: trap_request=0xffffffbe fr.pc=0x000002292a7a4b04 relative=0x00000000000002a4
Event: 8.732 Thread 0x000002293dd9b940 Uncommon trap: reason=profile_predicate action=maybe_recompile pc=0x000002292a7a4b04 method=sun.instrument.TransformerManager.transform(Ljava/lang/Module;Ljava/lang/ClassLoader;Ljava/lang/String;Ljava/lang/Class;Ljava/security/ProtectionDomain;[B)[B @ 21 
Event: 8.732 Thread 0x000002293dd9b940 DEOPT PACKING pc=0x000002292a7a4b04 sp=0x00000067f21f6400
Event: 8.732 Thread 0x000002293dd9b940 DEOPT UNPACKING pc=0x0000022929fe7da2 sp=0x00000067f21f6380 mode 2
Event: 8.756 Thread 0x000002293dd9b2b0 DEOPT PACKING pc=0x00000229232e8fc6 sp=0x00000067f28fe270
Event: 8.756 Thread 0x000002293dd9b2b0 DEOPT UNPACKING pc=0x0000022929fe88e2 sp=0x00000067f28fd7e0 mode 0
Event: 8.773 Thread 0x000002293dd9b940 Uncommon trap: trap_request=0xffffffcc fr.pc=0x000002292a7a61d0 relative=0x0000000000000290
Event: 8.773 Thread 0x000002293dd9b940 Uncommon trap: reason=intrinsic_or_type_checked_inlining action=make_not_entrant pc=0x000002292a7a61d0 method=java.util.Arrays.copyOfRange([Ljava/lang/Object;IILjava/lang/Class;)[Ljava/lang/Object; @ 84 c2
Event: 8.773 Thread 0x000002293dd9b940 DEOPT PACKING pc=0x000002292a7a61d0 sp=0x00000067f21f7c10
Event: 8.773 Thread 0x000002293dd9b940 DEOPT UNPACKING pc=0x0000022929fe7da2 sp=0x00000067f21f7bb0 mode 2
Event: 8.863 Thread 0x000002293dd9b940 DEOPT PACKING pc=0x000002292300ba36 sp=0x00000067f21f81b0
Event: 8.863 Thread 0x000002293dd9b940 DEOPT UNPACKING pc=0x0000022929fe88e2 sp=0x00000067f21f7620 mode 0
Event: 8.940 Thread 0x000002293dd9b940 Uncommon trap: trap_request=0xffffff54 fr.pc=0x000002292a5ea33c relative=0x00000000000016dc
Event: 8.940 Thread 0x000002293dd9b940 Uncommon trap: reason=speculate_null_assert action=make_not_entrant pc=0x000002292a5ea33c method=java.util.jar.JarFile.getVersionedEntry(Ljava/lang/String;Ljava/util/jar/JarEntry;)Ljava/util/jar/JarEntry; @ 115 c2
Event: 8.940 Thread 0x000002293dd9b940 DEOPT PACKING pc=0x000002292a5ea33c sp=0x00000067f21f74d0
Event: 8.940 Thread 0x000002293dd9b940 DEOPT UNPACKING pc=0x0000022929fe7da2 sp=0x00000067f21f74c8 mode 2
Event: 8.940 Thread 0x000002293dd9b940 Uncommon trap: trap_request=0xffffff45 fr.pc=0x000002292a58a120 relative=0x0000000000000fc0
Event: 8.940 Thread 0x000002293dd9b940 Uncommon trap: reason=unstable_if action=reinterpret pc=0x000002292a58a120 method=java.util.jar.JarFile.getEntry(Ljava/lang/String;)Ljava/util/zip/ZipEntry; @ 15 c2
Event: 8.940 Thread 0x000002293dd9b940 DEOPT PACKING pc=0x000002292a58a120 sp=0x00000067f21f7590
Event: 8.940 Thread 0x000002293dd9b940 DEOPT UNPACKING pc=0x0000022929fe7da2 sp=0x00000067f21f7588 mode 2

Classes loaded (20 events):
Event: 8.246 Loading class java/lang/ClassCustomizer
Event: 8.246 Loading class java/lang/ClassCustomizer done
Event: 8.247 Loading class sun/reflect/generics/tree/BooleanSignature
Event: 8.247 Loading class sun/reflect/generics/tree/BooleanSignature done
Event: 8.247 Loading class sun/reflect/generics/reflectiveObjects/GenericArrayTypeImpl
Event: 8.248 Loading class sun/reflect/generics/reflectiveObjects/GenericArrayTypeImpl done
Event: 8.250 Loading class jdk/internal/vm/annotation/ForceInline
Event: 8.250 Loading class jdk/internal/vm/annotation/ForceInline done
Event: 8.598 Loading class java/util/BitSet$1BitSetSpliterator
Event: 8.598 Loading class java/util/BitSet$1BitSetSpliterator done
Event: 8.615 Loading class java/util/Collections$SynchronizedRandomAccessList
Event: 8.615 Loading class java/util/Collections$SynchronizedList
Event: 8.616 Loading class java/util/Collections$SynchronizedList done
Event: 8.616 Loading class java/util/Collections$SynchronizedRandomAccessList done
Event: 8.804 Loading class java/util/concurrent/atomic/AtomicReferenceFieldUpdater
Event: 8.808 Loading class java/util/concurrent/atomic/AtomicReferenceFieldUpdater done
Event: 8.808 Loading class java/util/concurrent/atomic/AtomicReferenceFieldUpdater$AtomicReferenceFieldUpdaterImpl
Event: 8.808 Loading class java/util/concurrent/atomic/AtomicReferenceFieldUpdater$AtomicReferenceFieldUpdaterImpl done
Event: 8.808 Loading class java/util/concurrent/atomic/AtomicReferenceFieldUpdater$AtomicReferenceFieldUpdaterImpl$1
Event: 8.808 Loading class java/util/concurrent/atomic/AtomicReferenceFieldUpdater$AtomicReferenceFieldUpdaterImpl$1 done

Classes unloaded (0 events):
No events

Classes redefined (0 events):
No events

Internal exceptions (20 events):
Event: 8.253 Thread 0x000002293dd9b940 Implicit null exception at 0x000002292a76d45b to 0x000002292a76f1ec
Event: 8.257 Thread 0x000002293dd9b940 Exception <a 'java/lang/ClassNotFoundException'{0x0000000084444c58}: org/gradle/tooling/provider/model/internal/DefaultToolingModelBuilderRegistryBeanInfo> (0x0000000084444c58) 
thrown [s\src\hotspot\share\classfile\systemDictionary.cpp, line 312]
Event: 8.257 Thread 0x000002293dd9b940 Exception <a 'java/lang/ClassNotFoundException'{0x0000000084459908}: org/gradle/tooling/provider/model/internal/DefaultToolingModelBuilderRegistryCustomizer> (0x0000000084459908) 
thrown [s\src\hotspot\share\classfile\systemDictionary.cpp, line 312]
Event: 8.264 Thread 0x000002293dd9b940 Exception <a 'java/lang/ClassNotFoundException'{0x00000000844c3918}: org/gradle/internal/service/ScopedServiceRegistryBeanInfo> (0x00000000844c3918) 
thrown [s\src\hotspot\share\classfile\systemDictionary.cpp, line 312]
Event: 8.264 Thread 0x000002293dd9b940 Exception <a 'java/lang/ClassNotFoundException'{0x00000000844d7c68}: org/gradle/internal/service/DefaultServiceRegistryBeanInfo> (0x00000000844d7c68) 
thrown [s\src\hotspot\share\classfile\systemDictionary.cpp, line 312]
Event: 8.265 Thread 0x000002293dd9b940 Exception <a 'java/lang/ClassNotFoundException'{0x00000000844ebfd0}: org/gradle/internal/service/DefaultServiceRegistryCustomizer> (0x00000000844ebfd0) 
thrown [s\src\hotspot\share\classfile\systemDictionary.cpp, line 312]
Event: 8.266 Thread 0x000002293dd9b940 Exception <a 'java/lang/ClassNotFoundException'{0x000000008430ee38}: org/gradle/internal/service/ScopedServiceRegistryCustomizer> (0x000000008430ee38) 
thrown [s\src\hotspot\share\classfile\systemDictionary.cpp, line 312]
Event: 8.269 Thread 0x000002293dd9b940 Exception <a 'java/lang/ClassNotFoundException'{0x0000000084358480}: org/gradle/internal/extensibility/DefaultConventionBeanInfo> (0x0000000084358480) 
thrown [s\src\hotspot\share\classfile\systemDictionary.cpp, line 312]
Event: 8.270 Thread 0x000002293dd9b940 Exception <a 'java/lang/ClassNotFoundException'{0x000000008436c808}: org/gradle/internal/extensibility/DefaultConventionCustomizer> (0x000000008436c808) 
thrown [s\src\hotspot\share\classfile\systemDictionary.cpp, line 312]
Event: 8.289 Thread 0x000002293dd9b940 Exception <a 'java/lang/ClassNotFoundException'{0x00000000842046b0}: com/intellij/gradle/toolingExtension/impl/modelBuilder/ExtraModelBuilderBeanInfo> (0x00000000842046b0) 
thrown [s\src\hotspot\share\classfile\systemDictionary.cpp, line 312]
Event: 8.289 Thread 0x000002293dd9b940 Exception <a 'java/lang/ClassNotFoundException'{0x00000000842100e8}: com/intellij/gradle/toolingExtension/impl/modelBuilder/ExtraModelBuilderCustomizer> (0x00000000842100e8) 
thrown [s\src\hotspot\share\classfile\systemDictionary.cpp, line 312]
Event: 8.601 Thread 0x000002293dd9b940 Exception <a 'java/lang/IncompatibleClassChangeError'{0x000000008594a6f8}: Found class java.lang.Object, but interface was expected> (0x000000008594a6f8) 
thrown [s\src\hotspot\share\interpreter\linkResolver.cpp, line 851]
Event: 8.604 Thread 0x000002293dd9b940 Exception <a 'sun/nio/fs/WindowsException'{0x0000000085973ca8}> (0x0000000085973ca8) 
thrown [s\src\hotspot\share\prims\jni.cpp, line 535]
Event: 8.604 Thread 0x000002293dd9b940 Exception <a 'sun/nio/fs/WindowsException'{0x0000000085975450}> (0x0000000085975450) 
thrown [s\src\hotspot\share\prims\jni.cpp, line 535]
Event: 8.604 Thread 0x000002293dd9b940 Exception <a 'sun/nio/fs/WindowsException'{0x0000000085976bc0}> (0x0000000085976bc0) 
thrown [s\src\hotspot\share\prims\jni.cpp, line 535]
Event: 8.605 Thread 0x000002293dd9b940 Exception <a 'sun/nio/fs/WindowsException'{0x0000000085978350}> (0x0000000085978350) 
thrown [s\src\hotspot\share\prims\jni.cpp, line 535]
Event: 8.606 Thread 0x000002293dd9b940 Exception <a 'java/lang/NoSuchMethodError'{0x00000000859894b0}: 'java.lang.Object java.lang.invoke.Invokers$Holder.invoker(java.lang.Object, java.lang.Object, java.lang.Object, java.lang.Object, java.lang.Object, java.lang.Object)'> (0x00000000859894b0) 
thrown [s\src\hotspot\share\interpreter\linkResolver.cpp, line 784]
Event: 8.625 Thread 0x000002293dd9b940 Exception <a 'java/lang/NoSuchMethodError'{0x0000000085887238}: 'java.lang.Object java.lang.invoke.Invokers$Holder.invoker(java.lang.Object, java.lang.Object, java.lang.Object, java.lang.Object, java.lang.Object, java.lang.Object, java.lang.Object, java.lang.Object, java.lang.Object, java.lang.Object, java.lang.Object, java.lang.Object, java.lang.Object, java.lang.Object, java.lang.Object, java.lang.Object, java.lang.Object, java.lang.Object, java.lang.Object, java.lang.Object, java.lang.Object, java.lang.
Event: 8.625 Thread 0x000002293dd9b940 Exception <a 'java/lang/NoSuchMethodError'{0x000000008588ddf0}: 'java.lang.Object java.lang.invoke.DelegatingMethodHandle$Holder.delegate(java.lang.Object, java.lang.Object, java.lang.Object, java.lang.Object, java.lang.Object, java.lang.Object, java.lang.Object, java.lang.Object, java.lang.Object, java.lang.Object, java.lang.Object, java.lang.Object, java.lang.Object, java.lang.Object, java.lang.Object, java.lang.Object, java.lang.Object, java.lang.Object, java.lang.Object, java.lang.Object, java.lang.Obj
Event: 8.871 Thread 0x000002293dd9b940 Exception <a 'java/lang/IncompatibleClassChangeError'{0x00000000853b1f90}: Found class java.lang.Object, but interface was expected> (0x00000000853b1f90) 
thrown [s\src\hotspot\share\interpreter\linkResolver.cpp, line 851]

ZGC Phase Switch (0 events):
No events

VM Operations (20 events):
Event: 7.439 Executing VM operation: ICBufferFull done
Event: 7.582 Executing VM operation: G1CollectForAllocation (G1 Evacuation Pause)
Event: 7.588 Executing VM operation: G1CollectForAllocation (G1 Evacuation Pause) done
Event: 7.613 Executing VM operation: G1PauseRemark
Event: 7.616 Executing VM operation: G1PauseRemark done
Event: 7.631 Executing VM operation: G1PauseCleanup
Event: 7.631 Executing VM operation: G1PauseCleanup done
Event: 7.641 Executing VM operation: HandshakeAllThreads (Deoptimize)
Event: 7.642 Executing VM operation: HandshakeAllThreads (Deoptimize) done
Event: 8.052 Executing VM operation: ICBufferFull
Event: 8.052 Executing VM operation: ICBufferFull done
Event: 8.261 Executing VM operation: HandshakeAllThreads (Deoptimize)
Event: 8.261 Executing VM operation: HandshakeAllThreads (Deoptimize) done
Event: 8.421 Executing VM operation: G1CollectForAllocation (G1 Evacuation Pause)
Event: 8.429 Executing VM operation: G1CollectForAllocation (G1 Evacuation Pause) done
Event: 8.700 Executing VM operation: G1CollectForAllocation (G1 Evacuation Pause)
Event: 8.706 Executing VM operation: G1CollectForAllocation (G1 Evacuation Pause) done
Event: 8.985 Executing VM operation: G1CollectForAllocation (G1 Evacuation Pause)
Event: 8.988 Executing VM operation: G1CollectForAllocation (G1 Evacuation Pause) done
Event: 9.015 Executing VM operation: G1PauseRemark

Events (20 events):
Event: 9.018 Thread 0x00000229377c60b0 flushing nmethod 0x0000022922a6e710
Event: 9.018 Thread 0x00000229377c60b0 flushing nmethod 0x000002292a757e10
Event: 9.018 Thread 0x00000229377c60b0 flushing nmethod 0x000002292a69b890
Event: 9.018 Thread 0x00000229377c60b0 flushing nmethod 0x000002292a707c10
Event: 9.018 Thread 0x00000229377c60b0 flushing nmethod 0x000002292a684990
Event: 9.018 Thread 0x00000229377c60b0 flushing nmethod 0x000002292a631c90
Event: 9.018 Thread 0x00000229377c60b0 flushing nmethod 0x000002292a695910
Event: 9.018 Thread 0x00000229377c60b0 flushing nmethod 0x000002292a694110
Event: 9.018 Thread 0x00000229377c60b0 flushing nmethod 0x000002292a5f6710
Event: 9.018 Thread 0x00000229377c60b0 flushing nmethod 0x000002292a5f4310
Event: 9.018 Thread 0x00000229377c60b0 flushing nmethod 0x000002292a64f590
Event: 9.018 Thread 0x00000229377c60b0 flushing nmethod 0x000002292a594d90
Event: 9.018 Thread 0x00000229377c60b0 flushing nmethod 0x000002292a626a90
Event: 9.018 Thread 0x00000229377c60b0 flushing nmethod 0x000002292a5f2610
Event: 9.018 Thread 0x00000229377c60b0 flushing nmethod 0x000002292a5eb690
Event: 9.018 Thread 0x00000229377c60b0 flushing nmethod 0x000002292a5bd210
Event: 9.018 Thread 0x00000229377c60b0 flushing nmethod 0x000002292a55bf10
Event: 9.018 Thread 0x00000229377c60b0 flushing nmethod 0x000002292a56d290
Event: 9.018 Thread 0x00000229377c60b0 flushing nmethod 0x000002292a54d210
Event: 9.018 Thread 0x00000229377c60b0 flushing nmethod 0x000002292a530010


Dynamic libraries:
0x00007ff7595e0000 - 0x00007ff7595ea000 	C:\Program Files\Android\Android Studio\jbr\bin\java.exe
0x00007ffb02270000 - 0x00007ffb02468000 	C:\Windows\SYSTEM32\ntdll.dll
0x00007ffb00a60000 - 0x00007ffb00b22000 	C:\Windows\System32\KERNEL32.DLL
0x00007ffaffde0000 - 0x00007ffb000d6000 	C:\Windows\System32\KERNELBASE.dll
0x00007ffaffb80000 - 0x00007ffaffc80000 	C:\Windows\System32\ucrtbase.dll
0x00007ffaeab20000 - 0x00007ffaeab38000 	C:\Program Files\Android\Android Studio\jbr\bin\jli.dll
0x00007ffa80980000 - 0x00007ffa8099b000 	C:\Program Files\Android\Android Studio\jbr\bin\VCRUNTIME140.dll
0x00007ffb01cb0000 - 0x00007ffb01e51000 	C:\Windows\System32\USER32.dll
0x00007ffb00190000 - 0x00007ffb001b2000 	C:\Windows\System32\win32u.dll
0x00007ffb01f80000 - 0x00007ffb01fab000 	C:\Windows\System32\GDI32.dll
0x00007ffaffa60000 - 0x00007ffaffb79000 	C:\Windows\System32\gdi32full.dll
0x00007ffb001c0000 - 0x00007ffb0025d000 	C:\Windows\System32\msvcp_win.dll
0x00007ffae8680000 - 0x00007ffae891b000 	C:\Windows\WinSxS\amd64_microsoft.windows.common-controls_6595b64144ccf1df_6.0.19041.6456_none_60b8a6cb71f64256\COMCTL32.dll
0x00007ffb002a0000 - 0x00007ffb0033e000 	C:\Windows\System32\msvcrt.dll
0x00007ffb01fb0000 - 0x00007ffb01fdf000 	C:\Windows\System32\IMM32.DLL
0x00007ffac5660000 - 0x00007ffac566c000 	C:\Program Files\Android\Android Studio\jbr\bin\vcruntime140_1.dll
0x00007ffab1780000 - 0x00007ffab180d000 	C:\Program Files\Android\Android Studio\jbr\bin\msvcp140.dll
0x00007ffa78100000 - 0x00007ffa78d7d000 	C:\Program Files\Android\Android Studio\jbr\bin\server\jvm.dll
0x00007ffb01ab0000 - 0x00007ffb01b61000 	C:\Windows\System32\ADVAPI32.dll
0x00007ffb02190000 - 0x00007ffb0222f000 	C:\Windows\System32\sechost.dll
0x00007ffb01fe0000 - 0x00007ffb02100000 	C:\Windows\System32\RPCRT4.dll
0x00007ffb00260000 - 0x00007ffb00287000 	C:\Windows\System32\bcrypt.dll
0x00007ffb009f0000 - 0x00007ffb00a5b000 	C:\Windows\System32\WS2_32.dll
0x00007ffaf4a40000 - 0x00007ffaf4a4a000 	C:\Windows\SYSTEM32\VERSION.dll
0x00007ffafee40000 - 0x00007ffafee8b000 	C:\Windows\SYSTEM32\POWRPROF.dll
0x00007ffaef9a0000 - 0x00007ffaef9c7000 	C:\Windows\SYSTEM32\WINMM.dll
0x00007ffafed00000 - 0x00007ffafed12000 	C:\Windows\SYSTEM32\UMPDC.dll
0x00007ffafe110000 - 0x00007ffafe122000 	C:\Windows\SYSTEM32\kernel.appcore.dll
0x00007ffa83440000 - 0x00007ffa8344a000 	C:\Program Files\Android\Android Studio\jbr\bin\jimage.dll
0x00007ffafd470000 - 0x00007ffafd671000 	C:\Windows\SYSTEM32\DBGHELP.DLL
0x00007ffae21e0000 - 0x00007ffae2214000 	C:\Windows\SYSTEM32\dbgcore.DLL
0x00007ffaffd50000 - 0x00007ffaffdd2000 	C:\Windows\System32\bcryptPrimitives.dll
0x00007ffaf4fb0000 - 0x00007ffaf4fbe000 	C:\Program Files\Android\Android Studio\jbr\bin\instrument.dll
0x00007ffa7deb0000 - 0x00007ffa7decf000 	C:\Program Files\Android\Android Studio\jbr\bin\java.dll
0x00007ffa7de90000 - 0x00007ffa7dea8000 	C:\Program Files\Android\Android Studio\jbr\bin\zip.dll
0x00007ffb01340000 - 0x00007ffb01ab0000 	C:\Windows\System32\SHELL32.dll
0x00007ffafd950000 - 0x00007ffafe0f5000 	C:\Windows\SYSTEM32\windows.storage.dll
0x00007ffb00b30000 - 0x00007ffb00e84000 	C:\Windows\System32\combase.dll
0x00007ffaff330000 - 0x00007ffaff35b000 	C:\Windows\SYSTEM32\Wldp.dll
0x00007ffb003f0000 - 0x00007ffb004bd000 	C:\Windows\System32\OLEAUT32.dll
0x00007ffb00340000 - 0x00007ffb003ed000 	C:\Windows\System32\SHCORE.dll
0x00007ffb00930000 - 0x00007ffb0098b000 	C:\Windows\System32\shlwapi.dll
0x00007ffaff830000 - 0x00007ffaff854000 	C:\Windows\SYSTEM32\profapi.dll
0x00007ffaf8b10000 - 0x00007ffaf8b20000 	C:\Program Files\Android\Android Studio\jbr\bin\net.dll
0x00007ffafc490000 - 0x00007ffafc59a000 	C:\Windows\SYSTEM32\WINHTTP.dll
0x00007ffaff090000 - 0x00007ffaff0fa000 	C:\Windows\system32\mswsock.dll
0x00007ffaf8af0000 - 0x00007ffaf8b06000 	C:\Program Files\Android\Android Studio\jbr\bin\nio.dll
0x00007ffa81c90000 - 0x00007ffa81ca0000 	C:\Program Files\Android\Android Studio\jbr\bin\verify.dll
0x00007ffae8d80000 - 0x00007ffae8da7000 	C:\Users\user\.gradle\native\c067742578af261105cb4f569cf0c3c89f3d7b1fecec35dd04571415982c5e48\windows-amd64\native-platform.dll
0x00007ffa764b0000 - 0x00007ffa765f4000 	C:\Users\user\.gradle\native\100fb08df4bc3b14c8652ba06237920a3bd2aa13389f12d3474272988ae205f9\windows-amd64\native-platform-file-events.dll
0x00007ffaf8ad0000 - 0x00007ffaf8ad9000 	C:\Program Files\Android\Android Studio\jbr\bin\management.dll
0x00007ffaf8ac0000 - 0x00007ffaf8acb000 	C:\Program Files\Android\Android Studio\jbr\bin\management_ext.dll
0x00007ffb00290000 - 0x00007ffb00298000 	C:\Windows\System32\PSAPI.DLL
0x00007ffaff280000 - 0x00007ffaff298000 	C:\Windows\SYSTEM32\CRYPTSP.dll
0x00007ffafe940000 - 0x00007ffafe978000 	C:\Windows\system32\rsaenh.dll
0x00007ffaff7f0000 - 0x00007ffaff81e000 	C:\Windows\SYSTEM32\USERENV.dll
0x00007ffaff2a0000 - 0x00007ffaff2ac000 	C:\Windows\SYSTEM32\CRYPTBASE.dll
0x00007ffafed20000 - 0x00007ffafed5b000 	C:\Windows\SYSTEM32\IPHLPAPI.DLL
0x00007ffb02100000 - 0x00007ffb02108000 	C:\Windows\System32\NSI.dll
0x00007ffaf8ae0000 - 0x00007ffaf8ae9000 	C:\Program Files\Android\Android Studio\jbr\bin\extnet.dll
0x00007ffae7180000 - 0x00007ffae7187000 	C:\Windows\system32\wshunix.dll

dbghelp: loaded successfully - version: 4.0.5 - missing functions: none
symbol engine: initialized successfully - sym options: 0x614 - pdb path: .;C:\Program Files\Android\Android Studio\jbr\bin;C:\Windows\SYSTEM32;C:\Windows\WinSxS\amd64_microsoft.windows.common-controls_6595b64144ccf1df_6.0.19041.6456_none_60b8a6cb71f64256;C:\Program Files\Android\Android Studio\jbr\bin\server;C:\Users\user\.gradle\native\c067742578af261105cb4f569cf0c3c89f3d7b1fecec35dd04571415982c5e48\windows-amd64;C:\Users\user\.gradle\native\100fb08df4bc3b14c8652ba06237920a3bd2aa13389f12d3474272988ae205f9\windows-amd64

VM Arguments:
jvm_args: --add-opens=java.base/java.lang=ALL-UNNAMED --add-opens=java.base/java.lang.invoke=ALL-UNNAMED --add-opens=java.base/java.util=ALL-UNNAMED --add-opens=java.prefs/java.util.prefs=ALL-UNNAMED --add-exports=jdk.compiler/com.sun.tools.javac.api=ALL-UNNAMED --add-exports=jdk.compiler/com.sun.tools.javac.util=ALL-UNNAMED --add-opens=java.base/java.util=ALL-UNNAMED --add-opens=java.prefs/java.util.prefs=ALL-UNNAMED --add-opens=java.base/java.nio.charset=ALL-UNNAMED --add-opens=java.base/java.net=ALL-UNNAMED --add-opens=java.base/java.util.concurrent.atomic=ALL-UNNAMED --add-opens=java.xml/javax.xml.namespace=ALL-UNNAMED -Xmx2048m -Dfile.encoding=UTF-8 -Duser.country=IN -Duser.language=en -Duser.variant -javaagent:C:\Users\user\.gradle\wrapper\dists\gradle-8.11.1-bin\bpt9gzteqjrbo1mjrsomdt32c\gradle-8.11.1\lib\agents\gradle-instrumentation-agent-8.11.1.jar 
java_command: org.gradle.launcher.daemon.bootstrap.GradleDaemon 8.11.1
java_class_path (initial): C:\Users\user\.gradle\wrapper\dists\gradle-8.11.1-bin\bpt9gzteqjrbo1mjrsomdt32c\gradle-8.11.1\lib\gradle-daemon-main-8.11.1.jar
Launcher Type: SUN_STANDARD

[Global flags]
     intx CICompilerCount                          = 4                                         {product} {ergonomic}
     uint ConcGCThreads                            = 2                                         {product} {ergonomic}
     uint G1ConcRefinementThreads                  = 8                                         {product} {ergonomic}
   size_t G1HeapRegionSize                         = 1048576                                   {product} {ergonomic}
    uintx GCDrainStackTargetSize                   = 64                                        {product} {ergonomic}
   size_t InitialHeapSize                          = 62914560                                  {product} {ergonomic}
   size_t MarkStackSize                            = 4194304                                   {product} {ergonomic}
   size_t MaxHeapSize                              = 2147483648                                {product} {command line}
   size_t MaxNewSize                               = 1287651328                                {product} {ergonomic}
   size_t MinHeapDeltaBytes                        = 1048576                                   {product} {ergonomic}
   size_t MinHeapSize                              = 8388608                                   {product} {ergonomic}
    uintx NonNMethodCodeHeapSize                   = 5839372                                {pd product} {ergonomic}
    uintx NonProfiledCodeHeapSize                  = 122909434                              {pd product} {ergonomic}
    uintx ProfiledCodeHeapSize                     = 122909434                              {pd product} {ergonomic}
    uintx ReservedCodeCacheSize                    = 251658240                              {pd product} {ergonomic}
     bool SegmentedCodeCache                       = true                                      {product} {ergonomic}
   size_t SoftMaxHeapSize                          = 2147483648                             {manageable} {ergonomic}
     bool UseCompressedOops                        = true                           {product lp64_product} {ergonomic}
     bool UseG1GC                                  = true                                      {product} {ergonomic}
     bool UseLargePagesIndividualAllocation        = false                                  {pd product} {ergonomic}

Logging:
Log output configuration:
 #0: stdout all=warning uptime,level,tags foldmultilines=false
 #1: stderr all=off uptime,level,tags foldmultilines=false

Environment Variables:
PATH=C:\Program Files\Common Files\Oracle\Java\javapath;C:\Windows\system32;C:\Windows;C:\Windows\System32\Wbem;C:\Windows\System32\WindowsPowerShell\v1.0\;C:\Windows\System32\OpenSSH\;C:\Program Files\Java\jdk-21\bin;C:\Program Files\MySQL\MySQL Server 8.0\bin;C:\Program Files\Git\cmd;C:\Program Files (x86)\GitExtensions\;C:\Program Files\dotnet\;C:\Program Files\nodejs\;C:\ProgramData\chocolatey\bin;C:\Program Files\apache-maven-3.9.9;C:\Program Files\MAVEN\apache-maven-3.9.9\bin;C:\Program Files\MySQL\MySQL Shell 8.0\bin\;C:\Users\user\AppData\Local\Microsoft\WindowsApps;C:\Users\user\AppData\Local\Programs\Microsoft VS Code\bin;C:\Users\user\AppData\Roaming\npm;C:\Platform-tools\platform-tools;
USERNAME=user
OS=Windows_NT
PROCESSOR_IDENTIFIER=Intel64 Family 6 Model 140 Stepping 1, GenuineIntel
TMP=C:\Users\user\AppData\Local\Temp
TEMP=C:\Users\user\AppData\Local\Temp




Periodic native trim disabled

JNI global refs:
JNI global refs: 26, weak refs: 0

JNI global refs memory usage: 835, weak refs: 201

Process memory usage:
Resident Set Size: 264432K (6% of 3910440K total physical memory with 181476K free physical memory)

OOME stack traces (most recent first):
Classloader memory used:
Loader org.gradle.internal.classloader.VisitableURLClassLoader                         : 29672K
Loader bootstrap                                                                       : 22495K
Loader org.gradle.initialization.MixInLegacyTypesClassLoader                           : 6750K
Loader org.gradle.internal.classloader.VisitableURLClassLoader                         : 734K
Loader org.gradle.internal.classloader.VisitableURLClassLoader$InstrumentingVisitableURLClassLoader: 568K
Loader jdk.internal.loader.ClassLoaders$PlatformClassLoader                            : 513K
Loader jdk.internal.loader.ClassLoaders$AppClassLoader                                 : 234K
Loader jdk.internal.reflect.DelegatingClassLoader                                      : 161K
Loader org.gradle.groovy.scripts.internal.DefaultScriptCompilationHandler$ScriptClassLoader: 91352B
Loader org.codehaus.groovy.runtime.callsite.CallSiteClassLoader                        : 49688B

Classes loaded by more than one classloader:
Class org.gradle.api.GradleException                                                  : loaded 3 times (x 79B)
Class org.gradle.internal.classloader.ClassLoaderHierarchy                            : loaded 2 times (x 67B)
Class org.gradle.api.internal.classpath.ManifestUtil                                  : loaded 2 times (x 68B)
Class org.gradle.internal.operations.MultipleBuildOperationFailures                   : loaded 2 times (x 92B)
Class org.gradle.internal.classloader.DefaultClassLoaderFactory                       : loaded 2 times (x 79B)
Class kotlin.collections.AbstractList$Companion                                       : loaded 2 times (x 68B)
Class org.gradle.internal.classloader.ClassLoaderVisitor                              : loaded 2 times (x 73B)
Class org.gradle.api.internal.classpath.EffectiveClassPath                            : loaded 2 times (x 87B)
Class org.gradle.api.internal.DefaultClassPathProvider                                : loaded 2 times (x 73B)
Class [Lorg.gradle.api.internal.ClassPathProvider;                                    : loaded 2 times (x 66B)
Class org.gradle.api.internal.ClassPathProvider                                       : loaded 2 times (x 67B)
Class org.gradle.internal.service.UnknownServiceException                             : loaded 2 times (x 80B)
Class org.gradle.internal.classpath.TransformedClassPath                              : loaded 2 times (x 93B)
Class org.gradle.internal.classloader.InstrumentingClassLoader                        : loaded 2 times (x 67B)
Class kotlin.enums.EnumEntriesList                                                    : loaded 2 times (x 220B)
Class org.gradle.internal.service.ServiceLocator                                      : loaded 2 times (x 67B)
Class org.gradle.internal.InternalTransformer                                         : loaded 2 times (x 67B)
Class org.gradle.internal.time.DefaultTimer                                           : loaded 2 times (x 77B)
Class org.gradle.internal.classloader.ClasspathUtil$1                                 : loaded 2 times (x 73B)
Class org.gradle.api.internal.classpath.DefaultModuleRegistry$DefaultModule           : loaded 2 times (x 83B)
Class org.gradle.internal.time.DefaultCountdownTimer                                  : loaded 2 times (x 85B)
Class kotlin.Function                                                                 : loaded 2 times (x 67B)
Class org.gradle.api.internal.classpath.Module                                        : loaded 2 times (x 67B)
Class org.gradle.api.internal.classpath.UnknownModuleException                        : loaded 2 times (x 79B)
Class org.gradle.api.internal.DefaultClassPathRegistry                                : loaded 2 times (x 73B)
Class org.gradle.api.internal.ClassPathRegistry                                       : loaded 2 times (x 67B)
Class org.gradle.internal.classpath.DefaultClassPath$ImmutableUniqueList              : loaded 2 times (x 196B)
Class org.gradle.internal.classpath.ClassPath                                         : loaded 2 times (x 67B)
Class org.gradle.api.UncheckedIOException                                             : loaded 2 times (x 79B)
Class kotlin.UninitializedPropertyAccessException                                     : loaded 2 times (x 79B)
Class org.gradle.internal.installation.GradleInstallation$1                           : loaded 2 times (x 72B)
Class org.gradle.api.internal.classpath.ModuleRegistry                                : loaded 2 times (x 67B)
Class org.gradle.api.internal.classpath.DefaultModuleRegistry                         : loaded 2 times (x 83B)
Class org.gradle.internal.time.MonotonicClock                                         : loaded 2 times (x 74B)
Class org.gradle.internal.service.ServiceLookupException                              : loaded 2 times (x 79B)
Class org.gradle.internal.classloader.ClassLoaderFactory                              : loaded 2 times (x 67B)
Class org.gradle.internal.service.CachingServiceLocator                               : loaded 2 times (x 79B)
Class org.gradle.internal.time.TimeSource                                             : loaded 2 times (x 67B)
Class kotlin.enums.EnumEntries                                                        : loaded 2 times (x 67B)
Class org.gradle.internal.exceptions.ResolutionProvider                               : loaded 2 times (x 67B)
Class org.gradle.internal.classloader.ClasspathUtil                                   : loaded 2 times (x 68B)
Class org.gradle.internal.time.TimeSource$1                                           : loaded 2 times (x 74B)
Class kotlin.jvm.internal.DefaultConstructorMarker                                    : loaded 2 times (x 68B)
Class org.gradle.api.specs.Spec                                                       : loaded 2 times (x 67B)
Class org.gradle.internal.time.Clock                                                  : loaded 2 times (x 67B)
Class kotlin.collections.AbstractList                                                 : loaded 2 times (x 194B)
Class kotlin.collections.AbstractCollection                                           : loaded 2 times (x 114B)
Class org.gradle.internal.classloader.VisitableURLClassLoader$InstrumentingVisitableURLClassLoader: loaded 2 times (x 120B)
Class org.gradle.internal.classloader.VisitableURLClassLoader$Spec                    : loaded 2 times (x 71B)
Class org.gradle.internal.classpath.DefaultClassPath                                  : loaded 2 times (x 87B)
Class org.gradle.internal.classloader.ClassLoaderSpec                                 : loaded 2 times (x 68B)
Class org.gradle.internal.classloader.VisitableURLClassLoader                         : loaded 2 times (x 114B)
Class org.gradle.internal.Cast                                                        : loaded 2 times (x 68B)
Class org.gradle.api.Action                                                           : loaded 2 times (x 67B)
Class kotlin.jvm.functions.Function1                                                  : loaded 2 times (x 67B)
Class org.gradle.internal.classpath.DefaultClassPath$ImmutableUniqueList$Builder      : loaded 2 times (x 72B)
Class sync_studio_tooling8507_3povd5uzby39wpev0rkg634gd                               : loaded 2 times (x 176B)
Class org.gradle.internal.classloader.FilteringClassLoader                            : loaded 2 times (x 102B)
Class org.gradle.internal.exceptions.NonGradleCauseExceptionsHolder                   : loaded 2 times (x 67B)
Class kotlin.enums.EnumEntriesKt                                                      : loaded 2 times (x 68B)
Class org.gradle.internal.IoActions                                                   : loaded 2 times (x 68B)
Class org.gradle.internal.classloader.SystemClassLoaderSpec                           : loaded 2 times (x 68B)
Class org.gradle.internal.exceptions.MultiCauseException                              : loaded 2 times (x 67B)
Class org.gradle.internal.time.CountdownTimer                                         : loaded 2 times (x 67B)
Class kotlin.jvm.internal.Intrinsics                                                  : loaded 2 times (x 68B)
Class org.gradle.tooling.model.ProjectModel                                           : loaded 2 times (x 67B)
Class ijInit1_bf6mh7a1x9afcdw40dx5hzd0g                                               : loaded 2 times (x 176B)
Class kotlin.KotlinNullPointerException                                               : loaded 2 times (x 80B)
Class org.gradle.internal.exceptions.DefaultMultiCauseException                       : loaded 2 times (x 92B)
Class org.gradle.internal.time.Time                                                   : loaded 2 times (x 68B)
Class org.gradle.api.internal.classpath.GlobalCacheRootsProvider                      : loaded 2 times (x 67B)
Class org.gradle.internal.time.Timer                                                  : loaded 2 times (x 67B)
Class kotlin.jvm.internal.markers.KMappedMarker                                       : loaded 2 times (x 67B)
Class org.gradle.internal.installation.CurrentGradleInstallationLocator               : loaded 2 times (x 68B)
Class org.gradle.internal.service.DefaultServiceLocator                               : loaded 2 times (x 80B)
Class org.gradle.util.GradleVersion                                                   : loaded 2 times (x 80B)
Class org.gradle.internal.installation.CurrentGradleInstallation                      : loaded 2 times (x 70B)
Class org.gradle.util.internal.GUtil                                                  : loaded 2 times (x 68B)
Class org.gradle.internal.installation.GradleInstallation                             : loaded 2 times (x 72B)

---------------  S Y S T E M  ---------------

OS:
 Windows 10 , 64 bit Build 19041 (10.0.19041.5915)
OS uptime: 0 days 6:33 hours

CPU: total 8 (initial active 8) (4 cores per cpu, 2 threads per core) family 6 model 140 stepping 1 microcode 0xbc, cx8, cmov, fxsr, ht, mmx, 3dnowpref, sse, sse2, sse3, ssse3, sse4.1, sse4.2, popcnt, lzcnt, tsc, tscinvbit, avx, avx2, aes, erms, clmul, bmi1, bmi2, adx, avx512f, avx512dq, avx512cd, avx512bw, avx512vl, sha, fma, vzeroupper, avx512_vpopcntdq, avx512_vpclmulqdq, avx512_vaes, avx512_vnni, clflush, clflushopt, clwb, avx512_vbmi2, avx512_vbmi, rdtscp, rdpid, fsrm, gfni, avx512_bitalg, f16c, pku, cet_ibt, cet_ss, avx512_ifma
Processor Information for all 8 processors :
  Max Mhz: 2419, Current Mhz: 2419, Mhz Limit: 2419

Memory: 4k page, system-wide physical 3818M (177M free)
TotalPageFile size 15594M (AvailPageFile size 15M)
current process WorkingSet (physical memory assigned to process): 258M, peak: 258M
current process commit charge ("private bytes"): 329M, peak: 352M

vm_info: OpenJDK 64-Bit Server VM (21.0.3+-12282718-b509.11) for windows-amd64 JRE (21.0.3+-12282718-b509.11), built on 2024-08-27T17:34:15Z by "builder" with MS VC++ 16.10 / 16.11 (VS2019)

END.
