#
# There is insufficient memory for the Java Runtime Environment to continue.
# Native memory allocation (mmap) failed to map 57671680 bytes. Error detail: G1 virtual space
# Possible reasons:
#   The system is out of physical RAM or swap space
#   This process is running with CompressedOops enabled, and the Java Heap may be blocking the growth of the native heap
# Possible solutions:
#   Reduce memory load on the system
#   Increase physical memory or swap space
#   Check if swap backing store is full
#   Decrease Java heap size (-Xmx/-Xms)
#   Decrease number of Java threads
#   Decrease Java thread stack sizes (-Xss)
#   Set larger code cache with -XX:ReservedCodeCacheSize=
#   JVM is running with Unscaled Compressed Oops mode in which the Java heap is
#     placed in the first 4GB address space. The Java Heap base address is the
#     maximum limit for the native heap growth. Please use -XX:HeapBaseMinAddress
#     to set the Java Heap base and to place the Java Heap above 4GB virtual address.
# This output file may be truncated or incomplete.
#
#  Out of Memory Error (os_windows.cpp:3815), pid=15352, tid=2860
#
# JRE version: OpenJDK Runtime Environment (21.0.3) (build 21.0.3+-12282718-b509.11)
# Java VM: OpenJDK 64-Bit Server VM (21.0.3+-12282718-b509.11, mixed mode, tiered, compressed oops, compressed class ptrs, g1 gc, windows-amd64)
# No core dump will be written. Minidumps are not enabled by default on client versions of Windows
#

---------------  S U M M A R Y ------------

Command Line: --add-opens=java.base/java.lang=ALL-UNNAMED --add-opens=java.base/java.lang.invoke=ALL-UNNAMED --add-opens=java.base/java.util=ALL-UNNAMED --add-opens=java.prefs/java.util.prefs=ALL-UNNAMED --add-exports=jdk.compiler/com.sun.tools.javac.api=ALL-UNNAMED --add-exports=jdk.compiler/com.sun.tools.javac.util=ALL-UNNAMED --add-opens=java.base/java.util=ALL-UNNAMED --add-opens=java.prefs/java.util.prefs=ALL-UNNAMED --add-opens=java.base/java.nio.charset=ALL-UNNAMED --add-opens=java.base/java.net=ALL-UNNAMED --add-opens=java.base/java.util.concurrent.atomic=ALL-UNNAMED --add-opens=java.xml/javax.xml.namespace=ALL-UNNAMED -Xmx2048m -Dfile.encoding=UTF-8 -Duser.country=IN -Duser.language=en -Duser.variant -javaagent:C:\Users\user\.gradle\wrapper\dists\gradle-8.11.1-bin\bpt9gzteqjrbo1mjrsomdt32c\gradle-8.11.1\lib\agents\gradle-instrumentation-agent-8.11.1.jar org.gradle.launcher.daemon.bootstrap.GradleDaemon 8.11.1

Host: 11th Gen Intel(R) Core(TM) i5-1135G7 @ 2.40GHz, 8 cores, 3G,  Windows 10 , 64 bit Build 19041 (10.0.19041.5915)
Time: Sun Feb 22 17:43:50 2026 India Standard Time elapsed time: 12.804354 seconds (0d 0h 0m 12s)

---------------  T H R E A D  ---------------

Current thread (0x0000024aebacd180):  VMThread "VM Thread"          [id=2860, stack(0x0000005a64700000,0x0000005a64800000) (1024K)]

Stack: [0x0000005a64700000,0x0000005a64800000]
Native frames: (J=compiled Java code, j=interpreted, Vv=VM code, C=native code)
V  [jvm.dll+0x6cafb9]
V  [jvm.dll+0x858523]
V  [jvm.dll+0x85aa7e]
V  [jvm.dll+0x85b163]
V  [jvm.dll+0x27d356]
V  [jvm.dll+0x6c7865]
V  [jvm.dll+0x6bbd3a]
V  [jvm.dll+0x35199b]
V  [jvm.dll+0x3595d6]
V  [jvm.dll+0x3aa826]
V  [jvm.dll+0x3aaaf8]
V  [jvm.dll+0x3240bc]
V  [jvm.dll+0x324147]
V  [jvm.dll+0x36a00c]
V  [jvm.dll+0x36879e]
V  [jvm.dll+0x3237c1]
V  [jvm.dll+0x367eb0]
V  [jvm.dll+0x860ac8]
V  [jvm.dll+0x861bc4]
V  [jvm.dll+0x862100]
V  [jvm.dll+0x862393]
V  [jvm.dll+0x800d78]
V  [jvm.dll+0x6c98cd]
C  [ucrtbase.dll+0x21bb2]
C  [KERNEL32.DLL+0x17374]
C  [ntdll.dll+0x4cc91]

VM_Operation (0x0000005a65ff98f0): G1CollectForAllocation, mode: safepoint, requested by thread 0x0000024af219da10


---------------  P R O C E S S  ---------------

Threads class SMR info:
_java_thread_list=0x0000024af4048740, length=58, elements={
0x0000024ad2253340, 0x0000024af0032a90, 0x0000024af0036060, 0x0000024af001e7f0,
0x0000024af0013820, 0x0000024af0014a20, 0x0000024af0015c20, 0x0000024af001a650,
0x0000024af001b890, 0x0000024af01527a0, 0x0000024af03bc500, 0x0000024af1ec6950,
0x0000024af228d7e0, 0x0000024af2024480, 0x0000024af20f5de0, 0x0000024af20f6450,
0x0000024af1fe99f0, 0x0000024af219da10, 0x0000024af219d380, 0x0000024af219c660,
0x0000024af219edc0, 0x0000024af219bfd0, 0x0000024af219f450, 0x0000024af219ccf0,
0x0000024af219e730, 0x0000024af1414600, 0x0000024af1412bc0, 0x0000024af1414c90,
0x0000024af1413250, 0x0000024af1412530, 0x0000024af14138e0, 0x0000024af1415320,
0x0000024af1413f70, 0x0000024af140f740, 0x0000024af14159b0, 0x0000024af1416040,
0x0000024af140f0b0, 0x0000024af140fdd0, 0x0000024af14166d0, 0x0000024af1410460,
0x0000024af1411810, 0x0000024af1411ea0, 0x0000024af50bbe10, 0x0000024af50bb0f0,
0x0000024af50bd850, 0x0000024af50bc4a0, 0x0000024af50bb780, 0x0000024af50bcb30,
0x0000024af50baa60, 0x0000024af50bd1c0, 0x0000024af50bdee0, 0x0000024af4a77a10,
0x0000024af4a731e0, 0x0000024af4a75940, 0x0000024af4a73870, 0x0000024af4a780a0,
0x0000024af4a73f00, 0x0000024af4a79450
}

Java Threads: ( => current thread )
  0x0000024ad2253340 JavaThread "main"                              [_thread_blocked, id=9440, stack(0x0000005a64000000,0x0000005a64100000) (1024K)]
  0x0000024af0032a90 JavaThread "Reference Handler"          daemon [_thread_blocked, id=14672, stack(0x0000005a64800000,0x0000005a64900000) (1024K)]
  0x0000024af0036060 JavaThread "Finalizer"                  daemon [_thread_blocked, id=8700, stack(0x0000005a64900000,0x0000005a64a00000) (1024K)]
  0x0000024af001e7f0 JavaThread "Signal Dispatcher"          daemon [_thread_blocked, id=9644, stack(0x0000005a64a00000,0x0000005a64b00000) (1024K)]
  0x0000024af0013820 JavaThread "Attach Listener"            daemon [_thread_blocked, id=8788, stack(0x0000005a64b00000,0x0000005a64c00000) (1024K)]
  0x0000024af0014a20 JavaThread "Service Thread"             daemon [_thread_blocked, id=11048, stack(0x0000005a64c00000,0x0000005a64d00000) (1024K)]
  0x0000024af0015c20 JavaThread "Monitor Deflation Thread"   daemon [_thread_blocked, id=2396, stack(0x0000005a64d00000,0x0000005a64e00000) (1024K)]
  0x0000024af001a650 JavaThread "C2 CompilerThread0"         daemon [_thread_blocked, id=11256, stack(0x0000005a64e00000,0x0000005a64f00000) (1024K)]
  0x0000024af001b890 JavaThread "C1 CompilerThread0"         daemon [_thread_blocked, id=16280, stack(0x0000005a64f00000,0x0000005a65000000) (1024K)]
  0x0000024af01527a0 JavaThread "Common-Cleaner"             daemon [_thread_blocked, id=7460, stack(0x0000005a65000000,0x0000005a65100000) (1024K)]
  0x0000024af03bc500 JavaThread "Notification Thread"        daemon [_thread_blocked, id=15044, stack(0x0000005a65100000,0x0000005a65200000) (1024K)]
  0x0000024af1ec6950 JavaThread "Daemon health stats"               [_thread_blocked, id=2984, stack(0x0000005a65600000,0x0000005a65700000) (1024K)]
  0x0000024af228d7e0 JavaThread "Incoming local TCP Connector on port 58379"        [_thread_in_native, id=16248, stack(0x0000005a65a00000,0x0000005a65b00000) (1024K)]
  0x0000024af2024480 JavaThread "Daemon periodic checks"            [_thread_blocked, id=1484, stack(0x0000005a65b00000,0x0000005a65c00000) (1024K)]
  0x0000024af20f5de0 JavaThread "Daemon"                            [_thread_blocked, id=15784, stack(0x0000005a65c00000,0x0000005a65d00000) (1024K)]
  0x0000024af20f6450 JavaThread "Handler for socket connection from /127.0.0.1:58379 to /127.0.0.1:58381"        [_thread_in_native, id=9592, stack(0x0000005a65d00000,0x0000005a65e00000) (1024K)]
  0x0000024af1fe99f0 JavaThread "Cancel handler"                    [_thread_blocked, id=15840, stack(0x0000005a65e00000,0x0000005a65f00000) (1024K)]
  0x0000024af219da10 JavaThread "Daemon worker"                     [_thread_blocked, id=16260, stack(0x0000005a65f00000,0x0000005a66000000) (1024K)]
  0x0000024af219d380 JavaThread "Asynchronous log dispatcher for DefaultDaemonConnection: socket connection from /127.0.0.1:58379 to /127.0.0.1:58381"        [_thread_blocked, id=10892, stack(0x0000005a66000000,0x0000005a66100000) (1024K)]
  0x0000024af219c660 JavaThread "Stdin handler"                     [_thread_blocked, id=11948, stack(0x0000005a66100000,0x0000005a66200000) (1024K)]
  0x0000024af219edc0 JavaThread "Daemon client event forwarder"        [_thread_blocked, id=488, stack(0x0000005a66200000,0x0000005a66300000) (1024K)]
  0x0000024af219bfd0 JavaThread "Cache worker for journal cache (C:\Users\user\.gradle\caches\journal-1)"        [_thread_blocked, id=10960, stack(0x0000005a66400000,0x0000005a66500000) (1024K)]
  0x0000024af219f450 JavaThread "File lock request listener"        [_thread_in_native, id=12708, stack(0x0000005a66500000,0x0000005a66600000) (1024K)]
  0x0000024af219ccf0 JavaThread "Cache worker for file hash cache (C:\Users\user\.gradle\caches\8.11.1\fileHashes)"        [_thread_blocked, id=8992, stack(0x0000005a66600000,0x0000005a66700000) (1024K)]
  0x0000024af219e730 JavaThread "Cache worker for file content cache (C:\Users\user\.gradle\caches\8.11.1\fileContent)"        [_thread_blocked, id=1332, stack(0x0000005a66700000,0x0000005a66800000) (1024K)]
  0x0000024af1414600 JavaThread "Cache worker for file hash cache (C:\Users\user\AndroidStudioProjects\ImageApp\.gradle\8.11.1\fileHashes)"        [_thread_blocked, id=11788, stack(0x0000005a66800000,0x0000005a66900000) (1024K)]
  0x0000024af1412bc0 JavaThread "Cache worker for Build Output Cleanup Cache (C:\Users\user\AndroidStudioProjects\ImageApp\.gradle\buildOutputCleanup)"        [_thread_blocked, id=14372, stack(0x0000005a66900000,0x0000005a66a00000) (1024K)]
  0x0000024af1414c90 JavaThread "File watcher server"        daemon [_thread_in_native, id=7968, stack(0x0000005a66a00000,0x0000005a66b00000) (1024K)]
  0x0000024af1413250 JavaThread "File watcher consumer"      daemon [_thread_blocked, id=7540, stack(0x0000005a66b00000,0x0000005a66c00000) (1024K)]
  0x0000024af1412530 JavaThread "jar transforms"                    [_thread_blocked, id=14928, stack(0x0000005a66c00000,0x0000005a66d00000) (1024K)]
  0x0000024af14138e0 JavaThread "jar transforms Thread 2"           [_thread_blocked, id=3096, stack(0x0000005a66d00000,0x0000005a66e00000) (1024K)]
  0x0000024af1415320 JavaThread "jar transforms Thread 3"           [_thread_blocked, id=15296, stack(0x0000005a66e00000,0x0000005a66f00000) (1024K)]
  0x0000024af1413f70 JavaThread "jar transforms Thread 4"           [_thread_blocked, id=4168, stack(0x0000005a66f00000,0x0000005a67000000) (1024K)]
  0x0000024af140f740 JavaThread "jar transforms Thread 5"           [_thread_blocked, id=15920, stack(0x0000005a67000000,0x0000005a67100000) (1024K)]
  0x0000024af14159b0 JavaThread "jar transforms Thread 6"           [_thread_blocked, id=14872, stack(0x0000005a67100000,0x0000005a67200000) (1024K)]
  0x0000024af1416040 JavaThread "jar transforms Thread 7"           [_thread_blocked, id=11012, stack(0x0000005a67200000,0x0000005a67300000) (1024K)]
  0x0000024af140f0b0 JavaThread "jar transforms Thread 8"           [_thread_blocked, id=2288, stack(0x0000005a67300000,0x0000005a67400000) (1024K)]
  0x0000024af140fdd0 JavaThread "Cache worker for checksums cache (C:\Users\user\AndroidStudioProjects\ImageApp\.gradle\8.11.1\checksums)"        [_thread_blocked, id=3920, stack(0x0000005a67400000,0x0000005a67500000) (1024K)]
  0x0000024af14166d0 JavaThread "Cache worker for cache directory md-rule (C:\Users\user\.gradle\caches\8.11.1\md-rule)"        [_thread_blocked, id=15652, stack(0x0000005a67500000,0x0000005a67600000) (1024K)]
  0x0000024af1410460 JavaThread "Cache worker for cache directory md-supplier (C:\Users\user\.gradle\caches\8.11.1\md-supplier)"        [_thread_blocked, id=1584, stack(0x0000005a67600000,0x0000005a67700000) (1024K)]
  0x0000024af1411810 JavaThread "Unconstrained build operations"        [_thread_blocked, id=1164, stack(0x0000005a67700000,0x0000005a67800000) (1024K)]
  0x0000024af1411ea0 JavaThread "Unconstrained build operations Thread 2"        [_thread_blocked, id=15384, stack(0x0000005a67800000,0x0000005a67900000) (1024K)]
  0x0000024af50bbe10 JavaThread "Unconstrained build operations Thread 3"        [_thread_blocked, id=9652, stack(0x0000005a67900000,0x0000005a67a00000) (1024K)]
  0x0000024af50bb0f0 JavaThread "Unconstrained build operations Thread 4"        [_thread_blocked, id=2584, stack(0x0000005a67a00000,0x0000005a67b00000) (1024K)]
  0x0000024af50bd850 JavaThread "Unconstrained build operations Thread 5"        [_thread_blocked, id=13148, stack(0x0000005a67b00000,0x0000005a67c00000) (1024K)]
  0x0000024af50bc4a0 JavaThread "Unconstrained build operations Thread 6"        [_thread_blocked, id=8472, stack(0x0000005a67c00000,0x0000005a67d00000) (1024K)]
  0x0000024af50bb780 JavaThread "Unconstrained build operations Thread 7"        [_thread_blocked, id=13472, stack(0x0000005a67d00000,0x0000005a67e00000) (1024K)]
  0x0000024af50bcb30 JavaThread "Unconstrained build operations Thread 8"        [_thread_blocked, id=3772, stack(0x0000005a67e00000,0x0000005a67f00000) (1024K)]
  0x0000024af50baa60 JavaThread "Unconstrained build operations Thread 9"        [_thread_blocked, id=4604, stack(0x0000005a67f00000,0x0000005a68000000) (1024K)]
  0x0000024af50bd1c0 JavaThread "Unconstrained build operations Thread 10"        [_thread_blocked, id=15808, stack(0x0000005a68000000,0x0000005a68100000) (1024K)]
  0x0000024af50bdee0 JavaThread "Unconstrained build operations Thread 11"        [_thread_blocked, id=8532, stack(0x0000005a68100000,0x0000005a68200000) (1024K)]
  0x0000024af4a77a10 JavaThread "Unconstrained build operations Thread 12"        [_thread_blocked, id=16160, stack(0x0000005a68200000,0x0000005a68300000) (1024K)]
  0x0000024af4a731e0 JavaThread "Unconstrained build operations Thread 13"        [_thread_blocked, id=11100, stack(0x0000005a68300000,0x0000005a68400000) (1024K)]
  0x0000024af4a75940 JavaThread "Unconstrained build operations Thread 14"        [_thread_blocked, id=1300, stack(0x0000005a68400000,0x0000005a68500000) (1024K)]
  0x0000024af4a73870 JavaThread "Unconstrained build operations Thread 15"        [_thread_blocked, id=1516, stack(0x0000005a68500000,0x0000005a68600000) (1024K)]
  0x0000024af4a780a0 JavaThread "Unconstrained build operations Thread 16"        [_thread_blocked, id=7944, stack(0x0000005a68600000,0x0000005a68700000) (1024K)]
  0x0000024af4a73f00 JavaThread "Unconstrained build operations Thread 17"        [_thread_blocked, id=15096, stack(0x0000005a68700000,0x0000005a68800000) (1024K)]
  0x0000024af4a79450 JavaThread "Unconstrained build operations Thread 18"        [_thread_blocked, id=5172, stack(0x0000005a68800000,0x0000005a68900000) (1024K)]
Total: 58

Other Threads:
=>0x0000024aebacd180 VMThread "VM Thread"                           [id=2860, stack(0x0000005a64700000,0x0000005a64800000) (1024K)]
  0x0000024ad44caf80 WatcherThread "VM Periodic Task Thread"        [id=8236, stack(0x0000005a64600000,0x0000005a64700000) (1024K)]
  0x0000024ad4456120 WorkerThread "GC Thread#0"                     [id=7992, stack(0x0000005a64100000,0x0000005a64200000) (1024K)]
  0x0000024af065b0f0 WorkerThread "GC Thread#1"                     [id=10608, stack(0x0000005a65200000,0x0000005a65300000) (1024K)]
  0x0000024af0818c20 WorkerThread "GC Thread#2"                     [id=7004, stack(0x0000005a65300000,0x0000005a65400000) (1024K)]
  0x0000024af0f05bc0 WorkerThread "GC Thread#3"                     [id=2560, stack(0x0000005a65400000,0x0000005a65500000) (1024K)]
  0x0000024af109f060 WorkerThread "GC Thread#4"                     [id=8276, stack(0x0000005a65500000,0x0000005a65600000) (1024K)]
  0x0000024af1f1bdc0 WorkerThread "GC Thread#5"                     [id=6412, stack(0x0000005a65700000,0x0000005a65800000) (1024K)]
  0x0000024af20e9570 WorkerThread "GC Thread#6"                     [id=11288, stack(0x0000005a65800000,0x0000005a65900000) (1024K)]
  0x0000024af1f03580 WorkerThread "GC Thread#7"                     [id=10752, stack(0x0000005a65900000,0x0000005a65a00000) (1024K)]
  0x0000024ad4468930 ConcurrentGCThread "G1 Main Marker"            [id=1168, stack(0x0000005a64200000,0x0000005a64300000) (1024K)]
  0x0000024ad4469340 WorkerThread "G1 Conc#0"                       [id=11196, stack(0x0000005a64300000,0x0000005a64400000) (1024K)]
  0x0000024af2288240 WorkerThread "G1 Conc#1"                       [id=2840, stack(0x0000005a66300000,0x0000005a66400000) (1024K)]
  0x0000024ad44be160 ConcurrentGCThread "G1 Refine#0"               [id=3680, stack(0x0000005a64400000,0x0000005a64500000) (1024K)]
  0x0000024aeb9210a0 ConcurrentGCThread "G1 Service"                [id=14400, stack(0x0000005a64500000,0x0000005a64600000) (1024K)]
Total: 15

Threads with active compile tasks:
C2 CompilerThread0    12849 6397       4       java.lang.invoke.InvokerBytecodeGenerator::addMethod (725 bytes)
Total: 1

VM state: at safepoint (normal execution)

VM Mutex/Monitor currently owned by a thread:  ([mutex/lock_event])
[0x00007ffa78ca20c8] Threads_lock - owner thread: 0x0000024aebacd180
[0x00007ffa78ca21c8] Heap_lock - owner thread: 0x0000024af219da10

Heap address: 0x0000000080000000, size: 2048 MB, Compressed Oops mode: 32-bit

CDS archive(s) not mapped
Compressed class space mapped at: 0x0000000100000000-0x0000000140000000, reserved size: 1073741824
Narrow klass base: 0x0000000000000000, Narrow klass shift: 3, Narrow klass range: 0x140000000

GC Precious Log:
 CardTable entry size: 512
 Card Set container configuration: InlinePtr #cards 5 size 8 Array Of Cards #cards 12 size 40 Howl #buckets 4 coarsen threshold 1843 Howl Bitmap #cards 512 size 80 coarsen threshold 460 Card regions per heap region 1 cards per card region 2048
 CPUs: 8 total, 8 available
 Memory: 3818M
 Large Page Support: Disabled
 NUMA Support: Disabled
 Compressed Oops: Enabled (32-bit)
 Heap Region Size: 1M
 Heap Min Capacity: 8M
 Heap Initial Capacity: 60M
 Heap Max Capacity: 2G
 Pre-touch: Disabled
 Parallel Workers: 8
 Concurrent Workers: 2
 Concurrent Refinement Workers: 8
 Periodic GC: Disabled

Heap:
 garbage-first heap   total 148480K, used 81329K [0x0000000080000000, 0x0000000100000000)
  region size 1024K, 5 young (5120K), 5 survivors (5120K)
 Metaspace       used 67333K, committed 68992K, reserved 1114112K
  class space    used 9217K, committed 10048K, reserved 1048576K

Heap Regions: E=young(eden), S=young(survivor), O=old, HS=humongous(starts), HC=humongous(continues), CS=collection set, F=free, TAMS=top-at-mark-start, PB=parsable bottom
|   0|0x0000000080000000, 0x0000000080100000, 0x0000000080100000|100%| O|  |TAMS 0x0000000080000000| PB 0x0000000080000000| Untracked 
|   1|0x0000000080100000, 0x0000000080200000, 0x0000000080200000|100%|HS|  |TAMS 0x0000000080100000| PB 0x0000000080100000| Complete 
|   2|0x0000000080200000, 0x0000000080300000, 0x0000000080300000|100%|HC|  |TAMS 0x0000000080200000| PB 0x0000000080200000| Complete 
|   3|0x0000000080300000, 0x0000000080400000, 0x0000000080400000|100%|HC|  |TAMS 0x0000000080300000| PB 0x0000000080300000| Complete 
|   4|0x0000000080400000, 0x0000000080500000, 0x0000000080500000|100%| O|  |TAMS 0x0000000080400000| PB 0x0000000080400000| Untracked 
|   5|0x0000000080500000, 0x0000000080600000, 0x0000000080600000|100%| O|  |TAMS 0x0000000080500000| PB 0x0000000080500000| Untracked 
|   6|0x0000000080600000, 0x0000000080700000, 0x0000000080700000|100%| O|  |TAMS 0x0000000080600000| PB 0x0000000080600000| Untracked 
|   7|0x0000000080700000, 0x0000000080800000, 0x0000000080800000|100%| O|  |TAMS 0x0000000080700000| PB 0x0000000080700000| Untracked 
|   8|0x0000000080800000, 0x0000000080900000, 0x0000000080900000|100%| O|  |TAMS 0x0000000080800000| PB 0x0000000080800000| Untracked 
|   9|0x0000000080900000, 0x0000000080a00000, 0x0000000080a00000|100%| O|  |TAMS 0x0000000080900000| PB 0x0000000080900000| Untracked 
|  10|0x0000000080a00000, 0x0000000080b00000, 0x0000000080b00000|100%| O|  |TAMS 0x0000000080a00000| PB 0x0000000080a00000| Untracked 
|  11|0x0000000080b00000, 0x0000000080c00000, 0x0000000080c00000|100%|HS|  |TAMS 0x0000000080b00000| PB 0x0000000080b00000| Complete 
|  12|0x0000000080c00000, 0x0000000080d00000, 0x0000000080d00000|100%| O|  |TAMS 0x0000000080c00000| PB 0x0000000080c00000| Untracked 
|  13|0x0000000080d00000, 0x0000000080e00000, 0x0000000080e00000|100%| O|  |TAMS 0x0000000080d00000| PB 0x0000000080d00000| Untracked 
|  14|0x0000000080e00000, 0x0000000080f00000, 0x0000000080f00000|100%| O|  |TAMS 0x0000000080e00000| PB 0x0000000080e00000| Untracked 
|  15|0x0000000080f00000, 0x0000000081000000, 0x0000000081000000|100%| O|  |TAMS 0x0000000080f00000| PB 0x0000000080f00000| Untracked 
|  16|0x0000000081000000, 0x0000000081100000, 0x0000000081100000|100%| O|  |TAMS 0x0000000081000000| PB 0x0000000081000000| Untracked 
|  17|0x0000000081100000, 0x0000000081200000, 0x0000000081200000|100%| O|  |TAMS 0x0000000081100000| PB 0x0000000081100000| Untracked 
|  18|0x0000000081200000, 0x0000000081300000, 0x0000000081300000|100%| O|  |TAMS 0x0000000081200000| PB 0x0000000081200000| Untracked 
|  19|0x0000000081300000, 0x0000000081400000, 0x0000000081400000|100%| O|  |TAMS 0x0000000081300000| PB 0x0000000081300000| Untracked 
|  20|0x0000000081400000, 0x0000000081500000, 0x0000000081500000|100%| O|  |TAMS 0x0000000081400000| PB 0x0000000081400000| Untracked 
|  21|0x0000000081500000, 0x0000000081600000, 0x0000000081600000|100%| O|  |TAMS 0x0000000081500000| PB 0x0000000081500000| Untracked 
|  22|0x0000000081600000, 0x0000000081700000, 0x0000000081700000|100%|HS|  |TAMS 0x0000000081600000| PB 0x0000000081600000| Complete 
|  23|0x0000000081700000, 0x0000000081800000, 0x0000000081800000|100%|HC|  |TAMS 0x0000000081700000| PB 0x0000000081700000| Complete 
|  24|0x0000000081800000, 0x0000000081900000, 0x0000000081900000|100%|HC|  |TAMS 0x0000000081800000| PB 0x0000000081800000| Complete 
|  25|0x0000000081900000, 0x0000000081a00000, 0x0000000081a00000|100%| O|  |TAMS 0x0000000081900000| PB 0x0000000081900000| Untracked 
|  26|0x0000000081a00000, 0x0000000081b00000, 0x0000000081b00000|100%| O|  |TAMS 0x0000000081a00000| PB 0x0000000081a00000| Untracked 
|  27|0x0000000081b00000, 0x0000000081c00000, 0x0000000081c00000|100%|HS|  |TAMS 0x0000000081b00000| PB 0x0000000081b00000| Complete 
|  28|0x0000000081c00000, 0x0000000081d00000, 0x0000000081d00000|100%|HC|  |TAMS 0x0000000081c00000| PB 0x0000000081c00000| Complete 
|  29|0x0000000081d00000, 0x0000000081e00000, 0x0000000081e00000|100%|HS|  |TAMS 0x0000000081d00000| PB 0x0000000081d00000| Complete 
|  30|0x0000000081e00000, 0x0000000081e00000, 0x0000000081f00000|  0%| F|  |TAMS 0x0000000081e00000| PB 0x0000000081e00000| Untracked 
|  31|0x0000000081f00000, 0x0000000082000000, 0x0000000082000000|100%|HS|  |TAMS 0x0000000081f00000| PB 0x0000000081f00000| Complete 
|  32|0x0000000082000000, 0x0000000082100000, 0x0000000082100000|100%|HC|  |TAMS 0x0000000082000000| PB 0x0000000082000000| Complete 
|  33|0x0000000082100000, 0x0000000082200000, 0x0000000082200000|100%|HC|  |TAMS 0x0000000082100000| PB 0x0000000082100000| Complete 
|  34|0x0000000082200000, 0x0000000082300000, 0x0000000082300000|100%|HC|  |TAMS 0x0000000082200000| PB 0x0000000082200000| Complete 
|  35|0x0000000082300000, 0x0000000082400000, 0x0000000082400000|100%|HC|  |TAMS 0x0000000082300000| PB 0x0000000082300000| Complete 
|  36|0x0000000082400000, 0x0000000082500000, 0x0000000082500000|100%|HC|  |TAMS 0x0000000082400000| PB 0x0000000082400000| Complete 
|  37|0x0000000082500000, 0x0000000082600000, 0x0000000082600000|100%| O|  |TAMS 0x0000000082500000| PB 0x0000000082500000| Untracked 
|  38|0x0000000082600000, 0x0000000082700000, 0x0000000082700000|100%| O|  |TAMS 0x0000000082600000| PB 0x0000000082600000| Untracked 
|  39|0x0000000082700000, 0x0000000082800000, 0x0000000082800000|100%| O|  |TAMS 0x0000000082700000| PB 0x0000000082700000| Untracked 
|  40|0x0000000082800000, 0x0000000082900000, 0x0000000082900000|100%| O|  |TAMS 0x0000000082800000| PB 0x0000000082800000| Untracked 
|  41|0x0000000082900000, 0x0000000082a00000, 0x0000000082a00000|100%| O|  |TAMS 0x0000000082900000| PB 0x0000000082900000| Untracked 
|  42|0x0000000082a00000, 0x0000000082b00000, 0x0000000082b00000|100%| O|  |TAMS 0x0000000082a00000| PB 0x0000000082a00000| Untracked 
|  43|0x0000000082b00000, 0x0000000082c00000, 0x0000000082c00000|100%| O|  |TAMS 0x0000000082b00000| PB 0x0000000082b00000| Untracked 
|  44|0x0000000082c00000, 0x0000000082d00000, 0x0000000082d00000|100%| O|  |TAMS 0x0000000082c00000| PB 0x0000000082c00000| Untracked 
|  45|0x0000000082d00000, 0x0000000082e00000, 0x0000000082e00000|100%| O|  |TAMS 0x0000000082d00000| PB 0x0000000082d00000| Untracked 
|  46|0x0000000082e00000, 0x0000000082f00000, 0x0000000082f00000|100%| O|  |TAMS 0x0000000082e00000| PB 0x0000000082e00000| Untracked 
|  47|0x0000000082f00000, 0x0000000083000000, 0x0000000083000000|100%| O|  |TAMS 0x0000000082f00000| PB 0x0000000082f00000| Untracked 
|  48|0x0000000083000000, 0x0000000083100000, 0x0000000083100000|100%|HS|  |TAMS 0x0000000083000000| PB 0x0000000083000000| Complete 
|  49|0x0000000083100000, 0x0000000083200000, 0x0000000083200000|100%|HC|  |TAMS 0x0000000083100000| PB 0x0000000083100000| Complete 
|  50|0x0000000083200000, 0x0000000083300000, 0x0000000083300000|100%| O|  |TAMS 0x0000000083200000| PB 0x0000000083200000| Untracked 
|  51|0x0000000083300000, 0x0000000083400000, 0x0000000083400000|100%| O|  |TAMS 0x0000000083300000| PB 0x0000000083300000| Untracked 
|  52|0x0000000083400000, 0x0000000083500000, 0x0000000083500000|100%| O|  |TAMS 0x0000000083400000| PB 0x0000000083400000| Untracked 
|  53|0x0000000083500000, 0x0000000083600000, 0x0000000083600000|100%| O|  |TAMS 0x0000000083500000| PB 0x0000000083500000| Untracked 
|  54|0x0000000083600000, 0x0000000083700000, 0x0000000083700000|100%| O|  |TAMS 0x0000000083600000| PB 0x0000000083600000| Untracked 
|  55|0x0000000083700000, 0x0000000083800000, 0x0000000083800000|100%| O|  |TAMS 0x0000000083700000| PB 0x0000000083700000| Untracked 
|  56|0x0000000083800000, 0x0000000083900000, 0x0000000083900000|100%| O|  |TAMS 0x0000000083800000| PB 0x0000000083800000| Untracked 
|  57|0x0000000083900000, 0x00000000839d1900, 0x0000000083a00000| 81%| O|  |TAMS 0x0000000083900000| PB 0x0000000083900000| Untracked 
|  58|0x0000000083a00000, 0x0000000083a00000, 0x0000000083b00000|  0%| F|  |TAMS 0x0000000083a00000| PB 0x0000000083a00000| Untracked 
|  59|0x0000000083b00000, 0x0000000083b00000, 0x0000000083c00000|  0%| F|  |TAMS 0x0000000083b00000| PB 0x0000000083b00000| Untracked 
|  60|0x0000000083c00000, 0x0000000083c00000, 0x0000000083d00000|  0%| F|  |TAMS 0x0000000083c00000| PB 0x0000000083c00000| Untracked 
|  61|0x0000000083d00000, 0x0000000083d00000, 0x0000000083e00000|  0%| F|  |TAMS 0x0000000083d00000| PB 0x0000000083d00000| Untracked 
|  62|0x0000000083e00000, 0x0000000083e00000, 0x0000000083f00000|  0%| F|  |TAMS 0x0000000083e00000| PB 0x0000000083e00000| Untracked 
|  63|0x0000000083f00000, 0x0000000083f00000, 0x0000000084000000|  0%| F|  |TAMS 0x0000000083f00000| PB 0x0000000083f00000| Untracked 
|  64|0x0000000084000000, 0x0000000084100000, 0x0000000084100000|100%|HS|  |TAMS 0x0000000084000000| PB 0x0000000084000000| Complete 
|  65|0x0000000084100000, 0x0000000084200000, 0x0000000084200000|100%|HC|  |TAMS 0x0000000084100000| PB 0x0000000084100000| Complete 
|  66|0x0000000084200000, 0x0000000084300000, 0x0000000084300000|100%|HC|  |TAMS 0x0000000084200000| PB 0x0000000084200000| Complete 
|  67|0x0000000084300000, 0x0000000084400000, 0x0000000084400000|100%|HC|  |TAMS 0x0000000084300000| PB 0x0000000084300000| Complete 
|  68|0x0000000084400000, 0x0000000084500000, 0x0000000084500000|100%|HC|  |TAMS 0x0000000084400000| PB 0x0000000084400000| Complete 
|  69|0x0000000084500000, 0x0000000084600000, 0x0000000084600000|100%|HC|  |TAMS 0x0000000084500000| PB 0x0000000084500000| Complete 
|  70|0x0000000084600000, 0x0000000084700000, 0x0000000084700000|100%|HS|  |TAMS 0x0000000084600000| PB 0x0000000084600000| Complete 
|  71|0x0000000084700000, 0x0000000084800000, 0x0000000084800000|100%|HC|  |TAMS 0x0000000084700000| PB 0x0000000084700000| Complete 
|  72|0x0000000084800000, 0x0000000084900000, 0x0000000084900000|100%|HC|  |TAMS 0x0000000084800000| PB 0x0000000084800000| Complete 
|  73|0x0000000084900000, 0x0000000084a00000, 0x0000000084a00000|100%|HC|  |TAMS 0x0000000084900000| PB 0x0000000084900000| Complete 
|  74|0x0000000084a00000, 0x0000000084b00000, 0x0000000084b00000|100%|HC|  |TAMS 0x0000000084a00000| PB 0x0000000084a00000| Complete 
|  75|0x0000000084b00000, 0x0000000084c00000, 0x0000000084c00000|100%|HC|  |TAMS 0x0000000084b00000| PB 0x0000000084b00000| Complete 
|  76|0x0000000084c00000, 0x0000000084c00000, 0x0000000084d00000|  0%| F|  |TAMS 0x0000000084c00000| PB 0x0000000084c00000| Untracked 
|  77|0x0000000084d00000, 0x0000000084d00000, 0x0000000084e00000|  0%| F|  |TAMS 0x0000000084d00000| PB 0x0000000084d00000| Untracked 
|  78|0x0000000084e00000, 0x0000000084e00000, 0x0000000084f00000|  0%| F|  |TAMS 0x0000000084e00000| PB 0x0000000084e00000| Untracked 
|  79|0x0000000084f00000, 0x0000000084f00000, 0x0000000085000000|  0%| F|  |TAMS 0x0000000084f00000| PB 0x0000000084f00000| Untracked 
|  80|0x0000000085000000, 0x000000008509ae60, 0x0000000085100000| 60%| S|CS|TAMS 0x0000000085000000| PB 0x0000000085000000| Complete 
|  81|0x0000000085100000, 0x0000000085200000, 0x0000000085200000|100%| S|CS|TAMS 0x0000000085100000| PB 0x0000000085100000| Complete 
|  82|0x0000000085200000, 0x0000000085300000, 0x0000000085300000|100%| S|CS|TAMS 0x0000000085200000| PB 0x0000000085200000| Complete 
|  83|0x0000000085300000, 0x0000000085400000, 0x0000000085400000|100%| S|CS|TAMS 0x0000000085300000| PB 0x0000000085300000| Complete 
|  84|0x0000000085400000, 0x0000000085500000, 0x0000000085500000|100%| S|CS|TAMS 0x0000000085400000| PB 0x0000000085400000| Complete 
|  85|0x0000000085500000, 0x0000000085500000, 0x0000000085600000|  0%| F|  |TAMS 0x0000000085500000| PB 0x0000000085500000| Untracked 
|  86|0x0000000085600000, 0x0000000085600000, 0x0000000085700000|  0%| F|  |TAMS 0x0000000085600000| PB 0x0000000085600000| Untracked 
|  87|0x0000000085700000, 0x0000000085700000, 0x0000000085800000|  0%| F|  |TAMS 0x0000000085700000| PB 0x0000000085700000| Untracked 
|  88|0x0000000085800000, 0x0000000085800000, 0x0000000085900000|  0%| F|  |TAMS 0x0000000085800000| PB 0x0000000085800000| Untracked 
|  89|0x0000000085900000, 0x0000000085900000, 0x0000000085a00000|  0%| F|  |TAMS 0x0000000085900000| PB 0x0000000085900000| Untracked 
|  90|0x0000000085a00000, 0x0000000085a00000, 0x0000000085b00000|  0%| F|  |TAMS 0x0000000085a00000| PB 0x0000000085a00000| Untracked 
|  91|0x0000000085b00000, 0x0000000085b00000, 0x0000000085c00000|  0%| F|  |TAMS 0x0000000085b00000| PB 0x0000000085b00000| Untracked 
|  92|0x0000000085c00000, 0x0000000085c00000, 0x0000000085d00000|  0%| F|  |TAMS 0x0000000085c00000| PB 0x0000000085c00000| Untracked 
|  93|0x0000000085d00000, 0x0000000085d00000, 0x0000000085e00000|  0%| F|  |TAMS 0x0000000085d00000| PB 0x0000000085d00000| Untracked 
|  94|0x0000000085e00000, 0x0000000085e00000, 0x0000000085f00000|  0%| F|  |TAMS 0x0000000085e00000| PB 0x0000000085e00000| Untracked 
|  95|0x0000000085f00000, 0x0000000085f00000, 0x0000000086000000|  0%| F|  |TAMS 0x0000000085f00000| PB 0x0000000085f00000| Untracked 
|  96|0x0000000086000000, 0x0000000086000000, 0x0000000086100000|  0%| F|  |TAMS 0x0000000086000000| PB 0x0000000086000000| Untracked 
|  97|0x0000000086100000, 0x0000000086100000, 0x0000000086200000|  0%| F|  |TAMS 0x0000000086100000| PB 0x0000000086100000| Untracked 
|  98|0x0000000086200000, 0x0000000086200000, 0x0000000086300000|  0%| F|  |TAMS 0x0000000086200000| PB 0x0000000086200000| Untracked 
|  99|0x0000000086300000, 0x0000000086300000, 0x0000000086400000|  0%| F|  |TAMS 0x0000000086300000| PB 0x0000000086300000| Untracked 
| 100|0x0000000086400000, 0x0000000086400000, 0x0000000086500000|  0%| F|  |TAMS 0x0000000086400000| PB 0x0000000086400000| Untracked 
| 101|0x0000000086500000, 0x0000000086500000, 0x0000000086600000|  0%| F|  |TAMS 0x0000000086500000| PB 0x0000000086500000| Untracked 
| 102|0x0000000086600000, 0x0000000086600000, 0x0000000086700000|  0%| F|  |TAMS 0x0000000086600000| PB 0x0000000086600000| Untracked 
| 103|0x0000000086700000, 0x0000000086700000, 0x0000000086800000|  0%| F|  |TAMS 0x0000000086700000| PB 0x0000000086700000| Untracked 
| 104|0x0000000086800000, 0x0000000086800000, 0x0000000086900000|  0%| F|  |TAMS 0x0000000086800000| PB 0x0000000086800000| Untracked 
| 105|0x0000000086900000, 0x0000000086900000, 0x0000000086a00000|  0%| F|  |TAMS 0x0000000086900000| PB 0x0000000086900000| Untracked 
| 106|0x0000000086a00000, 0x0000000086a00000, 0x0000000086b00000|  0%| F|  |TAMS 0x0000000086a00000| PB 0x0000000086a00000| Untracked 
| 107|0x0000000086b00000, 0x0000000086b00000, 0x0000000086c00000|  0%| F|  |TAMS 0x0000000086b00000| PB 0x0000000086b00000| Untracked 
| 108|0x0000000086c00000, 0x0000000086c00000, 0x0000000086d00000|  0%| F|  |TAMS 0x0000000086c00000| PB 0x0000000086c00000| Untracked 
| 109|0x0000000086d00000, 0x0000000086d00000, 0x0000000086e00000|  0%| F|  |TAMS 0x0000000086d00000| PB 0x0000000086d00000| Untracked 
| 110|0x0000000086e00000, 0x0000000086e00000, 0x0000000086f00000|  0%| F|  |TAMS 0x0000000086e00000| PB 0x0000000086e00000| Untracked 
| 111|0x0000000086f00000, 0x0000000086f00000, 0x0000000087000000|  0%| F|  |TAMS 0x0000000086f00000| PB 0x0000000086f00000| Untracked 
| 112|0x0000000087000000, 0x0000000087000000, 0x0000000087100000|  0%| F|  |TAMS 0x0000000087000000| PB 0x0000000087000000| Untracked 
| 113|0x0000000087100000, 0x0000000087100000, 0x0000000087200000|  0%| F|  |TAMS 0x0000000087100000| PB 0x0000000087100000| Untracked 
| 114|0x0000000087200000, 0x0000000087200000, 0x0000000087300000|  0%| F|  |TAMS 0x0000000087200000| PB 0x0000000087200000| Untracked 
| 115|0x0000000087300000, 0x0000000087300000, 0x0000000087400000|  0%| F|  |TAMS 0x0000000087300000| PB 0x0000000087300000| Untracked 
| 116|0x0000000087400000, 0x0000000087400000, 0x0000000087500000|  0%| F|  |TAMS 0x0000000087400000| PB 0x0000000087400000| Untracked 
| 117|0x0000000087500000, 0x0000000087500000, 0x0000000087600000|  0%| F|  |TAMS 0x0000000087500000| PB 0x0000000087500000| Untracked 
| 118|0x0000000087600000, 0x0000000087600000, 0x0000000087700000|  0%| F|  |TAMS 0x0000000087600000| PB 0x0000000087600000| Untracked 
| 119|0x0000000087700000, 0x0000000087700000, 0x0000000087800000|  0%| F|  |TAMS 0x0000000087700000| PB 0x0000000087700000| Untracked 
| 120|0x0000000087800000, 0x0000000087800000, 0x0000000087900000|  0%| F|  |TAMS 0x0000000087800000| PB 0x0000000087800000| Untracked 
| 121|0x0000000087900000, 0x0000000087900000, 0x0000000087a00000|  0%| F|  |TAMS 0x0000000087900000| PB 0x0000000087900000| Untracked 
| 122|0x0000000087a00000, 0x0000000087a00000, 0x0000000087b00000|  0%| F|  |TAMS 0x0000000087a00000| PB 0x0000000087a00000| Untracked 
| 123|0x0000000087b00000, 0x0000000087b00000, 0x0000000087c00000|  0%| F|  |TAMS 0x0000000087b00000| PB 0x0000000087b00000| Untracked 
| 124|0x0000000087c00000, 0x0000000087c00000, 0x0000000087d00000|  0%| F|  |TAMS 0x0000000087c00000| PB 0x0000000087c00000| Untracked 
| 125|0x0000000087d00000, 0x0000000087d00000, 0x0000000087e00000|  0%| F|  |TAMS 0x0000000087d00000| PB 0x0000000087d00000| Untracked 
| 126|0x0000000087e00000, 0x0000000087e00000, 0x0000000087f00000|  0%| F|  |TAMS 0x0000000087e00000| PB 0x0000000087e00000| Untracked 
| 127|0x0000000087f00000, 0x0000000087f00000, 0x0000000088000000|  0%| F|  |TAMS 0x0000000087f00000| PB 0x0000000087f00000| Untracked 
| 128|0x0000000088000000, 0x0000000088000000, 0x0000000088100000|  0%| F|  |TAMS 0x0000000088000000| PB 0x0000000088000000| Untracked 
| 129|0x0000000088100000, 0x0000000088100000, 0x0000000088200000|  0%| F|  |TAMS 0x0000000088100000| PB 0x0000000088100000| Untracked 
| 130|0x0000000088200000, 0x0000000088200000, 0x0000000088300000|  0%| F|  |TAMS 0x0000000088200000| PB 0x0000000088200000| Untracked 
| 131|0x0000000088300000, 0x0000000088300000, 0x0000000088400000|  0%| F|  |TAMS 0x0000000088300000| PB 0x0000000088300000| Untracked 
| 132|0x0000000088400000, 0x0000000088400000, 0x0000000088500000|  0%| F|  |TAMS 0x0000000088400000| PB 0x0000000088400000| Untracked 
| 133|0x0000000088500000, 0x0000000088500000, 0x0000000088600000|  0%| F|  |TAMS 0x0000000088500000| PB 0x0000000088500000| Untracked 
| 134|0x0000000088600000, 0x0000000088600000, 0x0000000088700000|  0%| F|  |TAMS 0x0000000088600000| PB 0x0000000088600000| Untracked 
| 135|0x0000000088700000, 0x0000000088700000, 0x0000000088800000|  0%| F|  |TAMS 0x0000000088700000| PB 0x0000000088700000| Untracked 
| 136|0x0000000088800000, 0x0000000088800000, 0x0000000088900000|  0%| F|  |TAMS 0x0000000088800000| PB 0x0000000088800000| Untracked 
|2040|0x00000000ff800000, 0x00000000ff800000, 0x00000000ff900000|  0%| F|  |TAMS 0x00000000ff800000| PB 0x00000000ff800000| Untracked 
|2041|0x00000000ff900000, 0x00000000ffa00000, 0x00000000ffa00000|100%| O|  |TAMS 0x00000000ff900000| PB 0x00000000ff900000| Untracked 
|2042|0x00000000ffa00000, 0x00000000ffb00000, 0x00000000ffb00000|100%| O|  |TAMS 0x00000000ffa00000| PB 0x00000000ffa00000| Untracked 
|2043|0x00000000ffb00000, 0x00000000ffc00000, 0x00000000ffc00000|100%| O|  |TAMS 0x00000000ffb00000| PB 0x00000000ffb00000| Untracked 
|2044|0x00000000ffc00000, 0x00000000ffd00000, 0x00000000ffd00000|100%| O|  |TAMS 0x00000000ffc00000| PB 0x00000000ffc00000| Untracked 
|2045|0x00000000ffd00000, 0x00000000ffe00000, 0x00000000ffe00000|100%| O|  |TAMS 0x00000000ffd00000| PB 0x00000000ffd00000| Untracked 
|2046|0x00000000ffe00000, 0x00000000fff00000, 0x00000000fff00000|100%| O|  |TAMS 0x00000000ffe00000| PB 0x00000000ffe00000| Untracked 
|2047|0x00000000fff00000, 0x00000000fff00000, 0x0000000100000000|  0%| F|  |TAMS 0x00000000fff00000| PB 0x00000000fff00000| Untracked 

Card table byte_map: [0x0000024ae6c90000,0x0000024ae7090000] _byte_map_base: 0x0000024ae6890000

Marking Bits: (CMBitMap*) 0x0000024ad4456730
 Bits: [0x0000024ae7090000, 0x0000024ae9090000)

Polling page: 0x0000024ad23f0000

Metaspace:

Usage:
  Non-class:     56.75 MB used.
      Class:      9.00 MB used.
       Both:     65.76 MB used.

Virtual space:
  Non-class space:       64.00 MB reserved,      57.56 MB ( 90%) committed,  1 nodes.
      Class space:        1.00 GB reserved,       9.81 MB ( <1%) committed,  1 nodes.
             Both:        1.06 GB reserved,      67.38 MB (  6%) committed. 

Chunk freelists:
   Non-Class:  5.70 MB
       Class:  6.08 MB
        Both:  11.78 MB

MaxMetaspaceSize: unlimited
CompressedClassSpaceSize: 1.00 GB
Initial GC threshold: 21.00 MB
Current GC threshold: 99.06 MB
CDS: off
 - commit_granule_bytes: 65536.
 - commit_granule_words: 8192.
 - virtual_space_node_default_size: 8388608.
 - enlarge_chunks_in_place: 1.
 - use_allocation_guard: 0.


Internal statistics:

num_allocs_failed_limit: 3.
num_arena_births: 3116.
num_arena_deaths: 0.
num_vsnodes_births: 2.
num_vsnodes_deaths: 0.
num_space_committed: 1078.
num_space_uncommitted: 0.
num_chunks_returned_to_freelist: 3.
num_chunks_taken_from_freelist: 5865.
num_chunk_merges: 3.
num_chunk_splits: 3820.
num_chunks_enlarged: 2366.
num_inconsistent_stats: 0.

CodeHeap 'non-profiled nmethods': size=120000Kb used=2804Kb max_used=2804Kb free=117195Kb
 bounds [0x0000024adf020000, 0x0000024adf2e0000, 0x0000024ae6550000]
CodeHeap 'profiled nmethods': size=120000Kb used=10909Kb max_used=10909Kb free=109090Kb
 bounds [0x0000024ad7550000, 0x0000024ad8000000, 0x0000024adea80000]
CodeHeap 'non-nmethods': size=5760Kb used=2979Kb max_used=3000Kb free=2780Kb
 bounds [0x0000024adea80000, 0x0000024aded80000, 0x0000024adf020000]
 total_blobs=6524 nmethods=5641 adapters=787
 compilation: enabled
              stopped_count=0, restarted_count=0
 full_count=0

Compilation events (20 events):
Event: 12.751 Thread 0x0000024af001b890 6409       3       java.util.HashMap::putVal (300 bytes)
Event: 12.752 Thread 0x0000024af001b890 nmethod 6409 0x0000024ad7fef010 code [0x0000024ad7fef2e0, 0x0000024ad7ff03e0]
Event: 12.752 Thread 0x0000024af001b890 6412       3       java.util.HashMap::getNode (150 bytes)
Event: 12.752 Thread 0x0000024af001b890 nmethod 6412 0x0000024ad7ff0890 code [0x0000024ad7ff0b00, 0x0000024ad7ff17a0]
Event: 12.752 Thread 0x0000024af001b890 6413       3       java.util.HashMap::resize (356 bytes)
Event: 12.753 Thread 0x0000024af001b890 nmethod 6413 0x0000024ad7ff1b90 code [0x0000024ad7ff1e40, 0x0000024ad7ff3158]
Event: 12.753 Thread 0x0000024af001b890 6411       3       java.util.LinkedHashMap::get (29 bytes)
Event: 12.754 Thread 0x0000024af001b890 nmethod 6411 0x0000024ad7ff3610 code [0x0000024ad7ff37e0, 0x0000024ad7ff3a30]
Event: 12.754 Thread 0x0000024af001b890 6410       3       org.gradle.internal.reflect.MethodSet::add (50 bytes)
Event: 12.754 Thread 0x0000024af001b890 nmethod 6410 0x0000024ad7ff3b10 code [0x0000024ad7ff3d40, 0x0000024ad7ff45c0]
Event: 12.754 Thread 0x0000024af001b890 6414       3       com.google.common.collect.LinkedHashMultimap::access$400 (6 bytes)
Event: 12.754 Thread 0x0000024af001b890 nmethod 6414 0x0000024ad7ff4890 code [0x0000024ad7ff4a40, 0x0000024ad7ff4c78]
Event: 12.754 Thread 0x0000024af001b890 6415       3       sun.reflect.generics.repository.ConstructorRepository::computeParameterTypes (62 bytes)
Event: 12.755 Thread 0x0000024af001b890 nmethod 6415 0x0000024ad7ff4d90 code [0x0000024ad7ff4fa0, 0x0000024ad7ff5948]
Event: 12.755 Thread 0x0000024af001b890 6416       3       jdk.internal.org.objectweb.asm.ClassReader::readUTF8 (23 bytes)
Event: 12.755 Thread 0x0000024af001b890 nmethod 6416 0x0000024ad7ff5c90 code [0x0000024ad7ff5e60, 0x0000024ad7ff60b8]
Event: 12.755 Thread 0x0000024af001b890 6417       3       jdk.internal.org.objectweb.asm.ClassReader::readUtf (44 bytes)
Event: 12.755 Thread 0x0000024af001b890 nmethod 6417 0x0000024ad7ff6190 code [0x0000024ad7ff6380, 0x0000024ad7ff6768]
Event: 12.759 Thread 0x0000024af001b890 6419       3       java.lang.invoke.LambdaForm$MH/0x0000000100144400::invoke (56 bytes)
Event: 12.760 Thread 0x0000024af001b890 nmethod 6419 0x0000024ad7ff6910 code [0x0000024ad7ff6b20, 0x0000024ad7ff73e8]

GC Heap History (20 events):
Event: 6.681 GC heap after
{Heap after GC invocations=12 (full 0):
 garbage-first heap   total 74752K, used 44568K [0x0000000080000000, 0x0000000100000000)
  region size 1024K, 3 young (3072K), 3 survivors (3072K)
 Metaspace       used 37960K, committed 38848K, reserved 1114112K
  class space    used 5201K, committed 5632K, reserved 1048576K
}
Event: 7.003 GC heap before
{Heap before GC invocations=12 (full 0):
 garbage-first heap   total 74752K, used 66072K [0x0000000080000000, 0x0000000100000000)
  region size 1024K, 24 young (24576K), 3 survivors (3072K)
 Metaspace       used 40433K, committed 41472K, reserved 1114112K
  class space    used 5624K, committed 6144K, reserved 1048576K
}
Event: 7.007 GC heap after
{Heap after GC invocations=13 (full 0):
 garbage-first heap   total 74752K, used 45361K [0x0000000080000000, 0x0000000100000000)
  region size 1024K, 2 young (2048K), 2 survivors (2048K)
 Metaspace       used 40433K, committed 41472K, reserved 1114112K
  class space    used 5624K, committed 6144K, reserved 1048576K
}
Event: 7.395 GC heap before
{Heap before GC invocations=13 (full 0):
 garbage-first heap   total 74752K, used 65841K [0x0000000080000000, 0x0000000100000000)
  region size 1024K, 22 young (22528K), 2 survivors (2048K)
 Metaspace       used 43455K, committed 44672K, reserved 1114112K
  class space    used 6124K, committed 6720K, reserved 1048576K
}
Event: 7.399 GC heap after
{Heap after GC invocations=14 (full 0):
 garbage-first heap   total 74752K, used 46592K [0x0000000080000000, 0x0000000100000000)
  region size 1024K, 3 young (3072K), 3 survivors (3072K)
 Metaspace       used 43455K, committed 44672K, reserved 1114112K
  class space    used 6124K, committed 6720K, reserved 1048576K
}
Event: 7.822 GC heap before
{Heap before GC invocations=15 (full 0):
 garbage-first heap   total 81920K, used 66048K [0x0000000080000000, 0x0000000100000000)
  region size 1024K, 22 young (22528K), 3 survivors (3072K)
 Metaspace       used 48052K, committed 49408K, reserved 1114112K
  class space    used 6625K, committed 7296K, reserved 1048576K
}
Event: 7.828 GC heap after
{Heap after GC invocations=16 (full 0):
 garbage-first heap   total 81920K, used 48990K [0x0000000080000000, 0x0000000100000000)
  region size 1024K, 3 young (3072K), 3 survivors (3072K)
 Metaspace       used 48052K, committed 49408K, reserved 1114112K
  class space    used 6625K, committed 7296K, reserved 1048576K
}
Event: 8.053 GC heap before
{Heap before GC invocations=16 (full 0):
 garbage-first heap   total 81920K, used 72542K [0x0000000080000000, 0x0000000100000000)
  region size 1024K, 27 young (27648K), 3 survivors (3072K)
 Metaspace       used 49312K, committed 50560K, reserved 1114112K
  class space    used 6744K, committed 7360K, reserved 1048576K
}
Event: 8.061 GC heap after
{Heap after GC invocations=17 (full 0):
 garbage-first heap   total 98304K, used 51672K [0x0000000080000000, 0x0000000100000000)
  region size 1024K, 4 young (4096K), 4 survivors (4096K)
 Metaspace       used 49312K, committed 50560K, reserved 1114112K
  class space    used 6744K, committed 7360K, reserved 1048576K
}
Event: 8.900 GC heap before
{Heap before GC invocations=17 (full 0):
 garbage-first heap   total 98304K, used 89560K [0x0000000080000000, 0x0000000100000000)
  region size 1024K, 37 young (37888K), 4 survivors (4096K)
 Metaspace       used 53711K, committed 55232K, reserved 1114112K
  class space    used 7301K, committed 8064K, reserved 1048576K
}
Event: 8.913 GC heap after
{Heap after GC invocations=18 (full 0):
 garbage-first heap   total 98304K, used 54844K [0x0000000080000000, 0x0000000100000000)
  region size 1024K, 5 young (5120K), 5 survivors (5120K)
 Metaspace       used 53711K, committed 55232K, reserved 1114112K
  class space    used 7301K, committed 8064K, reserved 1048576K
}
Event: 10.251 GC heap before
{Heap before GC invocations=19 (full 0):
 garbage-first heap   total 98304K, used 87612K [0x0000000080000000, 0x0000000100000000)
  region size 1024K, 36 young (36864K), 5 survivors (5120K)
 Metaspace       used 56558K, committed 58112K, reserved 1114112K
  class space    used 7786K, committed 8576K, reserved 1048576K
}
Event: 10.269 GC heap after
{Heap after GC invocations=20 (full 0):
 garbage-first heap   total 99328K, used 61938K [0x0000000080000000, 0x0000000100000000)
  region size 1024K, 5 young (5120K), 5 survivors (5120K)
 Metaspace       used 56558K, committed 58112K, reserved 1114112K
  class space    used 7786K, committed 8576K, reserved 1048576K
}
Event: 11.102 GC heap before
{Heap before GC invocations=20 (full 0):
 garbage-first heap   total 99328K, used 97778K [0x0000000080000000, 0x0000000100000000)
  region size 1024K, 27 young (27648K), 5 survivors (5120K)
 Metaspace       used 58293K, committed 59840K, reserved 1114112K
  class space    used 7876K, committed 8640K, reserved 1048576K
}
Event: 11.186 GC heap after
{Heap after GC invocations=21 (full 0):
 garbage-first heap   total 109568K, used 77675K [0x0000000080000000, 0x0000000100000000)
  region size 1024K, 4 young (4096K), 4 survivors (4096K)
 Metaspace       used 58293K, committed 59840K, reserved 1114112K
  class space    used 7876K, committed 8640K, reserved 1048576K
}
Event: 11.375 GC heap before
{Heap before GC invocations=21 (full 0):
 garbage-first heap   total 109568K, used 98155K [0x0000000080000000, 0x0000000100000000)
  region size 1024K, 24 young (24576K), 4 survivors (4096K)
 Metaspace       used 59186K, committed 60800K, reserved 1114112K
  class space    used 8001K, committed 8768K, reserved 1048576K
}
Event: 11.379 GC heap after
{Heap after GC invocations=22 (full 0):
 garbage-first heap   total 109568K, used 78622K [0x0000000080000000, 0x0000000100000000)
  region size 1024K, 1 young (1024K), 1 survivors (1024K)
 Metaspace       used 59186K, committed 60800K, reserved 1114112K
  class space    used 8001K, committed 8768K, reserved 1048576K
}
Event: 11.682 GC heap before
{Heap before GC invocations=23 (full 0):
 garbage-first heap   total 148480K, used 99102K [0x0000000080000000, 0x0000000100000000)
  region size 1024K, 21 young (21504K), 1 survivors (1024K)
 Metaspace       used 60379K, committed 62016K, reserved 1114112K
  class space    used 8193K, committed 9024K, reserved 1048576K
}
Event: 11.690 GC heap after
{Heap after GC invocations=24 (full 0):
 garbage-first heap   total 148480K, used 79921K [0x0000000080000000, 0x0000000100000000)
  region size 1024K, 2 young (2048K), 2 survivors (2048K)
 Metaspace       used 60379K, committed 62016K, reserved 1114112K
  class space    used 8193K, committed 9024K, reserved 1048576K
}
Event: 12.774 GC heap before
{Heap before GC invocations=24 (full 0):
 garbage-first heap   total 148480K, used 130097K [0x0000000080000000, 0x0000000100000000)
  region size 1024K, 52 young (53248K), 2 survivors (2048K)
 Metaspace       used 67333K, committed 68992K, reserved 1114112K
  class space    used 9217K, committed 10048K, reserved 1048576K
}

Dll operation events (3 events):
Event: 0.025 Loaded shared library C:\Program Files\Android\Android Studio\jbr\bin\java.dll
Event: 0.033 Loaded shared library C:\Program Files\Android\Android Studio\jbr\bin\zip.dll
Event: 0.908 Loaded shared library C:\Program Files\Android\Android Studio\jbr\bin\verify.dll

Deoptimization events (20 events):
Event: 12.750 Thread 0x0000024af219da10 DEOPT PACKING pc=0x0000024adf2db6fc sp=0x0000005a65ff7f90
Event: 12.750 Thread 0x0000024af219da10 DEOPT UNPACKING pc=0x0000024adead7da2 sp=0x0000005a65ff7e78 mode 2
Event: 12.750 Thread 0x0000024af219da10 Uncommon trap: trap_request=0xffffff45 fr.pc=0x0000024adf0dbcf8 relative=0x00000000000006d8
Event: 12.750 Thread 0x0000024af219da10 Uncommon trap: reason=unstable_if action=reinterpret pc=0x0000024adf0dbcf8 method=java.util.HashMap.putVal(ILjava/lang/Object;Ljava/lang/Object;ZZ)Ljava/lang/Object; @ 109 c2
Event: 12.750 Thread 0x0000024af219da10 DEOPT PACKING pc=0x0000024adf0dbcf8 sp=0x0000005a65ff7e90
Event: 12.750 Thread 0x0000024af219da10 DEOPT UNPACKING pc=0x0000024adead7da2 sp=0x0000005a65ff7e18 mode 2
Event: 12.751 Thread 0x0000024af219da10 Uncommon trap: trap_request=0xffffff45 fr.pc=0x0000024adf05754c relative=0x00000000000009ac
Event: 12.751 Thread 0x0000024af219da10 Uncommon trap: reason=unstable_if action=reinterpret pc=0x0000024adf05754c method=java.util.HashMap.resize()[Ljava/util/HashMap$Node; @ 203 c2
Event: 12.751 Thread 0x0000024af219da10 DEOPT PACKING pc=0x0000024adf05754c sp=0x0000005a65ff7db0
Event: 12.751 Thread 0x0000024af219da10 DEOPT UNPACKING pc=0x0000024adead7da2 sp=0x0000005a65ff7d48 mode 2
Event: 12.751 Thread 0x0000024af219da10 Uncommon trap: trap_request=0xffffff45 fr.pc=0x0000024adf1aafcc relative=0x000000000000028c
Event: 12.751 Thread 0x0000024af219da10 Uncommon trap: reason=unstable_if action=reinterpret pc=0x0000024adf1aafcc method=java.util.HashMap.getNode(Ljava/lang/Object;)Ljava/util/HashMap$Node; @ 85 c2
Event: 12.751 Thread 0x0000024af219da10 DEOPT PACKING pc=0x0000024adf1aafcc sp=0x0000005a65ff7f60
Event: 12.751 Thread 0x0000024af219da10 DEOPT UNPACKING pc=0x0000024adead7da2 sp=0x0000005a65ff7e70 mode 2
Event: 12.751 Thread 0x0000024af219da10 Uncommon trap: trap_request=0xffffff45 fr.pc=0x0000024adf198274 relative=0x0000000000000234
Event: 12.751 Thread 0x0000024af219da10 Uncommon trap: reason=unstable_if action=reinterpret pc=0x0000024adf198274 method=java.util.HashMap.getNode(Ljava/lang/Object;)Ljava/util/HashMap$Node; @ 85 c2
Event: 12.751 Thread 0x0000024af219da10 DEOPT PACKING pc=0x0000024adf198274 sp=0x0000005a65ff7ef0
Event: 12.751 Thread 0x0000024af219da10 DEOPT UNPACKING pc=0x0000024adead7da2 sp=0x0000005a65ff7e70 mode 2
Event: 12.770 Thread 0x0000024af219da10 DEOPT PACKING pc=0x0000024ad76d23ca sp=0x0000005a65ff9c60
Event: 12.770 Thread 0x0000024af219da10 DEOPT UNPACKING pc=0x0000024adead88e2 sp=0x0000005a65ff9140 mode 0

Classes loaded (20 events):
Event: 12.290 Loading class java/security/cert/CertificateParsingException
Event: 12.291 Loading class java/security/cert/CertificateException
Event: 12.291 Loading class java/security/cert/CertificateException done
Event: 12.291 Loading class java/security/cert/CertificateParsingException done
Event: 12.291 Loading class javax/naming/NamingException
Event: 12.292 Loading class javax/naming/NamingException done
Event: 12.292 Loading class javax/naming/InvalidNameException
Event: 12.292 Loading class javax/naming/InvalidNameException done
Event: 12.394 Loading class java/nio/channels/Channels$ReadableByteChannelImpl
Event: 12.395 Loading class java/nio/channels/Channels$ReadableByteChannelImpl done
Event: 12.407 Loading class java/util/EmptyStackException
Event: 12.408 Loading class java/util/EmptyStackException done
Event: 12.444 Loading class java/io/InvalidClassException
Event: 12.445 Loading class java/io/InvalidClassException done
Event: 12.582 Loading class java/util/Comparators$NaturalOrderComparator
Event: 12.582 Loading class java/util/Comparators$NaturalOrderComparator done
Event: 12.717 Loading class java/nio/file/AtomicMoveNotSupportedException
Event: 12.718 Loading class java/nio/file/AtomicMoveNotSupportedException done
Event: 12.735 Loading class java/io/FileWriter
Event: 12.736 Loading class java/io/FileWriter done

Classes unloaded (0 events):
No events

Classes redefined (0 events):
No events

Internal exceptions (20 events):
Event: 10.816 Thread 0x0000024af219da10 Exception <a 'java/lang/ClassNotFoundException'{0x00000000850e7570}: com/intellij/gradle/toolingExtension/impl/modelBuilder/ExtraModelBuilderBeanInfo> (0x00000000850e7570) 
thrown [s\src\hotspot\share\classfile\systemDictionary.cpp, line 312]
Event: 10.817 Thread 0x0000024af219da10 Exception <a 'java/lang/ClassNotFoundException'{0x00000000850f2fa8}: com/intellij/gradle/toolingExtension/impl/modelBuilder/ExtraModelBuilderCustomizer> (0x00000000850f2fa8) 
thrown [s\src\hotspot\share\classfile\systemDictionary.cpp, line 312]
Event: 11.270 Thread 0x0000024af219da10 Exception <a 'java/lang/IncompatibleClassChangeError'{0x0000000085bca080}: Found class java.lang.Object, but interface was expected> (0x0000000085bca080) 
thrown [s\src\hotspot\share\interpreter\linkResolver.cpp, line 851]
Event: 11.278 Thread 0x0000024af219da10 Exception <a 'sun/nio/fs/WindowsException'{0x0000000085bf2940}> (0x0000000085bf2940) 
thrown [s\src\hotspot\share\prims\jni.cpp, line 535]
Event: 11.279 Thread 0x0000024af219da10 Exception <a 'sun/nio/fs/WindowsException'{0x0000000085bf40e8}> (0x0000000085bf40e8) 
thrown [s\src\hotspot\share\prims\jni.cpp, line 535]
Event: 11.279 Thread 0x0000024af219da10 Exception <a 'sun/nio/fs/WindowsException'{0x0000000085bf5858}> (0x0000000085bf5858) 
thrown [s\src\hotspot\share\prims\jni.cpp, line 535]
Event: 11.280 Thread 0x0000024af219da10 Exception <a 'sun/nio/fs/WindowsException'{0x0000000085bf6fe8}> (0x0000000085bf6fe8) 
thrown [s\src\hotspot\share\prims\jni.cpp, line 535]
Event: 11.282 Thread 0x0000024af219da10 Exception <a 'java/lang/NoSuchMethodError'{0x0000000085a08a00}: 'java.lang.Object java.lang.invoke.Invokers$Holder.invoker(java.lang.Object, java.lang.Object, java.lang.Object, java.lang.Object, java.lang.Object, java.lang.Object)'> (0x0000000085a08a00) 
thrown [s\src\hotspot\share\interpreter\linkResolver.cpp, line 784]
Event: 11.305 Thread 0x0000024af219da10 Exception <a 'java/lang/NoSuchMethodError'{0x0000000085904060}: 'java.lang.Object java.lang.invoke.Invokers$Holder.invoker(java.lang.Object, java.lang.Object, java.lang.Object, java.lang.Object, java.lang.Object, java.lang.Object, java.lang.Object, java.lang.Object, java.lang.Object, java.lang.Object, java.lang.Object, java.lang.Object, java.lang.Object, java.lang.Object, java.lang.Object, java.lang.Object, java.lang.Object, java.lang.Object, java.lang.Object, java.lang.Object, java.lang.Object, java.lang.
Event: 11.305 Thread 0x0000024af219da10 Exception <a 'java/lang/NoSuchMethodError'{0x000000008590ac88}: 'java.lang.Object java.lang.invoke.DelegatingMethodHandle$Holder.delegate(java.lang.Object, java.lang.Object, java.lang.Object, java.lang.Object, java.lang.Object, java.lang.Object, java.lang.Object, java.lang.Object, java.lang.Object, java.lang.Object, java.lang.Object, java.lang.Object, java.lang.Object, java.lang.Object, java.lang.Object, java.lang.Object, java.lang.Object, java.lang.Object, java.lang.Object, java.lang.Object, java.lang.Obj
Event: 11.650 Thread 0x0000024af219da10 Exception <a 'java/lang/IncompatibleClassChangeError'{0x0000000087f21798}: Found class java.lang.Object, but interface was expected> (0x0000000087f21798) 
thrown [s\src\hotspot\share\interpreter\linkResolver.cpp, line 851]
Event: 12.239 Thread 0x0000024af219edc0 Exception <a 'java/lang/NoSuchMethodError'{0x0000000086a728b0}: static Lorg/gradle/internal/build/event/types/DefaultOperationStartedProgressEvent;.<clinit>()V> (0x0000000086a728b0) 
thrown [s\src\hotspot\share\prims\jni.cpp, line 1126]
Event: 12.239 Thread 0x0000024af219edc0 Exception <a 'java/lang/NoSuchMethodError'{0x0000000086a743b0}: static Lorg/gradle/internal/build/event/types/AbstractProgressEvent;.<clinit>()V> (0x0000000086a743b0) 
thrown [s\src\hotspot\share\prims\jni.cpp, line 1126]
Event: 12.240 Thread 0x0000024af219edc0 Exception <a 'java/lang/NoSuchMethodError'{0x0000000086a89098}: static Lorg/gradle/internal/build/event/types/DefaultBuildPhaseDescriptor;.<clinit>()V> (0x0000000086a89098) 
thrown [s\src\hotspot\share\prims\jni.cpp, line 1126]
Event: 12.241 Thread 0x0000024af219edc0 Exception <a 'java/lang/NoSuchMethodError'{0x0000000086a8ce98}: static Lorg/gradle/internal/build/event/types/DefaultOperationDescriptor;.<clinit>()V> (0x0000000086a8ce98) 
thrown [s\src\hotspot\share\prims\jni.cpp, line 1126]
Event: 12.242 Thread 0x0000024af219edc0 Exception <a 'java/lang/NoSuchMethodError'{0x00000000869053e0}: static Lorg/gradle/internal/operations/OperationIdentifier;.<clinit>()V> (0x00000000869053e0) 
thrown [s\src\hotspot\share\prims\jni.cpp, line 1126]
Event: 12.377 Thread 0x0000024af219da10 Exception <a 'sun/nio/fs/WindowsException'{0x00000000865c4a30}> (0x00000000865c4a30) 
thrown [s\src\hotspot\share\prims\jni.cpp, line 535]
Event: 12.378 Thread 0x0000024af219da10 Exception <a 'sun/nio/fs/WindowsException'{0x00000000865c6108}> (0x00000000865c6108) 
thrown [s\src\hotspot\share\prims\jni.cpp, line 535]
Event: 12.381 Thread 0x0000024af219da10 Exception <a 'sun/nio/fs/WindowsException'{0x00000000865d3460}> (0x00000000865d3460) 
thrown [s\src\hotspot\share\prims\jni.cpp, line 535]
Event: 12.576 Thread 0x0000024af219da10 Exception <a 'java/lang/NoSuchMethodError'{0x0000000085d9d928}: 'void java.lang.invoke.DirectMethodHandle$Holder.invokeStatic(java.lang.Object, java.lang.Object, java.lang.Object, java.lang.Object, java.lang.Object, java.lang.Object, java.lang.Object)'> (0x0000000085d9d928) 
thrown [s\src\hotspot\share\interpreter\linkResolver.cpp, line 784]

ZGC Phase Switch (0 events):
No events

VM Operations (20 events):
Event: 10.757 Executing VM operation: ICBufferFull done
Event: 10.781 Executing VM operation: HandshakeAllThreads (Deoptimize)
Event: 10.781 Executing VM operation: HandshakeAllThreads (Deoptimize) done
Event: 11.100 Executing VM operation: G1CollectForAllocation (G1 Evacuation Pause)
Event: 11.187 Executing VM operation: G1CollectForAllocation (G1 Evacuation Pause) done
Event: 11.375 Executing VM operation: G1CollectForAllocation (G1 Evacuation Pause)
Event: 11.379 Executing VM operation: G1CollectForAllocation (G1 Evacuation Pause) done
Event: 11.417 Executing VM operation: G1PauseRemark
Event: 11.422 Executing VM operation: G1PauseRemark done
Event: 11.446 Executing VM operation: G1PauseCleanup
Event: 11.446 Executing VM operation: G1PauseCleanup done
Event: 11.681 Executing VM operation: G1CollectForAllocation (G1 Evacuation Pause)
Event: 11.690 Executing VM operation: G1CollectForAllocation (G1 Evacuation Pause) done
Event: 12.588 Executing VM operation: HandshakeAllThreads (Deoptimize)
Event: 12.589 Executing VM operation: HandshakeAllThreads (Deoptimize) done
Event: 12.650 Executing VM operation: ICBufferFull
Event: 12.651 Executing VM operation: ICBufferFull done
Event: 12.736 Executing VM operation: HandshakeAllThreads (Deoptimize)
Event: 12.736 Executing VM operation: HandshakeAllThreads (Deoptimize) done
Event: 12.773 Executing VM operation: G1CollectForAllocation (G1 Evacuation Pause)

Events (20 events):
Event: 11.421 Thread 0x0000024aebacd180 flushing nmethod 0x0000024ad7560810
Event: 11.421 Thread 0x0000024aebacd180 flushing nmethod 0x0000024ad755d710
Event: 11.421 Thread 0x0000024aebacd180 flushing nmethod 0x0000024adf24ac90
Event: 11.421 Thread 0x0000024aebacd180 flushing nmethod 0x0000024adf18ef90
Event: 11.421 Thread 0x0000024aebacd180 flushing nmethod 0x0000024adf1f8e10
Event: 11.421 Thread 0x0000024aebacd180 flushing nmethod 0x0000024adf1a1110
Event: 11.421 Thread 0x0000024aebacd180 flushing nmethod 0x0000024adf17a590
Event: 11.421 Thread 0x0000024aebacd180 flushing nmethod 0x0000024adf148490
Event: 11.421 Thread 0x0000024aebacd180 flushing nmethod 0x0000024adf082b10
Event: 11.421 Thread 0x0000024aebacd180 flushing nmethod 0x0000024adf0e2e90
Event: 11.421 Thread 0x0000024aebacd180 flushing nmethod 0x0000024adf0ab490
Event: 11.421 Thread 0x0000024aebacd180 flushing nmethod 0x0000024adf0a7d10
Event: 11.421 Thread 0x0000024aebacd180 flushing nmethod 0x0000024adf095810
Event: 11.421 Thread 0x0000024aebacd180 flushing nmethod 0x0000024adf0aef10
Event: 11.421 Thread 0x0000024aebacd180 flushing nmethod 0x0000024adf051010
Event: 11.421 Thread 0x0000024aebacd180 flushing nmethod 0x0000024adf04ec10
Event: 11.421 Thread 0x0000024aebacd180 flushing nmethod 0x0000024adf067e10
Event: 11.421 Thread 0x0000024aebacd180 flushing nmethod 0x0000024adf078410
Event: 11.421 Thread 0x0000024aebacd180 flushing nmethod 0x0000024adf05ee10
Event: 11.421 Thread 0x0000024aebacd180 flushing nmethod 0x0000024adf020010


Dynamic libraries:
0x00007ff7595e0000 - 0x00007ff7595ea000 	C:\Program Files\Android\Android Studio\jbr\bin\java.exe
0x00007ffb02270000 - 0x00007ffb02468000 	C:\Windows\SYSTEM32\ntdll.dll
0x00007ffb00a60000 - 0x00007ffb00b22000 	C:\Windows\System32\KERNEL32.DLL
0x00007ffaffde0000 - 0x00007ffb000d6000 	C:\Windows\System32\KERNELBASE.dll
0x00007ffaffb80000 - 0x00007ffaffc80000 	C:\Windows\System32\ucrtbase.dll
0x00007ffaeab20000 - 0x00007ffaeab38000 	C:\Program Files\Android\Android Studio\jbr\bin\jli.dll
0x00007ffa80980000 - 0x00007ffa8099b000 	C:\Program Files\Android\Android Studio\jbr\bin\VCRUNTIME140.dll
0x00007ffb01cb0000 - 0x00007ffb01e51000 	C:\Windows\System32\USER32.dll
0x00007ffb00190000 - 0x00007ffb001b2000 	C:\Windows\System32\win32u.dll
0x00007ffb01f80000 - 0x00007ffb01fab000 	C:\Windows\System32\GDI32.dll
0x00007ffaffa60000 - 0x00007ffaffb79000 	C:\Windows\System32\gdi32full.dll
0x00007ffb001c0000 - 0x00007ffb0025d000 	C:\Windows\System32\msvcp_win.dll
0x00007ffae8680000 - 0x00007ffae891b000 	C:\Windows\WinSxS\amd64_microsoft.windows.common-controls_6595b64144ccf1df_6.0.19041.6456_none_60b8a6cb71f64256\COMCTL32.dll
0x00007ffb002a0000 - 0x00007ffb0033e000 	C:\Windows\System32\msvcrt.dll
0x00007ffb01fb0000 - 0x00007ffb01fdf000 	C:\Windows\System32\IMM32.DLL
0x00007ffac5660000 - 0x00007ffac566c000 	C:\Program Files\Android\Android Studio\jbr\bin\vcruntime140_1.dll
0x00007ffab1780000 - 0x00007ffab180d000 	C:\Program Files\Android\Android Studio\jbr\bin\msvcp140.dll
0x00007ffa78100000 - 0x00007ffa78d7d000 	C:\Program Files\Android\Android Studio\jbr\bin\server\jvm.dll
0x00007ffb01ab0000 - 0x00007ffb01b61000 	C:\Windows\System32\ADVAPI32.dll
0x00007ffb02190000 - 0x00007ffb0222f000 	C:\Windows\System32\sechost.dll
0x00007ffb01fe0000 - 0x00007ffb02100000 	C:\Windows\System32\RPCRT4.dll
0x00007ffb00260000 - 0x00007ffb00287000 	C:\Windows\System32\bcrypt.dll
0x00007ffb009f0000 - 0x00007ffb00a5b000 	C:\Windows\System32\WS2_32.dll
0x00007ffaef9a0000 - 0x00007ffaef9c7000 	C:\Windows\SYSTEM32\WINMM.dll
0x00007ffaf4a40000 - 0x00007ffaf4a4a000 	C:\Windows\SYSTEM32\VERSION.dll
0x00007ffafee40000 - 0x00007ffafee8b000 	C:\Windows\SYSTEM32\POWRPROF.dll
0x00007ffafed00000 - 0x00007ffafed12000 	C:\Windows\SYSTEM32\UMPDC.dll
0x00007ffafe110000 - 0x00007ffafe122000 	C:\Windows\SYSTEM32\kernel.appcore.dll
0x00007ffa83440000 - 0x00007ffa8344a000 	C:\Program Files\Android\Android Studio\jbr\bin\jimage.dll
0x00007ffafd470000 - 0x00007ffafd671000 	C:\Windows\SYSTEM32\DBGHELP.DLL
0x00007ffae21e0000 - 0x00007ffae2214000 	C:\Windows\SYSTEM32\dbgcore.DLL
0x00007ffaffd50000 - 0x00007ffaffdd2000 	C:\Windows\System32\bcryptPrimitives.dll
0x00007ffaf4fb0000 - 0x00007ffaf4fbe000 	C:\Program Files\Android\Android Studio\jbr\bin\instrument.dll
0x00007ffa7deb0000 - 0x00007ffa7decf000 	C:\Program Files\Android\Android Studio\jbr\bin\java.dll
0x00007ffa7de90000 - 0x00007ffa7dea8000 	C:\Program Files\Android\Android Studio\jbr\bin\zip.dll
0x00007ffb01340000 - 0x00007ffb01ab0000 	C:\Windows\System32\SHELL32.dll
0x00007ffafd950000 - 0x00007ffafe0f5000 	C:\Windows\SYSTEM32\windows.storage.dll
0x00007ffb00b30000 - 0x00007ffb00e84000 	C:\Windows\System32\combase.dll
0x00007ffaff330000 - 0x00007ffaff35b000 	C:\Windows\SYSTEM32\Wldp.dll
0x00007ffb003f0000 - 0x00007ffb004bd000 	C:\Windows\System32\OLEAUT32.dll
0x00007ffb00340000 - 0x00007ffb003ed000 	C:\Windows\System32\SHCORE.dll
0x00007ffb00930000 - 0x00007ffb0098b000 	C:\Windows\System32\shlwapi.dll
0x00007ffaff830000 - 0x00007ffaff854000 	C:\Windows\SYSTEM32\profapi.dll
0x00007ffaf8b10000 - 0x00007ffaf8b20000 	C:\Program Files\Android\Android Studio\jbr\bin\net.dll
0x00007ffafc490000 - 0x00007ffafc59a000 	C:\Windows\SYSTEM32\WINHTTP.dll
0x00007ffaff090000 - 0x00007ffaff0fa000 	C:\Windows\system32\mswsock.dll
0x00007ffaf8af0000 - 0x00007ffaf8b06000 	C:\Program Files\Android\Android Studio\jbr\bin\nio.dll
0x00007ffa81c90000 - 0x00007ffa81ca0000 	C:\Program Files\Android\Android Studio\jbr\bin\verify.dll
0x00007ffae8d80000 - 0x00007ffae8da7000 	C:\Users\user\.gradle\native\c067742578af261105cb4f569cf0c3c89f3d7b1fecec35dd04571415982c5e48\windows-amd64\native-platform.dll
0x00007ffa764b0000 - 0x00007ffa765f4000 	C:\Users\user\.gradle\native\100fb08df4bc3b14c8652ba06237920a3bd2aa13389f12d3474272988ae205f9\windows-amd64\native-platform-file-events.dll
0x00007ffaf8ad0000 - 0x00007ffaf8ad9000 	C:\Program Files\Android\Android Studio\jbr\bin\management.dll
0x00007ffaf8ac0000 - 0x00007ffaf8acb000 	C:\Program Files\Android\Android Studio\jbr\bin\management_ext.dll
0x00007ffb00290000 - 0x00007ffb00298000 	C:\Windows\System32\PSAPI.DLL
0x00007ffaff280000 - 0x00007ffaff298000 	C:\Windows\SYSTEM32\CRYPTSP.dll
0x00007ffafe940000 - 0x00007ffafe978000 	C:\Windows\system32\rsaenh.dll
0x00007ffaff7f0000 - 0x00007ffaff81e000 	C:\Windows\SYSTEM32\USERENV.dll
0x00007ffaff2a0000 - 0x00007ffaff2ac000 	C:\Windows\SYSTEM32\CRYPTBASE.dll
0x00007ffafed20000 - 0x00007ffafed5b000 	C:\Windows\SYSTEM32\IPHLPAPI.DLL
0x00007ffb02100000 - 0x00007ffb02108000 	C:\Windows\System32\NSI.dll
0x00007ffaf8ae0000 - 0x00007ffaf8ae9000 	C:\Program Files\Android\Android Studio\jbr\bin\extnet.dll
0x00007ffae7180000 - 0x00007ffae7187000 	C:\Windows\system32\wshunix.dll

dbghelp: loaded successfully - version: 4.0.5 - missing functions: none
symbol engine: initialized successfully - sym options: 0x614 - pdb path: .;C:\Program Files\Android\Android Studio\jbr\bin;C:\Windows\SYSTEM32;C:\Windows\WinSxS\amd64_microsoft.windows.common-controls_6595b64144ccf1df_6.0.19041.6456_none_60b8a6cb71f64256;C:\Program Files\Android\Android Studio\jbr\bin\server;C:\Users\user\.gradle\native\c067742578af261105cb4f569cf0c3c89f3d7b1fecec35dd04571415982c5e48\windows-amd64;C:\Users\user\.gradle\native\100fb08df4bc3b14c8652ba06237920a3bd2aa13389f12d3474272988ae205f9\windows-amd64

VM Arguments:
jvm_args: --add-opens=java.base/java.lang=ALL-UNNAMED --add-opens=java.base/java.lang.invoke=ALL-UNNAMED --add-opens=java.base/java.util=ALL-UNNAMED --add-opens=java.prefs/java.util.prefs=ALL-UNNAMED --add-exports=jdk.compiler/com.sun.tools.javac.api=ALL-UNNAMED --add-exports=jdk.compiler/com.sun.tools.javac.util=ALL-UNNAMED --add-opens=java.base/java.util=ALL-UNNAMED --add-opens=java.prefs/java.util.prefs=ALL-UNNAMED --add-opens=java.base/java.nio.charset=ALL-UNNAMED --add-opens=java.base/java.net=ALL-UNNAMED --add-opens=java.base/java.util.concurrent.atomic=ALL-UNNAMED --add-opens=java.xml/javax.xml.namespace=ALL-UNNAMED -Xmx2048m -Dfile.encoding=UTF-8 -Duser.country=IN -Duser.language=en -Duser.variant -javaagent:C:\Users\user\.gradle\wrapper\dists\gradle-8.11.1-bin\bpt9gzteqjrbo1mjrsomdt32c\gradle-8.11.1\lib\agents\gradle-instrumentation-agent-8.11.1.jar 
java_command: org.gradle.launcher.daemon.bootstrap.GradleDaemon 8.11.1
java_class_path (initial): C:\Users\user\.gradle\wrapper\dists\gradle-8.11.1-bin\bpt9gzteqjrbo1mjrsomdt32c\gradle-8.11.1\lib\gradle-daemon-main-8.11.1.jar
Launcher Type: SUN_STANDARD

[Global flags]
     intx CICompilerCount                          = 4                                         {product} {ergonomic}
     uint ConcGCThreads                            = 2                                         {product} {ergonomic}
     uint G1ConcRefinementThreads                  = 8                                         {product} {ergonomic}
   size_t G1HeapRegionSize                         = 1048576                                   {product} {ergonomic}
    uintx GCDrainStackTargetSize                   = 64                                        {product} {ergonomic}
   size_t InitialHeapSize                          = 62914560                                  {product} {ergonomic}
   size_t MarkStackSize                            = 4194304                                   {product} {ergonomic}
   size_t MaxHeapSize                              = 2147483648                                {product} {command line}
   size_t MaxNewSize                               = 1287651328                                {product} {ergonomic}
   size_t MinHeapDeltaBytes                        = 1048576                                   {product} {ergonomic}
   size_t MinHeapSize                              = 8388608                                   {product} {ergonomic}
    uintx NonNMethodCodeHeapSize                   = 5839372                                {pd product} {ergonomic}
    uintx NonProfiledCodeHeapSize                  = 122909434                              {pd product} {ergonomic}
    uintx ProfiledCodeHeapSize                     = 122909434                              {pd product} {ergonomic}
    uintx ReservedCodeCacheSize                    = 251658240                              {pd product} {ergonomic}
     bool SegmentedCodeCache                       = true                                      {product} {ergonomic}
   size_t SoftMaxHeapSize                          = 2147483648                             {manageable} {ergonomic}
     bool UseCompressedOops                        = true                           {product lp64_product} {ergonomic}
     bool UseG1GC                                  = true                                      {product} {ergonomic}
     bool UseLargePagesIndividualAllocation        = false                                  {pd product} {ergonomic}

Logging:
Log output configuration:
 #0: stdout all=warning uptime,level,tags foldmultilines=false
 #1: stderr all=off uptime,level,tags foldmultilines=false

Environment Variables:
PATH=C:\Program Files\Common Files\Oracle\Java\javapath;C:\Windows\system32;C:\Windows;C:\Windows\System32\Wbem;C:\Windows\System32\WindowsPowerShell\v1.0\;C:\Windows\System32\OpenSSH\;C:\Program Files\Java\jdk-21\bin;C:\Program Files\MySQL\MySQL Server 8.0\bin;C:\Program Files\Git\cmd;C:\Program Files (x86)\GitExtensions\;C:\Program Files\dotnet\;C:\Program Files\nodejs\;C:\ProgramData\chocolatey\bin;C:\Program Files\apache-maven-3.9.9;C:\Program Files\MAVEN\apache-maven-3.9.9\bin;C:\Program Files\MySQL\MySQL Shell 8.0\bin\;C:\Users\user\AppData\Local\Microsoft\WindowsApps;C:\Users\user\AppData\Local\Programs\Microsoft VS Code\bin;C:\Users\user\AppData\Roaming\npm;C:\Platform-tools\platform-tools;
USERNAME=user
OS=Windows_NT
PROCESSOR_IDENTIFIER=Intel64 Family 6 Model 140 Stepping 1, GenuineIntel
TMP=C:\Users\user\AppData\Local\Temp
TEMP=C:\Users\user\AppData\Local\Temp




Periodic native trim disabled

JNI global refs:
JNI global refs: 26, weak refs: 3

JNI global refs memory usage: 835, weak refs: 833

Process memory usage:
Resident Set Size: 166876K (4% of 3910440K total physical memory with 8008K free physical memory)

OOME stack traces (most recent first):
Classloader memory used:
Loader org.gradle.internal.classloader.VisitableURLClassLoader                         : 34418K
Loader bootstrap                                                                       : 22785K
Loader org.gradle.initialization.MixInLegacyTypesClassLoader                           : 7608K
Loader org.gradle.internal.classloader.VisitableURLClassLoader                         : 835K
Loader org.gradle.internal.classloader.VisitableURLClassLoader$InstrumentingVisitableURLClassLoader: 618K
Loader jdk.internal.loader.ClassLoaders$PlatformClassLoader                            : 514K
Loader jdk.internal.loader.ClassLoaders$AppClassLoader                                 : 234K
Loader jdk.internal.reflect.DelegatingClassLoader                                      : 181K
Loader org.gradle.groovy.scripts.internal.DefaultScriptCompilationHandler$ScriptClassLoader: 90712B
Loader org.codehaus.groovy.runtime.callsite.CallSiteClassLoader                        : 49672B

Classes loaded by more than one classloader:
Class org.gradle.api.GradleException                                                  : loaded 3 times (x 79B)
Class org.gradle.internal.classloader.ClassLoaderHierarchy                            : loaded 2 times (x 67B)
Class org.gradle.api.internal.classpath.ManifestUtil                                  : loaded 2 times (x 68B)
Class org.jetbrains.plugins.gradle.model.GradleExtensions                             : loaded 2 times (x 67B)
Class org.jetbrains.plugins.gradle.model.AnnotationProcessingModel                    : loaded 2 times (x 67B)
Class org.gradle.internal.operations.MultipleBuildOperationFailures                   : loaded 2 times (x 92B)
Class org.jetbrains.kotlin.idea.gradleTooling.model.noarg.NoArgModel                  : loaded 2 times (x 67B)
Class org.gradle.internal.classloader.DefaultClassLoaderFactory                       : loaded 2 times (x 79B)
Class kotlin.collections.AbstractList$Companion                                       : loaded 2 times (x 68B)
Class org.gradle.internal.classloader.ClassLoaderVisitor                              : loaded 2 times (x 73B)
Class org.gradle.api.internal.classpath.EffectiveClassPath                            : loaded 2 times (x 87B)
Class org.gradle.tooling.internal.gradle.DefaultProjectIdentifier                     : loaded 2 times (x 83B)
Class org.jetbrains.kotlin.idea.gradleTooling.model.allopen.AllOpenModel              : loaded 2 times (x 67B)
Class org.gradle.api.internal.DefaultClassPathProvider                                : loaded 2 times (x 73B)
Class [Lorg.gradle.api.internal.ClassPathProvider;                                    : loaded 2 times (x 66B)
Class org.gradle.api.internal.ClassPathProvider                                       : loaded 2 times (x 67B)
Class org.gradle.internal.service.UnknownServiceException                             : loaded 2 times (x 80B)
Class org.jetbrains.kotlin.idea.gradleTooling.KotlinDslScriptAdditionalTask           : loaded 2 times (x 67B)
Class org.gradle.internal.classpath.TransformedClassPath                              : loaded 2 times (x 93B)
Class org.gradle.internal.classloader.InstrumentingClassLoader                        : loaded 2 times (x 67B)
Class kotlin.enums.EnumEntriesList                                                    : loaded 2 times (x 220B)
Class org.jetbrains.plugins.gradle.model.IntelliJSettings                             : loaded 2 times (x 67B)
Class org.jetbrains.kotlin.idea.gradleTooling.KotlinSourceSetContainer                : loaded 2 times (x 67B)
Class org.gradle.internal.service.ServiceLocator                                      : loaded 2 times (x 67B)
Class org.jetbrains.kotlin.android.synthetic.idea.AndroidExtensionsGradleModel        : loaded 2 times (x 67B)
Class org.gradle.tooling.model.UnsupportedMethodException                             : loaded 2 times (x 79B)
Class org.gradle.internal.InternalTransformer                                         : loaded 2 times (x 67B)
Class org.gradle.internal.time.DefaultTimer                                           : loaded 2 times (x 77B)
Class org.gradle.internal.classloader.ClasspathUtil$1                                 : loaded 2 times (x 73B)
Class org.gradle.api.internal.classpath.DefaultModuleRegistry$DefaultModule           : loaded 2 times (x 83B)
Class org.jetbrains.kotlin.idea.gradleTooling.model.lombok.LombokModel                : loaded 2 times (x 67B)
Class org.gradle.internal.time.DefaultCountdownTimer                                  : loaded 2 times (x 85B)
Class org.gradle.tooling.internal.gradle.DefaultBuildIdentifier                       : loaded 2 times (x 76B)
Class kotlin.Function                                                                 : loaded 2 times (x 67B)
Class org.gradle.api.internal.classpath.Module                                        : loaded 2 times (x 67B)
Class org.gradle.api.internal.classpath.UnknownModuleException                        : loaded 2 times (x 79B)
Class com.intellij.openapi.externalSystem.model.project.dependencies.ProjectDependencies: loaded 2 times (x 67B)
Class org.gradle.tooling.internal.gradle.GradleProjectIdentity                        : loaded 2 times (x 67B)
Class org.gradle.api.internal.DefaultClassPathRegistry                                : loaded 2 times (x 73B)
Class org.gradle.api.internal.ClassPathRegistry                                       : loaded 2 times (x 67B)
Class org.gradle.internal.classpath.DefaultClassPath$ImmutableUniqueList              : loaded 2 times (x 196B)
Class sync_studio_tooling85_2e8ymerogq7tisxec2neh5s2q                                 : loaded 2 times (x 176B)
Class Settings_gradle$1                                                               : loaded 2 times (x 71B)
Class Program                                                                         : loaded 2 times (x 69B)
Class org.gradle.internal.classpath.ClassPath                                         : loaded 2 times (x 67B)
Class org.gradle.api.UncheckedIOException                                             : loaded 2 times (x 79B)
Class org.jetbrains.kotlin.idea.gradleTooling.KotlinGradleModel                       : loaded 2 times (x 67B)
Class org.gradle.tooling.model.Model                                                  : loaded 2 times (x 67B)
Class kotlin.UninitializedPropertyAccessException                                     : loaded 2 times (x 79B)
Class org.jetbrains.plugins.gradle.model.IntelliJProjectSettings                      : loaded 2 times (x 67B)
Class org.jetbrains.kotlin.idea.gradleTooling.model.annotation.AnnotationBasedPluginModel: loaded 2 times (x 67B)
Class org.gradle.internal.installation.GradleInstallation$1                           : loaded 2 times (x 72B)
Class org.gradle.api.internal.classpath.ModuleRegistry                                : loaded 2 times (x 67B)
Class org.jetbrains.plugins.gradle.model.VersionCatalogsModel                         : loaded 2 times (x 67B)
Class org.gradle.api.internal.classpath.DefaultModuleRegistry                         : loaded 2 times (x 83B)
Class org.gradle.internal.time.MonotonicClock                                         : loaded 2 times (x 74B)
Class org.gradle.internal.service.ServiceLookupException                              : loaded 2 times (x 79B)
Class org.gradle.internal.classloader.ClassLoaderFactory                              : loaded 2 times (x 67B)
Class org.gradle.internal.service.CachingServiceLocator                               : loaded 2 times (x 79B)
Class org.jetbrains.plugins.gradle.model.RepositoryModels                             : loaded 2 times (x 67B)
Class org.gradle.internal.time.TimeSource                                             : loaded 2 times (x 67B)
Class org.gradle.tooling.internal.gradle.GradleBuildIdentity                          : loaded 2 times (x 67B)
Class kotlin.enums.EnumEntries                                                        : loaded 2 times (x 67B)
Class org.gradle.internal.exceptions.ResolutionProvider                               : loaded 2 times (x 67B)
Class org.gradle.tooling.model.ProjectIdentifier                                      : loaded 2 times (x 67B)
Class org.gradle.internal.classloader.ClasspathUtil                                   : loaded 2 times (x 68B)
Class org.gradle.internal.time.TimeSource$1                                           : loaded 2 times (x 74B)
Class kotlin.jvm.internal.DefaultConstructorMarker                                    : loaded 2 times (x 68B)
Class org.gradle.api.specs.Spec                                                       : loaded 2 times (x 67B)
Class org.gradle.internal.time.Clock                                                  : loaded 2 times (x 67B)
Class org.jetbrains.plugins.gradle.model.jar.JarTaskManifestConfiguration             : loaded 2 times (x 67B)
Class kotlin.collections.AbstractList                                                 : loaded 2 times (x 194B)
Class kotlin.collections.AbstractCollection                                           : loaded 2 times (x 114B)
Class org.gradle.internal.classloader.VisitableURLClassLoader$InstrumentingVisitableURLClassLoader: loaded 2 times (x 120B)
Class org.gradle.internal.classloader.VisitableURLClassLoader$Spec                    : loaded 2 times (x 71B)
Class org.gradle.internal.classpath.DefaultClassPath                                  : loaded 2 times (x 87B)
Class org.gradle.internal.classloader.ClassLoaderSpec                                 : loaded 2 times (x 68B)
Class Settings_gradle$1$1                                                             : loaded 2 times (x 71B)
Class org.gradle.internal.classloader.VisitableURLClassLoader                         : loaded 2 times (x 114B)
Class Settings_gradle                                                                 : loaded 2 times (x 125B)
Class org.gradle.internal.Cast                                                        : loaded 2 times (x 68B)
Class org.gradle.api.Action                                                           : loaded 2 times (x 67B)
Class kotlin.jvm.functions.Function1                                                  : loaded 2 times (x 67B)
Class org.gradle.internal.classpath.DefaultClassPath$ImmutableUniqueList$Builder      : loaded 2 times (x 72B)
Class org.jetbrains.kotlin.idea.gradleTooling.model.samWithReceiver.SamWithReceiverModel: loaded 2 times (x 67B)
Class org.gradle.internal.classloader.FilteringClassLoader                            : loaded 2 times (x 102B)
Class org.gradle.internal.exceptions.NonGradleCauseExceptionsHolder                   : loaded 2 times (x 67B)
Class org.jetbrains.kotlin.idea.gradleTooling.model.assignment.AssignmentModel        : loaded 2 times (x 67B)
Class kotlin.enums.EnumEntriesKt                                                      : loaded 2 times (x 68B)
Class org.gradle.internal.IoActions                                                   : loaded 2 times (x 68B)
Class org.gradle.internal.classloader.SystemClassLoaderSpec                           : loaded 2 times (x 68B)
Class org.gradle.internal.exceptions.MultiCauseException                              : loaded 2 times (x 67B)
Class org.gradle.internal.time.CountdownTimer                                         : loaded 2 times (x 67B)
Class kotlin.jvm.internal.Intrinsics                                                  : loaded 2 times (x 68B)
Class org.jetbrains.kotlin.idea.gradleTooling.model.parcelize.ParcelizeGradleModel    : loaded 2 times (x 67B)
Class org.gradle.tooling.model.ProjectModel                                           : loaded 2 times (x 67B)
Class ijInit1_bf6mh7a1x9afcdw40dx5hzd0g                                               : loaded 2 times (x 176B)
Class kotlin.KotlinNullPointerException                                               : loaded 2 times (x 80B)
Class org.jetbrains.plugins.gradle.model.tests.ExternalTestsModel                     : loaded 2 times (x 67B)
Class org.gradle.internal.exceptions.DefaultMultiCauseException                       : loaded 2 times (x 92B)
Class org.gradle.internal.time.Time                                                   : loaded 2 times (x 68B)
Class org.jetbrains.plugins.gradle.model.DependencyAccessorsModel                     : loaded 2 times (x 67B)
Class org.gradle.api.internal.classpath.GlobalCacheRootsProvider                      : loaded 2 times (x 67B)
Class org.jetbrains.kotlin.idea.gradleTooling.KotlinMPPGradleModel                    : loaded 2 times (x 67B)
Class org.gradle.tooling.model.BuildIdentifier                                        : loaded 2 times (x 67B)
Class org.jetbrains.kotlin.idea.gradleTooling.PrepareKotlinIdeImportTaskModel         : loaded 2 times (x 67B)
Class org.gradle.internal.time.Timer                                                  : loaded 2 times (x 67B)
Class kotlin.jvm.internal.markers.KMappedMarker                                       : loaded 2 times (x 67B)
Class org.gradle.internal.installation.CurrentGradleInstallationLocator               : loaded 2 times (x 68B)
Class org.gradle.internal.service.DefaultServiceLocator                               : loaded 2 times (x 80B)
Class org.gradle.util.GradleVersion                                                   : loaded 2 times (x 80B)
Class org.gradle.internal.installation.CurrentGradleInstallation                      : loaded 2 times (x 70B)
Class org.gradle.util.internal.GUtil                                                  : loaded 2 times (x 68B)
Class org.gradle.internal.installation.GradleInstallation                             : loaded 2 times (x 72B)

---------------  S Y S T E M  ---------------

OS:
 Windows 10 , 64 bit Build 19041 (10.0.19041.5915)
OS uptime: 0 days 6:28 hours

CPU: total 8 (initial active 8) (4 cores per cpu, 2 threads per core) family 6 model 140 stepping 1 microcode 0xbc, cx8, cmov, fxsr, ht, mmx, 3dnowpref, sse, sse2, sse3, ssse3, sse4.1, sse4.2, popcnt, lzcnt, tsc, tscinvbit, avx, avx2, aes, erms, clmul, bmi1, bmi2, adx, avx512f, avx512dq, avx512cd, avx512bw, avx512vl, sha, fma, vzeroupper, avx512_vpopcntdq, avx512_vpclmulqdq, avx512_vaes, avx512_vnni, clflush, clflushopt, clwb, avx512_vbmi2, avx512_vbmi, rdtscp, rdpid, fsrm, gfni, avx512_bitalg, f16c, pku, cet_ibt, cet_ss, avx512_ifma
Processor Information for all 8 processors :
  Max Mhz: 2419, Current Mhz: 2419, Mhz Limit: 2419

Memory: 4k page, system-wide physical 3818M (7M free)
TotalPageFile size 15594M (AvailPageFile size 27M)
current process WorkingSet (physical memory assigned to process): 164M, peak: 190M
current process commit charge ("private bytes"): 364M, peak: 419M

vm_info: OpenJDK 64-Bit Server VM (21.0.3+-12282718-b509.11) for windows-amd64 JRE (21.0.3+-12282718-b509.11), built on 2024-08-27T17:34:15Z by "builder" with MS VC++ 16.10 / 16.11 (VS2019)

END.
